******************************************************************************
             TMS320C2000 Linker PC v16.9.5                     
******************************************************************************
>> Linked Mon Dec 25 11:50:24 2017

OUTPUT FILE NAME:   <28377D.out>
ENTRY POINT SYMBOL: "_c_int00"  address: 00087afa


MEMORY CONFIGURATION

         name            origin    length      used     unused   attr    fill
----------------------  --------  ---------  --------  --------  ----  --------
PAGE 0:
  D01SARAM              0000b000   00001000  000008d9  00000727  RWIX
  BEGIN                 00080000   00000002  00000000  00000002  RWIX
  PROG                  00080002   0000fffe  0000b293  00004d6b  RWIX
  RESET                 003fffc0   00000002  00000000  00000002  RWIX

PAGE 1:
  BOOT_RSVD             00000002   00000120  00000000  00000120  RWIX
  M01SARAM              00000122   000006de  00000640  0000009e  RWIX
  ADCA_RESULT           00000b00   00000020  00000018  00000008  RWIX
  ADCB_RESULT           00000b20   00000020  00000018  00000008  RWIX
  ADCC_RESULT           00000b40   00000020  00000018  00000008  RWIX
  ADCD_RESULT           00000b60   00000020  00000018  00000008  RWIX
  CPU_TIMER0            00000c00   00000008  00000008  00000000  RWIX
  CPU_TIMER1            00000c08   00000008  00000008  00000000  RWIX
  CPU_TIMER2            00000c10   00000008  00000008  00000000  RWIX
  PIE_CTRL              00000ce0   00000020  0000001a  00000006  RWIX
  PIE_VECT              00000d00   00000200  000001c0  00000040  RWIX
  DMA                   00001000   00000200  000000e0  00000120  RWIX
  CLA1                  00001400   00000040  0000003e  00000002  RWIX
  EPWM1                 00004000   00000100  00000100  00000000  RWIX
  EPWM2                 00004100   00000100  00000100  00000000  RWIX
  EPWM3                 00004200   00000100  00000100  00000000  RWIX
  EPWM4                 00004300   00000100  00000100  00000000  RWIX
  EPWM5                 00004400   00000100  00000100  00000000  RWIX
  EPWM6                 00004500   00000100  00000100  00000000  RWIX
  EPWM7                 00004600   00000100  00000100  00000000  RWIX
  EPWM8                 00004700   00000100  00000100  00000000  RWIX
  EPWM9                 00004800   00000100  00000100  00000000  RWIX
  EPWM10                00004900   00000100  00000100  00000000  RWIX
  EPWM11                00004a00   00000100  00000100  00000000  RWIX
  EPWM12                00004b00   00000100  00000100  00000000  RWIX
  ECAP1                 00005000   00000020  00000020  00000000  RWIX
  ECAP2                 00005020   00000020  00000020  00000000  RWIX
  ECAP3                 00005040   00000020  00000020  00000000  RWIX
  ECAP4                 00005060   00000020  00000020  00000000  RWIX
  ECAP5                 00005080   00000020  00000020  00000000  RWIX
  ECAP6                 000050a0   00000020  00000020  00000000  RWIX
  EQEP1                 00005100   00000040  00000022  0000001e  RWIX
  EQEP2                 00005140   00000040  00000022  0000001e  RWIX
  EQEP3                 00005180   00000040  00000022  0000001e  RWIX
  DACA                  00005c00   00000010  00000008  00000008  RWIX
  DACB                  00005c10   00000010  00000008  00000008  RWIX
  DACC                  00005c20   00000010  00000008  00000008  RWIX
  CMPSS1                00005c80   00000020  00000020  00000000  RWIX
  CMPSS2                00005ca0   00000020  00000020  00000000  RWIX
  CMPSS3                00005cc0   00000020  00000020  00000000  RWIX
  CMPSS4                00005ce0   00000020  00000020  00000000  RWIX
  CMPSS5                00005d00   00000020  00000020  00000000  RWIX
  CMPSS6                00005d20   00000020  00000020  00000000  RWIX
  CMPSS7                00005d40   00000020  00000020  00000000  RWIX
  CMPSS8                00005d60   00000020  00000020  00000000  RWIX
  SDFM1                 00005e00   00000080  00000080  00000000  RWIX
  SDFM2                 00005e80   00000080  00000080  00000000  RWIX
  MCBSPA                00006000   00000040  00000024  0000001c  RWIX
  MCBSPB                00006040   00000040  00000024  0000001c  RWIX
  SPIA                  00006100   00000010  00000010  00000000  RWIX
  SPIB                  00006110   00000010  00000010  00000000  RWIX
  SPIC                  00006120   00000010  00000010  00000000  RWIX
  SPID                  00006130   00000010  00000000  00000010  RWIX
  UPP                   00006200   00000100  00000048  000000b8  RWIX
  WD                    00007000   00000040  0000002b  00000015  RWIX
  NMIINTRUPT            00007060   00000010  00000007  00000009  RWIX
  XINT                  00007070   00000010  0000000b  00000005  RWIX
  SCIA                  00007200   00000010  00000010  00000000  RWIX
  SCIB                  00007210   00000010  00000010  00000000  RWIX
  SCIC                  00007220   00000010  00000010  00000000  RWIX
  SCID                  00007230   00000010  00000010  00000000  RWIX
  I2CA                  00007300   00000040  00000022  0000001e  RWIX
  I2CB                  00007340   00000040  00000022  0000001e  RWIX
  ADCA                  00007400   00000080  00000080  00000000  RWIX
  ADCB                  00007480   00000080  00000080  00000000  RWIX
  ADCC                  00007500   00000080  00000080  00000000  RWIX
  ADCD                  00007580   00000080  00000080  00000000  RWIX
  INPUT_XBAR            00007900   00000020  00000020  00000000  RWIX
  XBAR                  00007920   00000020  00000020  00000000  RWIX
  SYNC_SOC              00007940   00000010  00000006  0000000a  RWIX
  DMACLASRCSEL          00007980   00000040  0000001a  00000026  RWIX
  EPWM_XBAR             00007a00   00000040  00000040  00000000  RWIX
  CLB_XBAR              00007a40   00000040  00000000  00000040  RWIX
  OUTPUT_XBAR           00007a80   00000040  00000040  00000000  RWIX
  GPIOCTRL              00007c00   00000180  00000180  00000000  RWIX
  GPIODAT               00007f00   00000030  00000030  00000000  RWIX
  LS05SARAM             00008000   00003000  000029f8  00000608  RWIX
  RAMGS0                0000c000   00001000  00000000  00001000  RWIX
  RAMGS1                0000d000   00001000  00000000  00001000  RWIX
  RAMGS2                0000e000   00001000  00000000  00001000  RWIX
  RAMGS3                0000f000   00001000  00000000  00001000  RWIX
  RAMGS4                00010000   00001000  00000000  00001000  RWIX
  RAMGS5                00011000   00001000  00000000  00001000  RWIX
  RAMGS6                00012000   00005000  00000000  00005000  RWIX
  RAMGS11               00017000   00001000  00000000  00001000  RWIX
  RAMGS12               00018000   00001000  00000000  00001000  RWIX
  RAMGS13               00019000   00001000  00000000  00001000  RWIX
  RAMGS14               0001a000   00001000  00000000  00001000  RWIX
  RAMGS15               0001b000   00001000  00000000  00001000  RWIX
  CPU2TOCANBUS          0003f800   00000007  00000000  00000007  RWIX
  CPU2TOCPU1RAM         0003f807   000003f9  00000000  000003f9  RWIX
  CANBUSTOCPU2          0003fc00   00000007  00000000  00000007  RWIX
  CPU1TOCPU2RAM         0003fc07   000003f9  00000000  000003f9  RWIX
  EMIF1                 00047000   00000800  00000070  00000790  RWIX
  EMIF2                 00047800   00000800  00000070  00000790  RWIX
  CANA                  00048000   00000800  00000164  0000069c  RWIX
  CANB                  0004a000   00000800  00000164  0000069c  RWIX
  IPC                   00050000   00000024  00000024  00000000  RWIX
  FLASHPUMPSEMAPHORE    00050024   00000002  00000002  00000000  RWIX
  DEV_CFG               0005d000   00000180  0000012e  00000052  RWIX
  ANALOG_SUBSYS         0005d180   00000080  00000048  00000038  RWIX
  CLK_CFG               0005d200   00000100  00000032  000000ce  RWIX
  CPU_SYS               0005d300   00000100  00000082  0000007e  RWIX
  ROMPREFETCH           0005e608   00000002  00000002  00000000  RWIX
  DCSM_Z1               0005f000   00000030  00000024  0000000c  RWIX
  DCSM_Z2               0005f040   00000030  00000024  0000000c  RWIX
  DCSM_COMMON           0005f070   00000010  00000008  00000008  RWIX
  MEMCFG                0005f400   00000080  00000080  00000000  RWIX
  EMIF1CONFIG           0005f480   00000020  00000020  00000000  RWIX
  EMIF2CONFIG           0005f4a0   00000020  00000020  00000000  RWIX
  ACCESSPROTECTION      0005f4c0   00000040  00000040  00000000  RWIX
  MEMORYERROR           0005f500   00000040  00000040  00000000  RWIX
  ROMWAITSTATE          0005f540   00000002  00000002  00000000  RWIX
  FLASH0_CTRL           0005f800   00000300  00000182  0000017e  RWIX
  FLASH0_ECC            0005fb00   00000040  00000028  00000018  RWIX
  DCSM_Z1_OTP           00078000   00000020  00000020  00000000  RWIX
  DCSM_Z2_OTP           00078200   00000020  00000020  00000000  RWIX


SECTION ALLOCATION MAP

 output                                  attributes/
section   page    origin      length       input sections
--------  ----  ----------  ----------   ----------------
Flash28Funcs 
*          0    0000b000    000008ca     
                  0000b000    000008ca     Inv.obj (Flash28Funcs)

Epwm1Funcs 
*          0    0000b8ca    0000000a     
                  0000b8ca    0000000a     Inv.obj (Epwm1Funcs)

.reset     0    0000b8d4    00000002     
                  0000b8d4    00000002     rts2800_fpu32.lib : boot28.obj (.reset)

normalfuncs 
*          0    0000b8d6    00000002     
                  0000b8d6    00000002     Inv.obj (normalfuncs)

flashflag 
*          0    0000b8d8    00000001     
                  0000b8d8    00000001     Inv.obj (flashflag)

.text      0    00080002    00007c8e     
                  00080002    00007847     Inv.obj (.text)
                  00087849    000001d2     rts2800_fpu32.lib : memory.obj (.text)
                  00087a1b    000000df     Inv.obj (.text:retain)
                  00087afa    00000056     rts2800_fpu32.lib : boot28.obj (.text)
                  00087b50    0000002a                       : l_div28.obj (.text)
                  00087b7a    00000029                       : exit.obj (.text)
                  00087ba3    00000027                       : sinit.obj (.text)
                  00087bca    00000024                       : cpy_tbl.obj (.text)
                  00087bee    00000022                       : i_div28.obj (.text)
                  00087c10    00000020                       : new_.obj (.text)
                  00087c30    0000001e                       : memcpy.obj (.text)
                  00087c4e    00000019                       : args_main.obj (.text)
                  00087c67    0000000c                       : memset.obj (.text)
                  00087c73    0000000b                       : u_div28.obj (.text)
                  00087c7e    00000009                       : _lock.obj (.text)
                  00087c87    00000005                       : delete.obj (.text)
                  00087c8c    00000002                       : pre_init.obj (.text)
                  00087c8e    00000001                       : newhandler.obj (.text)
                  00087c8f    00000001                       : startup.obj (.text)

.econst    0    00087c90    000016b4     
                  00087c90    000007d0     Inv.obj (.econst:_iVbusInvTab)
                  00088460    00000402     Inv.obj (.econst:_sqrtTab)
                  00088862    000001c0     Inv.obj (.econst:_PieVectTableInit)
                  00088a22    0000019e     Inv.obj (.econst:_Fbp50HzTable)
                  00088bc0    0000019e     Inv.obj (.econst:_Fbp60HzTable)
                  00088d5e    00000169     Inv.obj (.econst:_sintab)
                  00088ec7    00000159     Inv.obj (.econst:_VbpRangeTable)
                  00089020    000000b8     Inv.obj (.econst:_CfgFromMonObjs)
                  000890d8    0000008a     Inv.obj (.econst:_CanCtrlMsgObjs)
                  00089162    00000060     Inv.obj (.econst:_AlarmEventIdObj)
                  000891c2    0000003c     Inv.obj (.econst:_BypAlarmEventIdObj)
                  000891fe    00000038     Inv.obj (.econst:_CanAnlogMsgObjs)
                  00089236    00000030     Inv.obj (.econst:_BypCanAnlogMsgObjs)
                  00089266    0000001c     Inv.obj (.econst:_BypStateEventIdObj)
                  00089282    00000017     Inv.obj (.econst:_BpCurrentTable)
                  00089299    00000017     Inv.obj (.econst:_InvLoadTable)
                  000892b0    00000017     Inv.obj (.econst:_OutLoadTable)
                  000892c7    00000001     --HOLE-- [fill = 0]
                  000892c8    00000014     Inv.obj (.econst:_CanAnlogRecvMsgObjs)
                  000892dc    00000014     Inv.obj (.econst:_CfgToMonObjs)
                  000892f0    00000010     Inv.obj (.econst:_uInvSetMsgBitSet)
                  00089300    0000000e     Inv.obj (.econst)
                  0008930e    0000000c     Inv.obj (.econst:_StateEventIdObj)
                  0008931a    0000000c     Inv.obj (.econst:___vtbl__14ProtocolSubCmd)
                  00089326    00000009     Inv.obj (.econst:_g_ui16CANBitValues)
                  0008932f    00000001     --HOLE-- [fill = 0]
                  00089330    00000004     Inv.obj (.econst:_$P$T0)
                  00089334    00000004     Inv.obj (.econst:_$P$T1)
                  00089338    00000004     Inv.obj (.econst:_$P$T2)
                  0008933c    00000004     Inv.obj (.econst:_$P$T3)
                  00089340    00000004     Inv.obj (.econst:_$P$T4)

ramfuncs   0    00089344    00000034     RUN ADDR = 00009c44
                  00089344    00000034     Inv.obj (ramfuncs)

.switch    0    00089378    00000070     
                  00089378    00000050     Inv.obj (.switch:_App_DebugInf__11Class_DebugFv)
                  000893c8    00000020     Inv.obj (.switch:_App_CPLD_Ver__12Class_SystemFv)

.cinit     0    000893e8    00000053     
                  000893e8    00000023     Inv.obj (.cinit)
                  0008940b    0000000e     rts2800_fpu32.lib : exit.obj (.cinit)
                  00089419    00000008                       : atexit.obj (.cinit)
                  00089421    00000005                       : _lock.obj (.cinit:__lock)
                  00089426    00000005                       : _lock.obj (.cinit:__unlock)
                  0008942b    00000005                       : sinit.obj (.cinit)
                  00089430    00000005                       : vars.obj (.cinit)
                  00089435    00000004                       : memory.obj (.cinit)
                  00089439    00000002     --HOLE-- [fill = 0]

.pinit     0    0008943c    00000004     
                  0008943c    00000002     Inv.obj (.pinit)
                  0008943e    00000002     --HOLE-- [fill = 0]

codestart 
*          0    00089440    00000002     
                  00089440    00000002     Inv.obj (codestart)

.Epwm1Funcs 
*          0    00089442    00001e54     
                  00089442    00001d13     Inv.obj (.Epwm1Funcs)
                  0008b155    00000141     Inv.obj (.Epwm1Funcs:retain)

.stack     1    00000122    00000200     UNINITIALIZED
                  00000122    00000200     --HOLE--

.flashdata 
*          1    00000340    00000440     UNINITIALIZED
                  00000340    00000440     Inv.obj (.flashdata)

AdcaResultFile 
*          1    00000b00    00000018     UNINITIALIZED
                  00000b00    00000018     Inv.obj (AdcaResultFile)

AdcbResultFile 
*          1    00000b20    00000018     UNINITIALIZED
                  00000b20    00000018     Inv.obj (AdcbResultFile)

AdccResultFile 
*          1    00000b40    00000018     UNINITIALIZED
                  00000b40    00000018     Inv.obj (AdccResultFile)

AdcdResultFile 
*          1    00000b60    00000018     UNINITIALIZED
                  00000b60    00000018     Inv.obj (AdcdResultFile)

CpuTimer0RegsFile 
*          1    00000c00    00000008     UNINITIALIZED
                  00000c00    00000008     Inv.obj (CpuTimer0RegsFile)

CpuTimer1RegsFile 
*          1    00000c08    00000008     UNINITIALIZED
                  00000c08    00000008     Inv.obj (CpuTimer1RegsFile)

CpuTimer2RegsFile 
*          1    00000c10    00000008     UNINITIALIZED
                  00000c10    00000008     Inv.obj (CpuTimer2RegsFile)

PieCtrlRegsFile 
*          1    00000ce0    0000001a     UNINITIALIZED
                  00000ce0    0000001a     Inv.obj (PieCtrlRegsFile)

PieVectTableFile 
*          1    00000d00    000001c0     UNINITIALIZED
                  00000d00    000001c0     Inv.obj (PieVectTableFile)

EmuKeyVar 
*          1    00000d00    00000001     UNINITIALIZED
                  00000d00    00000001     Inv.obj (EmuKeyVar)

EmuBModeVar 
*          1    00000d01    00000001     UNINITIALIZED
                  00000d01    00000001     Inv.obj (EmuBModeVar)

FlashCallbackVar 
*          1    00000d02    00000000     UNINITIALIZED

FlashScalingVar 
*          1    00000d02    00000000     UNINITIALIZED

DmaRegsFile 
*          1    00001000    000000e0     UNINITIALIZED
                  00001000    000000e0     Inv.obj (DmaRegsFile)

Cla1RegsFile 
*          1    00001400    0000003e     UNINITIALIZED
                  00001400    0000003e     Inv.obj (Cla1RegsFile)

EPwm1RegsFile 
*          1    00004000    00000100     UNINITIALIZED
                  00004000    00000100     Inv.obj (EPwm1RegsFile)

EPwm2RegsFile 
*          1    00004100    00000100     UNINITIALIZED
                  00004100    00000100     Inv.obj (EPwm2RegsFile)

EPwm3RegsFile 
*          1    00004200    00000100     UNINITIALIZED
                  00004200    00000100     Inv.obj (EPwm3RegsFile)

EPwm4RegsFile 
*          1    00004300    00000100     UNINITIALIZED
                  00004300    00000100     Inv.obj (EPwm4RegsFile)

EPwm5RegsFile 
*          1    00004400    00000100     UNINITIALIZED
                  00004400    00000100     Inv.obj (EPwm5RegsFile)

EPwm6RegsFile 
*          1    00004500    00000100     UNINITIALIZED
                  00004500    00000100     Inv.obj (EPwm6RegsFile)

EPwm7RegsFile 
*          1    00004600    00000100     UNINITIALIZED
                  00004600    00000100     Inv.obj (EPwm7RegsFile)

EPwm8RegsFile 
*          1    00004700    00000100     UNINITIALIZED
                  00004700    00000100     Inv.obj (EPwm8RegsFile)

EPwm9RegsFile 
*          1    00004800    00000100     UNINITIALIZED
                  00004800    00000100     Inv.obj (EPwm9RegsFile)

EPwm10RegsFile 
*          1    00004900    00000100     UNINITIALIZED
                  00004900    00000100     Inv.obj (EPwm10RegsFile)

EPwm11RegsFile 
*          1    00004a00    00000100     UNINITIALIZED
                  00004a00    00000100     Inv.obj (EPwm11RegsFile)

EPwm12RegsFile 
*          1    00004b00    00000100     UNINITIALIZED
                  00004b00    00000100     Inv.obj (EPwm12RegsFile)

ECap1RegsFile 
*          1    00005000    00000020     UNINITIALIZED
                  00005000    00000020     Inv.obj (ECap1RegsFile)

ECap2RegsFile 
*          1    00005020    00000020     UNINITIALIZED
                  00005020    00000020     Inv.obj (ECap2RegsFile)

ECap3RegsFile 
*          1    00005040    00000020     UNINITIALIZED
                  00005040    00000020     Inv.obj (ECap3RegsFile)

ECap4RegsFile 
*          1    00005060    00000020     UNINITIALIZED
                  00005060    00000020     Inv.obj (ECap4RegsFile)

ECap5RegsFile 
*          1    00005080    00000020     UNINITIALIZED
                  00005080    00000020     Inv.obj (ECap5RegsFile)

ECap6RegsFile 
*          1    000050a0    00000020     UNINITIALIZED
                  000050a0    00000020     Inv.obj (ECap6RegsFile)

EQep1RegsFile 
*          1    00005100    00000022     UNINITIALIZED
                  00005100    00000022     Inv.obj (EQep1RegsFile)

EQep2RegsFile 
*          1    00005140    00000022     UNINITIALIZED
                  00005140    00000022     Inv.obj (EQep2RegsFile)

EQep3RegsFile 
*          1    00005180    00000022     UNINITIALIZED
                  00005180    00000022     Inv.obj (EQep3RegsFile)

DacaRegsFile 
*          1    00005c00    00000008     UNINITIALIZED
                  00005c00    00000008     Inv.obj (DacaRegsFile)

DacbRegsFile 
*          1    00005c10    00000008     UNINITIALIZED
                  00005c10    00000008     Inv.obj (DacbRegsFile)

DaccRegsFile 
*          1    00005c20    00000008     UNINITIALIZED
                  00005c20    00000008     Inv.obj (DaccRegsFile)

Cmpss1RegsFile 
*          1    00005c80    00000020     UNINITIALIZED
                  00005c80    00000020     Inv.obj (Cmpss1RegsFile)

Cmpss2RegsFile 
*          1    00005ca0    00000020     UNINITIALIZED
                  00005ca0    00000020     Inv.obj (Cmpss2RegsFile)

Cmpss3RegsFile 
*          1    00005cc0    00000020     UNINITIALIZED
                  00005cc0    00000020     Inv.obj (Cmpss3RegsFile)

Cmpss4RegsFile 
*          1    00005ce0    00000020     UNINITIALIZED
                  00005ce0    00000020     Inv.obj (Cmpss4RegsFile)

Cmpss5RegsFile 
*          1    00005d00    00000020     UNINITIALIZED
                  00005d00    00000020     Inv.obj (Cmpss5RegsFile)

Cmpss6RegsFile 
*          1    00005d20    00000020     UNINITIALIZED
                  00005d20    00000020     Inv.obj (Cmpss6RegsFile)

Cmpss7RegsFile 
*          1    00005d40    00000020     UNINITIALIZED
                  00005d40    00000020     Inv.obj (Cmpss7RegsFile)

Cmpss8RegsFile 
*          1    00005d60    00000020     UNINITIALIZED
                  00005d60    00000020     Inv.obj (Cmpss8RegsFile)

Sdfm1RegsFile 
*          1    00005e00    00000080     UNINITIALIZED
                  00005e00    00000080     Inv.obj (Sdfm1RegsFile)

Sdfm2RegsFile 
*          1    00005e80    00000080     UNINITIALIZED
                  00005e80    00000080     Inv.obj (Sdfm2RegsFile)

McbspaRegsFile 
*          1    00006000    00000024     UNINITIALIZED
                  00006000    00000024     Inv.obj (McbspaRegsFile)

McbspbRegsFile 
*          1    00006040    00000024     UNINITIALIZED
                  00006040    00000024     Inv.obj (McbspbRegsFile)

SpiaRegsFile 
*          1    00006100    00000010     UNINITIALIZED
                  00006100    00000010     Inv.obj (SpiaRegsFile)

SpibRegsFile 
*          1    00006110    00000010     UNINITIALIZED
                  00006110    00000010     Inv.obj (SpibRegsFile)

SpicRegsFile 
*          1    00006120    00000010     UNINITIALIZED
                  00006120    00000010     Inv.obj (SpicRegsFile)

UppRegsFile 
*          1    00006200    00000048     UNINITIALIZED
                  00006200    00000048     Inv.obj (UppRegsFile)

WdRegsFile 
*          1    00007000    0000002b     UNINITIALIZED
                  00007000    0000002b     Inv.obj (WdRegsFile)

NmiIntruptRegsFile 
*          1    00007060    00000007     UNINITIALIZED
                  00007060    00000007     Inv.obj (NmiIntruptRegsFile)

XintRegsFile 
*          1    00007070    0000000b     UNINITIALIZED
                  00007070    0000000b     Inv.obj (XintRegsFile)

SciaRegsFile 
*          1    00007200    00000010     UNINITIALIZED
                  00007200    00000010     Inv.obj (SciaRegsFile)

ScibRegsFile 
*          1    00007210    00000010     UNINITIALIZED
                  00007210    00000010     Inv.obj (ScibRegsFile)

ScicRegsFile 
*          1    00007220    00000010     UNINITIALIZED
                  00007220    00000010     Inv.obj (ScicRegsFile)

ScidRegsFile 
*          1    00007230    00000010     UNINITIALIZED
                  00007230    00000010     Inv.obj (ScidRegsFile)

I2caRegsFile 
*          1    00007300    00000022     UNINITIALIZED
                  00007300    00000022     Inv.obj (I2caRegsFile)

I2cbRegsFile 
*          1    00007340    00000022     UNINITIALIZED
                  00007340    00000022     Inv.obj (I2cbRegsFile)

AdcaRegsFile 
*          1    00007400    00000080     UNINITIALIZED
                  00007400    00000080     Inv.obj (AdcaRegsFile)

AdcbRegsFile 
*          1    00007480    00000080     UNINITIALIZED
                  00007480    00000080     Inv.obj (AdcbRegsFile)

AdccRegsFile 
*          1    00007500    00000080     UNINITIALIZED
                  00007500    00000080     Inv.obj (AdccRegsFile)

AdcdRegsFile 
*          1    00007580    00000080     UNINITIALIZED
                  00007580    00000080     Inv.obj (AdcdRegsFile)

InputXbarRegsFile 
*          1    00007900    00000020     UNINITIALIZED
                  00007900    00000020     Inv.obj (InputXbarRegsFile)

XbarRegsFile 
*          1    00007920    00000020     UNINITIALIZED
                  00007920    00000020     Inv.obj (XbarRegsFile)

SyncSocRegsFile 
*          1    00007940    00000006     UNINITIALIZED
                  00007940    00000006     Inv.obj (SyncSocRegsFile)

DmaClaSrcSelRegsFile 
*          1    00007980    0000001a     UNINITIALIZED
                  00007980    0000001a     Inv.obj (DmaClaSrcSelRegsFile)

EPwmXbarRegsFile 
*          1    00007a00    00000040     UNINITIALIZED
                  00007a00    00000040     Inv.obj (EPwmXbarRegsFile)

OutputXbarRegsFile 
*          1    00007a80    00000040     UNINITIALIZED
                  00007a80    00000040     Inv.obj (OutputXbarRegsFile)

GpioCtrlRegsFile 
*          1    00007c00    00000180     UNINITIALIZED
                  00007c00    00000180     Inv.obj (GpioCtrlRegsFile)

GpioDataRegsFile 
*          1    00007f00    00000030     UNINITIALIZED
                  00007f00    00000030     Inv.obj (GpioDataRegsFile)

.ebss      1    00008000    00001c44     UNINITIALIZED
                  00008000    00001b2e     Inv.obj (.ebss)
                  00009b2e    00000008     rts2800_fpu32.lib : memory.obj (.ebss)
                  00009b36    00000006                       : exit.obj (.ebss)
                  00009b3c    00000002                       : _lock.obj (.ebss:__lock)
                  00009b3e    00000002                       : _lock.obj (.ebss:__unlock)
                  00009b40    00000100                       : atexit.obj (.ebss)
                  00009c40    00000002                       : sinit.obj (.ebss)
                  00009c42    00000002                       : vars.obj (.ebss)

.esysmem   1    00009c78    00000400     UNINITIALIZED
                  00009c78    00000001     rts2800_fpu32.lib : memory.obj (.esysmem)
                  00009c79    000003ff     --HOLE--

.WaveRecord 
*          1    0000a080    00000800     UNINITIALIZED
                  0000a080    00000800     Inv.obj (.WaveRecord)

.FaultRecord 
*          1    0000a880    00000180     UNINITIALIZED
                  0000a880    00000180     Inv.obj (.FaultRecord)

Emif1RegsFile 
*          1    00047000    00000070     UNINITIALIZED
                  00047000    00000070     Inv.obj (Emif1RegsFile)

Emif2RegsFile 
*          1    00047800    00000070     UNINITIALIZED
                  00047800    00000070     Inv.obj (Emif2RegsFile)

CanaRegsFile 
*          1    00048000    00000164     UNINITIALIZED
                  00048000    00000164     Inv.obj (CanaRegsFile)

CanbRegsFile 
*          1    0004a000    00000164     UNINITIALIZED
                  0004a000    00000164     Inv.obj (CanbRegsFile)

AnalogSubsysRegsFile 
*          1    0005d180    00000048     UNINITIALIZED
                  0005d180    00000048     Inv.obj (AnalogSubsysRegsFile)

Cla1SoftIntRegsFile 
*          1    00000ce0    00000004     DSECT
                  00000ce0    00000004     Inv.obj (Cla1SoftIntRegsFile)

IpcRegsFile 
*          1    00050000    00000024     UNINITIALIZED
                  00050000    00000024     Inv.obj (IpcRegsFile)

FlashPumpSemaphoreRegsFile 
*          1    00050024    00000002     UNINITIALIZED
                  00050024    00000002     Inv.obj (FlashPumpSemaphoreRegsFile)

DevCfgRegsFile 
*          1    0005d000    0000012e     UNINITIALIZED
                  0005d000    0000012e     Inv.obj (DevCfgRegsFile)

ClkCfgRegsFile 
*          1    0005d200    00000032     UNINITIALIZED
                  0005d200    00000032     Inv.obj (ClkCfgRegsFile)

CpuSysRegsFile 
*          1    0005d300    00000082     UNINITIALIZED
                  0005d300    00000082     Inv.obj (CpuSysRegsFile)

RomPrefetchRegsFile 
*          1    0005e608    00000002     UNINITIALIZED
                  0005e608    00000002     Inv.obj (RomPrefetchRegsFile)

DcsmZ1RegsFile 
*          1    0005f000    00000024     UNINITIALIZED
                  0005f000    00000024     Inv.obj (DcsmZ1RegsFile)

DcsmZ2RegsFile 
*          1    0005f040    00000024     UNINITIALIZED
                  0005f040    00000024     Inv.obj (DcsmZ2RegsFile)

DcsmCommonRegsFile 
*          1    0005f070    00000008     UNINITIALIZED
                  0005f070    00000008     Inv.obj (DcsmCommonRegsFile)

MemCfgRegsFile 
*          1    0005f400    00000080     UNINITIALIZED
                  0005f400    00000080     Inv.obj (MemCfgRegsFile)

Emif1ConfigRegsFile 
*          1    0005f480    00000020     UNINITIALIZED
                  0005f480    00000020     Inv.obj (Emif1ConfigRegsFile)

Emif2ConfigRegsFile 
*          1    0005f4a0    00000020     UNINITIALIZED
                  0005f4a0    00000020     Inv.obj (Emif2ConfigRegsFile)

AccessProtectionRegsFile 
*          1    0005f4c0    00000040     UNINITIALIZED
                  0005f4c0    00000040     Inv.obj (AccessProtectionRegsFile)

MemoryErrorRegsFile 
*          1    0005f500    00000040     UNINITIALIZED
                  0005f500    00000040     Inv.obj (MemoryErrorRegsFile)

RomWaitStateRegsFile 
*          1    0005f540    00000002     UNINITIALIZED
                  0005f540    00000002     Inv.obj (RomWaitStateRegsFile)

Flash0CtrlRegsFile 
*          1    0005f800    00000182     UNINITIALIZED
                  0005f800    00000182     Inv.obj (Flash0CtrlRegsFile)

Flash0EccRegsFile 
*          1    0005fb00    00000028     UNINITIALIZED
                  0005fb00    00000028     Inv.obj (Flash0EccRegsFile)

DcsmZ1OtpFile 
*          1    00078000    00000020     NOLOAD SECTION
                  00078000    00000020     Inv.obj (DcsmZ1OtpFile)

DcsmZ2OtpFile 
*          1    00078200    00000020     NOLOAD SECTION
                  00078200    00000020     Inv.obj (DcsmZ2OtpFile)

GETBUFFER 
*          0    0003f807    00000000     DSECT

GETWRITEIDX 
*          0    0003f807    00000000     DSECT

PUTREADIDX 
*          0    0003f807    00000000     DSECT

MODULE SUMMARY

       Module           code    initialized data   uninitialized data
       ------           ----    ----------------   ------------------
    .\App\
       Inv.obj          41146   5960               19237             
    +--+----------------+-------+------------------+--------------------+
       Total:           41146   5960               19237             
                                                                     
    D:\RatioSoft\ccsv7\ccsv7\tools\compiler\ti-cgt-c2000_16.9.5.LTS\lib\rts2800_fpu32.lib
       memory.obj       466     4                  8                 
       atexit.obj       0       8                  256               
       boot28.obj       86      2                  0                 
       exit.obj         41      14                 6                 
       sinit.obj        39      5                  2                 
       l_div28.obj      42      0                  0                 
       cpy_tbl.obj      36      0                  0                 
       i_div28.obj      34      0                  0                 
       new_.obj         32      0                  0                 
       memcpy.obj       30      0                  0                 
       args_main.obj    25      0                  0                 
       _lock.obj        9       10                 4                 
       memset.obj       12      0                  0                 
       u_div28.obj      11      0                  0                 
       vars.obj         0       5                  2                 
       delete.obj       5       0                  0                 
       pre_init.obj     2       0                  0                 
       newhandler.obj   1       0                  0                 
       startup.obj      1       0                  0                 
    +--+----------------+-------+------------------+--------------------+
       Total:           872     48                 278               
                                                                     
       Heap:            0       0                  1024              
       Stack:           0       0                  512               
    +--+----------------+-------+------------------+--------------------+
       Grand Total:     42018   6008               21051             


GLOBAL DATA SYMBOLS: SORTED BY DATA PAGE

address     data page           name
--------    ----------------    ----
00000122       4 (00000100)     __stack

00000340       d (00000340)     _st_FlashVariable

00000380       e (00000380)     _FlashBuffer

00000b00      2c (00000b00)     _AdcaResultRegs
00000b20      2c (00000b00)     _AdcbResultRegs

00000b40      2d (00000b40)     _AdccResultRegs
00000b60      2d (00000b40)     _AdcdResultRegs

00000c00      30 (00000c00)     _CpuTimer0Regs
00000c08      30 (00000c00)     _CpuTimer1Regs
00000c10      30 (00000c00)     _CpuTimer2Regs

00000ce0      33 (00000cc0)     _Cla1SoftIntRegs
00000ce0      33 (00000cc0)     _PieCtrlRegs

00000d00      34 (00000d00)     _EmuKey
00000d00      34 (00000d00)     _PieVectTable
00000d01      34 (00000d00)     _EmuBMode

00001000      40 (00001000)     _DmaRegs

00001400      50 (00001400)     _Cla1Regs

00004000     100 (00004000)     _EPwm1Regs

00004100     104 (00004100)     _EPwm2Regs

00004200     108 (00004200)     _EPwm3Regs

00004300     10c (00004300)     _EPwm4Regs

00004400     110 (00004400)     _EPwm5Regs

00004500     114 (00004500)     _EPwm6Regs

00004600     118 (00004600)     _EPwm7Regs

00004700     11c (00004700)     _EPwm8Regs

00004800     120 (00004800)     _EPwm9Regs

00004900     124 (00004900)     _EPwm10Regs

00004a00     128 (00004a00)     _EPwm11Regs

00004b00     12c (00004b00)     _EPwm12Regs

00005000     140 (00005000)     _ECap1Regs
00005020     140 (00005000)     _ECap2Regs

00005040     141 (00005040)     _ECap3Regs
00005060     141 (00005040)     _ECap4Regs

00005080     142 (00005080)     _ECap5Regs
000050a0     142 (00005080)     _ECap6Regs

00005100     144 (00005100)     _EQep1Regs

00005140     145 (00005140)     _EQep2Regs

00005180     146 (00005180)     _EQep3Regs

00005c00     170 (00005c00)     _DacaRegs
00005c10     170 (00005c00)     _DacbRegs
00005c20     170 (00005c00)     _DaccRegs

00005c80     172 (00005c80)     _Cmpss1Regs
00005ca0     172 (00005c80)     _Cmpss2Regs

00005cc0     173 (00005cc0)     _Cmpss3Regs
00005ce0     173 (00005cc0)     _Cmpss4Regs

00005d00     174 (00005d00)     _Cmpss5Regs
00005d20     174 (00005d00)     _Cmpss6Regs

00005d40     175 (00005d40)     _Cmpss7Regs
00005d60     175 (00005d40)     _Cmpss8Regs

00005e00     178 (00005e00)     _Sdfm1Regs

00005e80     17a (00005e80)     _Sdfm2Regs

00006000     180 (00006000)     _McbspaRegs

00006040     181 (00006040)     _McbspbRegs

00006100     184 (00006100)     _SpiaRegs
00006110     184 (00006100)     _SpibRegs
00006120     184 (00006100)     _SpicRegs

00006200     188 (00006200)     _UppRegs

00007000     1c0 (00007000)     _WdRegs

00007060     1c1 (00007040)     _NmiIntruptRegs
00007070     1c1 (00007040)     _XintRegs

00007200     1c8 (00007200)     _SciaRegs
00007210     1c8 (00007200)     _ScibRegs
00007220     1c8 (00007200)     _ScicRegs
00007230     1c8 (00007200)     _ScidRegs

00007300     1cc (00007300)     _I2caRegs

00007340     1cd (00007340)     _I2cbRegs

00007400     1d0 (00007400)     _AdcaRegs

00007480     1d2 (00007480)     _AdcbRegs

00007500     1d4 (00007500)     _AdccRegs

00007580     1d6 (00007580)     _AdcdRegs

00007900     1e4 (00007900)     _InputXbarRegs
00007920     1e4 (00007900)     _XbarRegs

00007940     1e5 (00007940)     _SyncSocRegs

00007980     1e6 (00007980)     _DmaClaSrcSelRegs

00007a00     1e8 (00007a00)     _EPwmXbarRegs

00007a80     1ea (00007a80)     _OutputXbarRegs

00007c00     1f0 (00007c00)     _GpioCtrlRegs

00007f00     1fc (00007f00)     _GpioDataRegs

00008001     200 (00008000)     _objPowCANPro
00008006     200 (00008000)     _objSysDrv
00008007     200 (00008000)     _objFlashUpdate
00008008     200 (00008000)     _objWatchDogDrv
00008009     200 (00008000)     _objCANDrv
0000800a     200 (00008000)     _i16TempIntAx_0
0000800b     200 (00008000)     _Flash28_API_LoadStart
0000800c     200 (00008000)     _Flash28_API_RunStart
0000800d     200 (00008000)     _Flash28_API_LoadEnd
0000800e     200 (00008000)     _objRAMDrv
0000800f     200 (00008000)     _objGPIODrv
00008010     200 (00008000)     _objPWMDrv
00008011     200 (00008000)     _objSPIDrv
00008012     200 (00008000)     _objFlashDrv
00008013     200 (00008000)     _objI2CDrv
00008014     200 (00008000)     _objCAPDrv
00008015     200 (00008000)     _objSCIDrv
00008016     200 (00008000)     _pCanIsrXmitFcb
00008018     200 (00008000)     _pCanIsrRecvFcb
0000801c     200 (00008000)     _objService
0000801e     200 (00008000)     _Flash_CPUScaleFactor
00008020     200 (00008000)     _Flash_CallbackPtr
00008024     200 (00008000)     _m_pDataExchgPtr__15SysCanDataExchg
00008026     200 (00008000)     _objFaultRecord
00008032     200 (00008000)     _objIPC
00008038     200 (00008000)     _ReceiveFrame

00008040     201 (00008040)     _objInvCtrl
0000804b     201 (00008040)     _uBypAnalogLen
00008058     201 (00008040)     _objDCBus
00008066     201 (00008040)     _objParallel

00008080     202 (00008080)     _objTimerDrv
0000808e     202 (00008080)     _objLBS
0000809c     202 (00008080)     _uInvAnalogLen
000080aa     202 (00008080)     _sTXCANMessage

000080c0     203 (000080c0)     _sRXCANMessage
000080d0     203 (000080c0)     _objDebug

00008100     204 (00008100)     _objSwitches
0000811e     204 (00008100)     _objXfer

00008140     205 (00008140)     _objLoad

00008180     206 (00008180)     _objEEPROM

000081c0     207 (000081c0)     _objSystem

00008200     208 (00008200)     _objDigitalIO

00008240     209 (00008240)     _ECanaRegs

00008280     20a (00008280)     _ECanbRegs

000082c0     20b (000082c0)     _objSelfAgingAlg

00008300     20c (00008300)     _objADDrv

00008340     20d (00008340)     _ECanaLAMRegs

00008380     20e (00008380)     _ECanbMOTORegs

000083c0     20f (000083c0)     _ECanbMOTSRegs

00008400     210 (00008400)     _ECanbLAMRegs

00008440     211 (00008440)     _ECanaMOTSRegs

00008480     212 (00008480)     _ECanaMOTORegs

000084c0     213 (000084c0)     _objBypass

00008580     216 (00008580)     _objOutput

00008680     21a (00008680)     _ECanbMboxes

00008780     21e (00008780)     _ECanaMboxes

00008880     222 (00008880)     _i16RptIntD_0

000089c0     227 (000089c0)     _i16RptIntZ_0

00008b00     22c (00008b00)     _i16RptIntQ_0

00008c40     231 (00008c40)     _objInverter

00008d80     236 (00008d80)     _objPowCANSched

00008ec0     23b (00008ec0)     _objInvAlg

00009000     240 (00009000)     _SysCanAppObj

00009140     245 (00009140)     _objMonInterface

00009340     24d (00009340)     _ProtocolObj

00009700     25c (00009700)     _DataExchgObj

00009b36     26c (00009b00)     ___TI_enable_exit_profile_output
00009b38     26c (00009b00)     ___TI_cleanup_ptr
00009b3a     26c (00009b00)     ___TI_dtors_ptr
00009b3c     26c (00009b00)     __lock
00009b3e     26c (00009b00)     __unlock

00009b41     26d (00009b40)     ___atexit_func_id__

00009c42     271 (00009c40)     __new_handler
00009c78     271 (00009c40)     __sys_memory

0000a080     282 (0000a080)     _iSCIDataBuffer_0

0000a880     2a2 (0000a880)     _uFaultRecord

0000a900     2a4 (0000a900)     _u16FaultRecordRead

0000a980     2a6 (0000a980)     _uFaultRecordBuff

00047000    11c0 (00047000)     _Emif1Regs

00047800    11e0 (00047800)     _Emif2Regs

00048000    1200 (00048000)     _CanaRegs

0004a000    1280 (0004a000)     _CanbRegs

00050000    1400 (00050000)     _IpcRegs
00050024    1400 (00050000)     _FlashPumpSemaphoreRegs

0005d000    1740 (0005d000)     _DevCfgRegs

0005d180    1746 (0005d180)     _AnalogSubsysRegs

0005d200    1748 (0005d200)     _ClkCfgRegs

0005d300    174c (0005d300)     _CpuSysRegs

0005e608    1798 (0005e600)     _RomPrefetchRegs

0005f000    17c0 (0005f000)     _DcsmZ1Regs

0005f040    17c1 (0005f040)     _DcsmZ2Regs
0005f070    17c1 (0005f040)     _DcsmCommonRegs

0005f400    17d0 (0005f400)     _MemCfgRegs

0005f480    17d2 (0005f480)     _Emif1ConfigRegs
0005f4a0    17d2 (0005f480)     _Emif2ConfigRegs

0005f4c0    17d3 (0005f4c0)     _AccessProtectionRegs

0005f500    17d4 (0005f500)     _MemoryErrorRegs

0005f540    17d5 (0005f540)     _RomWaitStateRegs

0005f800    17e0 (0005f800)     _Flash0CtrlRegs

0005fb00    17ec (0005fb00)     _Flash0EccRegs

00078000    1e00 (00078000)     _DcsmZ1Otp

00078200    1e08 (00078200)     _DcsmZ2Otp

0008931a    224c (00089300)     ___vtbl__14ProtocolSubCmd


GLOBAL SYMBOLS: SORTED ALPHABETICALLY BY Name 

page  address   name                                                                                   
----  -------   ----                                                                                   
0     00080002  .text                                                                                  
0     00087b7a  C$$EXIT                                                                                
0     00087bee  I$$DIV                                                                                 
0     00087bff  I$$MOD                                                                                 
0     00087b50  L$$DIV                                                                                 
0     00087b5f  L$$MOD                                                                                 
0     00087c73  U$$DIV                                                                                 
0     00087c78  U$$MOD                                                                                 
0     00087b6d  UL$$DIV                                                                                
0     00087b74  UL$$MOD                                                                                
0     000807ff  _AbnormalShutCancelCmd__15SysCanDataExchgFv                                            
0     00080804  _AbnormalShutConfirmCmd__15SysCanDataExchgFv                                           
1     0005f4c0  _AccessProtectionRegs                                                                  
0     00080dc7  _AdcSetMode__11Class_ADDrvFUiN21                                                       
1     00007400  _AdcaRegs                                                                              
1     00000b00  _AdcaResultRegs                                                                        
1     00007480  _AdcbRegs                                                                              
1     00000b20  _AdcbResultRegs                                                                        
1     00007500  _AdccRegs                                                                              
1     00000b40  _AdccResultRegs                                                                        
1     00007580  _AdcdRegs                                                                              
1     00000b60  _AdcdResultRegs                                                                        
0     000829bd  _AlarmEventXmitMsgGen__15SysCanDataExchgFUiUc                                          
0     00084f0b  _Alg_BpBackFeedFault__12Class_BypassFv                                                 
0     000877ea  _Alg_BpFault__12Class_BypassFv                                                         
0     00084edb  _Alg_BpSeqFault__12Class_BypassFv                                                      
0     00084fc4  _Alg_DCBusFault__11Class_DCBusFv                                                       
0     0008495b  _Alg_ILFilterReg__23Class_InverterAlgorithmFv                                          
0     000877e5  _Alg_IinvUnbalanced__14Class_InverterFv                                                
0     00086675  _Alg_Int_AgingCurrReg__24Class_SelfAgingAlgorithmFv                                    
0     000865b0  _Alg_Int_AgingOffReset__24Class_SelfAgingAlgorithmFv                                   
0     00086503  _Alg_Int_AgingPhaseLock__24Class_SelfAgingAlgorithmFv                                  
0     00086638  _Alg_Int_AgingPreDeal__24Class_SelfAgingAlgorithmFv                                    
0     000865ef  _Alg_Int_AgingRefGen__24Class_SelfAgingAlgorithmFv                                     
0     00086721  _Alg_Int_AgingSPWM__24Class_SelfAgingAlgorithmFv                                       
0     000898e9  _Alg_Int_CarrierSync__23Class_InverterAlgorithmFv                                      
0     0008a526  _Alg_Int_CurrReg__23Class_InverterAlgorithmFv                                          
0     00089ee7  _Alg_Int_CurrShareReg__23Class_InverterAlgorithmFv                                     
0     0008ae17  _Alg_Int_DCOVProtect__11Class_DCBusFv                                                  
0     0008adb6  _Alg_Int_INVKMFastChk__14Class_SwitchesFv                                              
0     00086481  _Alg_Int_InvOffReset__23Class_InverterAlgorithmFv                                      
0     0008774d  _Alg_Int_InvOverCurrentChk__14Class_InverterFv                                         
0     0008a3c8  _Alg_Int_InvSyncPulseGen__23Class_InverterAlgorithmFv                                  
0     0008993a  _Alg_Int_InvSyncPulseRec__23Class_InverterAlgorithmFv                                  
0     000898a9  _Alg_Int_InvSyncRecord__23Class_InverterAlgorithmFv                                    
0     00087733  _Alg_Int_LBSDetect__9Class_LBSFv                                                       
0     0008ac50  _Alg_Int_LockStatus__23Class_InverterAlgorithmFv                                       
0     0008ae93  _Alg_Int_MainInterfaceVar__21Class_PowCANSchedulerFv                                   
0     00089fc4  _Alg_Int_PhaseLock__23Class_InverterAlgorithmFv                                        
0     0008afc4  _Alg_Int_RptCtrl__23Class_InverterAlgorithmFv                                          
0     0008a583  _Alg_Int_SPWM__23Class_InverterAlgorithmFv                                             
0     0008ad37  _Alg_Int_STSDiffFastChk__14Class_SwitchesFv                                            
0     000868a2  _Alg_Int_SelfAging__24Class_SelfAgingAlgorithmFv                                       
0     000876dc  _Alg_Int_VOutRangeFastChk__12Class_OutputFv                                            
0     00089dcb  _Alg_Int_VoltDCReg__23Class_InverterAlgorithmFv                                        
0     0008a45d  _Alg_Int_VoltReg__23Class_InverterAlgorithmFv                                          
0     000875ee  _Alg_Int_VoutAbnormal__12Class_OutputFv                                                
0     000875a9  _Alg_Int_VoutFastChk2__12Class_OutputFv                                                
0     000873ca  _Alg_Int_VoutFastChk__12Class_OutputFv                                                 
0     00084b3e  _Alg_InvACShareReg__23Class_InverterAlgorithmFv                                        
0     00085054  _Alg_InvFault__14Class_InverterFv                                                      
0     00087344  _Alg_LBSSignal__9Class_LBSFv                                                           
0     000850f1  _Alg_OperFault__12Class_SystemFv                                                       
0     00087318  _Alg_OvcurrFault__12Class_BypassFv                                                     
0     00085179  _Alg_ParaFault__14Class_ParallelFv                                                     
0     00085118  _Alg_ParaStatus__14Class_ParallelFv                                                    
0     00084e20  _Alg_STSOpenFault__14Class_SwitchesFv                                                  
0     000851ee  _Alg_STSShortFault__14Class_SwitchesFv                                                 
0     00084411  _Alg_ShortCircuitDetect__10Class_LoadFv                                                
0     00084f71  _Alg_SysFault__12Class_SystemFv                                                        
0     0008509f  _Alg_VoutAbnormal__12Class_OutputFv                                                    
0     00087317  _AlrmCovMsgXmitState__15SysCanDataExchgFi                                              
0     0008260f  _AlrmMsgRecvProc__15SysCanDataExchgFP19can_msg_data_struct                             
0     00087316  _AlrmSyncMsgXmitState__15SysCanDataExchgFi                                             
0     00082948  _AlrmXmitMsgGen__15SysCanDataExchgFUi                                                  
0     000824dc  _AnalogMsgRecvProc__15SysCanDataExchgFP19can_msg_data_struct                           
0     00081b35  _AnalogRecvMsgObjsInit__15SysCanDataExchgFv                                            
1     0005d180  _AnalogSubsysRegs                                                                      
0     00087315  _AnalogSyncMsgXmitState__15SysCanDataExchgFi                                           
0     00082c5f  _AnalogXmitMsgGen__15SysCanDataExchgFUiUc                                              
0     00087302  _AppSubCmdIni__9AppSubCmdFP9SysCanAppM9SysCanAppFPv_i                                  
0     000838e4  _App_BpParamConfig__12Class_BypassFv                                                   
0     0008158b  _App_BpVarInit__12Class_BypassFv                                                       
0     00081bad  _App_CPLD_Ver__12Class_SystemFv                                                        
0     00084a68  _App_Can_IInvDQCal__21Class_PowCANSchedulerFv                                          
0     000848ea  _App_Can_ILFilter__21Class_PowCANSchedulerFv                                           
0     00081ba1  _App_DSPIDCheck__12Class_SystemFv                                                      
0     000868dd  _App_DebugInf__11Class_DebugFv                                                         
0     0008192a  _App_DebugVarInit__11Class_DebugFv                                                     
0     00081602  _App_DigitalIOVarInit__15Class_DigitalIOFv                                             
0     00083dbb  _App_EEPROMAction__12Class_EEPROMFv                                                    
0     00083c4e  _App_FaultEEPROMW__12Class_EEPROMFv                                                    
0     000825ee  _App_FaultReadTaskInit__12Class_EEPROMFi                                               
0     00083bac  _App_FaultRead__12Class_EEPROMFv                                                       
0     00085f79  _App_FaultRecordTaxsis__17Class_FaultRecordFv                                          
0     00085fe1  _App_FaultRecord__17Class_FaultRecordFv                                                
0     00083c95  _App_HistoryEEPROMW__12Class_EEPROMFv                                                  
0     00087261  _App_HistoryRead__12Class_EEPROMFv                                                     
0     00087241  _App_HistoryRecordW__12Class_EEPROMFPUi                                                
0     00081c74  _App_IMCCtrl__15Class_DigitalIOFv                                                      
0     00089442  _App_Int_Can_ComErr__21Class_PowCANSchedulerFv                                         
0     00089806  _App_Int_Can_Recv__21Class_PowCANSchedulerFv                                           
0     00089e4b  _App_Int_Can_SendSchedule__21Class_PowCANSchedulerFv                                   
0     00089e83  _App_Int_PrdTimer_Route__21Class_PowCANSchedulerFv                                     
0     000899c9  _App_Int_TimeLabel__22Class_MonitorInterfaceFv                                         
0     0008aeba  _App_Int_WaveRecord__11Class_DebugFv                                                   
0     000839eb  _App_InvAlgParamConfig__23Class_InverterAlgorithmFv                                    
0     000818d6  _App_InvAlgVarInit__23Class_InverterAlgorithmFv                                        
0     00085a7b  _App_InvCtrl__21Class_InverterControlFv                                                
0     000857fa  _App_InvMaster__21Class_InverterControlFv                                              
0     000856eb  _App_InvOffReason__21Class_InverterControlFv                                           
0     000857d1  _App_InvOnoffAction__21Class_InverterControlFv                                         
0     00085723  _App_InvOnoffAgent__21Class_InverterControlFv                                          
0     00083a8d  _App_InvParamConfig__14Class_InverterFv                                                
0     00085a39  _App_InvSoftstart__21Class_InverterControlFv                                           
0     00085a55  _App_InvStandby__21Class_InverterControlFv                                             
0     00085a30  _App_InvTrace__21Class_InverterControlFv                                               
0     000815b7  _App_InvVarInit__14Class_InverterFv                                                    
0     000856df  _App_ModelOnline__12Class_SystemFv                                                     
0     0000b897  _App_ModuleIDGet__17Class_FlashUpdateFv                                                
0     000871b7  _App_Module_LED__12Class_SystemFv                                                      
0     000856af  _App_Module_Ok__12Class_SystemFv                                                       
0     0008359c  _App_MonInterfaceRead__22Class_MonitorInterfaceFv                                      
0     00082ed5  _App_MonInterfaceWrite__22Class_MonitorInterfaceFv                                     
0     00083b90  _App_MonitorDeal__22Class_MonitorInterfaceFv                                           
0     00083313  _App_MonitorOrder__22Class_MonitorInterfaceFv                                          
0     00083b3b  _App_MonitorParam__22Class_MonitorInterfaceFv                                          
0     00081661  _App_MonitorVarInit__22Class_MonitorInterfaceFv                                        
0     00083ad0  _App_OutParamConfig__12Class_OutputFv                                                  
0     000815e7  _App_OutVarInit__12Class_OutputFv                                                      
0     0008716f  _App_OverCurrentDelay__12Class_BypassFv                                                
0     000846b7  _App_OvloadDelay__10Class_LoadFv                                                       
0     00084723  _App_OvloadSignal__10Class_LoadFv                                                      
0     00082ea5  _App_ParallelLocalData__22Class_MonitorInterfaceFv                                     
0     00083cdf  _App_ParamEEPROMW__12Class_EEPROMFv                                                    
0     0008152f  _App_PowCANInit__21Class_PowCANSchedulerFv                                             
0     00083b07  _App_SelfAgingAlgParamConfig__24Class_SelfAgingAlgorithmFv                             
0     00081922  _App_SelfAgingAlgVarInit__24Class_SelfAgingAlgorithmFv                                 
0     000834c1  _App_SendtoMonitor__22Class_MonitorInterfaceFv                                         
0     000860e2  _App_ServiceMode__13Class_ServiceFv                                                    
0     000838ba  _App_SysParamConfig__12Class_SystemFv                                                  
0     00081512  _App_SysVarInit__12Class_SystemFv                                                      
0     000858c6  _App_TraceControl__21Class_InverterControlFv                                           
0     00085983  _App_TraceJudge__21Class_InverterControlFv                                             
0     00085899  _App_TraceSignal__21Class_InverterControlFv                                            
0     00085a8b  _App_XferCommand__14Class_TransferFv                                                   
0     00085e62  _App_XferExecute__14Class_TransferFv                                                   
0     00085f54  _App_XferOut__14Class_TransferFv                                                       
0     00085c21  _App_XferProcess__14Class_TransferFv                                                   
0     00080841  _BattEodTurnOff__15SysCanDataExchgFv                                                   
0     00080832  _BattGndPtcCmd__15SysCanDataExchgFv                                                    
0     000807cf  _BattPreWarnCancel__15SysCanDataExchgFv                                                
0     000807d4  _BattPreWarn__15SysCanDataExchgFv                                                      
0     0008082d  _BattSelfChk20Percent__15SysCanDataExchgFv                                             
0     00080828  _BattSelfChkDeep__15SysCanDataExchgFv                                                  
0     00080823  _BattSelfChkEnd__15SysCanDataExchgFv                                                   
0     0008716a  _BattTrip__15SysCanDataExchgFv                                                         
0     000807d9  _BypFlashUpdate__15SysCanDataExchgFv                                                   
0     0008252f  _BypMaintMsgRecvProc__15SysCanDataExchgFP19can_msg_data_struct                         
0     0008319e  _Byp_App_MonInterfaceWrite__22Class_MonitorInterfaceFv                                 
0     00081323  _CANBitRateSet__12Class_CANDrvFUlN21                                                   
0     0008714c  _CANBitTimingGet__12Class_CANDrvFUlP15tCANBitClkParms                                  
0     0008711a  _CANBitTimingSet__12Class_CANDrvFUlP15tCANBitClkParms                                  
0     00081300  _CANClkSourceSelect__12Class_CANDrvFUlUi                                               
0     00086d4b  _CANDataRegRead__12Class_CANDrvFPUcPUli                                                
0     00080942  _CANDataRegWrite__12Class_CANDrvFPUcPUli                                               
0     00087116  _CANDisable__12Class_CANDrvFUl                                                         
0     00081398  _CANEnable__12Class_CANDrvFUl                                                          
0     00087107  _CANErrCntrGet__12Class_CANDrvFUlPUlT2                                                 
0     00081d05  _CANFragRecvTimeoutFcb__14SysCanProtocolFv                                             
0     00086e3c  _CANGlobalIntClear__12Class_CANDrvFUlT1                                                
0     000808cf  _CANGlobalIntDisable__12Class_CANDrvFUlT1                                              
0     000808f0  _CANGlobalIntEnable__12Class_CANDrvFUlT1                                               
0     000870fe  _CANGlobalIntstatusGet__12Class_CANDrvFUlT1                                            
0     000812aa  _CANInit__12Class_CANDrvFUl                                                            
0     00086e18  _CANIntClear__12Class_CANDrvFUlT1                                                      
0     000870f5  _CANIntDisable__12Class_CANDrvFUlT1                                                    
0     00081393  _CANIntEnable__12Class_CANDrvFUlT1                                                     
0     000870cf  _CANIntNumberGet__12Class_CANDrvFUlUc                                                  
0     00086d2b  _CANIntStatus__12Class_CANDrvFUl13tCANIntStsReg                                        
0     000870b8  _CANMessageClear__12Class_CANDrvFUlT1                                                  
0     00086d56  _CANMessageGet__12Class_CANDrvFUlT1P13tCANMsgObjectb                                   
0     0008094d  _CANMessageSet__12Class_CANDrvFUlT1P13tCANMsgObject11tMsgObjType                       
0     000870b2  _CANRetryGet__12Class_CANDrvFUl                                                        
0     000870a7  _CANRetrySet__12Class_CANDrvFUlb                                                       
0     00086d37  _CANStatusGet__12Class_CANDrvFUl10tCANStsReg                                           
0     000800dc  _CPUSELConfig__12Class_SysDrvFv                                                        
0     000863f6  _CPUSELConfig__17Class_FlashUpdateFv                                                   
0     00080d92  _CalAdcINL__11Class_ADDrvFUi                                                           
0     00086e03  _CanMailBoxRead__FP9Can_FrameP13tCANMsgObject                                          
0     00080a32  _CanMailBoxWrite__FUlP9Can_Frame                                                       
1     00048000  _CanaRegs                                                                              
1     0004a000  _CanbRegs                                                                              
0     00080894  _CfgFragMsgPacked__15SysCanDataExchgFP19can_msg_data_struct                            
0     000826d7  _CfgMsgFromMonProc__15SysCanDataExchgFP19can_msg_data_structUi                         
0     00081b02  _CfgMsgObjsInit__15SysCanDataExchgFv                                                   
0     000827df  _CfgMsgRecvProc__15SysCanDataExchgFP19can_msg_data_struct                              
0     00082691  _CfgMsgRqPacked__15SysCanDataExchgFP19can_msg_data_structi                             
0     000826a9  _CfgMsgRsPacked__15SysCanDataExchgFP19can_msg_data_structi                             
0     0008277e  _CfgMsgToMonProc__15SysCanDataExchgFP19can_msg_data_structUi                           
0     00087099  _CheckBypassK__12Class_BypassFv                                                        
0     0008708f  _CheckBypass__12Class_BypassFv                                                         
1     00001400  _Cla1Regs                                                                              
0     00000ce0  _Cla1SoftIntRegs                                                                       
1     0005d200  _ClkCfgRegs                                                                            
0     000808d5  _CloseSysCanInt__Fv                                                                    
1     00005c80  _Cmpss1Regs                                                                            
1     00005ca0  _Cmpss2Regs                                                                            
1     00005cc0  _Cmpss3Regs                                                                            
1     00005ce0  _Cmpss4Regs                                                                            
1     00005d00  _Cmpss5Regs                                                                            
1     00005d20  _Cmpss6Regs                                                                            
1     00005d40  _Cmpss7Regs                                                                            
1     00005d60  _Cmpss8Regs                                                                            
0     00082b6e  _CovMsgProc__9SysCanAppFv                                                              
0     00081a49  _CovSyncMsgObjInit__15SysCanDataExchgFv                                                
1     0005d300  _CpuSysRegs                                                                            
1     00000c00  _CpuTimer0Regs                                                                         
1     00000c08  _CpuTimer1Regs                                                                         
1     00000c10  _CpuTimer2Regs                                                                         
0     00081a38  _CtrlMsgObjsInit__15SysCanDataExchgFv                                                  
0     00082638  _CtrlMsgRecvProc__15SysCanDataExchgFP19can_msg_data_struct                             
1     00005c00  _DacaRegs                                                                              
1     00005c10  _DacbRegs                                                                              
1     00005c20  _DaccRegs                                                                              
0     00084331  _Dat_BpRMSPower__12Class_BypassFv                                                      
0     00083e04  _Dat_BreakerStatus__14Class_SwitchesFv                                                 
0     00086e2f  _Dat_CPU2toCanBus__9Class_IPCFv                                                        
0     00080cf2  _Dat_CanBustoCPU2__9Class_IPCFPC26CAN_PACKED_PROTOCOL_STRUCT                           
0     00084751  _Dat_Can_LoadCalculation__21Class_PowCANSchedulerFv                                    
0     00083f6c  _Dat_DCBusRMS__11Class_DCBusFv                                                         
0     00081d74  _Dat_DigitalInput__15Class_DigitalIOFv                                                 
0     00083ea9  _Dat_DigitalOutput__15Class_DigitalIOFv                                                
0     00081872  _Dat_EEPROMInit__12Class_EEPROMFv                                                      
0     00087054  _Dat_IbpFlag__12Class_BypassFv                                                         
0     00084a01  _Dat_IinvPQRMS__14Class_InverterFv                                                     
0     000841e5  _Dat_IinvRMS__14Class_InverterFv                                                       
0     0008a8f3  _Dat_Int_BpCal__12Class_BypassFv                                                       
0     00089d46  _Dat_Int_BpPreDeal__12Class_BypassFv                                                   
0     00089484  _Dat_Int_Can_Send__21Class_PowCANSchedulerFv                                           
0     00089db0  _Dat_Int_DCBusPreDeal__11Class_DCBusFv                                                 
0     0008abb6  _Dat_Int_IinvDFTCal__14Class_InverterFv                                                
0     0008a6ac  _Dat_Int_InvCal__14Class_InverterFv                                                    
0     00089af4  _Dat_Int_InvPreDeal__14Class_InverterFv                                                
0     00087026  _Dat_Int_LBSCapDeal__9Class_LBSFv                                                      
0     00089736  _Dat_Int_MBox_Read__20Class_PowCANProtocolFPV4MBOXUl                                   
0     0008ae7a  _Dat_Int_MainInterfaceIn__15Class_DigitalIOFv                                          
0     00089977  _Dat_Int_MainInterfaceOut__15Class_DigitalIOFv                                         
0     0008ab69  _Dat_Int_OutCal__12Class_OutputFv                                                      
0     0008aae8  _Dat_Int_OutPreDeal__12Class_OutputFv                                                  
0     00081c27  _Dat_Int_SetExInReg__15Class_DigitalIOFUi                                              
0     00081f41  _Dat_InvIDOk__15Class_DigitalIOFv                                                      
0     00086fcb  _Dat_IoutRMS__12Class_OutputFv                                                         
0     00084740  _Dat_LoadDeal__10Class_LoadFv                                                          
0     0008448d  _Dat_LoadFlag__10Class_LoadFv                                                          
0     0008439b  _Dat_LoadGrant__10Class_LoadFv                                                         
0     0008464d  _Dat_OvloadFlag__10Class_LoadFv                                                        
0     00083f7a  _Dat_PinvRMS__14Class_InverterFv                                                       
0     00086ec0  _Dat_PoutRMS__12Class_OutputFv                                                         
0     00086e8b  _Dat_TempCurrentGrant__12Class_BypassFv                                                
0     000840cf  _Dat_TempPowerGrant__14Class_InverterFv                                                
0     00085371  _Dat_VbpFlag__12Class_BypassFv                                                         
0     000855fc  _Dat_VinvFlag__14Class_InverterFv                                                      
0     00084292  _Dat_VinvRMS__14Class_InverterFv                                                       
0     00084178  _Dat_VoutRMS__12Class_OutputFv                                                         
1     00009700  _DataExchgObj                                                                          
1     0005f070  _DcsmCommonRegs                                                                        
1     00078000  _DcsmZ1Otp                                                                             
1     0005f000  _DcsmZ1Regs                                                                            
1     00078200  _DcsmZ2Otp                                                                             
1     0005f040  _DcsmZ2Regs                                                                            
0     000822b2  _DelQueue__15SysCanRecvQueueFv                                                         
0     0008092d  _DelQueue__15SysCanXmitQueueFv                                                         
0     00080c6d  _DelQueue__19SysCanFragXmitQueueFv                                                     
1     0005d000  _DevCfgRegs                                                                            
1     00007980  _DmaClaSrcSelRegs                                                                      
1     00001000  _DmaRegs                                                                               
0     00081b94  _Drv_ADAdjust__11Class_ADDrvFv                                                         
0     00080e73  _Drv_ADInit__11Class_ADDrvFv                                                           
0     000898bc  _Drv_AD_SOC__11Class_ADDrvFv                                                           
0     0008139c  _Drv_CANInit__12Class_CANDrvFv                                                         
0     000811dd  _Drv_CAPInit__12Class_CAPDrvFv                                                         
0     000813ff  _Drv_CPUTimerInit__14Class_TimerDrvFv                                                  
0     00080002  _Drv_DisableDog__17Class_WatchDogDrvFv                                                 
0     00081c1f  _Drv_EnableDog__17Class_WatchDogDrvFv                                                  
0     00081b95  _Drv_Encrypt__14Class_FlashDrvFv                                                       
0     0008104c  _Drv_GPIOInit__13Class_GPIODrvFv                                                       
0     0000b119  _Drv_GPIOInit__17Class_FlashUpdateFv                                                   
0     0008126a  _Drv_I2CInit__12Class_I2CDrvFv                                                         
0     00083bec  _Drv_I2CPageWrite__12Class_I2CDrvFUiiPUi                                               
0     00081620  _Drv_I2CRead__12Class_I2CDrvFUiiPUi                                                    
0     00083bdd  _Drv_I2CWordWrite__12Class_I2CDrvFUiT1                                                 
0     00083c0d  _Drv_I2CWriteAll__12Class_I2CDrvFPUiPiT1                                               
0     0008646d  _Drv_IPC_ADSample_Receive__9Class_IPCFRUiT1                                            
0     000868be  _Drv_IPC_ADSample_Transmit__9Class_IPCFRCUiN21                                         
0     00086e73  _Drv_IPC_StateMessage__9Class_IPCFv                                                    
0     00009c44  _Drv_InitFlash__14Class_FlashDrvFv                                                     
0     000801fc  _Drv_InitPieCtrl__12Class_SysDrvFv                                                     
0     0008021f  _Drv_InitPieVectTable__12Class_SysDrvFv                                                
0     0008000f  _Drv_InitPll__12Class_SysDrvFUiN31                                                     
0     0000b000  _Drv_InitPll__17Class_FlashUpdateFUiN31                                                
0     000801a9  _Drv_InitSysCtrl__12Class_SysDrvFv                                                     
0     0000b0cc  _Drv_InitSysCtrl__17Class_FlashUpdateFv                                                
0     0000b8ca  _Drv_Int_ADCh1Cs__13Class_GPIODrvFv                                                    
0     0000b8cf  _Drv_Int_ADCh2Cs__13Class_GPIODrvFv                                                    
0     0008999c  _Drv_Int_ClockMaintain__14Class_TimerDrvFv                                             
0     000899ff  _Drv_Int_Sampling1Data__11Class_ADDrvFv                                                
0     0008aa1b  _Drv_Int_Sampling2Data__11Class_ADDrvFv                                                
0     00081c92  _Drv_KickDog__17Class_WatchDogDrvFv                                                    
0     00086e43  _Drv_MemCheckMaster__12Class_RAMDrvFv                                                  
0     0008140f  _Drv_MemCheck__12Class_RAMDrvFv                                                        
0     00080241  _Drv_MemCopy__12Class_RAMDrvFPUiN21                                                    
0     0008988d  _Drv_PWMActive__12Class_PWMDrvFv                                                       
0     00084f55  _Drv_PWMInactive__12Class_PWMDrvFv                                                     
0     00080251  _Drv_PWMInit__12Class_PWMDrvFv                                                         
0     0000b29d  _Drv_PWMInit__17Class_FlashUpdateFv                                                    
0     0000b826  _Drv_RamCheck__17Class_FlashUpdateFv                                                   
0     00081287  _Drv_SCIInit__12Class_SCIDrvFv                                                         
0     00081c42  _Drv_SPIAct__12Class_SPIDrvFv                                                          
0     000811cd  _Drv_SPIInit__12Class_SPIDrvFv                                                         
0     0000b803  _Drv_SPIInit__17Class_FlashUpdateFv                                                    
0     00081c37  _Drv_SPIReceiveData__12Class_SPIDrvFv                                                  
0     00081d1a  _Drv_SysTimer__14Class_TimerDrvFv                                                      
0     0000b815  _Drv_SystemInit__17Class_FlashUpdateFv                                                 
0     0000b896  _Drv_eCANAInit__17Class_FlashUpdateFv                                                  
0     00080e66  _Drv_usDelay__14Class_TimerDrvFl                                                       
0     00087a3e  _ECAN0INTA_ISR__Fv                                                                     
1     00008340  _ECanaLAMRegs                                                                          
1     00008480  _ECanaMOTORegs                                                                         
1     00008440  _ECanaMOTSRegs                                                                         
1     00008780  _ECanaMboxes                                                                           
1     00008240  _ECanaRegs                                                                             
1     00008400  _ECanbLAMRegs                                                                          
1     00008380  _ECanbMOTORegs                                                                         
1     000083c0  _ECanbMOTSRegs                                                                         
1     00008680  _ECanbMboxes                                                                           
1     00008280  _ECanbRegs                                                                             
1     00005000  _ECap1Regs                                                                             
1     00005020  _ECap2Regs                                                                             
1     00005040  _ECap3Regs                                                                             
1     00005060  _ECap4Regs                                                                             
1     00005080  _ECap5Regs                                                                             
1     000050a0  _ECap6Regs                                                                             
0     0008b155  _EPWM1_INT_ISR__Fv                                                                     
1     00004900  _EPwm10Regs                                                                            
1     00004a00  _EPwm11Regs                                                                            
1     00004b00  _EPwm12Regs                                                                            
1     00004000  _EPwm1Regs                                                                             
1     00004100  _EPwm2Regs                                                                             
1     00004200  _EPwm3Regs                                                                             
1     00004300  _EPwm4Regs                                                                             
1     00004400  _EPwm5Regs                                                                             
1     00004500  _EPwm6Regs                                                                             
1     00004600  _EPwm7Regs                                                                             
1     00004700  _EPwm8Regs                                                                             
1     00004800  _EPwm9Regs                                                                             
1     00007a00  _EPwmXbarRegs                                                                          
1     00005100  _EQep1Regs                                                                             
1     00005140  _EQep2Regs                                                                             
1     00005180  _EQep3Regs                                                                             
1     0005f480  _Emif1ConfigRegs                                                                       
1     00047000  _Emif1Regs                                                                             
1     0005f4a0  _Emif2ConfigRegs                                                                       
1     00047800  _Emif2Regs                                                                             
1     00000d01  _EmuBMode                                                                              
[...]
0     0008afc4  _Alg_Int_RptCtrl__23Class_InverterAlgorithmFv                                          
0     0008b155  _EPWM1_INT_ISR__Fv                                                                     
1     00000122  __stack                                                                                
1     00000322  __STACK_END                                                                            
1     00000340  _st_FlashVariable                                                                      
1     00000380  _FlashBuffer                                                                           
1     00000b00  _AdcaResultRegs                                                                        
1     00000b20  _AdcbResultRegs                                                                        
1     00000b40  _AdccResultRegs                                                                        
1     00000b60  _AdcdResultRegs                                                                        
1     00000c00  _CpuTimer0Regs                                                                         
1     00000c08  _CpuTimer1Regs                                                                         
1     00000c10  _CpuTimer2Regs                                                                         
1     00000ce0  _PieCtrlRegs                                                                           
1     00000d00  _EmuKey                                                                                
1     00000d00  _PieVectTable                                                                          
1     00000d01  _EmuBMode                                                                              
1     00001000  _DmaRegs                                                                               
1     00001400  _Cla1Regs                                                                              
1     00004000  _EPwm1Regs                                                                             
1     00004100  _EPwm2Regs                                                                             
1     00004200  _EPwm3Regs                                                                             
1     00004300  _EPwm4Regs                                                                             
1     00004400  _EPwm5Regs                                                                             
1     00004500  _EPwm6Regs                                                                             
1     00004600  _EPwm7Regs                                                                             
1     00004700  _EPwm8Regs                                                                             
1     00004800  _EPwm9Regs                                                                             
1     00004900  _EPwm10Regs                                                                            
1     00004a00  _EPwm11Regs                                                                            
1     00004b00  _EPwm12Regs                                                                            
1     00005000  _ECap1Regs                                                                             
1     00005020  _ECap2Regs                                                                             
1     00005040  _ECap3Regs                                                                             
1     00005060  _ECap4Regs                                                                             
1     00005080  _ECap5Regs                                                                             
1     000050a0  _ECap6Regs                                                                             
1     00005100  _EQep1Regs                                                                             
1     00005140  _EQep2Regs                                                                             
1     00005180  _EQep3Regs                                                                             
1     00005c00  _DacaRegs                                                                              
1     00005c10  _DacbRegs                                                                              
1     00005c20  _DaccRegs                                                                              
1     00005c80  _Cmpss1Regs                                                                            
1     00005ca0  _Cmpss2Regs                                                                            
1     00005cc0  _Cmpss3Regs                                                                            
1     00005ce0  _Cmpss4Regs                                                                            
1     00005d00  _Cmpss5Regs                                                                            
1     00005d20  _Cmpss6Regs                                                                            
1     00005d40  _Cmpss7Regs                                                                            
1     00005d60  _Cmpss8Regs                                                                            
1     00005e00  _Sdfm1Regs                                                                             
1     00005e80  _Sdfm2Regs                                                                             
1     00006000  _McbspaRegs                                                                            
1     00006040  _McbspbRegs                                                                            
1     00006100  _SpiaRegs                                                                              
1     00006110  _SpibRegs                                                                              
1     00006120  _SpicRegs                                                                              
1     00006200  _UppRegs                                                                               
1     00007000  _WdRegs                                                                                
1     00007060  _NmiIntruptRegs                                                                        
1     00007070  _XintRegs                                                                              
1     00007200  _SciaRegs                                                                              
1     00007210  _ScibRegs                                                                              
1     00007220  _ScicRegs                                                                              
1     00007230  _ScidRegs                                                                              
1     00007300  _I2caRegs                                                                              
1     00007340  _I2cbRegs                                                                              
1     00007400  _AdcaRegs                                                                              
1     00007480  _AdcbRegs                                                                              
1     00007500  _AdccRegs                                                                              
1     00007580  _AdcdRegs                                                                              
1     00007900  _InputXbarRegs                                                                         
1     00007920  _XbarRegs                                                                              
1     00007940  _SyncSocRegs                                                                           
1     00007980  _DmaClaSrcSelRegs                                                                      
1     00007a00  _EPwmXbarRegs                                                                          
1     00007a80  _OutputXbarRegs                                                                        
1     00007c00  _GpioCtrlRegs                                                                          
1     00007f00  _GpioDataRegs                                                                          
1     00008001  _objPowCANPro                                                                          
1     00008006  _objSysDrv                                                                             
1     00008007  _objFlashUpdate                                                                        
1     00008008  _objWatchDogDrv                                                                        
1     00008009  _objCANDrv                                                                             
1     0000800a  _i16TempIntAx_0                                                                        
1     0000800b  _Flash28_API_LoadStart                                                                 
1     0000800c  _Flash28_API_RunStart                                                                  
1     0000800d  _Flash28_API_LoadEnd                                                                   
1     0000800e  _objRAMDrv                                                                             
1     0000800f  _objGPIODrv                                                                            
1     00008010  _objPWMDrv                                                                             
1     00008011  _objSPIDrv                                                                             
1     00008012  _objFlashDrv                                                                           
1     00008013  _objI2CDrv                                                                             
1     00008014  _objCAPDrv                                                                             
1     00008015  _objSCIDrv                                                                             
1     00008016  _pCanIsrXmitFcb                                                                        
1     00008018  _pCanIsrRecvFcb                                                                        
1     0000801c  _objService                                                                            
1     0000801e  _Flash_CPUScaleFactor                                                                  
1     00008020  _Flash_CallbackPtr                                                                     
1     00008024  _m_pDataExchgPtr__15SysCanDataExchg                                                    
1     00008026  _objFaultRecord                                                                        
1     00008032  _objIPC                                                                                
1     00008038  _ReceiveFrame                                                                          
1     00008040  _objInvCtrl                                                                            
1     0000804b  _uBypAnalogLen                                                                         
1     00008058  _objDCBus                                                                              
1     00008066  _objParallel                                                                           
1     00008080  _objTimerDrv                                                                           
1     0000808e  _objLBS                                                                                
1     0000809c  _uInvAnalogLen                                                                         
1     000080aa  _sTXCANMessage                                                                         
1     000080c0  _sRXCANMessage                                                                         
1     000080d0  _objDebug                                                                              
1     00008100  _objSwitches                                                                           
1     0000811e  _objXfer                                                                               
1     00008140  _objLoad                                                                               
1     00008180  _objEEPROM                                                                             
1     000081c0  _objSystem                                                                             
1     00008200  _objDigitalIO                                                                          
1     00008240  _ECanaRegs                                                                             
1     00008280  _ECanbRegs                                                                             
1     000082c0  _objSelfAgingAlg                                                                       
1     00008300  _objADDrv                                                                              
1     00008340  _ECanaLAMRegs                                                                          
1     00008380  _ECanbMOTORegs                                                                         
1     000083c0  _ECanbMOTSRegs                                                                         
1     00008400  _ECanbLAMRegs                                                                          
1     00008440  _ECanaMOTSRegs                                                                         
1     00008480  _ECanaMOTORegs                                                                         
1     000084c0  _objBypass                                                                             
1     00008580  _objOutput                                                                             
1     00008680  _ECanbMboxes                                                                           
1     00008780  _ECanaMboxes                                                                           
1     00008880  _i16RptIntD_0                                                                          
1     000089c0  _i16RptIntZ_0                                                                          
1     00008b00  _i16RptIntQ_0                                                                          
1     00008c40  _objInverter                                                                           
1     00008d80  _objPowCANSched                                                                        
1     00008ec0  _objInvAlg                                                                             
1     00009000  _SysCanAppObj                                                                          
1     00009140  _objMonInterface                                                                       
1     00009340  _ProtocolObj                                                                           
1     00009700  _DataExchgObj                                                                          
1     00009b36  ___TI_enable_exit_profile_output                                                       
1     00009b38  ___TI_cleanup_ptr                                                                      
1     00009b3a  ___TI_dtors_ptr                                                                        
1     00009b3c  __lock                                                                                 
1     00009b3e  __unlock                                                                               
1     00009b41  ___atexit_func_id__                                                                    
1     00009c42  __new_handler                                                                          
1     00009c78  __sys_memory                                                                           
1     0000a080  _iSCIDataBuffer_0                                                                      
1     0000a880  _uFaultRecord                                                                          
1     0000a900  _u16FaultRecordRead                                                                    
1     0000a980  _uFaultRecordBuff                                                                      
1     00047000  _Emif1Regs                                                                             
1     00047800  _Emif2Regs                                                                             
1     00048000  _CanaRegs                                                                              
1     0004a000  _CanbRegs                                                                              
1     00050000  _IpcRegs                                                                               
1     00050024  _FlashPumpSemaphoreRegs                                                                
1     0005d000  _DevCfgRegs                                                                            
1     0005d180  _AnalogSubsysRegs                                                                      
1     0005d200  _ClkCfgRegs                                                                            
1     0005d300  _CpuSysRegs                                                                            
1     0005e608  _RomPrefetchRegs                                                                       
1     0005f000  _DcsmZ1Regs                                                                            
1     0005f040  _DcsmZ2Regs                                                                            
1     0005f070  _DcsmCommonRegs                                                                        
1     0005f400  _MemCfgRegs                                                                            
1     0005f480  _Emif1ConfigRegs                                                                       
1     0005f4a0  _Emif2ConfigRegs                                                                       
1     0005f4c0  _AccessProtectionRegs                                                                  
1     0005f500  _MemoryErrorRegs                                                                       
1     0005f540  _RomWaitStateRegs                                                                      
1     0005f800  _Flash0CtrlRegs                                                                        
1     0005fb00  _Flash0EccRegs                                                                         
1     00078000  _DcsmZ1Otp                                                                             
1     00078200  _DcsmZ2Otp                                                                             
abs   00000034  _RamfuncsLoadSize                                                                      
abs   00000034  _RamfuncsRunSize                                                                       
abs   00000200  __STACK_SIZE                                                                           
abs   00000400  __SYSMEM_SIZE                                                                          
abs   ffffffff  ___TI_pprof_out_hndl                                                                   
abs   ffffffff  ___TI_prof_data_size                                                                   
abs   ffffffff  ___TI_prof_data_start                                                                  
abs   ffffffff  ___binit__                                                                             
abs   ffffffff  ___c_args__                                                                            
abs   ffffffff  binit                                                                                  

[628 symbols]
