<?xml version="1.0"?>
<link_info>
   <banner>TMS320C2000 Linker PC v16.9.5.LTS</banner>
   <copyright>Copyright (c) 1996-2017 Texas Instruments Incorporated</copyright>
   <link_time>0x5a407580</link_time>
   <link_errors>0x0</link_errors>
   <output_file>28377D.out</output_file>
   <entry_point>
      <name>_c_int00</name>
      <address>0x87afa</address>
   </entry_point>
   <input_file_list>
      <input_file id="fl-2">
         <path>.\App\</path>
         <kind>object</kind>
         <file>Inv.obj</file>
         <name>Inv.obj</name>
      </input_file>
      <input_file id="fl-7">
         <kind>object</kind>
         <file>&lt;internal&gt;</file>
         <name>&lt;internal&gt;</name>
      </input_file>
      <input_file id="fl-15">
         <path>D:\RatioSoft\ccsv7\ccsv7\tools\compiler\ti-cgt-c2000_16.9.5.LTS\lib\</path>
         <kind>archive</kind>
         <file>rts2800_fpu32.lib</file>
         <name>boot28.obj</name>
      </input_file>
      <input_file id="fl-16">
         <path>D:\RatioSoft\ccsv7\ccsv7\tools\compiler\ti-cgt-c2000_16.9.5.LTS\lib\</path>
         <kind>archive</kind>
         <file>rts2800_fpu32.lib</file>
         <name>cpy_tbl.obj</name>
      </input_file>
      <input_file id="fl-17">
         <path>D:\RatioSoft\ccsv7\ccsv7\tools\compiler\ti-cgt-c2000_16.9.5.LTS\lib\</path>
         <kind>archive</kind>
         <file>rts2800_fpu32.lib</file>
         <name>delete.obj</name>
      </input_file>
      <input_file id="fl-18">
         <path>D:\RatioSoft\ccsv7\ccsv7\tools\compiler\ti-cgt-c2000_16.9.5.LTS\lib\</path>
         <kind>archive</kind>
         <file>rts2800_fpu32.lib</file>
         <name>exit.obj</name>
      </input_file>
      <input_file id="fl-19">
         <path>D:\RatioSoft\ccsv7\ccsv7\tools\compiler\ti-cgt-c2000_16.9.5.LTS\lib\</path>
         <kind>archive</kind>
         <file>rts2800_fpu32.lib</file>
         <name>i_div28.obj</name>
      </input_file>
      <input_file id="fl-1a">
         <path>D:\RatioSoft\ccsv7\ccsv7\tools\compiler\ti-cgt-c2000_16.9.5.LTS\lib\</path>
         <kind>archive</kind>
         <file>rts2800_fpu32.lib</file>
         <name>l_div28.obj</name>
      </input_file>
      <input_file id="fl-1b">
         <path>D:\RatioSoft\ccsv7\ccsv7\tools\compiler\ti-cgt-c2000_16.9.5.LTS\lib\</path>
         <kind>archive</kind>
         <file>rts2800_fpu32.lib</file>
         <name>memcpy.obj</name>
      </input_file>
      <input_file id="fl-1c">
         <path>D:\RatioSoft\ccsv7\ccsv7\tools\compiler\ti-cgt-c2000_16.9.5.LTS\lib\</path>
         <kind>archive</kind>
         <file>rts2800_fpu32.lib</file>
         <name>memory.obj</name>
      </input_file>
      <input_file id="fl-1d">
         <path>D:\RatioSoft\ccsv7\ccsv7\tools\compiler\ti-cgt-c2000_16.9.5.LTS\lib\</path>
         <kind>archive</kind>
         <file>rts2800_fpu32.lib</file>
         <name>memset.obj</name>
      </input_file>
      <input_file id="fl-1e">
         <path>D:\RatioSoft\ccsv7\ccsv7\tools\compiler\ti-cgt-c2000_16.9.5.LTS\lib\</path>
         <kind>archive</kind>
         <file>rts2800_fpu32.lib</file>
         <name>new_.obj</name>
      </input_file>
      <input_file id="fl-1f">
         <path>D:\RatioSoft\ccsv7\ccsv7\tools\compiler\ti-cgt-c2000_16.9.5.LTS\lib\</path>
         <kind>archive</kind>
         <file>rts2800_fpu32.lib</file>
         <name>newhandler.obj</name>
      </input_file>
      <input_file id="fl-20">
         <path>D:\RatioSoft\ccsv7\ccsv7\tools\compiler\ti-cgt-c2000_16.9.5.LTS\lib\</path>
         <kind>archive</kind>
         <file>rts2800_fpu32.lib</file>
         <name>pre_init.obj</name>
      </input_file>
      <input_file id="fl-21">
         <path>D:\RatioSoft\ccsv7\ccsv7\tools\compiler\ti-cgt-c2000_16.9.5.LTS\lib\</path>
         <kind>archive</kind>
         <file>rts2800_fpu32.lib</file>
         <name>pure_virt.obj</name>
      </input_file>
      <input_file id="fl-22">
         <path>D:\RatioSoft\ccsv7\ccsv7\tools\compiler\ti-cgt-c2000_16.9.5.LTS\lib\</path>
         <kind>archive</kind>
         <file>rts2800_fpu32.lib</file>
         <name>sinit.obj</name>
      </input_file>
      <input_file id="fl-23">
         <path>D:\RatioSoft\ccsv7\ccsv7\tools\compiler\ti-cgt-c2000_16.9.5.LTS\lib\</path>
         <kind>archive</kind>
         <file>rts2800_fpu32.lib</file>
         <name>startup.obj</name>
      </input_file>
      <input_file id="fl-24">
         <path>D:\RatioSoft\ccsv7\ccsv7\tools\compiler\ti-cgt-c2000_16.9.5.LTS\lib\</path>
         <kind>archive</kind>
         <file>rts2800_fpu32.lib</file>
         <name>u_div28.obj</name>
      </input_file>
      <input_file id="fl-25">
         <path>D:\RatioSoft\ccsv7\ccsv7\tools\compiler\ti-cgt-c2000_16.9.5.LTS\lib\</path>
         <kind>archive</kind>
         <file>rts2800_fpu32.lib</file>
         <name>vars.obj</name>
      </input_file>
      <input_file id="fl-26">
         <path>D:\RatioSoft\ccsv7\ccsv7\tools\compiler\ti-cgt-c2000_16.9.5.LTS\lib\</path>
         <kind>archive</kind>
         <file>rts2800_fpu32.lib</file>
         <name>_lock.obj</name>
      </input_file>
      <input_file id="fl-27">
         <path>D:\RatioSoft\ccsv7\ccsv7\tools\compiler\ti-cgt-c2000_16.9.5.LTS\lib\</path>
         <kind>archive</kind>
         <file>rts2800_fpu32.lib</file>
         <name>args_main.obj</name>
      </input_file>
      <input_file id="fl-28">
         <path>D:\RatioSoft\ccsv7\ccsv7\tools\compiler\ti-cgt-c2000_16.9.5.LTS\lib\</path>
         <kind>archive</kind>
         <file>rts2800_fpu32.lib</file>
         <name>atexit.obj</name>
      </input_file>
      <input_file id="fl-29">
         <path>D:\RatioSoft\ccsv7\ccsv7\tools\compiler\ti-cgt-c2000_16.9.5.LTS\lib\</path>
         <kind>archive</kind>
         <file>rts2800_fpu32.lib</file>
         <name>error.obj</name>
      </input_file>
   </input_file_list>
   <object_component_list>
      <object_component id="oc-f0">
         <name>PieVectTableFile</name>
         <uninitialized>true</uninitialized>
         <run_address>0xd00</run_address>
         <size>0x1c0</size>
         <input_file_ref idref="fl-2"/>
      </object_component>
      <object_component id="oc-8b">
         <name>EmuKeyVar</name>
         <uninitialized>true</uninitialized>
         <run_address>0xd00</run_address>
         <size>0x1</size>
         <input_file_ref idref="fl-2"/>
      </object_component>
      <object_component id="oc-8c">
         <name>EmuBModeVar</name>
         <uninitialized>true</uninitialized>
         <run_address>0xd01</run_address>
         <size>0x1</size>
         <input_file_ref idref="fl-2"/>
      </object_component>
      <object_component id="oc-a6">
         <name>AdcaResultFile</name>
         <uninitialized>true</uninitialized>
         <run_address>0xb00</run_address>
         <size>0x18</size>
         <input_file_ref idref="fl-2"/>
      </object_component>
      <object_component id="oc-a4">
         <name>AdcbResultFile</name>
         <uninitialized>true</uninitialized>
         <run_address>0xb20</run_address>
         <size>0x18</size>
         <input_file_ref idref="fl-2"/>
      </object_component>
      <object_component id="oc-a5">
         <name>AdccResultFile</name>
         <uninitialized>true</uninitialized>
         <run_address>0xb40</run_address>
         <size>0x18</size>
         <input_file_ref idref="fl-2"/>
      </object_component>
      <object_component id="oc-a3">
         <name>AdcdResultFile</name>
         <uninitialized>true</uninitialized>
         <run_address>0xb60</run_address>
         <size>0x18</size>
         <input_file_ref idref="fl-2"/>
      </object_component>
      <object_component id="oc-d8">
         <name>AdcaRegsFile</name>
         <uninitialized>true</uninitialized>
         <run_address>0x7400</run_address>
         <size>0x80</size>
         <input_file_ref idref="fl-2"/>
      </object_component>
      <object_component id="oc-d9">
         <name>AdcbRegsFile</name>
         <uninitialized>true</uninitialized>
         <run_address>0x7480</run_address>
         <size>0x80</size>
         <input_file_ref idref="fl-2"/>
      </object_component>
      <object_component id="oc-d6">
         <name>AdccRegsFile</name>
         <uninitialized>true</uninitialized>
         <run_address>0x7500</run_address>
         <size>0x80</size>
         <input_file_ref idref="fl-2"/>
      </object_component>
      <object_component id="oc-d5">
         <name>AdcdRegsFile</name>
         <uninitialized>true</uninitialized>
         <run_address>0x7580</run_address>
         <size>0x80</size>
         <input_file_ref idref="fl-2"/>
      </object_component>
      <object_component id="oc-d2">
         <name>AnalogSubsysRegsFile</name>
         <uninitialized>true</uninitialized>
         <run_address>0x5d180</run_address>
         <size>0x48</size>
         <input_file_ref idref="fl-2"/>
      </object_component>
      <object_component id="oc-ed">
         <name>CanaRegsFile</name>
         <uninitialized>true</uninitialized>
         <run_address>0x48000</run_address>
         <size>0x164</size>
         <input_file_ref idref="fl-2"/>
      </object_component>
      <object_component id="oc-ec">
         <name>CanbRegsFile</name>
         <uninitialized>true</uninitialized>
         <run_address>0x4a000</run_address>
         <size>0x164</size>
         <input_file_ref idref="fl-2"/>
      </object_component>
      <object_component id="oc-cc">
         <name>Cla1RegsFile</name>
         <uninitialized>true</uninitialized>
         <run_address>0x1400</run_address>
         <size>0x3e</size>
         <input_file_ref idref="fl-2"/>
      </object_component>
      <object_component id="oc-91">
         <name>Cla1SoftIntRegsFile</name>
         <uninitialized>true</uninitialized>
         <run_address>0xce0</run_address>
         <size>0x4</size>
         <input_file_ref idref="fl-2"/>
      </object_component>
      <object_component id="oc-ab">
         <name>Cmpss1RegsFile</name>
         <uninitialized>true</uninitialized>
         <run_address>0x5c80</run_address>
         <size>0x20</size>
         <input_file_ref idref="fl-2"/>
      </object_component>
      <object_component id="oc-aa">
         <name>Cmpss2RegsFile</name>
         <uninitialized>true</uninitialized>
         <run_address>0x5ca0</run_address>
         <size>0x20</size>
         <input_file_ref idref="fl-2"/>
      </object_component>
      <object_component id="oc-b5">
         <name>Cmpss3RegsFile</name>
         <uninitialized>true</uninitialized>
         <run_address>0x5cc0</run_address>
         <size>0x20</size>
         <input_file_ref idref="fl-2"/>
      </object_component>
      <object_component id="oc-b6">
         <name>Cmpss4RegsFile</name>
         <uninitialized>true</uninitialized>
         <run_address>0x5ce0</run_address>
         <size>0x20</size>
         <input_file_ref idref="fl-2"/>
      </object_component>
      <object_component id="oc-ad">
         <name>Cmpss5RegsFile</name>
         <uninitialized>true</uninitialized>
         <run_address>0x5d00</run_address>
         <size>0x20</size>
         <input_file_ref idref="fl-2"/>
      </object_component>
      <object_component id="oc-ae">
         <name>Cmpss6RegsFile</name>
         <uninitialized>true</uninitialized>
         <run_address>0x5d20</run_address>
         <size>0x20</size>
         <input_file_ref idref="fl-2"/>
      </object_component>
      <object_component id="oc-b1">
         <name>Cmpss7RegsFile</name>
         <uninitialized>true</uninitialized>
         <run_address>0x5d40</run_address>
         <size>0x20</size>
         <input_file_ref idref="fl-2"/>
      </object_component>
      <object_component id="oc-b2">
         <name>Cmpss8RegsFile</name>
         <uninitialized>true</uninitialized>
         <run_address>0x5d60</run_address>
         <size>0x20</size>
         <input_file_ref idref="fl-2"/>
      </object_component>
      <object_component id="oc-99">
         <name>CpuTimer0RegsFile</name>
         <uninitialized>true</uninitialized>
         <run_address>0xc00</run_address>
         <size>0x8</size>
         <input_file_ref idref="fl-2"/>
      </object_component>
      <object_component id="oc-9a">
         <name>CpuTimer1RegsFile</name>
         <uninitialized>true</uninitialized>
         <run_address>0xc08</run_address>
         <size>0x8</size>
         <input_file_ref idref="fl-2"/>
      </object_component>
      <object_component id="oc-97">
         <name>CpuTimer2RegsFile</name>
         <uninitialized>true</uninitialized>
         <run_address>0xc10</run_address>
         <size>0x8</size>
         <input_file_ref idref="fl-2"/>
      </object_component>
      <object_component id="oc-96">
         <name>DacaRegsFile</name>
         <uninitialized>true</uninitialized>
         <run_address>0x5c00</run_address>
         <size>0x8</size>
         <input_file_ref idref="fl-2"/>
      </object_component>
      <object_component id="oc-94">
         <name>DacbRegsFile</name>
         <uninitialized>true</uninitialized>
         <run_address>0x5c10</run_address>
         <size>0x8</size>
         <input_file_ref idref="fl-2"/>
      </object_component>
      <object_component id="oc-95">
         <name>DaccRegsFile</name>
         <uninitialized>true</uninitialized>
         <run_address>0x5c20</run_address>
         <size>0x8</size>
         <input_file_ref idref="fl-2"/>
      </object_component>
      <object_component id="oc-c6">
         <name>DcsmZ1RegsFile</name>
         <uninitialized>true</uninitialized>
         <run_address>0x5f000</run_address>
         <size>0x24</size>
         <input_file_ref idref="fl-2"/>
      </object_component>
      <object_component id="oc-c5">
         <name>DcsmZ2RegsFile</name>
         <uninitialized>true</uninitialized>
         <run_address>0x5f040</run_address>
         <size>0x24</size>
         <input_file_ref idref="fl-2"/>
      </object_component>
      <object_component id="oc-98">
         <name>DcsmCommonRegsFile</name>
         <uninitialized>true</uninitialized>
         <run_address>0x5f070</run_address>
         <size>0x8</size>
         <input_file_ref idref="fl-2"/>
      </object_component>
      <object_component id="oc-b4">
         <name>DcsmZ1OtpFile</name>
         <uninitialized>true</uninitialized>
         <run_address>0x78000</run_address>
         <size>0x20</size>
         <input_file_ref idref="fl-2"/>
      </object_component>
      <object_component id="oc-b3">
         <name>DcsmZ2OtpFile</name>
         <uninitialized>true</uninitialized>
         <run_address>0x78200</run_address>
         <size>0x20</size>
         <input_file_ref idref="fl-2"/>
      </object_component>
      <object_component id="oc-de">
         <name>DmaRegsFile</name>
         <uninitialized>true</uninitialized>
         <run_address>0x1000</run_address>
         <size>0xe0</size>
         <input_file_ref idref="fl-2"/>
      </object_component>
      <object_component id="oc-a7">
         <name>DmaClaSrcSelRegsFile</name>
         <uninitialized>true</uninitialized>
         <run_address>0x7980</run_address>
         <size>0x1a</size>
         <input_file_ref idref="fl-2"/>
      </object_component>
      <object_component id="oc-b0">
         <name>ECap1RegsFile</name>
         <uninitialized>true</uninitialized>
         <run_address>0x5000</run_address>
         <size>0x20</size>
         <input_file_ref idref="fl-2"/>
      </object_component>
      <object_component id="oc-af">
         <name>ECap2RegsFile</name>
         <uninitialized>true</uninitialized>
         <run_address>0x5020</run_address>
         <size>0x20</size>
         <input_file_ref idref="fl-2"/>
      </object_component>
      <object_component id="oc-ba">
         <name>ECap3RegsFile</name>
         <uninitialized>true</uninitialized>
         <run_address>0x5040</run_address>
         <size>0x20</size>
         <input_file_ref idref="fl-2"/>
      </object_component>
      <object_component id="oc-b9">
         <name>ECap4RegsFile</name>
         <uninitialized>true</uninitialized>
         <run_address>0x5060</run_address>
         <size>0x20</size>
         <input_file_ref idref="fl-2"/>
      </object_component>
      <object_component id="oc-bc">
         <name>ECap5RegsFile</name>
         <uninitialized>true</uninitialized>
         <run_address>0x5080</run_address>
         <size>0x20</size>
         <input_file_ref idref="fl-2"/>
      </object_component>
      <object_component id="oc-bb">
         <name>ECap6RegsFile</name>
         <uninitialized>true</uninitialized>
         <run_address>0x50a0</run_address>
         <size>0x20</size>
         <input_file_ref idref="fl-2"/>
      </object_component>
      <object_component id="oc-d3">
         <name>Emif1RegsFile</name>
         <uninitialized>true</uninitialized>
         <run_address>0x47000</run_address>
         <size>0x70</size>
         <input_file_ref idref="fl-2"/>
      </object_component>
      <object_component id="oc-d4">
         <name>Emif2RegsFile</name>
         <uninitialized>true</uninitialized>
         <run_address>0x47800</run_address>
         <size>0x70</size>
         <input_file_ref idref="fl-2"/>
      </object_component>
      <object_component id="oc-e9">
         <name>EPwm1RegsFile</name>
         <uninitialized>true</uninitialized>
         <run_address>0x4000</run_address>
         <size>0x100</size>
         <input_file_ref idref="fl-2"/>
      </object_component>
      <object_component id="oc-e8">
         <name>EPwm2RegsFile</name>
         <uninitialized>true</uninitialized>
         <run_address>0x4100</run_address>
         <size>0x100</size>
         <input_file_ref idref="fl-2"/>
      </object_component>
      <object_component id="oc-e7">
         <name>EPwm3RegsFile</name>
         <uninitialized>true</uninitialized>
         <run_address>0x4200</run_address>
         <size>0x100</size>
         <input_file_ref idref="fl-2"/>
      </object_component>
      <object_component id="oc-ea">
         <name>EPwm4RegsFile</name>
         <uninitialized>true</uninitialized>
         <run_address>0x4300</run_address>
         <size>0x100</size>
         <input_file_ref idref="fl-2"/>
      </object_component>
      <object_component id="oc-e6">
         <name>EPwm5RegsFile</name>
         <uninitialized>true</uninitialized>
         <run_address>0x4400</run_address>
         <size>0x100</size>
         <input_file_ref idref="fl-2"/>
      </object_component>
      <object_component id="oc-df">
         <name>EPwm6RegsFile</name>
         <uninitialized>true</uninitialized>
         <run_address>0x4500</run_address>
         <size>0x100</size>
         <input_file_ref idref="fl-2"/>
      </object_component>
      <object_component id="oc-e0">
         <name>EPwm7RegsFile</name>
         <uninitialized>true</uninitialized>
         <run_address>0x4600</run_address>
         <size>0x100</size>
         <input_file_ref idref="fl-2"/>
      </object_component>
      <object_component id="oc-e2">
         <name>EPwm8RegsFile</name>
         <uninitialized>true</uninitialized>
         <run_address>0x4700</run_address>
         <size>0x100</size>
         <input_file_ref idref="fl-2"/>
      </object_component>
      <object_component id="oc-e3">
         <name>EPwm9RegsFile</name>
         <uninitialized>true</uninitialized>
         <run_address>0x4800</run_address>
         <size>0x100</size>
         <input_file_ref idref="fl-2"/>
      </object_component>
      <object_component id="oc-e5">
         <name>EPwm10RegsFile</name>
         <uninitialized>true</uninitialized>
         <run_address>0x4900</run_address>
         <size>0x100</size>
         <input_file_ref idref="fl-2"/>
      </object_component>
      <object_component id="oc-e4">
         <name>EPwm11RegsFile</name>
         <uninitialized>true</uninitialized>
         <run_address>0x4a00</run_address>
         <size>0x100</size>
         <input_file_ref idref="fl-2"/>
      </object_component>
      <object_component id="oc-e1">
         <name>EPwm12RegsFile</name>
         <uninitialized>true</uninitialized>
         <run_address>0x4b00</run_address>
         <size>0x100</size>
         <input_file_ref idref="fl-2"/>
      </object_component>
      <object_component id="oc-cf">
         <name>EPwmXbarRegsFile</name>
         <uninitialized>true</uninitialized>
         <run_address>0x7a00</run_address>
         <size>0x40</size>
         <input_file_ref idref="fl-2"/>
      </object_component>
      <object_component id="oc-be">
         <name>EQep1RegsFile</name>
         <uninitialized>true</uninitialized>
         <run_address>0x5100</run_address>
         <size>0x22</size>
         <input_file_ref idref="fl-2"/>
      </object_component>
      <object_component id="oc-c1">
         <name>EQep2RegsFile</name>
         <uninitialized>true</uninitialized>
         <run_address>0x5140</run_address>
         <size>0x22</size>
         <input_file_ref idref="fl-2"/>
      </object_component>
      <object_component id="oc-bd">
         <name>EQep3RegsFile</name>
         <uninitialized>true</uninitialized>
         <run_address>0x5180</run_address>
         <size>0x22</size>
         <input_file_ref idref="fl-2"/>
      </object_component>
      <object_component id="oc-ef">
         <name>Flash0CtrlRegsFile</name>
         <uninitialized>true</uninitialized>
         <run_address>0x5f800</run_address>
         <size>0x182</size>
         <input_file_ref idref="fl-2"/>
      </object_component>
      <object_component id="oc-c7">
         <name>Flash0EccRegsFile</name>
         <uninitialized>true</uninitialized>
         <run_address>0x5fb00</run_address>
         <size>0x28</size>
         <input_file_ref idref="fl-2"/>
      </object_component>
      <object_component id="oc-ee">
         <name>GpioCtrlRegsFile</name>
         <uninitialized>true</uninitialized>
         <run_address>0x7c00</run_address>
         <size>0x180</size>
         <input_file_ref idref="fl-2"/>
      </object_component>
      <object_component id="oc-ca">
         <name>GpioDataRegsFile</name>
         <uninitialized>true</uninitialized>
         <run_address>0x7f00</run_address>
         <size>0x30</size>
         <input_file_ref idref="fl-2"/>
      </object_component>
      <object_component id="oc-d0">
         <name>OutputXbarRegsFile</name>
         <uninitialized>true</uninitialized>
         <run_address>0x7a80</run_address>
         <size>0x40</size>
         <input_file_ref idref="fl-2"/>
      </object_component>
      <object_component id="oc-bf">
         <name>I2caRegsFile</name>
         <uninitialized>true</uninitialized>
         <run_address>0x7300</run_address>
         <size>0x22</size>
         <input_file_ref idref="fl-2"/>
      </object_component>
      <object_component id="oc-c0">
         <name>I2cbRegsFile</name>
         <uninitialized>true</uninitialized>
         <run_address>0x7340</run_address>
         <size>0x22</size>
         <input_file_ref idref="fl-2"/>
      </object_component>
      <object_component id="oc-a9">
         <name>InputXbarRegsFile</name>
         <uninitialized>true</uninitialized>
         <run_address>0x7900</run_address>
         <size>0x20</size>
         <input_file_ref idref="fl-2"/>
      </object_component>
      <object_component id="oc-ac">
         <name>XbarRegsFile</name>
         <uninitialized>true</uninitialized>
         <run_address>0x7920</run_address>
         <size>0x20</size>
         <input_file_ref idref="fl-2"/>
      </object_component>
      <object_component id="oc-c4">
         <name>IpcRegsFile</name>
         <uninitialized>true</uninitialized>
         <run_address>0x50000</run_address>
         <size>0x24</size>
         <input_file_ref idref="fl-2"/>
      </object_component>
      <object_component id="oc-8d">
         <name>FlashPumpSemaphoreRegsFile</name>
         <uninitialized>true</uninitialized>
         <run_address>0x50024</run_address>
         <size>0x2</size>
         <input_file_ref idref="fl-2"/>
      </object_component>
      <object_component id="oc-90">
         <name>RomPrefetchRegsFile</name>
         <uninitialized>true</uninitialized>
         <run_address>0x5e608</run_address>
         <size>0x2</size>
         <input_file_ref idref="fl-2"/>
      </object_component>
      <object_component id="oc-dc">
         <name>MemCfgRegsFile</name>
         <uninitialized>true</uninitialized>
         <run_address>0x5f400</run_address>
         <size>0x80</size>
         <input_file_ref idref="fl-2"/>
      </object_component>
      <object_component id="oc-b7">
         <name>Emif1ConfigRegsFile</name>
         <uninitialized>true</uninitialized>
         <run_address>0x5f480</run_address>
         <size>0x20</size>
         <input_file_ref idref="fl-2"/>
      </object_component>
      <object_component id="oc-b8">
         <name>Emif2ConfigRegsFile</name>
         <uninitialized>true</uninitialized>
         <run_address>0x5f4a0</run_address>
         <size>0x20</size>
         <input_file_ref idref="fl-2"/>
      </object_component>
      <object_component id="oc-ce">
         <name>AccessProtectionRegsFile</name>
         <uninitialized>true</uninitialized>
         <run_address>0x5f4c0</run_address>
         <size>0x40</size>
         <input_file_ref idref="fl-2"/>
      </object_component>
      <object_component id="oc-cd">
         <name>MemoryErrorRegsFile</name>
         <uninitialized>true</uninitialized>
         <run_address>0x5f500</run_address>
         <size>0x40</size>
         <input_file_ref idref="fl-2"/>
      </object_component>
      <object_component id="oc-8f">
         <name>RomWaitStateRegsFile</name>
         <uninitialized>true</uninitialized>
         <run_address>0x5f540</run_address>
         <size>0x2</size>
         <input_file_ref idref="fl-2"/>
      </object_component>
      <object_component id="oc-c3">
         <name>McbspaRegsFile</name>
         <uninitialized>true</uninitialized>
         <run_address>0x6000</run_address>
         <size>0x24</size>
         <input_file_ref idref="fl-2"/>
      </object_component>
      <object_component id="oc-c2">
         <name>McbspbRegsFile</name>
         <uninitialized>true</uninitialized>
         <run_address>0x6040</run_address>
         <size>0x24</size>
         <input_file_ref idref="fl-2"/>
      </object_component>
      <object_component id="oc-d1">
         <name>UppRegsFile</name>
         <uninitialized>true</uninitialized>
         <run_address>0x6200</run_address>
         <size>0x48</size>
         <input_file_ref idref="fl-2"/>
      </object_component>
      <object_component id="oc-93">
         <name>NmiIntruptRegsFile</name>
         <uninitialized>true</uninitialized>
         <run_address>0x7060</run_address>
         <size>0x7</size>
         <input_file_ref idref="fl-2"/>
      </object_component>
      <object_component id="oc-a8">
         <name>PieCtrlRegsFile</name>
         <uninitialized>true</uninitialized>
         <run_address>0xce0</run_address>
         <size>0x1a</size>
         <input_file_ref idref="fl-2"/>
      </object_component>
      <object_component id="oc-a2">
         <name>SciaRegsFile</name>
         <uninitialized>true</uninitialized>
         <run_address>0x7200</run_address>
         <size>0x10</size>
         <input_file_ref idref="fl-2"/>
      </object_component>
      <object_component id="oc-9c">
         <name>ScibRegsFile</name>
         <uninitialized>true</uninitialized>
         <run_address>0x7210</run_address>
         <size>0x10</size>
         <input_file_ref idref="fl-2"/>
      </object_component>
      <object_component id="oc-a0">
         <name>ScicRegsFile</name>
         <uninitialized>true</uninitialized>
         <run_address>0x7220</run_address>
         <size>0x10</size>
         <input_file_ref idref="fl-2"/>
      </object_component>
      <object_component id="oc-a1">
         <name>ScidRegsFile</name>
         <uninitialized>true</uninitialized>
         <run_address>0x7230</run_address>
         <size>0x10</size>
         <input_file_ref idref="fl-2"/>
      </object_component>
      <object_component id="oc-da">
         <name>Sdfm1RegsFile</name>
         <uninitialized>true</uninitialized>
         <run_address>0x5e00</run_address>
         <size>0x80</size>
         <input_file_ref idref="fl-2"/>
      </object_component>
      <object_component id="oc-db">
         <name>Sdfm2RegsFile</name>
         <uninitialized>true</uninitialized>
         <run_address>0x5e80</run_address>
         <size>0x80</size>
         <input_file_ref idref="fl-2"/>
      </object_component>
      <object_component id="oc-9f">
         <name>SpiaRegsFile</name>
         <uninitialized>true</uninitialized>
         <run_address>0x6100</run_address>
         <size>0x10</size>
         <input_file_ref idref="fl-2"/>
      </object_component>
      <object_component id="oc-9d">
         <name>SpibRegsFile</name>
         <uninitialized>true</uninitialized>
         <run_address>0x6110</run_address>
         <size>0x10</size>
         <input_file_ref idref="fl-2"/>
      </object_component>
      <object_component id="oc-9e">
         <name>SpicRegsFile</name>
         <uninitialized>true</uninitialized>
         <run_address>0x6120</run_address>
         <size>0x10</size>
         <input_file_ref idref="fl-2"/>
      </object_component>
      <object_component id="oc-eb">
         <name>DevCfgRegsFile</name>
         <uninitialized>true</uninitialized>
         <run_address>0x5d000</run_address>
         <size>0x12e</size>
         <input_file_ref idref="fl-2"/>
      </object_component>
      <object_component id="oc-cb">
         <name>ClkCfgRegsFile</name>
         <uninitialized>true</uninitialized>
         <run_address>0x5d200</run_address>
         <size>0x32</size>
         <input_file_ref idref="fl-2"/>
      </object_component>
      <object_component id="oc-dd">
         <name>CpuSysRegsFile</name>
         <uninitialized>true</uninitialized>
         <run_address>0x5d300</run_address>
         <size>0x82</size>
         <input_file_ref idref="fl-2"/>
      </object_component>
      <object_component id="oc-92">
         <name>SyncSocRegsFile</name>
         <uninitialized>true</uninitialized>
         <run_address>0x7940</run_address>
         <size>0x6</size>
         <input_file_ref idref="fl-2"/>
      </object_component>
      <object_component id="oc-c8">
         <name>WdRegsFile</name>
         <uninitialized>true</uninitialized>
         <run_address>0x7000</run_address>
         <size>0x2b</size>
         <input_file_ref idref="fl-2"/>
      </object_component>
      <object_component id="oc-9b">
         <name>XintRegsFile</name>
         <uninitialized>true</uninitialized>
         <run_address>0x7070</run_address>
         <size>0xb</size>
         <input_file_ref idref="fl-2"/>
      </object_component>
      <object_component id="oc-89">
         <name>.cinit</name>
         <load_address>0x893e8</load_address>
         <run_address>0x893e8</run_address>
         <size>0x23</size>
         <input_file_ref idref="fl-2"/>
      </object_component>
      <object_component id="oc-10d">
         <name>.cinit</name>
         <load_address>0x8940b</load_address>
         <run_address>0x8940b</run_address>
         <size>0xe</size>
         <input_file_ref idref="fl-18"/>
      </object_component>
      <object_component id="oc-163">
         <name>.cinit</name>
         <load_address>0x89419</load_address>
         <run_address>0x89419</run_address>
         <size>0x8</size>
         <input_file_ref idref="fl-28"/>
      </object_component>
      <object_component id="oc-179">
         <name>.cinit:__lock</name>
         <load_address>0x89421</load_address>
         <run_address>0x89421</run_address>
         <size>0x5</size>
         <input_file_ref idref="fl-26"/>
      </object_component>
      <object_component id="oc-19e">
         <name>.cinit:__unlock</name>
         <load_address>0x89426</load_address>
         <run_address>0x89426</run_address>
         <size>0x5</size>
         <input_file_ref idref="fl-26"/>
      </object_component>
      <object_component id="oc-144">
         <name>.cinit</name>
         <load_address>0x8942b</load_address>
         <run_address>0x8942b</run_address>
         <size>0x5</size>
         <input_file_ref idref="fl-22"/>
      </object_component>
      <object_component id="oc-155">
         <name>.cinit</name>
         <load_address>0x89430</load_address>
         <run_address>0x89430</run_address>
         <size>0x5</size>
         <input_file_ref idref="fl-25"/>
      </object_component>
      <object_component id="oc-123">
         <name>.cinit</name>
         <load_address>0x89435</load_address>
         <run_address>0x89435</run_address>
         <size>0x4</size>
         <input_file_ref idref="fl-1c"/>
      </object_component>
      <object_component id="oc-f5">
         <name>.pinit</name>
         <load_address>0x8943c</load_address>
         <run_address>0x8943c</run_address>
         <size>0x2</size>
         <input_file_ref idref="fl-2"/>
      </object_component>
      <object_component id="oc-173">
         <name>.text</name>
         <load_address>0x80002</load_address>
         <run_address>0x80002</run_address>
         <size>0x7847</size>
         <input_file_ref idref="fl-2"/>
      </object_component>
      <object_component id="oc-19f">
         <name>.text</name>
         <load_address>0x87849</load_address>
         <run_address>0x87849</run_address>
         <size>0x1d2</size>
         <input_file_ref idref="fl-1c"/>
      </object_component>
      <object_component id="oc-f6">
         <name>.text:retain</name>
         <load_address>0x87a1b</load_address>
         <run_address>0x87a1b</run_address>
         <size>0xdf</size>
         <input_file_ref idref="fl-2"/>
      </object_component>
      <object_component id="oc-86">
         <name>.text</name>
         <load_address>0x87afa</load_address>
         <run_address>0x87afa</run_address>
         <size>0x56</size>
         <input_file_ref idref="fl-15"/>
      </object_component>
      <object_component id="oc-118">
         <name>.text</name>
         <load_address>0x87b50</load_address>
         <run_address>0x87b50</run_address>
         <size>0x2a</size>
         <input_file_ref idref="fl-1a"/>
      </object_component>
      <object_component id="oc-172">
         <name>.text</name>
         <load_address>0x87b7a</load_address>
         <run_address>0x87b7a</run_address>
         <size>0x29</size>
         <input_file_ref idref="fl-18"/>
      </object_component>
      <object_component id="oc-195">
         <name>.text</name>
         <load_address>0x87ba3</load_address>
         <run_address>0x87ba3</run_address>
         <size>0x27</size>
         <input_file_ref idref="fl-22"/>
      </object_component>
      <object_component id="oc-16f">
         <name>.text</name>
         <load_address>0x87bca</load_address>
         <run_address>0x87bca</run_address>
         <size>0x24</size>
         <input_file_ref idref="fl-16"/>
      </object_component>
      <object_component id="oc-113">
         <name>.text</name>
         <load_address>0x87bee</load_address>
         <run_address>0x87bee</run_address>
         <size>0x22</size>
         <input_file_ref idref="fl-19"/>
      </object_component>
      <object_component id="oc-196">
         <name>.text</name>
         <load_address>0x87c10</load_address>
         <run_address>0x87c10</run_address>
         <size>0x20</size>
         <input_file_ref idref="fl-1e"/>
      </object_component>
      <object_component id="oc-177">
         <name>.text</name>
         <load_address>0x87c30</load_address>
         <run_address>0x87c30</run_address>
         <size>0x1e</size>
         <input_file_ref idref="fl-1b"/>
      </object_component>
      <object_component id="oc-171">
         <name>.text</name>
         <load_address>0x87c4e</load_address>
         <run_address>0x87c4e</run_address>
         <size>0x19</size>
         <input_file_ref idref="fl-27"/>
      </object_component>
      <object_component id="oc-197">
         <name>.text</name>
         <load_address>0x87c67</load_address>
         <run_address>0x87c67</run_address>
         <size>0xc</size>
         <input_file_ref idref="fl-1d"/>
      </object_component>
      <object_component id="oc-14f">
         <name>.text</name>
         <load_address>0x87c73</load_address>
         <run_address>0x87c73</run_address>
         <size>0xb</size>
         <input_file_ref idref="fl-24"/>
      </object_component>
      <object_component id="oc-19d">
         <name>.text</name>
         <load_address>0x87c7e</load_address>
         <run_address>0x87c7e</run_address>
         <size>0x9</size>
         <input_file_ref idref="fl-26"/>
      </object_component>
      <object_component id="oc-17b">
         <name>.text</name>
         <load_address>0x87c87</load_address>
         <run_address>0x87c87</run_address>
         <size>0x5</size>
         <input_file_ref idref="fl-17"/>
      </object_component>
      <object_component id="oc-16e">
         <name>.text</name>
         <load_address>0x87c8c</load_address>
         <run_address>0x87c8c</run_address>
         <size>0x2</size>
         <input_file_ref idref="fl-20"/>
      </object_component>
      <object_component id="oc-1a0">
         <name>.text</name>
         <load_address>0x87c8e</load_address>
         <run_address>0x87c8e</run_address>
         <size>0x1</size>
         <input_file_ref idref="fl-1f"/>
      </object_component>
      <object_component id="oc-170">
         <name>.text</name>
         <load_address>0x87c8f</load_address>
         <run_address>0x87c8f</run_address>
         <size>0x1</size>
         <input_file_ref idref="fl-23"/>
      </object_component>
      <object_component id="oc-f2">
         <name>codestart</name>
         <load_address>0x89440</load_address>
         <run_address>0x89440</run_address>
         <size>0x2</size>
         <input_file_ref idref="fl-2"/>
      </object_component>
      <object_component id="oc-193">
         <name>ramfuncs</name>
         <load_address>0x89344</load_address>
         <run_address>0x9c44</run_address>
         <size>0x34</size>
         <input_file_ref idref="fl-2"/>
      </object_component>
      <object_component id="oc-fc">
         <name>.stack</name>
         <uninitialized>true</uninitialized>
         <run_address>0x122</run_address>
         <size>0x0</size>
         <input_file_ref idref="fl-15"/>
      </object_component>
      <object_component id="oc-242">
         <name>.stack</name>
         <uninitialized>true</uninitialized>
         <run_address>0x122</run_address>
         <size>0x0</size>
      </object_component>
      <object_component id="oc-8a">
         <name>.ebss</name>
         <uninitialized>true</uninitialized>
         <run_address>0x8000</run_address>
         <size>0x1b2e</size>
         <input_file_ref idref="fl-2"/>
      </object_component>
      <object_component id="oc-10e">
         <name>.ebss</name>
         <uninitialized>true</uninitialized>
         <run_address>0x9b36</run_address>
         <size>0x6</size>
         <input_file_ref idref="fl-18"/>
      </object_component>
      <object_component id="oc-125">
         <name>.ebss</name>
         <uninitialized>true</uninitialized>
         <run_address>0x9b2e</run_address>
         <size>0x8</size>
         <input_file_ref idref="fl-1c"/>
      </object_component>
      <object_component id="oc-145">
         <name>.ebss</name>
         <uninitialized>true</uninitialized>
         <run_address>0x9c40</run_address>
         <size>0x2</size>
         <input_file_ref idref="fl-22"/>
      </object_component>
      <object_component id="oc-156">
         <name>.ebss</name>
         <uninitialized>true</uninitialized>
         <run_address>0x9c42</run_address>
         <size>0x2</size>
         <input_file_ref idref="fl-25"/>
      </object_component>
      <object_component id="oc-1a1">
         <name>.ebss:__unlock</name>
         <uninitialized>true</uninitialized>
         <run_address>0x9b3e</run_address>
         <size>0x2</size>
         <input_file_ref idref="fl-26"/>
      </object_component>
      <object_component id="oc-178">
         <name>.ebss:__lock</name>
         <uninitialized>true</uninitialized>
         <run_address>0x9b3c</run_address>
         <size>0x2</size>
         <input_file_ref idref="fl-26"/>
      </object_component>
      <object_component id="oc-164">
         <name>.ebss</name>
         <uninitialized>true</uninitialized>
         <run_address>0x9b40</run_address>
         <size>0x100</size>
         <input_file_ref idref="fl-28"/>
      </object_component>
      <object_component id="oc-124">
         <name>.esysmem</name>
         <uninitialized>true</uninitialized>
         <run_address>0x9c78</run_address>
         <size>0x1</size>
         <input_file_ref idref="fl-1c"/>
      </object_component>
      <object_component id="oc-243">
         <name>.esysmem</name>
         <uninitialized>true</uninitialized>
         <run_address>0x9c78</run_address>
         <size>0x0</size>
      </object_component>
      <object_component id="oc-199">
         <name>.econst:_iVbusInvTab</name>
         <load_address>0x87c90</load_address>
         <run_address>0x87c90</run_address>
         <size>0x7d0</size>
         <input_file_ref idref="fl-2"/>
      </object_component>
      <object_component id="oc-19c">
         <name>.econst:_sqrtTab</name>
         <load_address>0x88460</load_address>
         <run_address>0x88460</run_address>
         <size>0x402</size>
         <input_file_ref idref="fl-2"/>
      </object_component>
      <object_component id="oc-17a">
         <name>.econst:_PieVectTableInit</name>
         <load_address>0x88862</load_address>
         <run_address>0x88862</run_address>
         <size>0x1c0</size>
         <input_file_ref idref="fl-2"/>
      </object_component>
      <object_component id="oc-191">
         <name>.econst:_Fbp50HzTable</name>
         <load_address>0x88a22</load_address>
         <run_address>0x88a22</run_address>
         <size>0x19e</size>
         <input_file_ref idref="fl-2"/>
      </object_component>
      <object_component id="oc-192">
         <name>.econst:_Fbp60HzTable</name>
         <load_address>0x88bc0</load_address>
         <run_address>0x88bc0</run_address>
         <size>0x19e</size>
         <input_file_ref idref="fl-2"/>
      </object_component>
      <object_component id="oc-198">
         <name>.econst:_sintab</name>
         <load_address>0x88d5e</load_address>
         <run_address>0x88d5e</run_address>
         <size>0x169</size>
         <input_file_ref idref="fl-2"/>
      </object_component>
      <object_component id="oc-190">
         <name>.econst:_VbpRangeTable</name>
         <load_address>0x88ec7</load_address>
         <run_address>0x88ec7</run_address>
         <size>0x159</size>
         <input_file_ref idref="fl-2"/>
      </object_component>
      <object_component id="oc-185">
         <name>.econst:_CfgFromMonObjs</name>
         <load_address>0x89020</load_address>
         <run_address>0x89020</run_address>
         <size>0xb8</size>
         <input_file_ref idref="fl-2"/>
      </object_component>
      <object_component id="oc-182">
         <name>.econst:_CanCtrlMsgObjs</name>
         <load_address>0x890d8</load_address>
         <run_address>0x890d8</run_address>
         <size>0x8a</size>
         <input_file_ref idref="fl-2"/>
      </object_component>
      <object_component id="oc-18a">
         <name>.econst:_AlarmEventIdObj</name>
         <load_address>0x89162</load_address>
         <run_address>0x89162</run_address>
         <size>0x60</size>
         <input_file_ref idref="fl-2"/>
      </object_component>
      <object_component id="oc-18c">
         <name>.econst:_BypAlarmEventIdObj</name>
         <load_address>0x891c2</load_address>
         <run_address>0x891c2</run_address>
         <size>0x3c</size>
         <input_file_ref idref="fl-2"/>
      </object_component>
      <object_component id="oc-183">
         <name>.econst:_CanAnlogMsgObjs</name>
         <load_address>0x891fe</load_address>
         <run_address>0x891fe</run_address>
         <size>0x38</size>
         <input_file_ref idref="fl-2"/>
      </object_component>
      <object_component id="oc-184">
         <name>.econst:_BypCanAnlogMsgObjs</name>
         <load_address>0x89236</load_address>
         <run_address>0x89236</run_address>
         <size>0x30</size>
         <input_file_ref idref="fl-2"/>
      </object_component>
      <object_component id="oc-18b">
         <name>.econst:_BypStateEventIdObj</name>
         <load_address>0x89266</load_address>
         <run_address>0x89266</run_address>
         <size>0x1c</size>
         <input_file_ref idref="fl-2"/>
      </object_component>
      <object_component id="oc-19b">
         <name>.econst:_BpCurrentTable</name>
         <load_address>0x89282</load_address>
         <run_address>0x89282</run_address>
         <size>0x17</size>
         <input_file_ref idref="fl-2"/>
      </object_component>
      <object_component id="oc-18e">
         <name>.econst:_InvLoadTable</name>
         <load_address>0x89299</load_address>
         <run_address>0x89299</run_address>
         <size>0x17</size>
         <input_file_ref idref="fl-2"/>
      </object_component>
      <object_component id="oc-18f">
         <name>.econst:_OutLoadTable</name>
         <load_address>0x892b0</load_address>
         <run_address>0x892b0</run_address>
         <size>0x17</size>
         <input_file_ref idref="fl-2"/>
      </object_component>
      <object_component id="oc-187">
         <name>.econst:_CanAnlogRecvMsgObjs</name>
         <load_address>0x892c8</load_address>
         <run_address>0x892c8</run_address>
         <size>0x14</size>
         <input_file_ref idref="fl-2"/>
      </object_component>
      <object_component id="oc-186">
         <name>.econst:_CfgToMonObjs</name>
         <load_address>0x892dc</load_address>
         <run_address>0x892dc</run_address>
         <size>0x14</size>
         <input_file_ref idref="fl-2"/>
      </object_component>
      <object_component id="oc-18d">
         <name>.econst:_uInvSetMsgBitSet</name>
         <load_address>0x892f0</load_address>
         <run_address>0x892f0</run_address>
         <size>0x10</size>
         <input_file_ref idref="fl-2"/>
      </object_component>
      <object_component id="oc-8e">
         <name>.econst</name>
         <load_address>0x89300</load_address>
         <run_address>0x89300</run_address>
         <size>0xe</size>
         <input_file_ref idref="fl-2"/>
      </object_component>
      <object_component id="oc-189">
         <name>.econst:_StateEventIdObj</name>
         <load_address>0x8930e</load_address>
         <run_address>0x8930e</run_address>
         <size>0xc</size>
         <input_file_ref idref="fl-2"/>
      </object_component>
      <object_component id="oc-194">
         <name>.econst:___vtbl__14ProtocolSubCmd</name>
         <load_address>0x8931a</load_address>
         <run_address>0x8931a</run_address>
         <size>0xc</size>
         <input_file_ref idref="fl-2"/>
      </object_component>
      <object_component id="oc-17c">
         <name>.econst:_g_ui16CANBitValues</name>
         <load_address>0x89326</load_address>
         <run_address>0x89326</run_address>
         <size>0x9</size>
         <input_file_ref idref="fl-2"/>
      </object_component>
      <object_component id="oc-17d">
         <name>.econst:_$P$T0</name>
         <load_address>0x89330</load_address>
         <run_address>0x89330</run_address>
         <size>0x4</size>
         <input_file_ref idref="fl-2"/>
      </object_component>
      <object_component id="oc-17e">
         <name>.econst:_$P$T1</name>
         <load_address>0x89334</load_address>
         <run_address>0x89334</run_address>
         <size>0x4</size>
         <input_file_ref idref="fl-2"/>
      </object_component>
      <object_component id="oc-17f">
         <name>.econst:_$P$T2</name>
         <load_address>0x89338</load_address>
         <run_address>0x89338</run_address>
         <size>0x4</size>
         <input_file_ref idref="fl-2"/>
      </object_component>
      <object_component id="oc-180">
         <name>.econst:_$P$T3</name>
         <load_address>0x8933c</load_address>
         <run_address>0x8933c</run_address>
         <size>0x4</size>
         <input_file_ref idref="fl-2"/>
      </object_component>
      <object_component id="oc-181">
         <name>.econst:_$P$T4</name>
         <load_address>0x89340</load_address>
         <run_address>0x89340</run_address>
         <size>0x4</size>
         <input_file_ref idref="fl-2"/>
      </object_component>
      <object_component id="oc-19a">
         <name>.switch:_App_DebugInf__11Class_DebugFv</name>
         <load_address>0x89378</load_address>
         <run_address>0x89378</run_address>
         <size>0x50</size>
         <input_file_ref idref="fl-2"/>
      </object_component>
      <object_component id="oc-188">
         <name>.switch:_App_CPLD_Ver__12Class_SystemFv</name>
         <load_address>0x893c8</load_address>
         <run_address>0x893c8</run_address>
         <size>0x20</size>
         <input_file_ref idref="fl-2"/>
      </object_component>
      <object_component id="oc-87">
         <name>.template</name>
         <load_address>0x0</load_address>
         <run_address>0x0</run_address>
         <size>0x10e</size>
         <input_file_ref idref="fl-2"/>
      </object_component>
      <object_component id="oc-88">
         <name>.debug_info</name>
         <load_address>0x0</load_address>
         <run_address>0x0</run_address>
         <size>0xc3186</size>
         <input_file_ref idref="fl-2"/>
      </object_component>
      <object_component id="oc-fe">
         <name>.debug_info</name>
         <load_address>0xc3186</load_address>
         <run_address>0xc3186</run_address>
         <size>0x16b</size>
         <input_file_ref idref="fl-15"/>
      </object_component>
      <object_component id="oc-102">
         <name>.debug_info</name>
         <load_address>0xc32f1</load_address>
         <run_address>0xc32f1</run_address>
         <size>0x5c1</size>
         <input_file_ref idref="fl-16"/>
      </object_component>
      <object_component id="oc-107">
         <name>.debug_info</name>
         <load_address>0xc38b2</load_address>
         <run_address>0xc38b2</run_address>
         <size>0x420</size>
         <input_file_ref idref="fl-17"/>
      </object_component>
      <object_component id="oc-10c">
         <name>.debug_info</name>
         <load_address>0xc3cd2</load_address>
         <run_address>0xc3cd2</run_address>
         <size>0x5ab</size>
         <input_file_ref idref="fl-18"/>
      </object_component>
      <object_component id="oc-114">
         <name>.debug_info</name>
         <load_address>0xc427d</load_address>
         <run_address>0xc427d</run_address>
         <size>0x139</size>
         <input_file_ref idref="fl-19"/>
      </object_component>
      <object_component id="oc-119">
         <name>.debug_info</name>
         <load_address>0xc43b6</load_address>
         <run_address>0xc43b6</run_address>
         <size>0x19d</size>
         <input_file_ref idref="fl-1a"/>
      </object_component>
      <object_component id="oc-11d">
         <name>.debug_info</name>
         <load_address>0xc4553</load_address>
         <run_address>0xc4553</run_address>
         <size>0x46f</size>
         <input_file_ref idref="fl-1b"/>
      </object_component>
      <object_component id="oc-122">
         <name>.debug_info</name>
         <load_address>0xc49c2</load_address>
         <run_address>0xc49c2</run_address>
         <size>0xb1f</size>
         <input_file_ref idref="fl-1c"/>
      </object_component>
      <object_component id="oc-12a">
         <name>.debug_info</name>
         <load_address>0xc54e1</load_address>
         <run_address>0xc54e1</run_address>
         <size>0x527</size>
         <input_file_ref idref="fl-1d"/>
      </object_component>
      <object_component id="oc-12f">
         <name>.debug_info</name>
         <load_address>0xc5a08</load_address>
         <run_address>0xc5a08</run_address>
         <size>0x4dd</size>
         <input_file_ref idref="fl-1e"/>
      </object_component>
      <object_component id="oc-134">
         <name>.debug_info</name>
         <load_address>0xc5ee5</load_address>
         <run_address>0xc5ee5</run_address>
         <size>0x3f8</size>
         <input_file_ref idref="fl-1f"/>
      </object_component>
      <object_component id="oc-139">
         <name>.debug_info</name>
         <load_address>0xc62dd</load_address>
         <run_address>0xc62dd</run_address>
         <size>0x3e2</size>
         <input_file_ref idref="fl-20"/>
      </object_component>
      <object_component id="oc-13e">
         <name>.debug_info</name>
         <load_address>0xc66bf</load_address>
         <run_address>0xc66bf</run_address>
         <size>0x53c</size>
         <input_file_ref idref="fl-21"/>
      </object_component>
      <object_component id="oc-143">
         <name>.debug_info</name>
         <load_address>0xc6bfb</load_address>
         <run_address>0xc6bfb</run_address>
         <size>0x5d7</size>
         <input_file_ref idref="fl-22"/>
      </object_component>
      <object_component id="oc-14a">
         <name>.debug_info</name>
         <load_address>0xc71d2</load_address>
         <run_address>0xc71d2</run_address>
         <size>0x3df</size>
         <input_file_ref idref="fl-23"/>
      </object_component>
      <object_component id="oc-150">
         <name>.debug_info</name>
         <load_address>0xc75b1</load_address>
         <run_address>0xc75b1</run_address>
         <size>0x139</size>
         <input_file_ref idref="fl-24"/>
      </object_component>
      <object_component id="oc-154">
         <name>.debug_info</name>
         <load_address>0xc76ea</load_address>
         <run_address>0xc76ea</run_address>
         <size>0x1e5</size>
         <input_file_ref idref="fl-25"/>
      </object_component>
      <object_component id="oc-158">
         <name>.debug_info</name>
         <load_address>0xc78cf</load_address>
         <run_address>0xc78cf</run_address>
         <size>0x501</size>
         <input_file_ref idref="fl-26"/>
      </object_component>
      <object_component id="oc-15d">
         <name>.debug_info</name>
         <load_address>0xc7dd0</load_address>
         <run_address>0xc7dd0</run_address>
         <size>0x4ce</size>
         <input_file_ref idref="fl-27"/>
      </object_component>
      <object_component id="oc-162">
         <name>.debug_info</name>
         <load_address>0xc829e</load_address>
         <run_address>0xc829e</run_address>
         <size>0x549</size>
         <input_file_ref idref="fl-28"/>
      </object_component>
      <object_component id="oc-169">
         <name>.debug_info</name>
         <load_address>0xc87e7</load_address>
         <run_address>0xc87e7</run_address>
         <size>0x516</size>
         <input_file_ref idref="fl-29"/>
      </object_component>
      <object_component id="oc-244">
         <name>.debug_info</name>
         <load_address>0xc8cfd</load_address>
         <run_address>0xc8cfd</run_address>
         <size>0x9c</size>
      </object_component>
      <object_component id="oc-c9">
         <name>.flashdata</name>
         <uninitialized>true</uninitialized>
         <run_address>0x340</run_address>
         <size>0x440</size>
         <input_file_ref idref="fl-2"/>
      </object_component>
      <object_component id="oc-d7">
         <name>.FaultRecord</name>
         <uninitialized>true</uninitialized>
         <run_address>0xa880</run_address>
         <size>0x180</size>
         <input_file_ref idref="fl-2"/>
      </object_component>
      <object_component id="oc-f1">
         <name>.WaveRecord</name>
         <uninitialized>true</uninitialized>
         <run_address>0xa080</run_address>
         <size>0x800</size>
         <input_file_ref idref="fl-2"/>
      </object_component>
      <object_component id="oc-f3">
         <name>normalfuncs</name>
         <load_address>0xb8d6</load_address>
         <run_address>0xb8d6</run_address>
         <size>0x2</size>
         <input_file_ref idref="fl-2"/>
      </object_component>
      <object_component id="oc-f4">
         <name>flashflag</name>
         <load_address>0xb8d8</load_address>
         <run_address>0xb8d8</run_address>
         <size>0x1</size>
         <input_file_ref idref="fl-2"/>
      </object_component>
      <object_component id="oc-175">
         <name>.Epwm1Funcs</name>
         <load_address>0x89442</load_address>
         <run_address>0x89442</run_address>
         <size>0x1d13</size>
         <input_file_ref idref="fl-2"/>
      </object_component>
      <object_component id="oc-f7">
         <name>.Epwm1Funcs:retain</name>
         <load_address>0x8b155</load_address>
         <run_address>0x8b155</run_address>
         <size>0x141</size>
         <input_file_ref idref="fl-2"/>
      </object_component>
      <object_component id="oc-176">
         <name>Epwm1Funcs</name>
         <load_address>0xb8ca</load_address>
         <run_address>0xb8ca</run_address>
         <size>0xa</size>
         <input_file_ref idref="fl-2"/>
      </object_component>
      <object_component id="oc-174">
         <name>Flash28Funcs</name>
         <load_address>0xb000</load_address>
         <run_address>0xb000</run_address>
         <size>0x8ca</size>
         <input_file_ref idref="fl-2"/>
      </object_component>
      <object_component id="oc-f8">
         <name>.debug_frame</name>
         <load_address>0x0</load_address>
         <run_address>0x0</run_address>
         <size>0x2f62</size>
         <input_file_ref idref="fl-2"/>
      </object_component>
      <object_component id="oc-103">
         <name>.debug_frame</name>
         <load_address>0x2f62</load_address>
         <run_address>0x2f62</run_address>
         <size>0x64</size>
         <input_file_ref idref="fl-16"/>
      </object_component>
      <object_component id="oc-108">
         <name>.debug_frame</name>
         <load_address>0x2fc6</load_address>
         <run_address>0x2fc6</run_address>
         <size>0x43</size>
         <input_file_ref idref="fl-17"/>
      </object_component>
      <object_component id="oc-10f">
         <name>.debug_frame</name>
         <load_address>0x3009</load_address>
         <run_address>0x3009</run_address>
         <size>0x61</size>
         <input_file_ref idref="fl-18"/>
      </object_component>
      <object_component id="oc-11e">
         <name>.debug_frame</name>
         <load_address>0x306a</load_address>
         <run_address>0x306a</run_address>
         <size>0x43</size>
         <input_file_ref idref="fl-1b"/>
      </object_component>
      <object_component id="oc-126">
         <name>.debug_frame</name>
         <load_address>0x30ad</load_address>
         <run_address>0x30ad</run_address>
         <size>0x130</size>
         <input_file_ref idref="fl-1c"/>
      </object_component>
      <object_component id="oc-12b">
         <name>.debug_frame</name>
         <load_address>0x31dd</load_address>
         <run_address>0x31dd</run_address>
         <size>0x43</size>
         <input_file_ref idref="fl-1d"/>
      </object_component>
      <object_component id="oc-130">
         <name>.debug_frame</name>
         <load_address>0x3220</load_address>
         <run_address>0x3220</run_address>
         <size>0x5e</size>
         <input_file_ref idref="fl-1e"/>
      </object_component>
      <object_component id="oc-135">
         <name>.debug_frame</name>
         <load_address>0x327e</load_address>
         <run_address>0x327e</run_address>
         <size>0x43</size>
         <input_file_ref idref="fl-1f"/>
      </object_component>
      <object_component id="oc-13a">
         <name>.debug_frame</name>
         <load_address>0x32c1</load_address>
         <run_address>0x32c1</run_address>
         <size>0x43</size>
         <input_file_ref idref="fl-20"/>
      </object_component>
      <object_component id="oc-13f">
         <name>.debug_frame</name>
         <load_address>0x3304</load_address>
         <run_address>0x3304</run_address>
         <size>0x2e</size>
         <input_file_ref idref="fl-21"/>
      </object_component>
      <object_component id="oc-146">
         <name>.debug_frame</name>
         <load_address>0x3332</load_address>
         <run_address>0x3332</run_address>
         <size>0x58</size>
         <input_file_ref idref="fl-22"/>
      </object_component>
      <object_component id="oc-14b">
         <name>.debug_frame</name>
         <load_address>0x338a</load_address>
         <run_address>0x338a</run_address>
         <size>0x43</size>
         <input_file_ref idref="fl-23"/>
      </object_component>
      <object_component id="oc-159">
         <name>.debug_frame</name>
         <load_address>0x33cd</load_address>
         <run_address>0x33cd</run_address>
         <size>0x6d</size>
         <input_file_ref idref="fl-26"/>
      </object_component>
      <object_component id="oc-15e">
         <name>.debug_frame</name>
         <load_address>0x343a</load_address>
         <run_address>0x343a</run_address>
         <size>0x43</size>
         <input_file_ref idref="fl-27"/>
      </object_component>
      <object_component id="oc-165">
         <name>.debug_frame</name>
         <load_address>0x347d</load_address>
         <run_address>0x347d</run_address>
         <size>0x2e</size>
         <input_file_ref idref="fl-28"/>
      </object_component>
      <object_component id="oc-16a">
         <name>.debug_frame</name>
         <load_address>0x34ab</load_address>
         <run_address>0x34ab</run_address>
         <size>0x2e</size>
         <input_file_ref idref="fl-29"/>
      </object_component>
      <object_component id="oc-f9">
         <name>.debug_line</name>
         <load_address>0x0</load_address>
         <run_address>0x0</run_address>
         <size>0xd42b</size>
         <input_file_ref idref="fl-2"/>
      </object_component>
      <object_component id="oc-ff">
         <name>.debug_line</name>
         <load_address>0xd42b</load_address>
         <run_address>0xd42b</run_address>
         <size>0x7e</size>
         <input_file_ref idref="fl-15"/>
      </object_component>
      <object_component id="oc-104">
         <name>.debug_line</name>
         <load_address>0xd4a9</load_address>
         <run_address>0xd4a9</run_address>
         <size>0x50</size>
         <input_file_ref idref="fl-16"/>
      </object_component>
      <object_component id="oc-109">
         <name>.debug_line</name>
         <load_address>0xd4f9</load_address>
         <run_address>0xd4f9</run_address>
         <size>0x41</size>
         <input_file_ref idref="fl-17"/>
      </object_component>
      <object_component id="oc-110">
         <name>.debug_line</name>
         <load_address>0xd53a</load_address>
         <run_address>0xd53a</run_address>
         <size>0x65</size>
         <input_file_ref idref="fl-18"/>
      </object_component>
      <object_component id="oc-115">
         <name>.debug_line</name>
         <load_address>0xd59f</load_address>
         <run_address>0xd59f</run_address>
         <size>0x69</size>
         <input_file_ref idref="fl-19"/>
      </object_component>
      <object_component id="oc-11a">
         <name>.debug_line</name>
         <load_address>0xd608</load_address>
         <run_address>0xd608</run_address>
         <size>0x8e</size>
         <input_file_ref idref="fl-1a"/>
      </object_component>
      <object_component id="oc-11f">
         <name>.debug_line</name>
         <load_address>0xd696</load_address>
         <run_address>0xd696</run_address>
         <size>0x62</size>
         <input_file_ref idref="fl-1b"/>
      </object_component>
      <object_component id="oc-127">
         <name>.debug_line</name>
         <load_address>0xd6f8</load_address>
         <run_address>0xd6f8</run_address>
         <size>0x2d6</size>
         <input_file_ref idref="fl-1c"/>
      </object_component>
      <object_component id="oc-12c">
         <name>.debug_line</name>
         <load_address>0xd9ce</load_address>
         <run_address>0xd9ce</run_address>
         <size>0xa9</size>
         <input_file_ref idref="fl-1d"/>
      </object_component>
      <object_component id="oc-131">
         <name>.debug_line</name>
         <load_address>0xda77</load_address>
         <run_address>0xda77</run_address>
         <size>0x52</size>
         <input_file_ref idref="fl-1e"/>
      </object_component>
      <object_component id="oc-136">
         <name>.debug_line</name>
         <load_address>0xdac9</load_address>
         <run_address>0xdac9</run_address>
         <size>0x3f</size>
         <input_file_ref idref="fl-1f"/>
      </object_component>
      <object_component id="oc-13b">
         <name>.debug_line</name>
         <load_address>0xdb08</load_address>
         <run_address>0xdb08</run_address>
         <size>0x3e</size>
         <input_file_ref idref="fl-20"/>
      </object_component>
      <object_component id="oc-140">
         <name>.debug_line</name>
         <load_address>0xdb46</load_address>
         <run_address>0xdb46</run_address>
         <size>0x2e</size>
         <input_file_ref idref="fl-21"/>
      </object_component>
      <object_component id="oc-147">
         <name>.debug_line</name>
         <load_address>0xdb74</load_address>
         <run_address>0xdb74</run_address>
         <size>0x6b</size>
         <input_file_ref idref="fl-22"/>
      </object_component>
      <object_component id="oc-14c">
         <name>.debug_line</name>
         <load_address>0xdbdf</load_address>
         <run_address>0xdbdf</run_address>
         <size>0x3a</size>
         <input_file_ref idref="fl-23"/>
      </object_component>
      <object_component id="oc-151">
         <name>.debug_line</name>
         <load_address>0xdc19</load_address>
         <run_address>0xdc19</run_address>
         <size>0x52</size>
         <input_file_ref idref="fl-24"/>
      </object_component>
      <object_component id="oc-15a">
         <name>.debug_line</name>
         <load_address>0xdc6b</load_address>
         <run_address>0xdc6b</run_address>
         <size>0x5e</size>
         <input_file_ref idref="fl-26"/>
      </object_component>
      <object_component id="oc-15f">
         <name>.debug_line</name>
         <load_address>0xdcc9</load_address>
         <run_address>0xdcc9</run_address>
         <size>0x55</size>
         <input_file_ref idref="fl-27"/>
      </object_component>
      <object_component id="oc-166">
         <name>.debug_line</name>
         <load_address>0xdd1e</load_address>
         <run_address>0xdd1e</run_address>
         <size>0x29</size>
         <input_file_ref idref="fl-28"/>
      </object_component>
      <object_component id="oc-16b">
         <name>.debug_line</name>
         <load_address>0xdd47</load_address>
         <run_address>0xdd47</run_address>
         <size>0x2a</size>
         <input_file_ref idref="fl-29"/>
      </object_component>
      <object_component id="oc-fa">
         <name>.debug_abbrev</name>
         <load_address>0x0</load_address>
         <run_address>0x0</run_address>
         <size>0x429</size>
         <input_file_ref idref="fl-2"/>
      </object_component>
      <object_component id="oc-100">
         <name>.debug_abbrev</name>
         <load_address>0x429</load_address>
         <run_address>0x429</run_address>
         <size>0x46</size>
         <input_file_ref idref="fl-15"/>
      </object_component>
      <object_component id="oc-105">
         <name>.debug_abbrev</name>
         <load_address>0x46f</load_address>
         <run_address>0x46f</run_address>
         <size>0xfc</size>
         <input_file_ref idref="fl-16"/>
      </object_component>
      <object_component id="oc-10a">
         <name>.debug_abbrev</name>
         <load_address>0x56b</load_address>
         <run_address>0x56b</run_address>
         <size>0xb0</size>
         <input_file_ref idref="fl-17"/>
      </object_component>
      <object_component id="oc-111">
         <name>.debug_abbrev</name>
         <load_address>0x61b</load_address>
         <run_address>0x61b</run_address>
         <size>0x142</size>
         <input_file_ref idref="fl-18"/>
      </object_component>
      <object_component id="oc-116">
         <name>.debug_abbrev</name>
         <load_address>0x75d</load_address>
         <run_address>0x75d</run_address>
         <size>0x38</size>
         <input_file_ref idref="fl-19"/>
      </object_component>
      <object_component id="oc-11b">
         <name>.debug_abbrev</name>
         <load_address>0x795</load_address>
         <run_address>0x795</run_address>
         <size>0x38</size>
         <input_file_ref idref="fl-1a"/>
      </object_component>
      <object_component id="oc-120">
         <name>.debug_abbrev</name>
         <load_address>0x7cd</load_address>
         <run_address>0x7cd</run_address>
         <size>0xa8</size>
         <input_file_ref idref="fl-1b"/>
      </object_component>
      <object_component id="oc-128">
         <name>.debug_abbrev</name>
         <load_address>0x875</load_address>
         <run_address>0x875</run_address>
         <size>0x1b4</size>
         <input_file_ref idref="fl-1c"/>
      </object_component>
      <object_component id="oc-12d">
         <name>.debug_abbrev</name>
         <load_address>0xa29</load_address>
         <run_address>0xa29</run_address>
         <size>0xa8</size>
         <input_file_ref idref="fl-1d"/>
      </object_component>
      <object_component id="oc-132">
         <name>.debug_abbrev</name>
         <load_address>0xad1</load_address>
         <run_address>0xad1</run_address>
         <size>0xf3</size>
         <input_file_ref idref="fl-1e"/>
      </object_component>
      <object_component id="oc-137">
         <name>.debug_abbrev</name>
         <load_address>0xbc4</load_address>
         <run_address>0xbc4</run_address>
         <size>0x66</size>
         <input_file_ref idref="fl-1f"/>
      </object_component>
      <object_component id="oc-13c">
         <name>.debug_abbrev</name>
         <load_address>0xc2a</load_address>
         <run_address>0xc2a</run_address>
         <size>0x68</size>
         <input_file_ref idref="fl-20"/>
      </object_component>
      <object_component id="oc-141">
         <name>.debug_abbrev</name>
         <load_address>0xc92</load_address>
         <run_address>0xc92</run_address>
         <size>0xaa</size>
         <input_file_ref idref="fl-21"/>
      </object_component>
      <object_component id="oc-148">
         <name>.debug_abbrev</name>
         <load_address>0xd3c</load_address>
         <run_address>0xd3c</run_address>
         <size>0x128</size>
         <input_file_ref idref="fl-22"/>
      </object_component>
      <object_component id="oc-14d">
         <name>.debug_abbrev</name>
         <load_address>0xe64</load_address>
         <run_address>0xe64</run_address>
         <size>0x66</size>
         <input_file_ref idref="fl-23"/>
      </object_component>
      <object_component id="oc-152">
         <name>.debug_abbrev</name>
         <load_address>0xeca</load_address>
         <run_address>0xeca</run_address>
         <size>0x38</size>
         <input_file_ref idref="fl-24"/>
      </object_component>
      <object_component id="oc-157">
         <name>.debug_abbrev</name>
         <load_address>0xf02</load_address>
         <run_address>0xf02</run_address>
         <size>0x4e</size>
         <input_file_ref idref="fl-25"/>
      </object_component>
      <object_component id="oc-15b">
         <name>.debug_abbrev</name>
         <load_address>0xf50</load_address>
         <run_address>0xf50</run_address>
         <size>0xb2</size>
         <input_file_ref idref="fl-26"/>
      </object_component>
      <object_component id="oc-160">
         <name>.debug_abbrev</name>
         <load_address>0x1002</load_address>
         <run_address>0x1002</run_address>
         <size>0xfe</size>
         <input_file_ref idref="fl-27"/>
      </object_component>
      <object_component id="oc-167">
         <name>.debug_abbrev</name>
         <load_address>0x1100</load_address>
         <run_address>0x1100</run_address>
         <size>0x144</size>
         <input_file_ref idref="fl-28"/>
      </object_component>
      <object_component id="oc-16c">
         <name>.debug_abbrev</name>
         <load_address>0x1244</load_address>
         <run_address>0x1244</run_address>
         <size>0xaf</size>
         <input_file_ref idref="fl-29"/>
      </object_component>
      <object_component id="oc-245">
         <name>.debug_abbrev</name>
         <load_address>0x12f3</load_address>
         <run_address>0x12f3</run_address>
         <size>0xf</size>
      </object_component>
      <object_component id="oc-fb">
         <name>.debug_aranges</name>
         <load_address>0x0</load_address>
         <run_address>0x0</run_address>
         <size>0xc78</size>
         <input_file_ref idref="fl-2"/>
      </object_component>
      <object_component id="oc-101">
         <name>.debug_aranges</name>
         <load_address>0xc78</load_address>
         <run_address>0xc78</run_address>
         <size>0x20</size>
         <input_file_ref idref="fl-15"/>
      </object_component>
      <object_component id="oc-106">
         <name>.debug_aranges</name>
         <load_address>0xc98</load_address>
         <run_address>0xc98</run_address>
         <size>0x20</size>
         <input_file_ref idref="fl-16"/>
      </object_component>
      <object_component id="oc-10b">
         <name>.debug_aranges</name>
         <load_address>0xcb8</load_address>
         <run_address>0xcb8</run_address>
         <size>0x20</size>
         <input_file_ref idref="fl-17"/>
      </object_component>
      <object_component id="oc-112">
         <name>.debug_aranges</name>
         <load_address>0xcd8</load_address>
         <run_address>0xcd8</run_address>
         <size>0x28</size>
         <input_file_ref idref="fl-18"/>
      </object_component>
      <object_component id="oc-117">
         <name>.debug_aranges</name>
         <load_address>0xd00</load_address>
         <run_address>0xd00</run_address>
         <size>0x28</size>
         <input_file_ref idref="fl-19"/>
      </object_component>
      <object_component id="oc-11c">
         <name>.debug_aranges</name>
         <load_address>0xd28</load_address>
         <run_address>0xd28</run_address>
         <size>0x38</size>
         <input_file_ref idref="fl-1a"/>
      </object_component>
      <object_component id="oc-121">
         <name>.debug_aranges</name>
         <load_address>0xd60</load_address>
         <run_address>0xd60</run_address>
         <size>0x20</size>
         <input_file_ref idref="fl-1b"/>
      </object_component>
      <object_component id="oc-129">
         <name>.debug_aranges</name>
         <load_address>0xd80</load_address>
         <run_address>0xd80</run_address>
         <size>0x58</size>
         <input_file_ref idref="fl-1c"/>
      </object_component>
      <object_component id="oc-12e">
         <name>.debug_aranges</name>
         <load_address>0xdd8</load_address>
         <run_address>0xdd8</run_address>
         <size>0x20</size>
         <input_file_ref idref="fl-1d"/>
      </object_component>
      <object_component id="oc-133">
         <name>.debug_aranges</name>
         <load_address>0xdf8</load_address>
         <run_address>0xdf8</run_address>
         <size>0x20</size>
         <input_file_ref idref="fl-1e"/>
      </object_component>
      <object_component id="oc-138">
         <name>.debug_aranges</name>
         <load_address>0xe18</load_address>
         <run_address>0xe18</run_address>
         <size>0x20</size>
         <input_file_ref idref="fl-1f"/>
      </object_component>
      <object_component id="oc-13d">
         <name>.debug_aranges</name>
         <load_address>0xe38</load_address>
         <run_address>0xe38</run_address>
         <size>0x20</size>
         <input_file_ref idref="fl-20"/>
      </object_component>
      <object_component id="oc-142">
         <name>.debug_aranges</name>
         <load_address>0xe58</load_address>
         <run_address>0xe58</run_address>
         <size>0x18</size>
         <input_file_ref idref="fl-21"/>
      </object_component>
      <object_component id="oc-149">
         <name>.debug_aranges</name>
         <load_address>0xe70</load_address>
         <run_address>0xe70</run_address>
         <size>0x28</size>
         <input_file_ref idref="fl-22"/>
      </object_component>
      <object_component id="oc-14e">
         <name>.debug_aranges</name>
         <load_address>0xe98</load_address>
         <run_address>0xe98</run_address>
         <size>0x20</size>
         <input_file_ref idref="fl-23"/>
      </object_component>
      <object_component id="oc-153">
         <name>.debug_aranges</name>
         <load_address>0xeb8</load_address>
         <run_address>0xeb8</run_address>
         <size>0x28</size>
         <input_file_ref idref="fl-24"/>
      </object_component>
      <object_component id="oc-15c">
         <name>.debug_aranges</name>
         <load_address>0xee0</load_address>
         <run_address>0xee0</run_address>
         <size>0x30</size>
         <input_file_ref idref="fl-26"/>
      </object_component>
      <object_component id="oc-161">
         <name>.debug_aranges</name>
         <load_address>0xf10</load_address>
         <run_address>0xf10</run_address>
         <size>0x20</size>
         <input_file_ref idref="fl-27"/>
      </object_component>
      <object_component id="oc-168">
         <name>.debug_aranges</name>
         <load_address>0xf30</load_address>
         <run_address>0xf30</run_address>
         <size>0x18</size>
         <input_file_ref idref="fl-28"/>
      </object_component>
      <object_component id="oc-16d">
         <name>.debug_aranges</name>
         <load_address>0xf48</load_address>
         <run_address>0xf48</run_address>
         <size>0x18</size>
         <input_file_ref idref="fl-29"/>
      </object_component>
      <object_component id="oc-fd">
         <name>.reset</name>
         <load_address>0xb8d4</load_address>
         <run_address>0xb8d4</run_address>
         <size>0x2</size>
         <input_file_ref idref="fl-15"/>
      </object_component>
   </object_component_list>
   <logical_group_list>
      <logical_group id="lg-3" display="no" color="cyan">
         <name>PieVectTableFile</name>
         <run_address>0xd00</run_address>
         <size>0x1c0</size>
         <contents>
            <object_component_ref idref="oc-f0"/>
         </contents>
      </logical_group>
      <logical_group id="lg-5" display="no" color="cyan">
         <name>EmuKeyVar</name>
         <run_address>0xd00</run_address>
         <size>0x1</size>
         <contents>
            <object_component_ref idref="oc-8b"/>
         </contents>
      </logical_group>
      <logical_group id="lg-6" display="no" color="cyan">
         <name>EmuBModeVar</name>
         <run_address>0xd01</run_address>
         <size>0x1</size>
         <contents>
            <object_component_ref idref="oc-8c"/>
         </contents>
      </logical_group>
      <logical_group id="lg-7" display="no" color="cyan">
         <name>FlashCallbackVar</name>
[...]
         <value>0x800dc</value>
         <object_component_ref idref="oc-173"/>
      </symbol>
      <symbol id="sm-ca2">
         <name>_Drv_IPC_StateMessage__9Class_IPCFv</name>
         <value>0x86e73</value>
         <object_component_ref idref="oc-173"/>
      </symbol>
      <symbol id="sm-ca3">
         <name>_Alg_Int_PhaseLock__23Class_InverterAlgorithmFv</name>
         <value>0x89fc4</value>
         <object_component_ref idref="oc-175"/>
      </symbol>
      <symbol id="sm-ca4">
         <name>_objBypass</name>
         <value>0x84c0</value>
         <object_component_ref idref="oc-8a"/>
      </symbol>
      <symbol id="sm-ca5">
         <name>_ECanaMboxes</name>
         <value>0x8780</value>
         <object_component_ref idref="oc-8a"/>
      </symbol>
      <symbol id="sm-ca6">
         <name>_objEEPROM</name>
         <value>0x8180</value>
         <object_component_ref idref="oc-8a"/>
      </symbol>
      <symbol id="sm-ca7">
         <name>_AlrmSyncMsgXmitState__15SysCanDataExchgFi</name>
         <value>0x87316</value>
         <object_component_ref idref="oc-173"/>
      </symbol>
      <symbol id="sm-ca8">
         <name>_RecFlashUpdate__15SysCanDataExchgFv</name>
         <value>0x807f5</value>
         <object_component_ref idref="oc-173"/>
      </symbol>
      <symbol id="sm-ca9">
         <name>_CANMessageSet__12Class_CANDrvFUlT1P13tCANMsgObject11tMsgObjType</name>
         <value>0x8094d</value>
         <object_component_ref idref="oc-173"/>
      </symbol>
      <symbol id="sm-caa">
         <name>_ECap3Regs</name>
         <value>0x5040</value>
         <object_component_ref idref="oc-ba"/>
      </symbol>
      <symbol id="sm-cab">
         <name>_pCanIsrXmitFcb</name>
         <value>0x8016</value>
         <object_component_ref idref="oc-8a"/>
      </symbol>
      <symbol id="sm-cac">
         <name>_App_OutVarInit__12Class_OutputFv</name>
         <value>0x815e7</value>
         <object_component_ref idref="oc-173"/>
      </symbol>
      <symbol id="sm-cad">
         <name>_i16RptIntD_0</name>
         <value>0x8880</value>
         <object_component_ref idref="oc-8a"/>
      </symbol>
      <symbol id="sm-cae">
         <name>_FragMsgPacked__15SysCanDataExchgFP19can_msg_data_struct</name>
         <value>0x808bc</value>
         <object_component_ref idref="oc-173"/>
      </symbol>
      <symbol id="sm-caf">
         <name>_Dat_IinvRMS__14Class_InverterFv</name>
         <value>0x841e5</value>
         <object_component_ref idref="oc-173"/>
      </symbol>
      <symbol id="sm-cb0">
         <name>_Dat_LoadGrant__10Class_LoadFv</name>
         <value>0x8439b</value>
         <object_component_ref idref="oc-173"/>
      </symbol>
      <symbol id="sm-cb1">
         <name>_AlrmCovMsgXmitState__15SysCanDataExchgFi</name>
         <value>0x87317</value>
         <object_component_ref idref="oc-173"/>
      </symbol>
      <symbol id="sm-cb2">
         <name>_Dat_Int_DCBusPreDeal__11Class_DCBusFv</name>
         <value>0x89db0</value>
         <object_component_ref idref="oc-175"/>
      </symbol>
      <symbol id="sm-cb3">
         <name>_Alg_Int_CurrShareReg__23Class_InverterAlgorithmFv</name>
         <value>0x89ee7</value>
         <object_component_ref idref="oc-175"/>
      </symbol>
      <symbol id="sm-cb4">
         <name>_Timer_Flush__14SysCanProtocolFP14TIMER_HANDLE_T</name>
         <value>0x808cd</value>
         <object_component_ref idref="oc-173"/>
      </symbol>
      <symbol id="sm-cb5">
         <name>_Alg_STSShortFault__14Class_SwitchesFv</name>
         <value>0x851ee</value>
         <object_component_ref idref="oc-173"/>
      </symbol>
      <symbol id="sm-cb6">
         <name>_BattEodTurnOff__15SysCanDataExchgFv</name>
         <value>0x80841</value>
         <object_component_ref idref="oc-173"/>
      </symbol>
      <symbol id="sm-cb7">
         <name>_Alg_ILFilterReg__23Class_InverterAlgorithmFv</name>
         <value>0x8495b</value>
         <object_component_ref idref="oc-173"/>
      </symbol>
      <symbol id="sm-cb8">
         <name>_App_SelfAgingAlgParamConfig__24Class_SelfAgingAlgorithmFv</name>
         <value>0x83b07</value>
         <object_component_ref idref="oc-173"/>
      </symbol>
      <symbol id="sm-cb9">
         <name>_NegBattConvFltChg__15SysCanDataExchgFv</name>
         <value>0x80854</value>
         <object_component_ref idref="oc-173"/>
      </symbol>
      <symbol id="sm-cba">
         <name>_Dat_Int_MainInterfaceIn__15Class_DigitalIOFv</name>
         <value>0x8ae7a</value>
         <object_component_ref idref="oc-175"/>
      </symbol>
      <symbol id="sm-cbb">
         <name>_App_TraceJudge__21Class_InverterControlFv</name>
         <value>0x85983</value>
         <object_component_ref idref="oc-173"/>
      </symbol>
      <symbol id="sm-cbc">
         <name>_App_OvloadDelay__10Class_LoadFv</name>
         <value>0x846b7</value>
         <object_component_ref idref="oc-173"/>
      </symbol>
      <symbol id="sm-cbd">
         <name>_objADDrv</name>
         <value>0x8300</value>
         <object_component_ref idref="oc-8a"/>
      </symbol>
      <symbol id="sm-cbe">
         <name>_Drv_I2CPageWrite__12Class_I2CDrvFUiiPUi</name>
         <value>0x83bec</value>
         <object_component_ref idref="oc-173"/>
      </symbol>
      <symbol id="sm-cbf">
         <name>_Cmpss8Regs</name>
         <value>0x5d60</value>
         <object_component_ref idref="oc-b2"/>
      </symbol>
      <symbol id="sm-cc0">
         <name>_Dat_VinvFlag__14Class_InverterFv</name>
         <value>0x855fc</value>
         <object_component_ref idref="oc-173"/>
      </symbol>
      <symbol id="sm-cc1">
         <name>_Dat_PoutRMS__12Class_OutputFv</name>
         <value>0x86ec0</value>
         <object_component_ref idref="oc-173"/>
      </symbol>
      <symbol id="sm-cc2">
         <name>_EQep3Regs</name>
         <value>0x5180</value>
         <object_component_ref idref="oc-bd"/>
      </symbol>
      <symbol id="sm-cc3">
         <name>_FragXmitResult__15SysCanDataExchgFP19can_msg_data_structi</name>
         <value>0x8645a</value>
         <object_component_ref idref="oc-173"/>
      </symbol>
      <symbol id="sm-cc4">
         <name>_SyncSocRegs</name>
         <value>0x7940</value>
         <object_component_ref idref="oc-92"/>
      </symbol>
      <symbol id="sm-cc5">
         <name>_MonitorSyncMsgProc__15SysCanDataExchgFv</name>
         <value>0x82278</value>
         <object_component_ref idref="oc-173"/>
      </symbol>
      <symbol id="sm-cc6">
         <name>_Drv_ADAdjust__11Class_ADDrvFv</name>
         <value>0x81b94</value>
         <object_component_ref idref="oc-173"/>
      </symbol>
      <symbol id="sm-cc7">
         <name>_Alg_BpSeqFault__12Class_BypassFv</name>
         <value>0x84edb</value>
         <object_component_ref idref="oc-173"/>
      </symbol>
      <symbol id="sm-cc8">
         <name>_StateEventXmitMsgGen__15SysCanDataExchgFUiUc</name>
         <value>0x82a2f</value>
         <object_component_ref idref="oc-173"/>
      </symbol>
      <symbol id="sm-cc9">
         <name>_App_SelfAgingAlgVarInit__24Class_SelfAgingAlgorithmFv</name>
         <value>0x81922</value>
         <object_component_ref idref="oc-173"/>
      </symbol>
      <symbol id="sm-cca">
         <name>_Drv_IPC_ADSample_Receive__9Class_IPCFRUiT1</name>
         <value>0x8646d</value>
         <object_component_ref idref="oc-173"/>
      </symbol>
      <symbol id="sm-ccb">
         <name>_OpenSysCanInt__Fv</name>
         <value>0x808f5</value>
         <object_component_ref idref="oc-173"/>
      </symbol>
      <symbol id="sm-ccc">
         <name>_EPwm9Regs</name>
         <value>0x4800</value>
         <object_component_ref idref="oc-e3"/>
      </symbol>
      <symbol id="sm-ccd">
         <name>_Drv_DisableDog__17Class_WatchDogDrvFv</name>
         <value>0x80002</value>
         <object_component_ref idref="oc-173"/>
      </symbol>
      <symbol id="sm-cce">
         <name>_GetAlrmCovMsg__15SysCanDataExchgFP19can_msg_data_structUc</name>
         <value>0x8299b</value>
         <object_component_ref idref="oc-173"/>
      </symbol>
      <symbol id="sm-ccf">
         <name>_NmiIntruptRegs</name>
         <value>0x7060</value>
         <object_component_ref idref="oc-93"/>
      </symbol>
      <symbol id="sm-cd0">
         <name>_Drv_Int_ADCh2Cs__13Class_GPIODrvFv</name>
         <value>0xb8cf</value>
         <object_component_ref idref="oc-176"/>
      </symbol>
      <symbol id="sm-cd1">
         <name>_Flash28_API_LoadStart</name>
         <value>0x800b</value>
         <object_component_ref idref="oc-8a"/>
      </symbol>
      <symbol id="sm-cd2">
         <name>_Drv_InitPieCtrl__12Class_SysDrvFv</name>
         <value>0x801fc</value>
         <object_component_ref idref="oc-173"/>
      </symbol>
      <symbol id="sm-cd3">
         <name>_CPUSELConfig__17Class_FlashUpdateFv</name>
         <value>0x863f6</value>
         <object_component_ref idref="oc-173"/>
      </symbol>
      <symbol id="sm-cd4">
         <name>_ECanaMOTORegs</name>
         <value>0x8480</value>
         <object_component_ref idref="oc-8a"/>
      </symbol>
      <symbol id="sm-cd5">
         <name>_SysCanXmitQueueIni__15SysCanXmitQueueFv</name>
         <value>0x8194d</value>
         <object_component_ref idref="oc-173"/>
      </symbol>
      <symbol id="sm-cd6">
         <name>_Flash_CallbackPtr</name>
         <value>0x8020</value>
         <object_component_ref idref="oc-8a"/>
      </symbol>
      <symbol id="sm-cd7">
         <name>_App_TraceControl__21Class_InverterControlFv</name>
         <value>0x858c6</value>
         <object_component_ref idref="oc-173"/>
      </symbol>
      <symbol id="sm-cd8">
         <name>_ParallelStateXmitMsgGen__15SysCanDataExchgFUi</name>
         <value>0x82b15</value>
         <object_component_ref idref="oc-173"/>
      </symbol>
      <symbol id="sm-cd9">
         <name>_SyncMsgProc__15SysCanDataExchgFP19can_msg_data_struct</name>
         <value>0x82581</value>
         <object_component_ref idref="oc-173"/>
      </symbol>
      <symbol id="sm-cda">
         <name>_EPwm3Regs</name>
         <value>0x4200</value>
         <object_component_ref idref="oc-e7"/>
      </symbol>
      <symbol id="sm-cdb">
         <name>_Dat_Int_InvCal__14Class_InverterFv</name>
         <value>0x8a6ac</value>
         <object_component_ref idref="oc-175"/>
      </symbol>
      <symbol id="sm-cdc">
         <name>_BypFlashUpdate__15SysCanDataExchgFv</name>
         <value>0x807d9</value>
         <object_component_ref idref="oc-173"/>
      </symbol>
      <symbol id="sm-cdd">
         <name>_App_XferProcess__14Class_TransferFv</name>
         <value>0x85c21</value>
         <object_component_ref idref="oc-173"/>
      </symbol>
      <symbol id="sm-cde">
         <name>_Alg_Int_InvOverCurrentChk__14Class_InverterFv</name>
         <value>0x8774d</value>
         <object_component_ref idref="oc-173"/>
      </symbol>
      <symbol id="sm-cdf">
         <name>_Alg_LBSSignal__9Class_LBSFv</name>
         <value>0x87344</value>
         <object_component_ref idref="oc-173"/>
      </symbol>
      <symbol id="sm-ce0">
         <name>_ECanbLAMRegs</name>
         <value>0x8400</value>
         <object_component_ref idref="oc-8a"/>
      </symbol>
      <symbol id="sm-ce1">
         <name>_App_InvMaster__21Class_InverterControlFv</name>
         <value>0x857fa</value>
         <object_component_ref idref="oc-173"/>
      </symbol>
      <symbol id="sm-ce2">
         <name>_Dat_LoadFlag__10Class_LoadFv</name>
         <value>0x8448d</value>
         <object_component_ref idref="oc-173"/>
      </symbol>
      <symbol id="sm-ce3">
         <name>_Drv_I2CRead__12Class_I2CDrvFUiiPUi</name>
         <value>0x81620</value>
         <object_component_ref idref="oc-173"/>
      </symbol>
      <symbol id="sm-ce4">
         <name>_App_ModelOnline__12Class_SystemFv</name>
         <value>0x856df</value>
         <object_component_ref idref="oc-173"/>
      </symbol>
      <symbol id="sm-ce5">
         <name>_App_InvStandby__21Class_InverterControlFv</name>
         <value>0x85a55</value>
         <object_component_ref idref="oc-173"/>
      </symbol>
      <symbol id="sm-ce6">
         <name>_Dat_Int_SetExInReg__15Class_DigitalIOFUi</name>
         <value>0x81c27</value>
         <object_component_ref idref="oc-173"/>
      </symbol>
      <symbol id="sm-ce7">
         <name>_MsgRecvProc__9SysCanAppFv</name>
         <value>0x82878</value>
         <object_component_ref idref="oc-173"/>
      </symbol>
      <symbol id="sm-ce8">
         <name>_Dat_DigitalOutput__15Class_DigitalIOFv</name>
         <value>0x83ea9</value>
         <object_component_ref idref="oc-173"/>
      </symbol>
      <symbol id="sm-ce9">
         <name>_Dat_Int_InvPreDeal__14Class_InverterFv</name>
         <value>0x89af4</value>
         <object_component_ref idref="oc-175"/>
      </symbol>
      <symbol id="sm-cea">
         <name>_I2caRegs</name>
         <value>0x7300</value>
         <object_component_ref idref="oc-bf"/>
      </symbol>
      <symbol id="sm-ceb">
         <name>_App_MonitorVarInit__22Class_MonitorInterfaceFv</name>
         <value>0x81661</value>
         <object_component_ref idref="oc-173"/>
      </symbol>
      <symbol id="sm-d06">
         <name>_c_int00</name>
         <value>0x87afa</value>
         <object_component_ref idref="oc-86"/>
      </symbol>
      <symbol id="sm-d07">
         <name>__stack</name>
         <value>0x122</value>
         <object_component_ref idref="oc-fc"/>
      </symbol>
      <symbol id="sm-d16">
         <name>_copy_in</name>
         <value>0x87bca</value>
         <object_component_ref idref="oc-16f"/>
      </symbol>
      <symbol id="sm-d23">
         <name>___dl__FPv</name>
         <value>0x87c87</value>
         <object_component_ref idref="oc-17b"/>
      </symbol>
      <symbol id="sm-d37">
         <name>C$$EXIT</name>
         <value>0x87b7a</value>
         <object_component_ref idref="oc-172"/>
      </symbol>
      <symbol id="sm-d38">
         <name>_exit</name>
         <value>0x87b7c</value>
         <object_component_ref idref="oc-172"/>
      </symbol>
      <symbol id="sm-d39">
         <name>___TI_cleanup_ptr</name>
         <value>0x9b38</value>
         <object_component_ref idref="oc-10e"/>
      </symbol>
      <symbol id="sm-d3a">
         <name>___TI_enable_exit_profile_output</name>
         <value>0x9b36</value>
         <object_component_ref idref="oc-10e"/>
      </symbol>
      <symbol id="sm-d3b">
         <name>_abort</name>
         <value>0x87b7a</value>
         <object_component_ref idref="oc-172"/>
      </symbol>
      <symbol id="sm-d3c">
         <name>___TI_dtors_ptr</name>
         <value>0x9b3a</value>
         <object_component_ref idref="oc-10e"/>
      </symbol>
      <symbol id="sm-d4a">
         <name>I$$MOD</name>
         <value>0x87bff</value>
         <object_component_ref idref="oc-113"/>
      </symbol>
      <symbol id="sm-d4b">
         <name>I$$DIV</name>
         <value>0x87bee</value>
         <object_component_ref idref="oc-113"/>
      </symbol>
      <symbol id="sm-d57">
         <name>UL$$MOD</name>
         <value>0x87b74</value>
         <object_component_ref idref="oc-118"/>
      </symbol>
      <symbol id="sm-d58">
         <name>L$$MOD</name>
         <value>0x87b5f</value>
         <object_component_ref idref="oc-118"/>
      </symbol>
      <symbol id="sm-d59">
         <name>L$$DIV</name>
         <value>0x87b50</value>
         <object_component_ref idref="oc-118"/>
      </symbol>
      <symbol id="sm-d5a">
         <name>UL$$DIV</name>
         <value>0x87b6d</value>
         <object_component_ref idref="oc-118"/>
      </symbol>
      <symbol id="sm-d6b">
         <name>_memcpy</name>
         <value>0x87c30</value>
         <object_component_ref idref="oc-177"/>
      </symbol>
      <symbol id="sm-db2">
         <name>__sys_memory</name>
         <value>0x9c78</value>
         <object_component_ref idref="oc-124"/>
      </symbol>
      <symbol id="sm-db3">
         <name>_chkheap</name>
         <value>0x87a02</value>
         <object_component_ref idref="oc-19f"/>
      </symbol>
      <symbol id="sm-db4">
         <name>_realloc</name>
         <value>0x87910</value>
         <object_component_ref idref="oc-19f"/>
      </symbol>
      <symbol id="sm-db5">
         <name>_free_memory</name>
         <value>0x879e4</value>
         <object_component_ref idref="oc-19f"/>
      </symbol>
      <symbol id="sm-db6">
         <name>_max_free</name>
         <value>0x879c2</value>
         <object_component_ref idref="oc-19f"/>
      </symbol>
      <symbol id="sm-db7">
         <name>_free</name>
         <value>0x87849</value>
         <object_component_ref idref="oc-19f"/>
      </symbol>
      <symbol id="sm-db8">
         <name>_calloc</name>
         <value>0x87a04</value>
         <object_component_ref idref="oc-19f"/>
      </symbol>
      <symbol id="sm-db9">
         <name>_malloc</name>
         <value>0x878b2</value>
         <object_component_ref idref="oc-19f"/>
      </symbol>
      <symbol id="sm-dba">
         <name>_minit</name>
         <value>0x8788d</value>
         <object_component_ref idref="oc-19f"/>
      </symbol>
      <symbol id="sm-dc8">
         <name>_memset</name>
         <value>0x87c67</value>
         <object_component_ref idref="oc-197"/>
      </symbol>
      <symbol id="sm-dd8">
         <name>___nw__FUl</name>
         <value>0x87c10</value>
         <object_component_ref idref="oc-196"/>
      </symbol>
      <symbol id="sm-de4">
         <name>___default_new_handler__Fv</name>
         <value>0x87c8e</value>
         <object_component_ref idref="oc-1a0"/>
      </symbol>
      <symbol id="sm-df0">
         <name>__system_pre_init</name>
         <value>0x87c8c</value>
         <object_component_ref idref="oc-16e"/>
      </symbol>
      <symbol id="sm-e0f">
         <name>___add_dtor</name>
         <value>0x87bbd</value>
         <object_component_ref idref="oc-195"/>
      </symbol>
      <symbol id="sm-e1b">
         <name>__system_post_cinit</name>
         <value>0x87c8f</value>
         <object_component_ref idref="oc-170"/>
      </symbol>
      <symbol id="sm-e27">
         <name>U$$MOD</name>
         <value>0x87c78</value>
         <object_component_ref idref="oc-14f"/>
      </symbol>
      <symbol id="sm-e28">
         <name>U$$DIV</name>
         <value>0x87c73</value>
         <object_component_ref idref="oc-14f"/>
      </symbol>
      <symbol id="sm-e32">
         <name>__new_handler</name>
         <value>0x9c42</value>
         <object_component_ref idref="oc-156"/>
      </symbol>
      <symbol id="sm-e46">
         <name>__unlock</name>
         <value>0x9b3e</value>
         <object_component_ref idref="oc-1a1"/>
      </symbol>
      <symbol id="sm-e47">
         <name>__lock</name>
         <value>0x9b3c</value>
         <object_component_ref idref="oc-178"/>
      </symbol>
      <symbol id="sm-e48">
         <name>__register_lock</name>
         <value>0x87c82</value>
         <object_component_ref idref="oc-19d"/>
      </symbol>
      <symbol id="sm-e49">
         <name>__nop</name>
         <value>0x87c86</value>
         <object_component_ref idref="oc-19d"/>
      </symbol>
      <symbol id="sm-e4a">
         <name>__register_unlock</name>
         <value>0x87c7e</value>
         <object_component_ref idref="oc-19d"/>
      </symbol>
      <symbol id="sm-e59">
         <name>__args_main</name>
         <value>0x87c4e</value>
         <object_component_ref idref="oc-171"/>
      </symbol>
      <symbol id="sm-e69">
         <name>___atexit_func_id__</name>
         <value>0x9b41</value>
         <object_component_ref idref="oc-164"/>
      </symbol>
   </symbol_table>
   <title>Link successful</title>
</link_info>
