<?xml version="1.0"?>
<link_info>
   <banner>TMS320C2000 Linker PC v16.9.5.LTS</banner>
   <copyright>Copyright (c) 1996-2017 Texas Instruments Incorporated</copyright>
   <link_time>0x5a3cea12</link_time>
   <link_errors>0x0</link_errors>
   <output_file>28377D.out</output_file>
   <entry_point>
      <name>_c_int00</name>
      <address>0x87b3e</address>
   </entry_point>
   <input_file_list>
      <input_file id="fl-2">
         <path>.\App\</path>
         <kind>object</kind>
         <file>Inv.obj</file>
         <name>Inv.obj</name>
      </input_file>
      <input_file id="fl-7">
         <kind>object</kind>
         <file>&lt;internal&gt;</file>
         <name>&lt;internal&gt;</name>
      </input_file>
      <input_file id="fl-15">
         <path>D:\RatioSoft\ccsv7\ccsv7\tools\compiler\ti-cgt-c2000_16.9.5.LTS\lib\</path>
         <kind>archive</kind>
         <file>rts2800_fpu32.lib</file>
         <name>boot28.obj</name>
      </input_file>
      <input_file id="fl-16">
         <path>D:\RatioSoft\ccsv7\ccsv7\tools\compiler\ti-cgt-c2000_16.9.5.LTS\lib\</path>
         <kind>archive</kind>
         <file>rts2800_fpu32.lib</file>
         <name>cpy_tbl.obj</name>
      </input_file>
      <input_file id="fl-17">
         <path>D:\RatioSoft\ccsv7\ccsv7\tools\compiler\ti-cgt-c2000_16.9.5.LTS\lib\</path>
         <kind>archive</kind>
         <file>rts2800_fpu32.lib</file>
         <name>delete.obj</name>
      </input_file>
      <input_file id="fl-18">
         <path>D:\RatioSoft\ccsv7\ccsv7\tools\compiler\ti-cgt-c2000_16.9.5.LTS\lib\</path>
         <kind>archive</kind>
         <file>rts2800_fpu32.lib</file>
         <name>exit.obj</name>
      </input_file>
      <input_file id="fl-19">
         <path>D:\RatioSoft\ccsv7\ccsv7\tools\compiler\ti-cgt-c2000_16.9.5.LTS\lib\</path>
         <kind>archive</kind>
         <file>rts2800_fpu32.lib</file>
         <name>i_div28.obj</name>
      </input_file>
      <input_file id="fl-1a">
         <path>D:\RatioSoft\ccsv7\ccsv7\tools\compiler\ti-cgt-c2000_16.9.5.LTS\lib\</path>
         <kind>archive</kind>
         <file>rts2800_fpu32.lib</file>
         <name>l_div28.obj</name>
      </input_file>
      <input_file id="fl-1b">
         <path>D:\RatioSoft\ccsv7\ccsv7\tools\compiler\ti-cgt-c2000_16.9.5.LTS\lib\</path>
         <kind>archive</kind>
         <file>rts2800_fpu32.lib</file>
         <name>memcpy.obj</name>
      </input_file>
      <input_file id="fl-1c">
         <path>D:\RatioSoft\ccsv7\ccsv7\tools\compiler\ti-cgt-c2000_16.9.5.LTS\lib\</path>
         <kind>archive</kind>
         <file>rts2800_fpu32.lib</file>
         <name>memory.obj</name>
      </input_file>
      <input_file id="fl-1d">
         <path>D:\RatioSoft\ccsv7\ccsv7\tools\compiler\ti-cgt-c2000_16.9.5.LTS\lib\</path>
         <kind>archive</kind>
         <file>rts2800_fpu32.lib</file>
         <name>memset.obj</name>
      </input_file>
      <input_file id="fl-1e">
         <path>D:\RatioSoft\ccsv7\ccsv7\tools\compiler\ti-cgt-c2000_16.9.5.LTS\lib\</path>
         <kind>archive</kind>
         <file>rts2800_fpu32.lib</file>
         <name>new_.obj</name>
      </input_file>
      <input_file id="fl-1f">
         <path>D:\RatioSoft\ccsv7\ccsv7\tools\compiler\ti-cgt-c2000_16.9.5.LTS\lib\</path>
         <kind>archive</kind>
         <file>rts2800_fpu32.lib</file>
         <name>newhandler.obj</name>
      </input_file>
      <input_file id="fl-20">
         <path>D:\RatioSoft\ccsv7\ccsv7\tools\compiler\ti-cgt-c2000_16.9.5.LTS\lib\</path>
         <kind>archive</kind>
         <file>rts2800_fpu32.lib</file>
         <name>pre_init.obj</name>
      </input_file>
      <input_file id="fl-21">
         <path>D:\RatioSoft\ccsv7\ccsv7\tools\compiler\ti-cgt-c2000_16.9.5.LTS\lib\</path>
         <kind>archive</kind>
         <file>rts2800_fpu32.lib</file>
         <name>pure_virt.obj</name>
      </input_file>
      <input_file id="fl-22">
         <path>D:\RatioSoft\ccsv7\ccsv7\tools\compiler\ti-cgt-c2000_16.9.5.LTS\lib\</path>
         <kind>archive</kind>
         <file>rts2800_fpu32.lib</file>
         <name>sinit.obj</name>
      </input_file>
      <input_file id="fl-23">
         <path>D:\RatioSoft\ccsv7\ccsv7\tools\compiler\ti-cgt-c2000_16.9.5.LTS\lib\</path>
         <kind>archive</kind>
         <file>rts2800_fpu32.lib</file>
         <name>startup.obj</name>
      </input_file>
      <input_file id="fl-24">
         <path>D:\RatioSoft\ccsv7\ccsv7\tools\compiler\ti-cgt-c2000_16.9.5.LTS\lib\</path>
         <kind>archive</kind>
         <file>rts2800_fpu32.lib</file>
         <name>u_div28.obj</name>
      </input_file>
      <input_file id="fl-25">
         <path>D:\RatioSoft\ccsv7\ccsv7\tools\compiler\ti-cgt-c2000_16.9.5.LTS\lib\</path>
         <kind>archive</kind>
         <file>rts2800_fpu32.lib</file>
         <name>vars.obj</name>
      </input_file>
      <input_file id="fl-26">
         <path>D:\RatioSoft\ccsv7\ccsv7\tools\compiler\ti-cgt-c2000_16.9.5.LTS\lib\</path>
         <kind>archive</kind>
         <file>rts2800_fpu32.lib</file>
         <name>_lock.obj</name>
      </input_file>
      <input_file id="fl-27">
         <path>D:\RatioSoft\ccsv7\ccsv7\tools\compiler\ti-cgt-c2000_16.9.5.LTS\lib\</path>
         <kind>archive</kind>
         <file>rts2800_fpu32.lib</file>
         <name>args_main.obj</name>
      </input_file>
      <input_file id="fl-28">
         <path>D:\RatioSoft\ccsv7\ccsv7\tools\compiler\ti-cgt-c2000_16.9.5.LTS\lib\</path>
         <kind>archive</kind>
         <file>rts2800_fpu32.lib</file>
         <name>atexit.obj</name>
      </input_file>
      <input_file id="fl-29">
         <path>D:\RatioSoft\ccsv7\ccsv7\tools\compiler\ti-cgt-c2000_16.9.5.LTS\lib\</path>
         <kind>archive</kind>
         <file>rts2800_fpu32.lib</file>
         <name>error.obj</name>
      </input_file>
   </input_file_list>
   <object_component_list>
      <object_component id="oc-f0">
         <name>PieVectTableFile</name>
         <uninitialized>true</uninitialized>
         <run_address>0xd00</run_address>
         <size>0x1c0</size>
         <input_file_ref idref="fl-2"/>
      </object_component>
      <object_component id="oc-8c">
         <name>EmuKeyVar</name>
         <uninitialized>true</uninitialized>
         <run_address>0xd00</run_address>
         <size>0x1</size>
         <input_file_ref idref="fl-2"/>
      </object_component>
      <object_component id="oc-8b">
         <name>EmuBModeVar</name>
         <uninitialized>true</uninitialized>
         <run_address>0xd01</run_address>
         <size>0x1</size>
         <input_file_ref idref="fl-2"/>
      </object_component>
      <object_component id="oc-a3">
         <name>AdcaResultFile</name>
         <uninitialized>true</uninitialized>
         <run_address>0xb00</run_address>
         <size>0x18</size>
         <input_file_ref idref="fl-2"/>
      </object_component>
      <object_component id="oc-a6">
         <name>AdcbResultFile</name>
         <uninitialized>true</uninitialized>
         <run_address>0xb20</run_address>
         <size>0x18</size>
         <input_file_ref idref="fl-2"/>
      </object_component>
      <object_component id="oc-a5">
         <name>AdccResultFile</name>
         <uninitialized>true</uninitialized>
         <run_address>0xb40</run_address>
         <size>0x18</size>
         <input_file_ref idref="fl-2"/>
      </object_component>
      <object_component id="oc-a4">
         <name>AdcdResultFile</name>
         <uninitialized>true</uninitialized>
         <run_address>0xb60</run_address>
         <size>0x18</size>
         <input_file_ref idref="fl-2"/>
      </object_component>
      <object_component id="oc-d8">
         <name>AdcaRegsFile</name>
         <uninitialized>true</uninitialized>
         <run_address>0x7400</run_address>
         <size>0x80</size>
         <input_file_ref idref="fl-2"/>
      </object_component>
      <object_component id="oc-d6">
         <name>AdcbRegsFile</name>
         <uninitialized>true</uninitialized>
         <run_address>0x7480</run_address>
         <size>0x80</size>
         <input_file_ref idref="fl-2"/>
      </object_component>
      <object_component id="oc-d9">
         <name>AdccRegsFile</name>
         <uninitialized>true</uninitialized>
         <run_address>0x7500</run_address>
         <size>0x80</size>
         <input_file_ref idref="fl-2"/>
      </object_component>
      <object_component id="oc-d7">
         <name>AdcdRegsFile</name>
         <uninitialized>true</uninitialized>
         <run_address>0x7580</run_address>
         <size>0x80</size>
         <input_file_ref idref="fl-2"/>
      </object_component>
      <object_component id="oc-d1">
         <name>AnalogSubsysRegsFile</name>
         <uninitialized>true</uninitialized>
         <run_address>0x5d180</run_address>
         <size>0x48</size>
         <input_file_ref idref="fl-2"/>
      </object_component>
      <object_component id="oc-ed">
         <name>CanaRegsFile</name>
         <uninitialized>true</uninitialized>
         <run_address>0x48000</run_address>
         <size>0x164</size>
         <input_file_ref idref="fl-2"/>
      </object_component>
      <object_component id="oc-ec">
         <name>CanbRegsFile</name>
         <uninitialized>true</uninitialized>
         <run_address>0x4a000</run_address>
         <size>0x164</size>
         <input_file_ref idref="fl-2"/>
      </object_component>
      <object_component id="oc-cc">
         <name>Cla1RegsFile</name>
         <uninitialized>true</uninitialized>
         <run_address>0x1400</run_address>
         <size>0x3e</size>
         <input_file_ref idref="fl-2"/>
      </object_component>
      <object_component id="oc-91">
         <name>Cla1SoftIntRegsFile</name>
         <uninitialized>true</uninitialized>
         <run_address>0xce0</run_address>
         <size>0x4</size>
         <input_file_ref idref="fl-2"/>
      </object_component>
      <object_component id="oc-b7">
         <name>Cmpss1RegsFile</name>
         <uninitialized>true</uninitialized>
         <run_address>0x5c80</run_address>
         <size>0x20</size>
         <input_file_ref idref="fl-2"/>
      </object_component>
      <object_component id="oc-b8">
         <name>Cmpss2RegsFile</name>
         <uninitialized>true</uninitialized>
         <run_address>0x5ca0</run_address>
         <size>0x20</size>
         <input_file_ref idref="fl-2"/>
      </object_component>
      <object_component id="oc-b5">
         <name>Cmpss3RegsFile</name>
         <uninitialized>true</uninitialized>
         <run_address>0x5cc0</run_address>
         <size>0x20</size>
         <input_file_ref idref="fl-2"/>
      </object_component>
      <object_component id="oc-b6">
         <name>Cmpss4RegsFile</name>
         <uninitialized>true</uninitialized>
         <run_address>0x5ce0</run_address>
         <size>0x20</size>
         <input_file_ref idref="fl-2"/>
      </object_component>
      <object_component id="oc-bb">
         <name>Cmpss5RegsFile</name>
         <uninitialized>true</uninitialized>
         <run_address>0x5d00</run_address>
         <size>0x20</size>
         <input_file_ref idref="fl-2"/>
      </object_component>
      <object_component id="oc-bc">
         <name>Cmpss6RegsFile</name>
         <uninitialized>true</uninitialized>
         <run_address>0x5d20</run_address>
         <size>0x20</size>
         <input_file_ref idref="fl-2"/>
      </object_component>
      <object_component id="oc-b9">
         <name>Cmpss7RegsFile</name>
         <uninitialized>true</uninitialized>
         <run_address>0x5d40</run_address>
         <size>0x20</size>
         <input_file_ref idref="fl-2"/>
      </object_component>
      <object_component id="oc-ba">
         <name>Cmpss8RegsFile</name>
         <uninitialized>true</uninitialized>
         <run_address>0x5d60</run_address>
         <size>0x20</size>
         <input_file_ref idref="fl-2"/>
      </object_component>
      <object_component id="oc-95">
         <name>CpuTimer0RegsFile</name>
         <uninitialized>true</uninitialized>
         <run_address>0xc00</run_address>
         <size>0x8</size>
         <input_file_ref idref="fl-2"/>
      </object_component>
      <object_component id="oc-94">
         <name>CpuTimer1RegsFile</name>
         <uninitialized>true</uninitialized>
         <run_address>0xc08</run_address>
         <size>0x8</size>
         <input_file_ref idref="fl-2"/>
      </object_component>
      <object_component id="oc-97">
         <name>CpuTimer2RegsFile</name>
         <uninitialized>true</uninitialized>
         <run_address>0xc10</run_address>
         <size>0x8</size>
         <input_file_ref idref="fl-2"/>
      </object_component>
      <object_component id="oc-99">
         <name>DacaRegsFile</name>
         <uninitialized>true</uninitialized>
         <run_address>0x5c00</run_address>
         <size>0x8</size>
         <input_file_ref idref="fl-2"/>
      </object_component>
      <object_component id="oc-9a">
         <name>DacbRegsFile</name>
         <uninitialized>true</uninitialized>
         <run_address>0x5c10</run_address>
         <size>0x8</size>
         <input_file_ref idref="fl-2"/>
      </object_component>
      <object_component id="oc-98">
         <name>DaccRegsFile</name>
         <uninitialized>true</uninitialized>
         <run_address>0x5c20</run_address>
         <size>0x8</size>
         <input_file_ref idref="fl-2"/>
      </object_component>
      <object_component id="oc-c4">
         <name>DcsmZ1RegsFile</name>
         <uninitialized>true</uninitialized>
         <run_address>0x5f000</run_address>
         <size>0x24</size>
         <input_file_ref idref="fl-2"/>
      </object_component>
      <object_component id="oc-c2">
         <name>DcsmZ2RegsFile</name>
         <uninitialized>true</uninitialized>
         <run_address>0x5f040</run_address>
         <size>0x24</size>
         <input_file_ref idref="fl-2"/>
      </object_component>
      <object_component id="oc-96">
         <name>DcsmCommonRegsFile</name>
         <uninitialized>true</uninitialized>
         <run_address>0x5f070</run_address>
         <size>0x8</size>
         <input_file_ref idref="fl-2"/>
      </object_component>
      <object_component id="oc-af">
         <name>DcsmZ1OtpFile</name>
         <uninitialized>true</uninitialized>
         <run_address>0x78000</run_address>
         <size>0x20</size>
         <input_file_ref idref="fl-2"/>
      </object_component>
      <object_component id="oc-b0">
         <name>DcsmZ2OtpFile</name>
         <uninitialized>true</uninitialized>
         <run_address>0x78200</run_address>
         <size>0x20</size>
         <input_file_ref idref="fl-2"/>
      </object_component>
      <object_component id="oc-de">
         <name>DmaRegsFile</name>
         <uninitialized>true</uninitialized>
         <run_address>0x1000</run_address>
         <size>0xe0</size>
         <input_file_ref idref="fl-2"/>
      </object_component>
      <object_component id="oc-a7">
         <name>DmaClaSrcSelRegsFile</name>
         <uninitialized>true</uninitialized>
         <run_address>0x7980</run_address>
         <size>0x1a</size>
         <input_file_ref idref="fl-2"/>
      </object_component>
      <object_component id="oc-ad">
         <name>ECap1RegsFile</name>
         <uninitialized>true</uninitialized>
         <run_address>0x5000</run_address>
         <size>0x20</size>
         <input_file_ref idref="fl-2"/>
      </object_component>
      <object_component id="oc-ae">
         <name>ECap2RegsFile</name>
         <uninitialized>true</uninitialized>
         <run_address>0x5020</run_address>
         <size>0x20</size>
         <input_file_ref idref="fl-2"/>
      </object_component>
      <object_component id="oc-b3">
         <name>ECap3RegsFile</name>
         <uninitialized>true</uninitialized>
         <run_address>0x5040</run_address>
         <size>0x20</size>
         <input_file_ref idref="fl-2"/>
      </object_component>
      <object_component id="oc-b4">
         <name>ECap4RegsFile</name>
         <uninitialized>true</uninitialized>
         <run_address>0x5060</run_address>
         <size>0x20</size>
         <input_file_ref idref="fl-2"/>
      </object_component>
      <object_component id="oc-b1">
         <name>ECap5RegsFile</name>
         <uninitialized>true</uninitialized>
         <run_address>0x5080</run_address>
         <size>0x20</size>
         <input_file_ref idref="fl-2"/>
      </object_component>
      <object_component id="oc-b2">
         <name>ECap6RegsFile</name>
         <uninitialized>true</uninitialized>
         <run_address>0x50a0</run_address>
         <size>0x20</size>
         <input_file_ref idref="fl-2"/>
      </object_component>
      <object_component id="oc-d3">
         <name>Emif1RegsFile</name>
         <uninitialized>true</uninitialized>
         <run_address>0x47000</run_address>
         <size>0x70</size>
         <input_file_ref idref="fl-2"/>
      </object_component>
      <object_component id="oc-d4">
         <name>Emif2RegsFile</name>
         <uninitialized>true</uninitialized>
         <run_address>0x47800</run_address>
         <size>0x70</size>
         <input_file_ref idref="fl-2"/>
      </object_component>
      <object_component id="oc-e2">
         <name>EPwm1RegsFile</name>
         <uninitialized>true</uninitialized>
         <run_address>0x4000</run_address>
         <size>0x100</size>
         <input_file_ref idref="fl-2"/>
      </object_component>
      <object_component id="oc-e4">
         <name>EPwm2RegsFile</name>
         <uninitialized>true</uninitialized>
         <run_address>0x4100</run_address>
         <size>0x100</size>
         <input_file_ref idref="fl-2"/>
      </object_component>
      <object_component id="oc-e1">
         <name>EPwm3RegsFile</name>
         <uninitialized>true</uninitialized>
         <run_address>0x4200</run_address>
         <size>0x100</size>
         <input_file_ref idref="fl-2"/>
      </object_component>
      <object_component id="oc-df">
         <name>EPwm4RegsFile</name>
         <uninitialized>true</uninitialized>
         <run_address>0x4300</run_address>
         <size>0x100</size>
         <input_file_ref idref="fl-2"/>
      </object_component>
      <object_component id="oc-e7">
         <name>EPwm5RegsFile</name>
         <uninitialized>true</uninitialized>
         <run_address>0x4400</run_address>
         <size>0x100</size>
         <input_file_ref idref="fl-2"/>
      </object_component>
      <object_component id="oc-e8">
         <name>EPwm6RegsFile</name>
         <uninitialized>true</uninitialized>
         <run_address>0x4500</run_address>
         <size>0x100</size>
         <input_file_ref idref="fl-2"/>
      </object_component>
      <object_component id="oc-e6">
         <name>EPwm7RegsFile</name>
         <uninitialized>true</uninitialized>
         <run_address>0x4600</run_address>
         <size>0x100</size>
         <input_file_ref idref="fl-2"/>
      </object_component>
      <object_component id="oc-e5">
         <name>EPwm8RegsFile</name>
         <uninitialized>true</uninitialized>
         <run_address>0x4700</run_address>
         <size>0x100</size>
         <input_file_ref idref="fl-2"/>
      </object_component>
      <object_component id="oc-e9">
         <name>EPwm9RegsFile</name>
         <uninitialized>true</uninitialized>
         <run_address>0x4800</run_address>
         <size>0x100</size>
         <input_file_ref idref="fl-2"/>
      </object_component>
      <object_component id="oc-ea">
         <name>EPwm10RegsFile</name>
         <uninitialized>true</uninitialized>
         <run_address>0x4900</run_address>
         <size>0x100</size>
         <input_file_ref idref="fl-2"/>
      </object_component>
      <object_component id="oc-e3">
         <name>EPwm11RegsFile</name>
         <uninitialized>true</uninitialized>
         <run_address>0x4a00</run_address>
         <size>0x100</size>
         <input_file_ref idref="fl-2"/>
      </object_component>
      <object_component id="oc-e0">
         <name>EPwm12RegsFile</name>
         <uninitialized>true</uninitialized>
         <run_address>0x4b00</run_address>
         <size>0x100</size>
         <input_file_ref idref="fl-2"/>
      </object_component>
      <object_component id="oc-d0">
         <name>EPwmXbarRegsFile</name>
         <uninitialized>true</uninitialized>
         <run_address>0x7a00</run_address>
         <size>0x40</size>
         <input_file_ref idref="fl-2"/>
      </object_component>
      <object_component id="oc-be">
         <name>EQep1RegsFile</name>
         <uninitialized>true</uninitialized>
         <run_address>0x5100</run_address>
         <size>0x22</size>
         <input_file_ref idref="fl-2"/>
      </object_component>
      <object_component id="oc-bf">
         <name>EQep2RegsFile</name>
         <uninitialized>true</uninitialized>
         <run_address>0x5140</run_address>
         <size>0x22</size>
         <input_file_ref idref="fl-2"/>
      </object_component>
      <object_component id="oc-bd">
         <name>EQep3RegsFile</name>
         <uninitialized>true</uninitialized>
         <run_address>0x5180</run_address>
         <size>0x22</size>
         <input_file_ref idref="fl-2"/>
      </object_component>
      <object_component id="oc-ef">
         <name>Flash0CtrlRegsFile</name>
         <uninitialized>true</uninitialized>
         <run_address>0x5f800</run_address>
         <size>0x182</size>
         <input_file_ref idref="fl-2"/>
      </object_component>
      <object_component id="oc-c7">
         <name>Flash0EccRegsFile</name>
         <uninitialized>true</uninitialized>
         <run_address>0x5fb00</run_address>
         <size>0x28</size>
         <input_file_ref idref="fl-2"/>
      </object_component>
      <object_component id="oc-ee">
         <name>GpioCtrlRegsFile</name>
         <uninitialized>true</uninitialized>
         <run_address>0x7c00</run_address>
         <size>0x180</size>
         <input_file_ref idref="fl-2"/>
      </object_component>
      <object_component id="oc-ca">
         <name>GpioDataRegsFile</name>
         <uninitialized>true</uninitialized>
         <run_address>0x7f00</run_address>
         <size>0x30</size>
         <input_file_ref idref="fl-2"/>
      </object_component>
      <object_component id="oc-ce">
         <name>OutputXbarRegsFile</name>
         <uninitialized>true</uninitialized>
         <run_address>0x7a80</run_address>
         <size>0x40</size>
         <input_file_ref idref="fl-2"/>
      </object_component>
      <object_component id="oc-c1">
         <name>I2caRegsFile</name>
         <uninitialized>true</uninitialized>
         <run_address>0x7300</run_address>
         <size>0x22</size>
         <input_file_ref idref="fl-2"/>
      </object_component>
      <object_component id="oc-c0">
         <name>I2cbRegsFile</name>
         <uninitialized>true</uninitialized>
         <run_address>0x7340</run_address>
         <size>0x22</size>
         <input_file_ref idref="fl-2"/>
      </object_component>
      <object_component id="oc-aa">
         <name>InputXbarRegsFile</name>
         <uninitialized>true</uninitialized>
         <run_address>0x7900</run_address>
         <size>0x20</size>
         <input_file_ref idref="fl-2"/>
      </object_component>
      <object_component id="oc-a9">
         <name>XbarRegsFile</name>
         <uninitialized>true</uninitialized>
         <run_address>0x7920</run_address>
         <size>0x20</size>
         <input_file_ref idref="fl-2"/>
      </object_component>
      <object_component id="oc-c5">
         <name>IpcRegsFile</name>
         <uninitialized>true</uninitialized>
         <run_address>0x50000</run_address>
         <size>0x24</size>
         <input_file_ref idref="fl-2"/>
      </object_component>
      <object_component id="oc-8f">
         <name>FlashPumpSemaphoreRegsFile</name>
         <uninitialized>true</uninitialized>
         <run_address>0x50024</run_address>
         <size>0x2</size>
         <input_file_ref idref="fl-2"/>
      </object_component>
      <object_component id="oc-8e">
         <name>RomPrefetchRegsFile</name>
         <uninitialized>true</uninitialized>
         <run_address>0x5e608</run_address>
         <size>0x2</size>
         <input_file_ref idref="fl-2"/>
      </object_component>
      <object_component id="oc-db">
         <name>MemCfgRegsFile</name>
         <uninitialized>true</uninitialized>
         <run_address>0x5f400</run_address>
         <size>0x80</size>
         <input_file_ref idref="fl-2"/>
      </object_component>
      <object_component id="oc-ab">
         <name>Emif1ConfigRegsFile</name>
         <uninitialized>true</uninitialized>
         <run_address>0x5f480</run_address>
         <size>0x20</size>
         <input_file_ref idref="fl-2"/>
      </object_component>
      <object_component id="oc-ac">
         <name>Emif2ConfigRegsFile</name>
         <uninitialized>true</uninitialized>
         <run_address>0x5f4a0</run_address>
         <size>0x20</size>
         <input_file_ref idref="fl-2"/>
      </object_component>
      <object_component id="oc-cd">
         <name>AccessProtectionRegsFile</name>
         <uninitialized>true</uninitialized>
         <run_address>0x5f4c0</run_address>
         <size>0x40</size>
         <input_file_ref idref="fl-2"/>
      </object_component>
      <object_component id="oc-cf">
         <name>MemoryErrorRegsFile</name>
         <uninitialized>true</uninitialized>
         <run_address>0x5f500</run_address>
         <size>0x40</size>
         <input_file_ref idref="fl-2"/>
      </object_component>
      <object_component id="oc-90">
         <name>RomWaitStateRegsFile</name>
         <uninitialized>true</uninitialized>
         <run_address>0x5f540</run_address>
         <size>0x2</size>
         <input_file_ref idref="fl-2"/>
      </object_component>
      <object_component id="oc-c6">
         <name>McbspaRegsFile</name>
         <uninitialized>true</uninitialized>
         <run_address>0x6000</run_address>
         <size>0x24</size>
         <input_file_ref idref="fl-2"/>
      </object_component>
      <object_component id="oc-c3">
         <name>McbspbRegsFile</name>
         <uninitialized>true</uninitialized>
         <run_address>0x6040</run_address>
         <size>0x24</size>
         <input_file_ref idref="fl-2"/>
      </object_component>
      <object_component id="oc-d2">
         <name>UppRegsFile</name>
         <uninitialized>true</uninitialized>
         <run_address>0x6200</run_address>
         <size>0x48</size>
         <input_file_ref idref="fl-2"/>
      </object_component>
      <object_component id="oc-93">
         <name>NmiIntruptRegsFile</name>
         <uninitialized>true</uninitialized>
         <run_address>0x7060</run_address>
         <size>0x7</size>
         <input_file_ref idref="fl-2"/>
      </object_component>
      <object_component id="oc-a8">
         <name>PieCtrlRegsFile</name>
         <uninitialized>true</uninitialized>
         <run_address>0xce0</run_address>
         <size>0x1a</size>
         <input_file_ref idref="fl-2"/>
      </object_component>
      <object_component id="oc-9d">
         <name>SciaRegsFile</name>
         <uninitialized>true</uninitialized>
         <run_address>0x7200</run_address>
         <size>0x10</size>
         <input_file_ref idref="fl-2"/>
      </object_component>
      <object_component id="oc-9e">
         <name>ScibRegsFile</name>
         <uninitialized>true</uninitialized>
         <run_address>0x7210</run_address>
         <size>0x10</size>
         <input_file_ref idref="fl-2"/>
      </object_component>
      <object_component id="oc-9c">
         <name>ScicRegsFile</name>
         <uninitialized>true</uninitialized>
         <run_address>0x7220</run_address>
         <size>0x10</size>
         <input_file_ref idref="fl-2"/>
      </object_component>
      <object_component id="oc-a1">
         <name>ScidRegsFile</name>
         <uninitialized>true</uninitialized>
         <run_address>0x7230</run_address>
         <size>0x10</size>
         <input_file_ref idref="fl-2"/>
      </object_component>
      <object_component id="oc-da">
         <name>Sdfm1RegsFile</name>
         <uninitialized>true</uninitialized>
         <run_address>0x5e00</run_address>
         <size>0x80</size>
         <input_file_ref idref="fl-2"/>
      </object_component>
      <object_component id="oc-dc">
         <name>Sdfm2RegsFile</name>
         <uninitialized>true</uninitialized>
         <run_address>0x5e80</run_address>
         <size>0x80</size>
         <input_file_ref idref="fl-2"/>
      </object_component>
      <object_component id="oc-9f">
         <name>SpiaRegsFile</name>
         <uninitialized>true</uninitialized>
         <run_address>0x6100</run_address>
         <size>0x10</size>
         <input_file_ref idref="fl-2"/>
      </object_component>
      <object_component id="oc-a0">
         <name>SpibRegsFile</name>
         <uninitialized>true</uninitialized>
         <run_address>0x6110</run_address>
         <size>0x10</size>
         <input_file_ref idref="fl-2"/>
      </object_component>
      <object_component id="oc-a2">
         <name>SpicRegsFile</name>
         <uninitialized>true</uninitialized>
         <run_address>0x6120</run_address>
         <size>0x10</size>
         <input_file_ref idref="fl-2"/>
      </object_component>
      <object_component id="oc-eb">
         <name>DevCfgRegsFile</name>
         <uninitialized>true</uninitialized>
         <run_address>0x5d000</run_address>
         <size>0x12e</size>
         <input_file_ref idref="fl-2"/>
      </object_component>
      <object_component id="oc-cb">
         <name>ClkCfgRegsFile</name>
         <uninitialized>true</uninitialized>
         <run_address>0x5d200</run_address>
         <size>0x32</size>
         <input_file_ref idref="fl-2"/>
      </object_component>
      <object_component id="oc-dd">
         <name>CpuSysRegsFile</name>
         <uninitialized>true</uninitialized>
         <run_address>0x5d300</run_address>
         <size>0x82</size>
         <input_file_ref idref="fl-2"/>
      </object_component>
      <object_component id="oc-92">
         <name>SyncSocRegsFile</name>
         <uninitialized>true</uninitialized>
         <run_address>0x7940</run_address>
         <size>0x6</size>
         <input_file_ref idref="fl-2"/>
      </object_component>
      <object_component id="oc-c8">
         <name>WdRegsFile</name>
         <uninitialized>true</uninitialized>
         <run_address>0x7000</run_address>
         <size>0x2b</size>
         <input_file_ref idref="fl-2"/>
      </object_component>
      <object_component id="oc-9b">
         <name>XintRegsFile</name>
         <uninitialized>true</uninitialized>
         <run_address>0x7070</run_address>
         <size>0xb</size>
         <input_file_ref idref="fl-2"/>
      </object_component>
      <object_component id="oc-89">
         <name>.cinit</name>
         <load_address>0x89434</load_address>
         <run_address>0x89434</run_address>
         <size>0x23</size>
         <input_file_ref idref="fl-2"/>
      </object_component>
      <object_component id="oc-10d">
         <name>.cinit</name>
         <load_address>0x89457</load_address>
         <run_address>0x89457</run_address>
         <size>0xe</size>
         <input_file_ref idref="fl-18"/>
      </object_component>
      <object_component id="oc-163">
         <name>.cinit</name>
         <load_address>0x89465</load_address>
         <run_address>0x89465</run_address>
         <size>0x8</size>
         <input_file_ref idref="fl-28"/>
      </object_component>
      <object_component id="oc-179">
         <name>.cinit:__lock</name>
         <load_address>0x8946d</load_address>
         <run_address>0x8946d</run_address>
         <size>0x5</size>
         <input_file_ref idref="fl-26"/>
      </object_component>
      <object_component id="oc-19e">
         <name>.cinit:__unlock</name>
         <load_address>0x89472</load_address>
         <run_address>0x89472</run_address>
         <size>0x5</size>
         <input_file_ref idref="fl-26"/>
      </object_component>
      <object_component id="oc-144">
         <name>.cinit</name>
         <load_address>0x89477</load_address>
         <run_address>0x89477</run_address>
         <size>0x5</size>
         <input_file_ref idref="fl-22"/>
      </object_component>
      <object_component id="oc-155">
         <name>.cinit</name>
         <load_address>0x8947c</load_address>
         <run_address>0x8947c</run_address>
         <size>0x5</size>
         <input_file_ref idref="fl-25"/>
      </object_component>
      <object_component id="oc-123">
         <name>.cinit</name>
         <load_address>0x89481</load_address>
         <run_address>0x89481</run_address>
         <size>0x4</size>
         <input_file_ref idref="fl-1c"/>
      </object_component>
      <object_component id="oc-f5">
         <name>.pinit</name>
         <load_address>0x89488</load_address>
         <run_address>0x89488</run_address>
         <size>0x2</size>
         <input_file_ref idref="fl-2"/>
      </object_component>
      <object_component id="oc-173">
         <name>.text</name>
         <load_address>0x80002</load_address>
         <run_address>0x80002</run_address>
         <size>0x787d</size>
         <input_file_ref idref="fl-2"/>
      </object_component>
      <object_component id="oc-19f">
         <name>.text</name>
         <load_address>0x8787f</load_address>
         <run_address>0x8787f</run_address>
         <size>0x1d2</size>
         <input_file_ref idref="fl-1c"/>
      </object_component>
      <object_component id="oc-f6">
         <name>.text:retain</name>
         <load_address>0x87a51</load_address>
         <run_address>0x87a51</run_address>
         <size>0xed</size>
         <input_file_ref idref="fl-2"/>
      </object_component>
      <object_component id="oc-86">
         <name>.text</name>
         <load_address>0x87b3e</load_address>
         <run_address>0x87b3e</run_address>
         <size>0x56</size>
         <input_file_ref idref="fl-15"/>
      </object_component>
      <object_component id="oc-118">
         <name>.text</name>
         <load_address>0x87b94</load_address>
         <run_address>0x87b94</run_address>
         <size>0x2a</size>
         <input_file_ref idref="fl-1a"/>
      </object_component>
      <object_component id="oc-172">
         <name>.text</name>
         <load_address>0x87bbe</load_address>
         <run_address>0x87bbe</run_address>
         <size>0x29</size>
         <input_file_ref idref="fl-18"/>
      </object_component>
      <object_component id="oc-195">
         <name>.text</name>
         <load_address>0x87be7</load_address>
         <run_address>0x87be7</run_address>
         <size>0x27</size>
         <input_file_ref idref="fl-22"/>
      </object_component>
      <object_component id="oc-16f">
         <name>.text</name>
         <load_address>0x87c0e</load_address>
         <run_address>0x87c0e</run_address>
         <size>0x24</size>
         <input_file_ref idref="fl-16"/>
      </object_component>
      <object_component id="oc-113">
         <name>.text</name>
         <load_address>0x87c32</load_address>
         <run_address>0x87c32</run_address>
         <size>0x22</size>
         <input_file_ref idref="fl-19"/>
      </object_component>
      <object_component id="oc-196">
         <name>.text</name>
         <load_address>0x87c54</load_address>
         <run_address>0x87c54</run_address>
         <size>0x20</size>
         <input_file_ref idref="fl-1e"/>
      </object_component>
      <object_component id="oc-177">
         <name>.text</name>
         <load_address>0x87c74</load_address>
         <run_address>0x87c74</run_address>
         <size>0x1e</size>
         <input_file_ref idref="fl-1b"/>
      </object_component>
      <object_component id="oc-171">
         <name>.text</name>
         <load_address>0x87c92</load_address>
         <run_address>0x87c92</run_address>
         <size>0x19</size>
         <input_file_ref idref="fl-27"/>
      </object_component>
      <object_component id="oc-197">
         <name>.text</name>
         <load_address>0x87cab</load_address>
         <run_address>0x87cab</run_address>
         <size>0xc</size>
         <input_file_ref idref="fl-1d"/>
      </object_component>
      <object_component id="oc-14f">
         <name>.text</name>
         <load_address>0x87cb7</load_address>
         <run_address>0x87cb7</run_address>
         <size>0xb</size>
         <input_file_ref idref="fl-24"/>
      </object_component>
      <object_component id="oc-19d">
         <name>.text</name>
         <load_address>0x87cc2</load_address>
         <run_address>0x87cc2</run_address>
         <size>0x9</size>
         <input_file_ref idref="fl-26"/>
      </object_component>
      <object_component id="oc-17b">
         <name>.text</name>
         <load_address>0x87ccb</load_address>
         <run_address>0x87ccb</run_address>
         <size>0x5</size>
         <input_file_ref idref="fl-17"/>
      </object_component>
      <object_component id="oc-16e">
         <name>.text</name>
         <load_address>0x87cd0</load_address>
         <run_address>0x87cd0</run_address>
         <size>0x2</size>
         <input_file_ref idref="fl-20"/>
      </object_component>
      <object_component id="oc-1a0">
         <name>.text</name>
         <load_address>0x87cd2</load_address>
         <run_address>0x87cd2</run_address>
         <size>0x1</size>
         <input_file_ref idref="fl-1f"/>
      </object_component>
      <object_component id="oc-170">
         <name>.text</name>
         <load_address>0x87cd3</load_address>
         <run_address>0x87cd3</run_address>
         <size>0x1</size>
         <input_file_ref idref="fl-23"/>
      </object_component>
      <object_component id="oc-f2">
         <name>codestart</name>
         <load_address>0x8948c</load_address>
         <run_address>0x8948c</run_address>
         <size>0x2</size>
         <input_file_ref idref="fl-2"/>
      </object_component>
      <object_component id="oc-193">
         <name>ramfuncs</name>
         <load_address>0x89390</load_address>
         <run_address>0x9c44</run_address>
         <size>0x34</size>
         <input_file_ref idref="fl-2"/>
      </object_component>
      <object_component id="oc-fc">
         <name>.stack</name>
         <uninitialized>true</uninitialized>
         <run_address>0x122</run_address>
         <size>0x0</size>
         <input_file_ref idref="fl-15"/>
      </object_component>
      <object_component id="oc-242">
         <name>.stack</name>
         <uninitialized>true</uninitialized>
         <run_address>0x122</run_address>
         <size>0x0</size>
      </object_component>
      <object_component id="oc-8a">
         <name>.ebss</name>
         <uninitialized>true</uninitialized>
         <run_address>0x8000</run_address>
         <size>0x1b2e</size>
         <input_file_ref idref="fl-2"/>
      </object_component>
      <object_component id="oc-10e">
         <name>.ebss</name>
         <uninitialized>true</uninitialized>
         <run_address>0x9b36</run_address>
         <size>0x6</size>
         <input_file_ref idref="fl-18"/>
      </object_component>
      <object_component id="oc-125">
         <name>.ebss</name>
         <uninitialized>true</uninitialized>
         <run_address>0x9b2e</run_address>
         <size>0x8</size>
         <input_file_ref idref="fl-1c"/>
      </object_component>
      <object_component id="oc-145">
         <name>.ebss</name>
         <uninitialized>true</uninitialized>
         <run_address>0x9c40</run_address>
         <size>0x2</size>
         <input_file_ref idref="fl-22"/>
      </object_component>
      <object_component id="oc-156">
         <name>.ebss</name>
         <uninitialized>true</uninitialized>
         <run_address>0x9c42</run_address>
         <size>0x2</size>
         <input_file_ref idref="fl-25"/>
      </object_component>
      <object_component id="oc-1a1">
         <name>.ebss:__unlock</name>
         <uninitialized>true</uninitialized>
         <run_address>0x9b3e</run_address>
         <size>0x2</size>
         <input_file_ref idref="fl-26"/>
      </object_component>
      <object_component id="oc-178">
         <name>.ebss:__lock</name>
         <uninitialized>true</uninitialized>
         <run_address>0x9b3c</run_address>
         <size>0x2</size>
         <input_file_ref idref="fl-26"/>
      </object_component>
      <object_component id="oc-164">
         <name>.ebss</name>
         <uninitialized>true</uninitialized>
         <run_address>0x9b40</run_address>
         <size>0x100</size>
         <input_file_ref idref="fl-28"/>
      </object_component>
      <object_component id="oc-124">
         <name>.esysmem</name>
         <uninitialized>true</uninitialized>
         <run_address>0x9c78</run_address>
         <size>0x1</size>
         <input_file_ref idref="fl-1c"/>
      </object_component>
      <object_component id="oc-243">
         <name>.esysmem</name>
         <uninitialized>true</uninitialized>
         <run_address>0x9c78</run_address>
         <size>0x0</size>
      </object_component>
      <object_component id="oc-199">
         <name>.econst:_iVbusInvTab</name>
         <load_address>0x87cd4</load_address>
         <run_address>0x87cd4</run_address>
         <size>0x7d0</size>
         <input_file_ref idref="fl-2"/>
      </object_component>
      <object_component id="oc-19c">
         <name>.econst:_sqrtTab</name>
         <load_address>0x884a4</load_address>
         <run_address>0x884a4</run_address>
         <size>0x402</size>
         <input_file_ref idref="fl-2"/>
      </object_component>
      <object_component id="oc-17a">
         <name>.econst:_PieVectTableInit</name>
         <load_address>0x888a6</load_address>
         <run_address>0x888a6</run_address>
         <size>0x1c0</size>
         <input_file_ref idref="fl-2"/>
      </object_component>
      <object_component id="oc-191">
         <name>.econst:_Fbp50HzTable</name>
         <load_address>0x88a66</load_address>
         <run_address>0x88a66</run_address>
         <size>0x19e</size>
         <input_file_ref idref="fl-2"/>
      </object_component>
      <object_component id="oc-192">
         <name>.econst:_Fbp60HzTable</name>
         <load_address>0x88c04</load_address>
         <run_address>0x88c04</run_address>
         <size>0x19e</size>
         <input_file_ref idref="fl-2"/>
      </object_component>
      <object_component id="oc-198">
         <name>.econst:_sintab</name>
         <load_address>0x88da2</load_address>
         <run_address>0x88da2</run_address>
         <size>0x169</size>
         <input_file_ref idref="fl-2"/>
      </object_component>
      <object_component id="oc-190">
         <name>.econst:_VbpRangeTable</name>
         <load_address>0x88f0b</load_address>
         <run_address>0x88f0b</run_address>
         <size>0x159</size>
         <input_file_ref idref="fl-2"/>
      </object_component>
      <object_component id="oc-185">
         <name>.econst:_CfgFromMonObjs</name>
         <load_address>0x89064</load_address>
         <run_address>0x89064</run_address>
         <size>0xb8</size>
         <input_file_ref idref="fl-2"/>
      </object_component>
      <object_component id="oc-182">
         <name>.econst:_CanCtrlMsgObjs</name>
         <load_address>0x8911c</load_address>
         <run_address>0x8911c</run_address>
         <size>0x8a</size>
         <input_file_ref idref="fl-2"/>
      </object_component>
      <object_component id="oc-18a">
         <name>.econst:_AlarmEventIdObj</name>
         <load_address>0x891a6</load_address>
         <run_address>0x891a6</run_address>
         <size>0x60</size>
         <input_file_ref idref="fl-2"/>
      </object_component>
      <object_component id="oc-18c">
         <name>.econst:_BypAlarmEventIdObj</name>
         <load_address>0x89206</load_address>
         <run_address>0x89206</run_address>
         <size>0x3c</size>
         <input_file_ref idref="fl-2"/>
      </object_component>
      <object_component id="oc-183">
         <name>.econst:_CanAnlogMsgObjs</name>
         <load_address>0x89242</load_address>
         <run_address>0x89242</run_address>
         <size>0x38</size>
         <input_file_ref idref="fl-2"/>
      </object_component>
      <object_component id="oc-184">
         <name>.econst:_BypCanAnlogMsgObjs</name>
         <load_address>0x8927a</load_address>
         <run_address>0x8927a</run_address>
         <size>0x30</size>
         <input_file_ref idref="fl-2"/>
      </object_component>
      <object_component id="oc-18b">
         <name>.econst:_BypStateEventIdObj</name>
         <load_address>0x892aa</load_address>
         <run_address>0x892aa</run_address>
         <size>0x1c</size>
         <input_file_ref idref="fl-2"/>
      </object_component>
      <object_component id="oc-19b">
         <name>.econst:_BpCurrentTable</name>
         <load_address>0x892c6</load_address>
         <run_address>0x892c6</run_address>
         <size>0x17</size>
         <input_file_ref idref="fl-2"/>
      </object_component>
      <object_component id="oc-18e">
         <name>.econst:_InvLoadTable</name>
         <load_address>0x892dd</load_address>
         <run_address>0x892dd</run_address>
         <size>0x17</size>
         <input_file_ref idref="fl-2"/>
      </object_component>
      <object_component id="oc-18f">
         <name>.econst:_OutLoadTable</name>
         <load_address>0x892f4</load_address>
         <run_address>0x892f4</run_address>
         <size>0x17</size>
         <input_file_ref idref="fl-2"/>
      </object_component>
      <object_component id="oc-8d">
         <name>.econst</name>
         <load_address>0x8930c</load_address>
         <run_address>0x8930c</run_address>
         <size>0x16</size>
         <input_file_ref idref="fl-2"/>
      </object_component>
      <object_component id="oc-187">
         <name>.econst:_CanAnlogRecvMsgObjs</name>
         <load_address>0x89322</load_address>
         <run_address>0x89322</run_address>
         <size>0x14</size>
         <input_file_ref idref="fl-2"/>
      </object_component>
      <object_component id="oc-186">
         <name>.econst:_CfgToMonObjs</name>
         <load_address>0x89336</load_address>
         <run_address>0x89336</run_address>
         <size>0x14</size>
         <input_file_ref idref="fl-2"/>
      </object_component>
      <object_component id="oc-18d">
         <name>.econst:_uInvSetMsgBitSet</name>
         <load_address>0x8934a</load_address>
         <run_address>0x8934a</run_address>
         <size>0x10</size>
         <input_file_ref idref="fl-2"/>
      </object_component>
      <object_component id="oc-189">
         <name>.econst:_StateEventIdObj</name>
         <load_address>0x8935a</load_address>
         <run_address>0x8935a</run_address>
         <size>0xc</size>
         <input_file_ref idref="fl-2"/>
      </object_component>
      <object_component id="oc-194">
         <name>.econst:___vtbl__14ProtocolSubCmd</name>
         <load_address>0x89366</load_address>
         <run_address>0x89366</run_address>
         <size>0xc</size>
         <input_file_ref idref="fl-2"/>
      </object_component>
      <object_component id="oc-17c">
         <name>.econst:_g_ui16CANBitValues</name>
         <load_address>0x89372</load_address>
         <run_address>0x89372</run_address>
         <size>0x9</size>
         <input_file_ref idref="fl-2"/>
      </object_component>
      <object_component id="oc-17d">
         <name>.econst:_$P$T0</name>
         <load_address>0x8937c</load_address>
         <run_address>0x8937c</run_address>
         <size>0x4</size>
         <input_file_ref idref="fl-2"/>
      </object_component>
      <object_component id="oc-17e">
         <name>.econst:_$P$T1</name>
         <load_address>0x89380</load_address>
         <run_address>0x89380</run_address>
         <size>0x4</size>
         <input_file_ref idref="fl-2"/>
      </object_component>
      <object_component id="oc-17f">
         <name>.econst:_$P$T2</name>
         <load_address>0x89384</load_address>
         <run_address>0x89384</run_address>
         <size>0x4</size>
         <input_file_ref idref="fl-2"/>
      </object_component>
      <object_component id="oc-180">
         <name>.econst:_$P$T3</name>
         <load_address>0x89388</load_address>
         <run_address>0x89388</run_address>
         <size>0x4</size>
         <input_file_ref idref="fl-2"/>
      </object_component>
      <object_component id="oc-181">
         <name>.econst:_$P$T4</name>
         <load_address>0x8938c</load_address>
         <run_address>0x8938c</run_address>
         <size>0x4</size>
         <input_file_ref idref="fl-2"/>
      </object_component>
      <object_component id="oc-19a">
         <name>.switch:_App_DebugInf__11Class_DebugFv</name>
         <load_address>0x893c4</load_address>
         <run_address>0x893c4</run_address>
         <size>0x50</size>
         <input_file_ref idref="fl-2"/>
      </object_component>
      <object_component id="oc-188">
         <name>.switch:_App_CPLD_Ver__12Class_SystemFv</name>
         <load_address>0x89414</load_address>
         <run_address>0x89414</run_address>
         <size>0x20</size>
         <input_file_ref idref="fl-2"/>
      </object_component>
      <object_component id="oc-87">
         <name>.template</name>
         <load_address>0x0</load_address>
         <run_address>0x0</run_address>
         <size>0x10e</size>
         <input_file_ref idref="fl-2"/>
      </object_component>
      <object_component id="oc-88">
         <name>.debug_info</name>
         <load_address>0x0</load_address>
         <run_address>0x0</run_address>
         <size>0xc3035</size>
         <input_file_ref idref="fl-2"/>
      </object_component>
      <object_component id="oc-fe">
         <name>.debug_info</name>
         <load_address>0xc3035</load_address>
         <run_address>0xc3035</run_address>
         <size>0x16b</size>
         <input_file_ref idref="fl-15"/>
      </object_component>
      <object_component id="oc-102">
         <name>.debug_info</name>
         <load_address>0xc31a0</load_address>
         <run_address>0xc31a0</run_address>
         <size>0x5c1</size>
         <input_file_ref idref="fl-16"/>
      </object_component>
      <object_component id="oc-107">
         <name>.debug_info</name>
         <load_address>0xc3761</load_address>
         <run_address>0xc3761</run_address>
         <size>0x420</size>
         <input_file_ref idref="fl-17"/>
      </object_component>
      <object_component id="oc-10c">
         <name>.debug_info</name>
         <load_address>0xc3b81</load_address>
         <run_address>0xc3b81</run_address>
         <size>0x5ab</size>
         <input_file_ref idref="fl-18"/>
      </object_component>
      <object_component id="oc-114">
         <name>.debug_info</name>
         <load_address>0xc412c</load_address>
         <run_address>0xc412c</run_address>
         <size>0x139</size>
         <input_file_ref idref="fl-19"/>
      </object_component>
      <object_component id="oc-119">
         <name>.debug_info</name>
         <load_address>0xc4265</load_address>
         <run_address>0xc4265</run_address>
         <size>0x19d</size>
         <input_file_ref idref="fl-1a"/>
      </object_component>
      <object_component id="oc-11d">
         <name>.debug_info</name>
         <load_address>0xc4402</load_address>
         <run_address>0xc4402</run_address>
         <size>0x46f</size>
         <input_file_ref idref="fl-1b"/>
      </object_component>
      <object_component id="oc-122">
         <name>.debug_info</name>
         <load_address>0xc4871</load_address>
         <run_address>0xc4871</run_address>
         <size>0xb1f</size>
         <input_file_ref idref="fl-1c"/>
      </object_component>
      <object_component id="oc-12a">
         <name>.debug_info</name>
         <load_address>0xc5390</load_address>
         <run_address>0xc5390</run_address>
         <size>0x527</size>
         <input_file_ref idref="fl-1d"/>
      </object_component>
      <object_component id="oc-12f">
         <name>.debug_info</name>
         <load_address>0xc58b7</load_address>
         <run_address>0xc58b7</run_address>
         <size>0x4dd</size>
         <input_file_ref idref="fl-1e"/>
      </object_component>
      <object_component id="oc-134">
         <name>.debug_info</name>
         <load_address>0xc5d94</load_address>
         <run_address>0xc5d94</run_address>
         <size>0x3f8</size>
         <input_file_ref idref="fl-1f"/>
      </object_component>
      <object_component id="oc-139">
         <name>.debug_info</name>
         <load_address>0xc618c</load_address>
         <run_address>0xc618c</run_address>
         <size>0x3e2</size>
         <input_file_ref idref="fl-20"/>
      </object_component>
      <object_component id="oc-13e">
         <name>.debug_info</name>
         <load_address>0xc656e</load_address>
         <run_address>0xc656e</run_address>
         <size>0x53c</size>
         <input_file_ref idref="fl-21"/>
      </object_component>
      <object_component id="oc-143">
         <name>.debug_info</name>
         <load_address>0xc6aaa</load_address>
         <run_address>0xc6aaa</run_address>
         <size>0x5d7</size>
         <input_file_ref idref="fl-22"/>
      </object_component>
      <object_component id="oc-14a">
         <name>.debug_info</name>
         <load_address>0xc7081</load_address>
         <run_address>0xc7081</run_address>
         <size>0x3df</size>
         <input_file_ref idref="fl-23"/>
      </object_component>
      <object_component id="oc-150">
         <name>.debug_info</name>
         <load_address>0xc7460</load_address>
         <run_address>0xc7460</run_address>
         <size>0x139</size>
         <input_file_ref idref="fl-24"/>
      </object_component>
      <object_component id="oc-154">
         <name>.debug_info</name>
         <load_address>0xc7599</load_address>
         <run_address>0xc7599</run_address>
         <size>0x1e5</size>
         <input_file_ref idref="fl-25"/>
      </object_component>
      <object_component id="oc-158">
         <name>.debug_info</name>
         <load_address>0xc777e</load_address>
         <run_address>0xc777e</run_address>
         <size>0x501</size>
         <input_file_ref idref="fl-26"/>
      </object_component>
      <object_component id="oc-15d">
         <name>.debug_info</name>
         <load_address>0xc7c7f</load_address>
         <run_address>0xc7c7f</run_address>
         <size>0x4ce</size>
         <input_file_ref idref="fl-27"/>
      </object_component>
      <object_component id="oc-162">
         <name>.debug_info</name>
         <load_address>0xc814d</load_address>
         <run_address>0xc814d</run_address>
         <size>0x549</size>
         <input_file_ref idref="fl-28"/>
      </object_component>
      <object_component id="oc-169">
         <name>.debug_info</name>
         <load_address>0xc8696</load_address>
         <run_address>0xc8696</run_address>
         <size>0x516</size>
         <input_file_ref idref="fl-29"/>
      </object_component>
      <object_component id="oc-244">
         <name>.debug_info</name>
         <load_address>0xc8bac</load_address>
         <run_address>0xc8bac</run_address>
         <size>0x9c</size>
      </object_component>
      <object_component id="oc-c9">
         <name>.flashdata</name>
         <uninitialized>true</uninitialized>
         <run_address>0x340</run_address>
         <size>0x440</size>
         <input_file_ref idref="fl-2"/>
      </object_component>
      <object_component id="oc-d5">
         <name>.FaultRecord</name>
         <uninitialized>true</uninitialized>
         <run_address>0xa880</run_address>
         <size>0x180</size>
         <input_file_ref idref="fl-2"/>
      </object_component>
      <object_component id="oc-f1">
         <name>.WaveRecord</name>
         <uninitialized>true</uninitialized>
         <run_address>0xa080</run_address>
         <size>0x800</size>
         <input_file_ref idref="fl-2"/>
      </object_component>
      <object_component id="oc-f3">
         <name>normalfuncs</name>
         <load_address>0xb8d6</load_address>
         <run_address>0xb8d6</run_address>
         <size>0x2</size>
         <input_file_ref idref="fl-2"/>
      </object_component>
      <object_component id="oc-f4">
         <name>flashflag</name>
         <load_address>0xb8d8</load_address>
         <run_address>0xb8d8</run_address>
         <size>0x1</size>
         <input_file_ref idref="fl-2"/>
      </object_component>
      <object_component id="oc-175">
         <name>.Epwm1Funcs</name>
         <load_address>0x8948e</load_address>
         <run_address>0x8948e</run_address>
         <size>0x1d13</size>
         <input_file_ref idref="fl-2"/>
      </object_component>
      <object_component id="oc-f7">
         <name>.Epwm1Funcs:retain</name>
         <load_address>0x8b1a1</load_address>
         <run_address>0x8b1a1</run_address>
         <size>0x141</size>
         <input_file_ref idref="fl-2"/>
      </object_component>
      <object_component id="oc-176">
         <name>Epwm1Funcs</name>
         <load_address>0xb8ca</load_address>
         <run_address>0xb8ca</run_address>
         <size>0xa</size>
         <input_file_ref idref="fl-2"/>
      </object_component>
      <object_component id="oc-174">
         <name>Flash28Funcs</name>
         <load_address>0xb000</load_address>
         <run_address>0xb000</run_address>
         <size>0x8ca</size>
         <input_file_ref idref="fl-2"/>
      </object_component>
      <object_component id="oc-f8">
         <name>.debug_frame</name>
         <load_address>0x0</load_address>
         <run_address>0x0</run_address>
         <size>0x2f1e</size>
         <input_file_ref idref="fl-2"/>
      </object_component>
      <object_component id="oc-103">
         <name>.debug_frame</name>
         <load_address>0x2f1e</load_address>
         <run_address>0x2f1e</run_address>
         <size>0x64</size>
         <input_file_ref idref="fl-16"/>
      </object_component>
      <object_component id="oc-108">
         <name>.debug_frame</name>
         <load_address>0x2f82</load_address>
         <run_address>0x2f82</run_address>
         <size>0x43</size>
         <input_file_ref idref="fl-17"/>
      </object_component>
      <object_component id="oc-10f">
         <name>.debug_frame</name>
         <load_address>0x2fc5</load_address>
         <run_address>0x2fc5</run_address>
         <size>0x61</size>
         <input_file_ref idref="fl-18"/>
      </object_component>
      <object_component id="oc-11e">
         <name>.debug_frame</name>
         <load_address>0x3026</load_address>
         <run_address>0x3026</run_address>
         <size>0x43</size>
         <input_file_ref idref="fl-1b"/>
      </object_component>
      <object_component id="oc-126">
         <name>.debug_frame</name>
         <load_address>0x3069</load_address>
         <run_address>0x3069</run_address>
         <size>0x130</size>
         <input_file_ref idref="fl-1c"/>
      </object_component>
      <object_component id="oc-12b">
         <name>.debug_frame</name>
         <load_address>0x3199</load_address>
         <run_address>0x3199</run_address>
         <size>0x43</size>
         <input_file_ref idref="fl-1d"/>
      </object_component>
      <object_component id="oc-130">
         <name>.debug_frame</name>
         <load_address>0x31dc</load_address>
         <run_address>0x31dc</run_address>
         <size>0x5e</size>
         <input_file_ref idref="fl-1e"/>
      </object_component>
      <object_component id="oc-135">
         <name>.debug_frame</name>
         <load_address>0x323a</load_address>
         <run_address>0x323a</run_address>
         <size>0x43</size>
         <input_file_ref idref="fl-1f"/>
      </object_component>
      <object_component id="oc-13a">
         <name>.debug_frame</name>
         <load_address>0x327d</load_address>
         <run_address>0x327d</run_address>
         <size>0x43</size>
         <input_file_ref idref="fl-20"/>
      </object_component>
      <object_component id="oc-13f">
         <name>.debug_frame</name>
         <load_address>0x32c0</load_address>
         <run_address>0x32c0</run_address>
         <size>0x2e</size>
         <input_file_ref idref="fl-21"/>
      </object_component>
      <object_component id="oc-146">
         <name>.debug_frame</name>
         <load_address>0x32ee</load_address>
         <run_address>0x32ee</run_address>
         <size>0x58</size>
         <input_file_ref idref="fl-22"/>
      </object_component>
      <object_component id="oc-14b">
         <name>.debug_frame</name>
         <load_address>0x3346</load_address>
         <run_address>0x3346</run_address>
         <size>0x43</size>
         <input_file_ref idref="fl-23"/>
      </object_component>
      <object_component id="oc-159">
         <name>.debug_frame</name>
         <load_address>0x3389</load_address>
         <run_address>0x3389</run_address>
         <size>0x6d</size>
         <input_file_ref idref="fl-26"/>
      </object_component>
      <object_component id="oc-15e">
         <name>.debug_frame</name>
         <load_address>0x33f6</load_address>
         <run_address>0x33f6</run_address>
         <size>0x43</size>
         <input_file_ref idref="fl-27"/>
      </object_component>
      <object_component id="oc-165">
         <name>.debug_frame</name>
         <load_address>0x3439</load_address>
         <run_address>0x3439</run_address>
         <size>0x2e</size>
         <input_file_ref idref="fl-28"/>
      </object_component>
      <object_component id="oc-16a">
         <name>.debug_frame</name>
         <load_address>0x3467</load_address>
         <run_address>0x3467</run_address>
         <size>0x2e</size>
         <input_file_ref idref="fl-29"/>
      </object_component>
      <object_component id="oc-f9">
         <name>.debug_line</name>
         <load_address>0x0</load_address>
         <run_address>0x0</run_address>
         <size>0xd41e</size>
         <input_file_ref idref="fl-2"/>
      </object_component>
      <object_component id="oc-ff">
         <name>.debug_line</name>
         <load_address>0xd41e</load_address>
         <run_address>0xd41e</run_address>
         <size>0x7e</size>
         <input_file_ref idref="fl-15"/>
      </object_component>
      <object_component id="oc-104">
         <name>.debug_line</name>
         <load_address>0xd49c</load_address>
         <run_address>0xd49c</run_address>
         <size>0x50</size>
         <input_file_ref idref="fl-16"/>
      </object_component>
      <object_component id="oc-109">
         <name>.debug_line</name>
         <load_address>0xd4ec</load_address>
         <run_address>0xd4ec</run_address>
         <size>0x41</size>
         <input_file_ref idref="fl-17"/>
      </object_component>
      <object_component id="oc-110">
         <name>.debug_line</name>
         <load_address>0xd52d</load_address>
         <run_address>0xd52d</run_address>
         <size>0x65</size>
         <input_file_ref idref="fl-18"/>
      </object_component>
      <object_component id="oc-115">
         <name>.debug_line</name>
         <load_address>0xd592</load_address>
         <run_address>0xd592</run_address>
         <size>0x69</size>
         <input_file_ref idref="fl-19"/>
      </object_component>
      <object_component id="oc-11a">
         <name>.debug_line</name>
         <load_address>0xd5fb</load_address>
         <run_address>0xd5fb</run_address>
         <size>0x8e</size>
         <input_file_ref idref="fl-1a"/>
      </object_component>
      <object_component id="oc-11f">
         <name>.debug_line</name>
         <load_address>0xd689</load_address>
         <run_address>0xd689</run_address>
         <size>0x62</size>
         <input_file_ref idref="fl-1b"/>
      </object_component>
      <object_component id="oc-127">
         <name>.debug_line</name>
         <load_address>0xd6eb</load_address>
         <run_address>0xd6eb</run_address>
         <size>0x2d6</size>
         <input_file_ref idref="fl-1c"/>
      </object_component>
      <object_component id="oc-12c">
         <name>.debug_line</name>
         <load_address>0xd9c1</load_address>
         <run_address>0xd9c1</run_address>
         <size>0xa9</size>
         <input_file_ref idref="fl-1d"/>
      </object_component>
      <object_component id="oc-131">
         <name>.debug_line</name>
         <load_address>0xda6a</load_address>
         <run_address>0xda6a</run_address>
         <size>0x52</size>
         <input_file_ref idref="fl-1e"/>
      </object_component>
      <object_component id="oc-136">
         <name>.debug_line</name>
         <load_address>0xdabc</load_address>
         <run_address>0xdabc</run_address>
         <size>0x3f</size>
         <input_file_ref idref="fl-1f"/>
      </object_component>
      <object_component id="oc-13b">
         <name>.debug_line</name>
         <load_address>0xdafb</load_address>
         <run_address>0xdafb</run_address>
         <size>0x3e</size>
         <input_file_ref idref="fl-20"/>
      </object_component>
      <object_component id="oc-140">
         <name>.debug_line</name>
         <load_address>0xdb39</load_address>
         <run_address>0xdb39</run_address>
         <size>0x2e</size>
         <input_file_ref idref="fl-21"/>
      </object_component>
      <object_component id="oc-147">
         <name>.debug_line</name>
         <load_address>0xdb67</load_address>
         <run_address>0xdb67</run_address>
         <size>0x6b</size>
         <input_file_ref idref="fl-22"/>
      </object_component>
      <object_component id="oc-14c">
         <name>.debug_line</name>
         <load_address>0xdbd2</load_address>
         <run_address>0xdbd2</run_address>
         <size>0x3a</size>
         <input_file_ref idref="fl-23"/>
      </object_component>
      <object_component id="oc-151">
         <name>.debug_line</name>
         <load_address>0xdc0c</load_address>
         <run_address>0xdc0c</run_address>
         <size>0x52</size>
         <input_file_ref idref="fl-24"/>
      </object_component>
      <object_component id="oc-15a">
         <name>.debug_line</name>
         <load_address>0xdc5e</load_address>
         <run_address>0xdc5e</run_address>
         <size>0x5e</size>
         <input_file_ref idref="fl-26"/>
      </object_component>
      <object_component id="oc-15f">
         <name>.debug_line</name>
         <load_address>0xdcbc</load_address>
         <run_address>0xdcbc</run_address>
         <size>0x55</size>
         <input_file_ref idref="fl-27"/>
      </object_component>
      <object_component id="oc-166">
         <name>.debug_line</name>
         <load_address>0xdd11</load_address>
         <run_address>0xdd11</run_address>
         <size>0x29</size>
         <input_file_ref idref="fl-28"/>
      </object_component>
      <object_component id="oc-16b">
         <name>.debug_line</name>
         <load_address>0xdd3a</load_address>
         <run_address>0xdd3a</run_address>
         <size>0x2a</size>
         <input_file_ref idref="fl-29"/>
      </object_component>
      <object_component id="oc-fa">
         <name>.debug_abbrev</name>
         <load_address>0x0</load_address>
         <run_address>0x0</run_address>
         <size>0x429</size>
         <input_file_ref idref="fl-2"/>
      </object_component>
      <object_component id="oc-100">
         <name>.debug_abbrev</name>
         <load_address>0x429</load_address>
         <run_address>0x429</run_address>
         <size>0x46</size>
         <input_file_ref idref="fl-15"/>
      </object_component>
      <object_component id="oc-105">
         <name>.debug_abbrev</name>
         <load_address>0x46f</load_address>
         <run_address>0x46f</run_address>
         <size>0xfc</size>
         <input_file_ref idref="fl-16"/>
      </object_component>
      <object_component id="oc-10a">
         <name>.debug_abbrev</name>
         <load_address>0x56b</load_address>
         <run_address>0x56b</run_address>
         <size>0xb0</size>
         <input_file_ref idref="fl-17"/>
      </object_component>
      <object_component id="oc-111">
         <name>.debug_abbrev</name>
         <load_address>0x61b</load_address>
         <run_address>0x61b</run_address>
         <size>0x142</size>
         <input_file_ref idref="fl-18"/>
      </object_component>
      <object_component id="oc-116">
         <name>.debug_abbrev</name>
         <load_address>0x75d</load_address>
         <run_address>0x75d</run_address>
         <size>0x38</size>
         <input_file_ref idref="fl-19"/>
      </object_component>
      <object_component id="oc-11b">
         <name>.debug_abbrev</name>
         <load_address>0x795</load_address>
         <run_address>0x795</run_address>
         <size>0x38</size>
         <input_file_ref idref="fl-1a"/>
      </object_component>
      <object_component id="oc-120">
         <name>.debug_abbrev</name>
         <load_address>0x7cd</load_address>
         <run_address>0x7cd</run_address>
         <size>0xa8</size>
         <input_file_ref idref="fl-1b"/>
      </object_component>
      <object_component id="oc-128">
         <name>.debug_abbrev</name>
         <load_address>0x875</load_address>
         <run_address>0x875</run_address>
         <size>0x1b4</size>
         <input_file_ref idref="fl-1c"/>
      </object_component>
      <object_component id="oc-12d">
         <name>.debug_abbrev</name>
         <load_address>0xa29</load_address>
         <run_address>0xa29</run_address>
         <size>0xa8</size>
         <input_file_ref idref="fl-1d"/>
      </object_component>
      <object_component id="oc-132">
         <name>.debug_abbrev</name>
         <load_address>0xad1</load_address>
         <run_address>0xad1</run_address>
         <size>0xf3</size>
         <input_file_ref idref="fl-1e"/>
      </object_component>
      <object_component id="oc-137">
         <name>.debug_abbrev</name>
         <load_address>0xbc4</load_address>
         <run_address>0xbc4</run_address>
         <size>0x66</size>
         <input_file_ref idref="fl-1f"/>
      </object_component>
      <object_component id="oc-13c">
         <name>.debug_abbrev</name>
         <load_address>0xc2a</load_address>
         <run_address>0xc2a</run_address>
         <size>0x68</size>
         <input_file_ref idref="fl-20"/>
      </object_component>
      <object_component id="oc-141">
         <name>.debug_abbrev</name>
         <load_address>0xc92</load_address>
         <run_address>0xc92</run_address>
         <size>0xaa</size>
         <input_file_ref idref="fl-21"/>
      </object_component>
      <object_component id="oc-148">
         <name>.debug_abbrev</name>
         <load_address>0xd3c</load_address>
         <run_address>0xd3c</run_address>
         <size>0x128</size>
         <input_file_ref idref="fl-22"/>
      </object_component>
      <object_component id="oc-14d">
         <name>.debug_abbrev</name>
         <load_address>0xe64</load_address>
         <run_address>0xe64</run_address>
         <size>0x66</size>
         <input_file_ref idref="fl-23"/>
      </object_component>
      <object_component id="oc-152">
         <name>.debug_abbrev</name>
         <load_address>0xeca</load_address>
         <run_address>0xeca</run_address>
         <size>0x38</size>
         <input_file_ref idref="fl-24"/>
      </object_component>
      <object_component id="oc-157">
         <name>.debug_abbrev</name>
         <load_address>0xf02</load_address>
         <run_address>0xf02</run_address>
         <size>0x4e</size>
         <input_file_ref idref="fl-25"/>
      </object_component>
      <object_component id="oc-15b">
         <name>.debug_abbrev</name>
         <load_address>0xf50</load_address>
         <run_address>0xf50</run_address>
         <size>0xb2</size>
         <input_file_ref idref="fl-26"/>
      </object_component>
      <object_component id="oc-160">
         <name>.debug_abbrev</name>
         <load_address>0x1002</load_address>
         <run_address>0x1002</run_address>
         <size>0xfe</size>
         <input_file_ref idref="fl-27"/>
      </object_component>
      <object_component id="oc-167">
         <name>.debug_abbrev</name>
         <load_address>0x1100</load_address>
         <run_address>0x1100</run_address>
         <size>0x144</size>
         <input_file_ref idref="fl-28"/>
      </object_component>
      <object_component id="oc-16c">
         <name>.debug_abbrev</name>
         <load_address>0x1244</load_address>
         <run_address>0x1244</run_address>
         <size>0xaf</size>
         <input_file_ref idref="fl-29"/>
      </object_component>
      <object_component id="oc-245">
         <name>.debug_abbrev</name>
         <load_address>0x12f3</load_address>
         <run_address>0x12f3</run_address>
         <size>0xf</size>
      </object_component>
      <object_component id="oc-fb">
         <name>.debug_aranges</name>
         <load_address>0x0</load_address>
         <run_address>0x0</run_address>
         <size>0xc68</size>
         <input_file_ref idref="fl-2"/>
      </object_component>
      <object_component id="oc-101">
         <name>.debug_aranges</name>
         <load_address>0xc68</load_address>
         <run_address>0xc68</run_address>
         <size>0x20</size>
         <input_file_ref idref="fl-15"/>
      </object_component>
      <object_component id="oc-106">
         <name>.debug_aranges</name>
         <load_address>0xc88</load_address>
         <run_address>0xc88</run_address>
         <size>0x20</size>
         <input_file_ref idref="fl-16"/>
      </object_component>
      <object_component id="oc-10b">
         <name>.debug_aranges</name>
         <load_address>0xca8</load_address>
         <run_address>0xca8</run_address>
         <size>0x20</size>
         <input_file_ref idref="fl-17"/>
      </object_component>
      <object_component id="oc-112">
         <name>.debug_aranges</name>
         <load_address>0xcc8</load_address>
         <run_address>0xcc8</run_address>
         <size>0x28</size>
         <input_file_ref idref="fl-18"/>
      </object_component>
      <object_component id="oc-117">
         <name>.debug_aranges</name>
         <load_address>0xcf0</load_address>
         <run_address>0xcf0</run_address>
         <size>0x28</size>
         <input_file_ref idref="fl-19"/>
      </object_component>
      <object_component id="oc-11c">
         <name>.debug_aranges</name>
         <load_address>0xd18</load_address>
         <run_address>0xd18</run_address>
         <size>0x38</size>
         <input_file_ref idref="fl-1a"/>
      </object_component>
      <object_component id="oc-121">
         <name>.debug_aranges</name>
         <load_address>0xd50</load_address>
         <run_address>0xd50</run_address>
         <size>0x20</size>
         <input_file_ref idref="fl-1b"/>
      </object_component>
      <object_component id="oc-129">
         <name>.debug_aranges</name>
         <load_address>0xd70</load_address>
         <run_address>0xd70</run_address>
         <size>0x58</size>
         <input_file_ref idref="fl-1c"/>
      </object_component>
      <object_component id="oc-12e">
         <name>.debug_aranges</name>
         <load_address>0xdc8</load_address>
         <run_address>0xdc8</run_address>
         <size>0x20</size>
         <input_file_ref idref="fl-1d"/>
      </object_component>
      <object_component id="oc-133">
         <name>.debug_aranges</name>
         <load_address>0xde8</load_address>
         <run_address>0xde8</run_address>
         <size>0x20</size>
         <input_file_ref idref="fl-1e"/>
      </object_component>
      <object_component id="oc-138">
         <name>.debug_aranges</name>
         <load_address>0xe08</load_address>
         <run_address>0xe08</run_address>
         <size>0x20</size>
         <input_file_ref idref="fl-1f"/>
      </object_component>
      <object_component id="oc-13d">
         <name>.debug_aranges</name>
         <load_address>0xe28</load_address>
         <run_address>0xe28</run_address>
         <size>0x20</size>
         <input_file_ref idref="fl-20"/>
      </object_component>
      <object_component id="oc-142">
         <name>.debug_aranges</name>
         <load_address>0xe48</load_address>
         <run_address>0xe48</run_address>
         <size>0x18</size>
         <input_file_ref idref="fl-21"/>
      </object_component>
      <object_component id="oc-149">
         <name>.debug_aranges</name>
         <load_address>0xe60</load_address>
         <run_address>0xe60</run_address>
         <size>0x28</size>
         <input_file_ref idref="fl-22"/>
      </object_component>
      <object_component id="oc-14e">
         <name>.debug_aranges</name>
         <load_address>0xe88</load_address>
         <run_address>0xe88</run_address>
         <size>0x20</size>
         <input_file_ref idref="fl-23"/>
      </object_component>
      <object_component id="oc-153">
         <name>.debug_aranges</name>
         <load_address>0xea8</load_address>
         <run_address>0xea8</run_address>
         <size>0x28</size>
         <input_file_ref idref="fl-24"/>
      </object_component>
      <object_component id="oc-15c">
         <name>.debug_aranges</name>
         <load_address>0xed0</load_address>
         <run_address>0xed0</run_address>
         <size>0x30</size>
         <input_file_ref idref="fl-26"/>
      </object_component>
      <object_component id="oc-161">
         <name>.debug_aranges</name>
         <load_address>0xf00</load_address>
         <run_address>0xf00</run_address>
         <size>0x20</size>
         <input_file_ref idref="fl-27"/>
      </object_component>
      <object_component id="oc-168">
         <name>.debug_aranges</name>
         <load_address>0xf20</load_address>
         <run_address>0xf20</run_address>
         <size>0x18</size>
         <input_file_ref idref="fl-28"/>
      </object_component>
      <object_component id="oc-16d">
         <name>.debug_aranges</name>
         <load_address>0xf38</load_address>
         <run_address>0xf38</run_address>
         <size>0x18</size>
         <input_file_ref idref="fl-29"/>
      </object_component>
      <object_component id="oc-fd">
         <name>.reset</name>
         <load_address>0xb8d4</load_address>
         <run_address>0xb8d4</run_address>
         <size>0x2</size>
         <input_file_ref idref="fl-15"/>
      </object_component>
   </object_component_list>
   <logical_group_list>
      <logical_group id="lg-3" display="no" color="cyan">
         <name>PieVectTableFile</name>
         <run_address>0xd00</run_address>
         <size>0x1c0</size>
         <contents>
            <object_component_ref idref="oc-f0"/>
         </contents>
      </logical_group>
      <logical_group id="lg-5" display="no" color="cyan">
         <name>EmuKeyVar</name>
         <run_address>0xd00</run_address>
         <size>0x1</size>
         <contents>
            <object_component_ref idref="oc-8c"/>
         </contents>
      </logical_group>
      <logical_group id="lg-6" display="no" color="cyan">
         <name>EmuBModeVar</name>
         <run_address>0xd01</run_address>
         <size>0x1</size>
         <contents>
            <object_component_ref idref="oc-8b"/>
         </contents>
      </logical_group>
      <logical_group id="lg-7" display="no" color="cyan">
         <name>FlashCallbackVar</name>
[...]
         <value>0x8a010</value>
         <object_component_ref idref="oc-175"/>
      </symbol>
      <symbol id="sm-ca8">
         <name>_objBypass</name>
         <value>0x84c0</value>
         <object_component_ref idref="oc-8a"/>
      </symbol>
      <symbol id="sm-ca9">
         <name>_ECanaMboxes</name>
         <value>0x8780</value>
         <object_component_ref idref="oc-8a"/>
      </symbol>
      <symbol id="sm-caa">
         <name>_objEEPROM</name>
         <value>0x8140</value>
         <object_component_ref idref="oc-8a"/>
      </symbol>
      <symbol id="sm-cab">
         <name>_AlrmSyncMsgXmitState__15SysCanDataExchgFi</name>
         <value>0x8734c</value>
         <object_component_ref idref="oc-173"/>
      </symbol>
      <symbol id="sm-cac">
         <name>_RecFlashUpdate__15SysCanDataExchgFv</name>
         <value>0x807f5</value>
         <object_component_ref idref="oc-173"/>
      </symbol>
      <symbol id="sm-cad">
         <name>_CANMessageSet__12Class_CANDrvFUlT1P13tCANMsgObject11tMsgObjType</name>
         <value>0x8094d</value>
         <object_component_ref idref="oc-173"/>
      </symbol>
      <symbol id="sm-cae">
         <name>_ECap3Regs</name>
         <value>0x5040</value>
         <object_component_ref idref="oc-b3"/>
      </symbol>
      <symbol id="sm-caf">
         <name>_pCanIsrXmitFcb</name>
         <value>0x8020</value>
         <object_component_ref idref="oc-8a"/>
      </symbol>
      <symbol id="sm-cb0">
         <name>_App_OutVarInit__12Class_OutputFv</name>
         <value>0x815e7</value>
         <object_component_ref idref="oc-173"/>
      </symbol>
      <symbol id="sm-cb1">
         <name>_i16RptIntD_0</name>
         <value>0x8880</value>
         <object_component_ref idref="oc-8a"/>
      </symbol>
      <symbol id="sm-cb2">
         <name>_FragMsgPacked__15SysCanDataExchgFP19can_msg_data_struct</name>
         <value>0x808bc</value>
         <object_component_ref idref="oc-173"/>
      </symbol>
      <symbol id="sm-cb3">
         <name>_Dat_IinvRMS__14Class_InverterFv</name>
         <value>0x841e5</value>
         <object_component_ref idref="oc-173"/>
      </symbol>
      <symbol id="sm-cb4">
         <name>_Dat_LoadGrant__10Class_LoadFv</name>
         <value>0x8439b</value>
         <object_component_ref idref="oc-173"/>
      </symbol>
      <symbol id="sm-cb5">
         <name>_AlrmCovMsgXmitState__15SysCanDataExchgFi</name>
         <value>0x8734d</value>
         <object_component_ref idref="oc-173"/>
      </symbol>
      <symbol id="sm-cb6">
         <name>_Dat_Int_DCBusPreDeal__11Class_DCBusFv</name>
         <value>0x89dfc</value>
         <object_component_ref idref="oc-175"/>
      </symbol>
      <symbol id="sm-cb7">
         <name>_Alg_Int_CurrShareReg__23Class_InverterAlgorithmFv</name>
         <value>0x89f33</value>
         <object_component_ref idref="oc-175"/>
      </symbol>
      <symbol id="sm-cb8">
         <name>_Timer_Flush__14SysCanProtocolFP14TIMER_HANDLE_T</name>
         <value>0x808cd</value>
         <object_component_ref idref="oc-173"/>
      </symbol>
      <symbol id="sm-cb9">
         <name>_Alg_STSShortFault__14Class_SwitchesFv</name>
         <value>0x851ee</value>
         <object_component_ref idref="oc-173"/>
      </symbol>
      <symbol id="sm-cba">
         <name>_BattEodTurnOff__15SysCanDataExchgFv</name>
         <value>0x80841</value>
         <object_component_ref idref="oc-173"/>
      </symbol>
      <symbol id="sm-cbb">
         <name>_Drv_IPC_ADSample_Transmit__9Class_IPCFRUiN21</name>
         <value>0x868ab</value>
         <object_component_ref idref="oc-173"/>
      </symbol>
      <symbol id="sm-cbc">
         <name>_Alg_ILFilterReg__23Class_InverterAlgorithmFv</name>
         <value>0x8495b</value>
         <object_component_ref idref="oc-173"/>
      </symbol>
      <symbol id="sm-cbd">
         <name>_App_SelfAgingAlgParamConfig__24Class_SelfAgingAlgorithmFv</name>
         <value>0x83b07</value>
         <object_component_ref idref="oc-173"/>
      </symbol>
      <symbol id="sm-cbe">
         <name>_NegBattConvFltChg__15SysCanDataExchgFv</name>
         <value>0x80854</value>
         <object_component_ref idref="oc-173"/>
      </symbol>
      <symbol id="sm-cbf">
         <name>_Dat_Int_MainInterfaceIn__15Class_DigitalIOFv</name>
         <value>0x8aec6</value>
         <object_component_ref idref="oc-175"/>
      </symbol>
      <symbol id="sm-cc0">
         <name>_App_TraceJudge__21Class_InverterControlFv</name>
         <value>0x85983</value>
         <object_component_ref idref="oc-173"/>
      </symbol>
      <symbol id="sm-cc1">
         <name>_App_OvloadDelay__10Class_LoadFv</name>
         <value>0x846b7</value>
         <object_component_ref idref="oc-173"/>
      </symbol>
      <symbol id="sm-cc2">
         <name>_objADDrv</name>
         <value>0x82c0</value>
         <object_component_ref idref="oc-8a"/>
      </symbol>
      <symbol id="sm-cc3">
         <name>_Drv_I2CPageWrite__12Class_I2CDrvFUiiPUi</name>
         <value>0x83bec</value>
         <object_component_ref idref="oc-173"/>
      </symbol>
      <symbol id="sm-cc4">
         <name>_Cmpss8Regs</name>
         <value>0x5d60</value>
         <object_component_ref idref="oc-ba"/>
      </symbol>
      <symbol id="sm-cc5">
         <name>_Dat_VinvFlag__14Class_InverterFv</name>
         <value>0x855fc</value>
         <object_component_ref idref="oc-173"/>
      </symbol>
      <symbol id="sm-cc6">
         <name>_Dat_PoutRMS__12Class_OutputFv</name>
         <value>0x86ef6</value>
         <object_component_ref idref="oc-173"/>
      </symbol>
      <symbol id="sm-cc7">
         <name>_EQep3Regs</name>
         <value>0x5180</value>
         <object_component_ref idref="oc-bd"/>
      </symbol>
      <symbol id="sm-cc8">
         <name>_FragXmitResult__15SysCanDataExchgFP19can_msg_data_structi</name>
         <value>0x86431</value>
         <object_component_ref idref="oc-173"/>
      </symbol>
      <symbol id="sm-cc9">
         <name>_SyncSocRegs</name>
         <value>0x7940</value>
         <object_component_ref idref="oc-92"/>
      </symbol>
      <symbol id="sm-cca">
         <name>_MonitorSyncMsgProc__15SysCanDataExchgFv</name>
         <value>0x82278</value>
         <object_component_ref idref="oc-173"/>
      </symbol>
      <symbol id="sm-ccb">
         <name>_Drv_ADAdjust__11Class_ADDrvFv</name>
         <value>0x81b94</value>
         <object_component_ref idref="oc-173"/>
      </symbol>
      <symbol id="sm-ccc">
         <name>_Alg_BpSeqFault__12Class_BypassFv</name>
         <value>0x84edb</value>
         <object_component_ref idref="oc-173"/>
      </symbol>
      <symbol id="sm-ccd">
         <name>_StateEventXmitMsgGen__15SysCanDataExchgFUiUc</name>
         <value>0x82a2f</value>
         <object_component_ref idref="oc-173"/>
      </symbol>
      <symbol id="sm-cce">
         <name>_App_SelfAgingAlgVarInit__24Class_SelfAgingAlgorithmFv</name>
         <value>0x81922</value>
         <object_component_ref idref="oc-173"/>
      </symbol>
      <symbol id="sm-ccf">
         <name>_Drv_IPC_ADSample_Receive__9Class_IPCFRUiT1</name>
         <value>0x86444</value>
         <object_component_ref idref="oc-173"/>
      </symbol>
      <symbol id="sm-cd0">
         <name>_OpenSysCanInt__Fv</name>
         <value>0x808f5</value>
         <object_component_ref idref="oc-173"/>
      </symbol>
      <symbol id="sm-cd1">
         <name>_EPwm9Regs</name>
         <value>0x4800</value>
         <object_component_ref idref="oc-e9"/>
      </symbol>
      <symbol id="sm-cd2">
         <name>_Drv_DisableDog__17Class_WatchDogDrvFv</name>
         <value>0x80002</value>
         <object_component_ref idref="oc-173"/>
      </symbol>
      <symbol id="sm-cd3">
         <name>_GetAlrmCovMsg__15SysCanDataExchgFP19can_msg_data_structUc</name>
         <value>0x8299b</value>
         <object_component_ref idref="oc-173"/>
      </symbol>
      <symbol id="sm-cd4">
         <name>_NmiIntruptRegs</name>
         <value>0x7060</value>
         <object_component_ref idref="oc-93"/>
      </symbol>
      <symbol id="sm-cd5">
         <name>_Drv_Int_ADCh2Cs__13Class_GPIODrvFv</name>
         <value>0xb8cf</value>
         <object_component_ref idref="oc-176"/>
      </symbol>
      <symbol id="sm-cd6">
         <name>_Flash28_API_LoadStart</name>
         <value>0x8007</value>
         <object_component_ref idref="oc-8a"/>
      </symbol>
      <symbol id="sm-cd7">
         <name>_Drv_InitPieCtrl__12Class_SysDrvFv</name>
         <value>0x801fc</value>
         <object_component_ref idref="oc-173"/>
      </symbol>
      <symbol id="sm-cd8">
         <name>_CPUSELConfig__17Class_FlashUpdateFv</name>
         <value>0x863f6</value>
         <object_component_ref idref="oc-173"/>
      </symbol>
      <symbol id="sm-cd9">
         <name>_ECanaMOTORegs</name>
         <value>0x83c0</value>
         <object_component_ref idref="oc-8a"/>
      </symbol>
      <symbol id="sm-cda">
         <name>_SysCanXmitQueueIni__15SysCanXmitQueueFv</name>
         <value>0x8194d</value>
         <object_component_ref idref="oc-173"/>
      </symbol>
      <symbol id="sm-cdb">
         <name>_Flash_CallbackPtr</name>
         <value>0x8022</value>
         <object_component_ref idref="oc-8a"/>
      </symbol>
      <symbol id="sm-cdc">
         <name>_App_TraceControl__21Class_InverterControlFv</name>
         <value>0x858c6</value>
         <object_component_ref idref="oc-173"/>
      </symbol>
      <symbol id="sm-cdd">
         <name>_ParallelStateXmitMsgGen__15SysCanDataExchgFUi</name>
         <value>0x82b15</value>
         <object_component_ref idref="oc-173"/>
      </symbol>
      <symbol id="sm-cde">
         <name>_SyncMsgProc__15SysCanDataExchgFP19can_msg_data_struct</name>
         <value>0x82581</value>
         <object_component_ref idref="oc-173"/>
      </symbol>
      <symbol id="sm-cdf">
         <name>_EPwm3Regs</name>
         <value>0x4200</value>
         <object_component_ref idref="oc-e1"/>
      </symbol>
      <symbol id="sm-ce0">
         <name>_Dat_Int_InvCal__14Class_InverterFv</name>
         <value>0x8a6f8</value>
         <object_component_ref idref="oc-175"/>
      </symbol>
      <symbol id="sm-ce1">
         <name>_BypFlashUpdate__15SysCanDataExchgFv</name>
         <value>0x807d9</value>
         <object_component_ref idref="oc-173"/>
      </symbol>
      <symbol id="sm-ce2">
         <name>_App_XferProcess__14Class_TransferFv</name>
         <value>0x85c21</value>
         <object_component_ref idref="oc-173"/>
      </symbol>
      <symbol id="sm-ce3">
         <name>_Alg_Int_InvOverCurrentChk__14Class_InverterFv</name>
         <value>0x87783</value>
         <object_component_ref idref="oc-173"/>
      </symbol>
      <symbol id="sm-ce4">
         <name>_Alg_LBSSignal__9Class_LBSFv</name>
         <value>0x8737a</value>
         <object_component_ref idref="oc-173"/>
      </symbol>
      <symbol id="sm-ce5">
         <name>_ECanbLAMRegs</name>
         <value>0x8440</value>
         <object_component_ref idref="oc-8a"/>
      </symbol>
      <symbol id="sm-ce6">
         <name>_App_InvMaster__21Class_InverterControlFv</name>
         <value>0x857fa</value>
         <object_component_ref idref="oc-173"/>
      </symbol>
      <symbol id="sm-ce7">
         <name>_Dat_LoadFlag__10Class_LoadFv</name>
         <value>0x8448d</value>
         <object_component_ref idref="oc-173"/>
      </symbol>
      <symbol id="sm-ce8">
         <name>_Drv_I2CRead__12Class_I2CDrvFUiiPUi</name>
         <value>0x81620</value>
         <object_component_ref idref="oc-173"/>
      </symbol>
      <symbol id="sm-ce9">
         <name>_App_ModelOnline__12Class_SystemFv</name>
         <value>0x856df</value>
         <object_component_ref idref="oc-173"/>
      </symbol>
      <symbol id="sm-cea">
         <name>_App_InvStandby__21Class_InverterControlFv</name>
         <value>0x85a55</value>
         <object_component_ref idref="oc-173"/>
      </symbol>
      <symbol id="sm-ceb">
         <name>_Dat_Int_SetExInReg__15Class_DigitalIOFUi</name>
         <value>0x81c27</value>
         <object_component_ref idref="oc-173"/>
      </symbol>
      <symbol id="sm-cec">
         <name>_Dat_CPU2toCanBus__9Class_IPCFRCUlN41</name>
         <value>0x86e41</value>
         <object_component_ref idref="oc-173"/>
      </symbol>
      <symbol id="sm-ced">
         <name>_MsgRecvProc__9SysCanAppFv</name>
         <value>0x82878</value>
         <object_component_ref idref="oc-173"/>
      </symbol>
      <symbol id="sm-cee">
         <name>_Dat_DigitalOutput__15Class_DigitalIOFv</name>
         <value>0x83ea9</value>
         <object_component_ref idref="oc-173"/>
      </symbol>
      <symbol id="sm-cef">
         <name>_Dat_Int_InvPreDeal__14Class_InverterFv</name>
         <value>0x89b40</value>
         <object_component_ref idref="oc-175"/>
      </symbol>
      <symbol id="sm-cf0">
         <name>_I2caRegs</name>
         <value>0x7300</value>
         <object_component_ref idref="oc-c1"/>
      </symbol>
      <symbol id="sm-cf1">
         <name>_App_MonitorVarInit__22Class_MonitorInterfaceFv</name>
         <value>0x81661</value>
         <object_component_ref idref="oc-173"/>
      </symbol>
      <symbol id="sm-d0c">
         <name>_c_int00</name>
         <value>0x87b3e</value>
         <object_component_ref idref="oc-86"/>
      </symbol>
      <symbol id="sm-d0d">
         <name>__stack</name>
         <value>0x122</value>
         <object_component_ref idref="oc-fc"/>
      </symbol>
      <symbol id="sm-d1c">
         <name>_copy_in</name>
         <value>0x87c0e</value>
         <object_component_ref idref="oc-16f"/>
      </symbol>
      <symbol id="sm-d29">
         <name>___dl__FPv</name>
         <value>0x87ccb</value>
         <object_component_ref idref="oc-17b"/>
      </symbol>
      <symbol id="sm-d3d">
         <name>C$$EXIT</name>
         <value>0x87bbe</value>
         <object_component_ref idref="oc-172"/>
      </symbol>
      <symbol id="sm-d3e">
         <name>_exit</name>
         <value>0x87bc0</value>
         <object_component_ref idref="oc-172"/>
      </symbol>
      <symbol id="sm-d3f">
         <name>___TI_cleanup_ptr</name>
         <value>0x9b38</value>
         <object_component_ref idref="oc-10e"/>
      </symbol>
      <symbol id="sm-d40">
         <name>___TI_enable_exit_profile_output</name>
         <value>0x9b36</value>
         <object_component_ref idref="oc-10e"/>
      </symbol>
      <symbol id="sm-d41">
         <name>_abort</name>
         <value>0x87bbe</value>
         <object_component_ref idref="oc-172"/>
      </symbol>
      <symbol id="sm-d42">
         <name>___TI_dtors_ptr</name>
         <value>0x9b3a</value>
         <object_component_ref idref="oc-10e"/>
      </symbol>
      <symbol id="sm-d50">
         <name>I$$MOD</name>
         <value>0x87c43</value>
         <object_component_ref idref="oc-113"/>
      </symbol>
      <symbol id="sm-d51">
         <name>I$$DIV</name>
         <value>0x87c32</value>
         <object_component_ref idref="oc-113"/>
      </symbol>
      <symbol id="sm-d5d">
         <name>UL$$MOD</name>
         <value>0x87bb8</value>
         <object_component_ref idref="oc-118"/>
      </symbol>
      <symbol id="sm-d5e">
         <name>L$$MOD</name>
         <value>0x87ba3</value>
         <object_component_ref idref="oc-118"/>
      </symbol>
      <symbol id="sm-d5f">
         <name>L$$DIV</name>
         <value>0x87b94</value>
         <object_component_ref idref="oc-118"/>
      </symbol>
      <symbol id="sm-d60">
         <name>UL$$DIV</name>
         <value>0x87bb1</value>
         <object_component_ref idref="oc-118"/>
      </symbol>
      <symbol id="sm-d71">
         <name>_memcpy</name>
         <value>0x87c74</value>
         <object_component_ref idref="oc-177"/>
      </symbol>
      <symbol id="sm-db8">
         <name>__sys_memory</name>
         <value>0x9c78</value>
         <object_component_ref idref="oc-124"/>
      </symbol>
      <symbol id="sm-db9">
         <name>_chkheap</name>
         <value>0x87a38</value>
         <object_component_ref idref="oc-19f"/>
      </symbol>
      <symbol id="sm-dba">
         <name>_realloc</name>
         <value>0x87946</value>
         <object_component_ref idref="oc-19f"/>
      </symbol>
      <symbol id="sm-dbb">
         <name>_free_memory</name>
         <value>0x87a1a</value>
         <object_component_ref idref="oc-19f"/>
      </symbol>
      <symbol id="sm-dbc">
         <name>_max_free</name>
         <value>0x879f8</value>
         <object_component_ref idref="oc-19f"/>
      </symbol>
      <symbol id="sm-dbd">
         <name>_free</name>
         <value>0x8787f</value>
         <object_component_ref idref="oc-19f"/>
      </symbol>
      <symbol id="sm-dbe">
         <name>_calloc</name>
         <value>0x87a3a</value>
         <object_component_ref idref="oc-19f"/>
      </symbol>
      <symbol id="sm-dbf">
         <name>_malloc</name>
         <value>0x878e8</value>
         <object_component_ref idref="oc-19f"/>
      </symbol>
      <symbol id="sm-dc0">
         <name>_minit</name>
         <value>0x878c3</value>
         <object_component_ref idref="oc-19f"/>
      </symbol>
      <symbol id="sm-dce">
         <name>_memset</name>
         <value>0x87cab</value>
         <object_component_ref idref="oc-197"/>
      </symbol>
      <symbol id="sm-dde">
         <name>___nw__FUl</name>
         <value>0x87c54</value>
         <object_component_ref idref="oc-196"/>
      </symbol>
      <symbol id="sm-dea">
         <name>___default_new_handler__Fv</name>
         <value>0x87cd2</value>
         <object_component_ref idref="oc-1a0"/>
      </symbol>
      <symbol id="sm-df6">
         <name>__system_pre_init</name>
         <value>0x87cd0</value>
         <object_component_ref idref="oc-16e"/>
      </symbol>
      <symbol id="sm-e15">
         <name>___add_dtor</name>
         <value>0x87c01</value>
         <object_component_ref idref="oc-195"/>
      </symbol>
      <symbol id="sm-e21">
         <name>__system_post_cinit</name>
         <value>0x87cd3</value>
         <object_component_ref idref="oc-170"/>
      </symbol>
      <symbol id="sm-e2d">
         <name>U$$MOD</name>
         <value>0x87cbc</value>
         <object_component_ref idref="oc-14f"/>
      </symbol>
      <symbol id="sm-e2e">
         <name>U$$DIV</name>
         <value>0x87cb7</value>
         <object_component_ref idref="oc-14f"/>
      </symbol>
      <symbol id="sm-e38">
         <name>__new_handler</name>
         <value>0x9c42</value>
         <object_component_ref idref="oc-156"/>
      </symbol>
      <symbol id="sm-e4c">
         <name>__unlock</name>
         <value>0x9b3e</value>
         <object_component_ref idref="oc-1a1"/>
      </symbol>
      <symbol id="sm-e4d">
         <name>__lock</name>
         <value>0x9b3c</value>
         <object_component_ref idref="oc-178"/>
      </symbol>
      <symbol id="sm-e4e">
         <name>__register_lock</name>
         <value>0x87cc6</value>
         <object_component_ref idref="oc-19d"/>
      </symbol>
      <symbol id="sm-e4f">
         <name>__nop</name>
         <value>0x87cca</value>
         <object_component_ref idref="oc-19d"/>
      </symbol>
      <symbol id="sm-e50">
         <name>__register_unlock</name>
         <value>0x87cc2</value>
         <object_component_ref idref="oc-19d"/>
      </symbol>
      <symbol id="sm-e5f">
         <name>__args_main</name>
         <value>0x87c92</value>
         <object_component_ref idref="oc-171"/>
      </symbol>
      <symbol id="sm-e6f">
         <name>___atexit_func_id__</name>
         <value>0x9b41</value>
         <object_component_ref idref="oc-164"/>
      </symbol>
   </symbol_table>
   <title>Link successful</title>
</link_info>
