******************************************************************************
             TMS320C2000 Linker PC v16.9.5                     
******************************************************************************
>> Linked Wed Nov 22 17:55:08 2017

OUTPUT FILE NAME:   <28377D.out>
ENTRY POINT SYMBOL: "_c_int00"  address: 0008b1b2


MEMORY CONFIGURATION

         name            origin    length      used     unused   attr    fill
----------------------  --------  ---------  --------  --------  ----  --------
PAGE 0:
  D01SARAM              0000b000   00001000  000000ae  00000f52  RWIX
  BEGIN                 00080000   00000002  00000000  00000002  RWIX
  PROG                  00080002   0000fffe  0000fa52  000005ac  RWIX
  RESET                 003fffc0   00000002  00000000  00000002  RWIX

PAGE 1:
  BOOT_RSVD             00000002   00000120  00000000  00000120  RWIX
  M01SARAM              00000122   000006de  00000640  0000009e  RWIX
  ADCA_RESULT           00000b00   00000020  00000018  00000008  RWIX
  ADCB_RESULT           00000b20   00000020  00000018  00000008  RWIX
  ADCC_RESULT           00000b40   00000020  00000018  00000008  RWIX
  ADCD_RESULT           00000b60   00000020  00000018  00000008  RWIX
  CPU_TIMER0            00000c00   00000008  00000008  00000000  RWIX
  CPU_TIMER1            00000c08   00000008  00000008  00000000  RWIX
  CPU_TIMER2            00000c10   00000008  00000008  00000000  RWIX
  PIE_CTRL              00000ce0   00000020  0000001a  00000006  RWIX
  PIE_VECT              00000d00   00000200  000001c0  00000040  RWIX
  DMA                   00001000   00000200  000000e0  00000120  RWIX
  CLA1                  00001400   00000040  0000003e  00000002  RWIX
  EPWM1                 00004000   00000100  00000100  00000000  RWIX
  EPWM2                 00004100   00000100  00000100  00000000  RWIX
  EPWM3                 00004200   00000100  00000100  00000000  RWIX
  EPWM4                 00004300   00000100  00000100  00000000  RWIX
  EPWM5                 00004400   00000100  00000100  00000000  RWIX
  EPWM6                 00004500   00000100  00000100  00000000  RWIX
  EPWM7                 00004600   00000100  00000100  00000000  RWIX
  EPWM8                 00004700   00000100  00000100  00000000  RWIX
  EPWM9                 00004800   00000100  00000100  00000000  RWIX
  EPWM10                00004900   00000100  00000100  00000000  RWIX
  EPWM11                00004a00   00000100  00000100  00000000  RWIX
  EPWM12                00004b00   00000100  00000100  00000000  RWIX
  ECAP1                 00005000   00000020  00000020  00000000  RWIX
  ECAP2                 00005020   00000020  00000020  00000000  RWIX
  ECAP3                 00005040   00000020  00000020  00000000  RWIX
  ECAP4                 00005060   00000020  00000020  00000000  RWIX
  ECAP5                 00005080   00000020  00000020  00000000  RWIX
  ECAP6                 000050a0   00000020  00000020  00000000  RWIX
  EQEP1                 00005100   00000040  00000022  0000001e  RWIX
  EQEP2                 00005140   00000040  00000022  0000001e  RWIX
  EQEP3                 00005180   00000040  00000022  0000001e  RWIX
  DACA                  00005c00   00000010  00000008  00000008  RWIX
  DACB                  00005c10   00000010  00000008  00000008  RWIX
  DACC                  00005c20   00000010  00000008  00000008  RWIX
  CMPSS1                00005c80   00000020  00000020  00000000  RWIX
  CMPSS2                00005ca0   00000020  00000020  00000000  RWIX
  CMPSS3                00005cc0   00000020  00000020  00000000  RWIX
  CMPSS4                00005ce0   00000020  00000020  00000000  RWIX
  CMPSS5                00005d00   00000020  00000020  00000000  RWIX
  CMPSS6                00005d20   00000020  00000020  00000000  RWIX
  CMPSS7                00005d40   00000020  00000020  00000000  RWIX
  CMPSS8                00005d60   00000020  00000020  00000000  RWIX
  SDFM1                 00005e00   00000080  00000080  00000000  RWIX
  SDFM2                 00005e80   00000080  00000080  00000000  RWIX
  MCBSPA                00006000   00000040  00000024  0000001c  RWIX
  MCBSPB                00006040   00000040  00000024  0000001c  RWIX
  SPIA                  00006100   00000010  00000010  00000000  RWIX
  SPIB                  00006110   00000010  00000010  00000000  RWIX
  SPIC                  00006120   00000010  00000010  00000000  RWIX
  SPID                  00006130   00000010  00000000  00000010  RWIX
  UPP                   00006200   00000100  00000048  000000b8  RWIX
  WD                    00007000   00000040  0000002b  00000015  RWIX
  NMIINTRUPT            00007060   00000010  00000007  00000009  RWIX
  XINT                  00007070   00000010  0000000b  00000005  RWIX
  SCIA                  00007200   00000010  00000010  00000000  RWIX
  SCIB                  00007210   00000010  00000010  00000000  RWIX
  SCIC                  00007220   00000010  00000010  00000000  RWIX
  SCID                  00007230   00000010  00000010  00000000  RWIX
  I2CA                  00007300   00000040  00000022  0000001e  RWIX
  I2CB                  00007340   00000040  00000022  0000001e  RWIX
  ADCA                  00007400   00000080  00000080  00000000  RWIX
  ADCB                  00007480   00000080  00000080  00000000  RWIX
  ADCC                  00007500   00000080  00000080  00000000  RWIX
  ADCD                  00007580   00000080  00000080  00000000  RWIX
  INPUT_XBAR            00007900   00000020  00000020  00000000  RWIX
  XBAR                  00007920   00000020  00000020  00000000  RWIX
  SYNC_SOC              00007940   00000010  00000006  0000000a  RWIX
  DMACLASRCSEL          00007980   00000040  0000001a  00000026  RWIX
  EPWM_XBAR             00007a00   00000040  00000040  00000000  RWIX
  CLB_XBAR              00007a40   00000040  00000000  00000040  RWIX
  OUTPUT_XBAR           00007a80   00000040  00000040  00000000  RWIX
  GPIOCTRL              00007c00   00000180  00000180  00000000  RWIX
  GPIODAT               00007f00   00000030  00000030  00000000  RWIX
  LS05SARAM             00008000   00003000  000029b0  00000650  RWIX
  RAMGS0                0000c000   00001000  00000000  00001000  RWIX
  RAMGS1                0000d000   00001000  00000000  00001000  RWIX
  RAMGS2                0000e000   00001000  00000000  00001000  RWIX
  RAMGS3                0000f000   00001000  00000000  00001000  RWIX
  RAMGS4                00010000   00001000  00000000  00001000  RWIX
  RAMGS5                00011000   00001000  00000000  00001000  RWIX
  RAMGS6                00012000   00001000  00000000  00001000  RWIX
  RAMGS7                00013000   00001000  00000000  00001000  RWIX
  RAMGS8                00014000   00001000  00000000  00001000  RWIX
  RAMGS9                00015000   00001000  00000000  00001000  RWIX
  RAMGS10               00016000   00001000  00000000  00001000  RWIX
  RAMGS11               00017000   00001000  00000000  00001000  RWIX
  RAMGS12               00018000   00001000  00000000  00001000  RWIX
  RAMGS13               00019000   00001000  00000000  00001000  RWIX
  RAMGS14               0001a000   00001000  00000000  00001000  RWIX
  RAMGS15               0001b000   00001000  00000000  00001000  RWIX
  CPU2TOCPU1RAM         0003f800   00000400  00000000  00000400  RWIX
  CPU1TOCPU2RAM         0003fc00   00000400  00000000  00000400  RWIX
  EMIF1                 00047000   00000800  00000070  00000790  RWIX
  EMIF2                 00047800   00000800  00000070  00000790  RWIX
  CANA                  00048000   00000800  00000164  0000069c  RWIX
  CANB                  0004a000   00000800  00000164  0000069c  RWIX
  IPC                   00050000   00000024  00000024  00000000  RWIX
  FLASHPUMPSEMAPHORE    00050024   00000002  00000002  00000000  RWIX
  DEV_CFG               0005d000   00000180  0000012e  00000052  RWIX
  ANALOG_SUBSYS         0005d180   00000080  00000048  00000038  RWIX
  CLK_CFG               0005d200   00000100  00000032  000000ce  RWIX
  CPU_SYS               0005d300   00000100  00000082  0000007e  RWIX
  ROMPREFETCH           0005e608   00000002  00000002  00000000  RWIX
  DCSM_Z1               0005f000   00000030  00000024  0000000c  RWIX
  DCSM_Z2               0005f040   00000030  00000024  0000000c  RWIX
  DCSM_COMMON           0005f070   00000010  00000008  00000008  RWIX
  MEMCFG                0005f400   00000080  00000080  00000000  RWIX
  EMIF1CONFIG           0005f480   00000020  00000020  00000000  RWIX
  EMIF2CONFIG           0005f4a0   00000020  00000020  00000000  RWIX
  ACCESSPROTECTION      0005f4c0   00000040  00000040  00000000  RWIX
  MEMORYERROR           0005f500   00000040  00000040  00000000  RWIX
  ROMWAITSTATE          0005f540   00000002  00000002  00000000  RWIX
  FLASH0_CTRL           0005f800   00000300  00000182  0000017e  RWIX
  FLASH0_ECC            0005fb00   00000040  00000028  00000018  RWIX
  DCSM_Z1_OTP           00078000   00000020  00000020  00000000  RWIX
  DCSM_Z2_OTP           00078200   00000020  00000020  00000000  RWIX


SECTION ALLOCATION MAP

 output                                  attributes/
section   page    origin      length       input sections
--------  ----  ----------  ----------   ----------------
Flash28_API 
*          0    0000b000    0000009c     
                  0000b000    0000009c     Inv.obj (Flash28_API)

Epwm1Funcs 
*          0    0000b09c    00000010     
                  0000b09c    00000010     Inv.obj (Epwm1Funcs)

.reset     0    0000b0ac    00000002     
                  0000b0ac    00000002     rts2800_fpu32.lib : boot28.obj (.reset)

.text      0    00080002    0000b355     
                  00080002    0000aefe     Inv.obj (.text)
                  0008af00    000001d2     rts2800_fpu32.lib : memory.obj (.text)
                  0008b0d2    000000e0     Inv.obj (.text:retain)
                  0008b1b2    00000056     rts2800_fpu32.lib : boot28.obj (.text)
                  0008b208    0000002a                       : l_div28.obj (.text)
                  0008b232    00000029                       : exit.obj (.text)
                  0008b25b    00000027                       : sinit.obj (.text)
                  0008b282    00000024                       : cpy_tbl.obj (.text)
                  0008b2a6    00000022                       : i_div28.obj (.text)
                  0008b2c8    00000020                       : new_.obj (.text)
                  0008b2e8    0000001e                       : memcpy.obj (.text)
                  0008b306    00000019                       : args_main.obj (.text)
                  0008b31f    0000000c                       : memset.obj (.text)
                  0008b32b    0000000b                       : u_div28.obj (.text)
                  0008b336    00000009                       : _lock.obj (.text)
                  0008b33f    00000008     DSP2837xD_CodeStartBranch.obj (.text)
                  0008b347    00000005     rts2800_fpu32.lib : delete.obj (.text)
                  0008b34c    00000004                       : pure_virt.obj (.text)
                  0008b350    00000003                       : error.obj (.text)
                  0008b353    00000002                       : pre_init.obj (.text)
                  0008b355    00000001                       : newhandler.obj (.text)
                  0008b356    00000001                       : startup.obj (.text)

.econst    0    0008b358    000016c0     
                  0008b358    000007d0     Inv.obj (.econst:_iVbusInvTab)
                  0008bb28    00000402     Inv.obj (.econst:_sqrtTab)
                  0008bf2a    000001c0     Inv.obj (.econst:_PieVectTableInit)
                  0008c0ea    0000019e     Inv.obj (.econst:_Fbp50HzTable)
                  0008c288    0000019e     Inv.obj (.econst:_Fbp60HzTable)
                  0008c426    00000169     Inv.obj (.econst:_sintab)
                  0008c58f    00000159     Inv.obj (.econst:_VbpRangeTable)
                  0008c6e8    000000b8     Inv.obj (.econst:_CfgFromMonObjs)
                  0008c7a0    0000008a     Inv.obj (.econst:_CanCtrlMsgObjs)
                  0008c82a    00000060     Inv.obj (.econst:_AlarmEventIdObj)
                  0008c88a    0000003c     Inv.obj (.econst:_BypAlarmEventIdObj)
                  0008c8c6    00000038     Inv.obj (.econst:_CanAnlogMsgObjs)
                  0008c8fe    00000030     Inv.obj (.econst:_BypCanAnlogMsgObjs)
                  0008c92e    0000001c     Inv.obj (.econst:_BypStateEventIdObj)
                  0008c94a    00000017     Inv.obj (.econst:_BpCurrentTable)
                  0008c961    00000017     Inv.obj (.econst:_InvLoadTable)
                  0008c978    00000017     Inv.obj (.econst:_OutLoadTable)
                  0008c98f    00000001     --HOLE-- [fill = 0]
                  0008c990    00000014     Inv.obj (.econst:_CanAnlogRecvMsgObjs)
                  0008c9a4    00000014     Inv.obj (.econst:_CfgToMonObjs)
                  0008c9b8    00000010     Inv.obj (.econst:_uInvSetMsgBitSet)
                  0008c9c8    0000000c     Inv.obj (.econst:_StateEventIdObj)
                  0008c9d4    0000000c     Inv.obj (.econst:___vtbl__11CommandBase)
                  0008c9e0    0000000c     Inv.obj (.econst:___vtbl__14ProtocolSubCmd)
                  0008c9ec    0000000c     Inv.obj (.econst:___vtbl__30TemplateCmd__tm__11_9SysCanApp)
                  0008c9f8    00000004     Inv.obj (.econst:_$P$T0)
                  0008c9fc    00000004     Inv.obj (.econst:_$P$T1)
                  0008ca00    00000004     Inv.obj (.econst:_$P$T2)
                  0008ca04    00000004     Inv.obj (.econst:_$P$T3)
                  0008ca08    00000004     Inv.obj (.econst:_$P$T4)
                  0008ca0c    00000004     Inv.obj (.econst:_$P$T5)
                  0008ca10    00000004     Inv.obj (.econst:_$P$T6)
                  0008ca14    00000004     Inv.obj (.econst:_$P$T7)

ramfuncs   0    0008ca18    0000002c     RUN ADDR = 00009c04
                  0008ca18    0000002c     Inv.obj (ramfuncs)

.switch    0    0008ca44    00000070     
                  0008ca44    00000050     Inv.obj (.switch:_App_DebugInf__11Class_DebugFv)
                  0008ca94    00000020     Inv.obj (.switch:_App_CPLD_Ver__12Class_SystemFv)

.cinit     0    0008cab4    0000004e     
                  0008cab4    0000001e     Inv.obj (.cinit)
                  0008cad2    0000000e     rts2800_fpu32.lib : exit.obj (.cinit)
                  0008cae0    00000008                       : atexit.obj (.cinit)
                  0008cae8    00000005                       : _lock.obj (.cinit:__lock)
                  0008caed    00000005                       : _lock.obj (.cinit:__unlock)
                  0008caf2    00000005                       : sinit.obj (.cinit)
                  0008caf7    00000005                       : vars.obj (.cinit)
                  0008cafc    00000004                       : memory.obj (.cinit)
                  0008cb00    00000002     --HOLE-- [fill = 0]

.pinit     0    0008cb02    00000004     
                  0008cb02    00000002     Inv.obj (.pinit)
                  0008cb04    00000002     --HOLE-- [fill = 0]

codestart 
*          0    0008cb06    00000002     
                  0008cb06    00000002     DSP2837xD_CodeStartBranch.obj (codestart)

.Epwm1Funcs 
*          0    0008cb08    00002f4d     
                  0008cb08    00002def     Inv.obj (.Epwm1Funcs)
                  0008f8f7    0000015e     Inv.obj (.Epwm1Funcs:retain)

.stack     1    00000122    00000200     UNINITIALIZED
                  00000122    00000200     --HOLE--

.flashdata 
*          1    00000340    00000440     UNINITIALIZED
                  00000340    00000440     Inv.obj (.flashdata)

AdcaResultFile 
*          1    00000b00    00000018     UNINITIALIZED
                  00000b00    00000018     Inv.obj (AdcaResultFile)

AdcbResultFile 
*          1    00000b20    00000018     UNINITIALIZED
                  00000b20    00000018     Inv.obj (AdcbResultFile)

AdccResultFile 
*          1    00000b40    00000018     UNINITIALIZED
                  00000b40    00000018     Inv.obj (AdccResultFile)

AdcdResultFile 
*          1    00000b60    00000018     UNINITIALIZED
                  00000b60    00000018     Inv.obj (AdcdResultFile)

CpuTimer0RegsFile 
*          1    00000c00    00000008     UNINITIALIZED
                  00000c00    00000008     Inv.obj (CpuTimer0RegsFile)

CpuTimer1RegsFile 
*          1    00000c08    00000008     UNINITIALIZED
                  00000c08    00000008     Inv.obj (CpuTimer1RegsFile)

CpuTimer2RegsFile 
*          1    00000c10    00000008     UNINITIALIZED
                  00000c10    00000008     Inv.obj (CpuTimer2RegsFile)

PieCtrlRegsFile 
*          1    00000ce0    0000001a     UNINITIALIZED
                  00000ce0    0000001a     Inv.obj (PieCtrlRegsFile)

PieVectTableFile 
*          1    00000d00    000001c0     UNINITIALIZED
                  00000d00    000001c0     Inv.obj (PieVectTableFile)

EmuKeyVar 
*          1    00000d00    00000001     UNINITIALIZED
                  00000d00    00000001     Inv.obj (EmuKeyVar)

EmuBModeVar 
*          1    00000d01    00000001     UNINITIALIZED
                  00000d01    00000001     Inv.obj (EmuBModeVar)

FlashCallbackVar 
*          1    00000d02    00000000     UNINITIALIZED

FlashScalingVar 
*          1    00000d02    00000000     UNINITIALIZED

DmaRegsFile 
*          1    00001000    000000e0     UNINITIALIZED
                  00001000    000000e0     Inv.obj (DmaRegsFile)

Cla1RegsFile 
*          1    00001400    0000003e     UNINITIALIZED
                  00001400    0000003e     Inv.obj (Cla1RegsFile)

EPwm1RegsFile 
*          1    00004000    00000100     UNINITIALIZED
                  00004000    00000100     Inv.obj (EPwm1RegsFile)

EPwm2RegsFile 
*          1    00004100    00000100     UNINITIALIZED
                  00004100    00000100     Inv.obj (EPwm2RegsFile)

EPwm3RegsFile 
*          1    00004200    00000100     UNINITIALIZED
                  00004200    00000100     Inv.obj (EPwm3RegsFile)

EPwm4RegsFile 
*          1    00004300    00000100     UNINITIALIZED
                  00004300    00000100     Inv.obj (EPwm4RegsFile)

EPwm5RegsFile 
*          1    00004400    00000100     UNINITIALIZED
                  00004400    00000100     Inv.obj (EPwm5RegsFile)

EPwm6RegsFile 
*          1    00004500    00000100     UNINITIALIZED
                  00004500    00000100     Inv.obj (EPwm6RegsFile)

EPwm7RegsFile 
*          1    00004600    00000100     UNINITIALIZED
                  00004600    00000100     Inv.obj (EPwm7RegsFile)

EPwm8RegsFile 
*          1    00004700    00000100     UNINITIALIZED
                  00004700    00000100     Inv.obj (EPwm8RegsFile)

EPwm9RegsFile 
*          1    00004800    00000100     UNINITIALIZED
                  00004800    00000100     Inv.obj (EPwm9RegsFile)

EPwm10RegsFile 
*          1    00004900    00000100     UNINITIALIZED
                  00004900    00000100     Inv.obj (EPwm10RegsFile)

EPwm11RegsFile 
*          1    00004a00    00000100     UNINITIALIZED
                  00004a00    00000100     Inv.obj (EPwm11RegsFile)

EPwm12RegsFile 
*          1    00004b00    00000100     UNINITIALIZED
                  00004b00    00000100     Inv.obj (EPwm12RegsFile)

ECap1RegsFile 
*          1    00005000    00000020     UNINITIALIZED
                  00005000    00000020     Inv.obj (ECap1RegsFile)

ECap2RegsFile 
*          1    00005020    00000020     UNINITIALIZED
                  00005020    00000020     Inv.obj (ECap2RegsFile)

ECap3RegsFile 
*          1    00005040    00000020     UNINITIALIZED
                  00005040    00000020     Inv.obj (ECap3RegsFile)

ECap4RegsFile 
*          1    00005060    00000020     UNINITIALIZED
                  00005060    00000020     Inv.obj (ECap4RegsFile)

ECap5RegsFile 
*          1    00005080    00000020     UNINITIALIZED
                  00005080    00000020     Inv.obj (ECap5RegsFile)

ECap6RegsFile 
*          1    000050a0    00000020     UNINITIALIZED
                  000050a0    00000020     Inv.obj (ECap6RegsFile)

EQep1RegsFile 
*          1    00005100    00000022     UNINITIALIZED
                  00005100    00000022     Inv.obj (EQep1RegsFile)

EQep2RegsFile 
*          1    00005140    00000022     UNINITIALIZED
                  00005140    00000022     Inv.obj (EQep2RegsFile)

EQep3RegsFile 
*          1    00005180    00000022     UNINITIALIZED
                  00005180    00000022     Inv.obj (EQep3RegsFile)

DacaRegsFile 
*          1    00005c00    00000008     UNINITIALIZED
                  00005c00    00000008     Inv.obj (DacaRegsFile)

DacbRegsFile 
*          1    00005c10    00000008     UNINITIALIZED
                  00005c10    00000008     Inv.obj (DacbRegsFile)

DaccRegsFile 
*          1    00005c20    00000008     UNINITIALIZED
                  00005c20    00000008     Inv.obj (DaccRegsFile)

Cmpss1RegsFile 
*          1    00005c80    00000020     UNINITIALIZED
                  00005c80    00000020     Inv.obj (Cmpss1RegsFile)

Cmpss2RegsFile 
*          1    00005ca0    00000020     UNINITIALIZED
                  00005ca0    00000020     Inv.obj (Cmpss2RegsFile)

Cmpss3RegsFile 
*          1    00005cc0    00000020     UNINITIALIZED
                  00005cc0    00000020     Inv.obj (Cmpss3RegsFile)

Cmpss4RegsFile 
*          1    00005ce0    00000020     UNINITIALIZED
                  00005ce0    00000020     Inv.obj (Cmpss4RegsFile)

Cmpss5RegsFile 
*          1    00005d00    00000020     UNINITIALIZED
                  00005d00    00000020     Inv.obj (Cmpss5RegsFile)

Cmpss6RegsFile 
*          1    00005d20    00000020     UNINITIALIZED
                  00005d20    00000020     Inv.obj (Cmpss6RegsFile)

Cmpss7RegsFile 
*          1    00005d40    00000020     UNINITIALIZED
                  00005d40    00000020     Inv.obj (Cmpss7RegsFile)

Cmpss8RegsFile 
*          1    00005d60    00000020     UNINITIALIZED
                  00005d60    00000020     Inv.obj (Cmpss8RegsFile)

Sdfm1RegsFile 
*          1    00005e00    00000080     UNINITIALIZED
                  00005e00    00000080     Inv.obj (Sdfm1RegsFile)

Sdfm2RegsFile 
*          1    00005e80    00000080     UNINITIALIZED
                  00005e80    00000080     Inv.obj (Sdfm2RegsFile)

McbspaRegsFile 
*          1    00006000    00000024     UNINITIALIZED
                  00006000    00000024     Inv.obj (McbspaRegsFile)

McbspbRegsFile 
*          1    00006040    00000024     UNINITIALIZED
                  00006040    00000024     Inv.obj (McbspbRegsFile)

SpiaRegsFile 
*          1    00006100    00000010     UNINITIALIZED
                  00006100    00000010     Inv.obj (SpiaRegsFile)

SpibRegsFile 
*          1    00006110    00000010     UNINITIALIZED
                  00006110    00000010     Inv.obj (SpibRegsFile)

SpicRegsFile 
*          1    00006120    00000010     UNINITIALIZED
                  00006120    00000010     Inv.obj (SpicRegsFile)

UppRegsFile 
*          1    00006200    00000048     UNINITIALIZED
                  00006200    00000048     Inv.obj (UppRegsFile)

WdRegsFile 
*          1    00007000    0000002b     UNINITIALIZED
                  00007000    0000002b     Inv.obj (WdRegsFile)

NmiIntruptRegsFile 
*          1    00007060    00000007     UNINITIALIZED
                  00007060    00000007     Inv.obj (NmiIntruptRegsFile)

XintRegsFile 
*          1    00007070    0000000b     UNINITIALIZED
                  00007070    0000000b     Inv.obj (XintRegsFile)

SciaRegsFile 
*          1    00007200    00000010     UNINITIALIZED
                  00007200    00000010     Inv.obj (SciaRegsFile)

ScibRegsFile 
*          1    00007210    00000010     UNINITIALIZED
                  00007210    00000010     Inv.obj (ScibRegsFile)

ScicRegsFile 
*          1    00007220    00000010     UNINITIALIZED
                  00007220    00000010     Inv.obj (ScicRegsFile)

ScidRegsFile 
*          1    00007230    00000010     UNINITIALIZED
                  00007230    00000010     Inv.obj (ScidRegsFile)

I2caRegsFile 
*          1    00007300    00000022     UNINITIALIZED
                  00007300    00000022     Inv.obj (I2caRegsFile)

I2cbRegsFile 
*          1    00007340    00000022     UNINITIALIZED
                  00007340    00000022     Inv.obj (I2cbRegsFile)

AdcaRegsFile 
*          1    00007400    00000080     UNINITIALIZED
                  00007400    00000080     Inv.obj (AdcaRegsFile)

AdcbRegsFile 
*          1    00007480    00000080     UNINITIALIZED
                  00007480    00000080     Inv.obj (AdcbRegsFile)

AdccRegsFile 
*          1    00007500    00000080     UNINITIALIZED
                  00007500    00000080     Inv.obj (AdccRegsFile)

AdcdRegsFile 
*          1    00007580    00000080     UNINITIALIZED
                  00007580    00000080     Inv.obj (AdcdRegsFile)

InputXbarRegsFile 
*          1    00007900    00000020     UNINITIALIZED
                  00007900    00000020     Inv.obj (InputXbarRegsFile)

XbarRegsFile 
*          1    00007920    00000020     UNINITIALIZED
                  00007920    00000020     Inv.obj (XbarRegsFile)

SyncSocRegsFile 
*          1    00007940    00000006     UNINITIALIZED
                  00007940    00000006     Inv.obj (SyncSocRegsFile)

DmaClaSrcSelRegsFile 
*          1    00007980    0000001a     UNINITIALIZED
                  00007980    0000001a     Inv.obj (DmaClaSrcSelRegsFile)

EPwmXbarRegsFile 
*          1    00007a00    00000040     UNINITIALIZED
                  00007a00    00000040     Inv.obj (EPwmXbarRegsFile)

OutputXbarRegsFile 
*          1    00007a80    00000040     UNINITIALIZED
                  00007a80    00000040     Inv.obj (OutputXbarRegsFile)

GpioCtrlRegsFile 
*          1    00007c00    00000180     UNINITIALIZED
                  00007c00    00000180     Inv.obj (GpioCtrlRegsFile)

GpioDataRegsFile 
*          1    00007f00    00000030     UNINITIALIZED
                  00007f00    00000030     Inv.obj (GpioDataRegsFile)

.ebss      1    00008000    00001c04     UNINITIALIZED
                  00008000    00001aee     Inv.obj (.ebss)
                  00009aee    00000008     rts2800_fpu32.lib : memory.obj (.ebss)
                  00009af6    00000006                       : exit.obj (.ebss)
                  00009afc    00000002                       : _lock.obj (.ebss:__lock)
                  00009afe    00000002                       : _lock.obj (.ebss:__unlock)
                  00009b00    00000100                       : atexit.obj (.ebss)
                  00009c00    00000002                       : sinit.obj (.ebss)
                  00009c02    00000002                       : vars.obj (.ebss)

.esysmem   1    00009c30    00000400     UNINITIALIZED
                  00009c30    00000001     rts2800_fpu32.lib : memory.obj (.esysmem)
                  00009c31    000003ff     --HOLE--

.WaveRecord 
*          1    0000a040    00000800     UNINITIALIZED
                  0000a040    00000800     Inv.obj (.WaveRecord)

.FaultRecord 
*          1    0000a840    00000180     UNINITIALIZED
                  0000a840    00000180     Inv.obj (.FaultRecord)

Emif1RegsFile 
*          1    00047000    00000070     UNINITIALIZED
                  00047000    00000070     Inv.obj (Emif1RegsFile)

Emif2RegsFile 
*          1    00047800    00000070     UNINITIALIZED
                  00047800    00000070     Inv.obj (Emif2RegsFile)

CanaRegsFile 
*          1    00048000    00000164     UNINITIALIZED
                  00048000    00000164     Inv.obj (CanaRegsFile)

CanbRegsFile 
*          1    0004a000    00000164     UNINITIALIZED
                  0004a000    00000164     Inv.obj (CanbRegsFile)

AnalogSubsysRegsFile 
*          1    0005d180    00000048     UNINITIALIZED
                  0005d180    00000048     Inv.obj (AnalogSubsysRegsFile)

Cla1SoftIntRegsFile 
*          1    00000ce0    00000004     DSECT
                  00000ce0    00000004     Inv.obj (Cla1SoftIntRegsFile)

IpcRegsFile 
*          1    00050000    00000024     UNINITIALIZED
                  00050000    00000024     Inv.obj (IpcRegsFile)

FlashPumpSemaphoreRegsFile 
*          1    00050024    00000002     UNINITIALIZED
                  00050024    00000002     Inv.obj (FlashPumpSemaphoreRegsFile)

DevCfgRegsFile 
*          1    0005d000    0000012e     UNINITIALIZED
                  0005d000    0000012e     Inv.obj (DevCfgRegsFile)

ClkCfgRegsFile 
*          1    0005d200    00000032     UNINITIALIZED
                  0005d200    00000032     Inv.obj (ClkCfgRegsFile)

CpuSysRegsFile 
*          1    0005d300    00000082     UNINITIALIZED
                  0005d300    00000082     Inv.obj (CpuSysRegsFile)

RomPrefetchRegsFile 
*          1    0005e608    00000002     UNINITIALIZED
                  0005e608    00000002     Inv.obj (RomPrefetchRegsFile)

DcsmZ1RegsFile 
*          1    0005f000    00000024     UNINITIALIZED
                  0005f000    00000024     Inv.obj (DcsmZ1RegsFile)

DcsmZ2RegsFile 
*          1    0005f040    00000024     UNINITIALIZED
                  0005f040    00000024     Inv.obj (DcsmZ2RegsFile)

DcsmCommonRegsFile 
*          1    0005f070    00000008     UNINITIALIZED
                  0005f070    00000008     Inv.obj (DcsmCommonRegsFile)

MemCfgRegsFile 
*          1    0005f400    00000080     UNINITIALIZED
                  0005f400    00000080     Inv.obj (MemCfgRegsFile)

Emif1ConfigRegsFile 
*          1    0005f480    00000020     UNINITIALIZED
                  0005f480    00000020     Inv.obj (Emif1ConfigRegsFile)

Emif2ConfigRegsFile 
*          1    0005f4a0    00000020     UNINITIALIZED
                  0005f4a0    00000020     Inv.obj (Emif2ConfigRegsFile)

AccessProtectionRegsFile 
*          1    0005f4c0    00000040     UNINITIALIZED
                  0005f4c0    00000040     Inv.obj (AccessProtectionRegsFile)

MemoryErrorRegsFile 
*          1    0005f500    00000040     UNINITIALIZED
                  0005f500    00000040     Inv.obj (MemoryErrorRegsFile)

RomWaitStateRegsFile 
*          1    0005f540    00000002     UNINITIALIZED
                  0005f540    00000002     Inv.obj (RomWaitStateRegsFile)

Flash0CtrlRegsFile 
*          1    0005f800    00000182     UNINITIALIZED
                  0005f800    00000182     Inv.obj (Flash0CtrlRegsFile)

Flash0EccRegsFile 
*          1    0005fb00    00000028     UNINITIALIZED
                  0005fb00    00000028     Inv.obj (Flash0EccRegsFile)

DcsmZ1OtpFile 
*          1    00078000    00000020     NOLOAD SECTION
                  00078000    00000020     Inv.obj (DcsmZ1OtpFile)

DcsmZ2OtpFile 
*          1    00078200    00000020     NOLOAD SECTION
                  00078200    00000020     Inv.obj (DcsmZ2OtpFile)

GETBUFFER 
*          0    0003f800    00000000     DSECT

GETWRITEIDX 
*          0    0003f800    00000000     DSECT

PUTREADIDX 
*          0    0003f800    00000000     DSECT

MODULE SUMMARY

       Module                          code    initialized data   uninitialized data
       ------                          ----    ----------------   ------------------
    .\
       DSP2837xD_CodeStartBranch.obj   10      0                  0                 
    +--+-------------------------------+-------+------------------+--------------------+
       Total:                          10      0                  0                 
                                                                                    
    .\App\
       Inv.obj                         57391   5967               19173             
    +--+-------------------------------+-------+------------------+--------------------+
       Total:                          57391   5967               19173             
                                                                                    
    D:\RatioSoft\ccsv7\ccsv7\tools\compiler\ti-cgt-c2000_16.9.5.LTS\lib\rts2800_fpu32.lib
       memory.obj                      466     4                  8                 
       atexit.obj                      0       8                  256               
       boot28.obj                      86      2                  0                 
       exit.obj                        41      14                 6                 
       sinit.obj                       39      5                  2                 
       l_div28.obj                     42      0                  0                 
       cpy_tbl.obj                     36      0                  0                 
       i_div28.obj                     34      0                  0                 
       new_.obj                        32      0                  0                 
       memcpy.obj                      30      0                  0                 
       args_main.obj                   25      0                  0                 
       _lock.obj                       9       10                 4                 
       memset.obj                      12      0                  0                 
       u_div28.obj                     11      0                  0                 
       vars.obj                        0       5                  2                 
       delete.obj                      5       0                  0                 
       pure_virt.obj                   4       0                  0                 
       error.obj                       3       0                  0                 
       pre_init.obj                    2       0                  0                 
       newhandler.obj                  1       0                  0                 
       startup.obj                     1       0                  0                 
    +--+-------------------------------+-------+------------------+--------------------+
       Total:                          879     48                 278               
                                                                                    
       Heap:                           0       0                  1024              
       Stack:                          0       0                  512               
    +--+-------------------------------+-------+------------------+--------------------+
       Grand Total:                    58280   6015               20987             


GLOBAL DATA SYMBOLS: SORTED BY DATA PAGE

address     data page           name
--------    ----------------    ----
00000122       4 (00000100)     __stack

00000340       d (00000340)     _st_FlashVariable

00000380       e (00000380)     _FlashBuffer

00000b00      2c (00000b00)     _AdcaResultRegs
00000b20      2c (00000b00)     _AdcbResultRegs

00000b40      2d (00000b40)     _AdccResultRegs
00000b60      2d (00000b40)     _AdcdResultRegs

00000c00      30 (00000c00)     _CpuTimer0Regs
00000c08      30 (00000c00)     _CpuTimer1Regs
00000c10      30 (00000c00)     _CpuTimer2Regs

00000ce0      33 (00000cc0)     _Cla1SoftIntRegs
00000ce0      33 (00000cc0)     _PieCtrlRegs

00000d00      34 (00000d00)     _EmuKey
00000d00      34 (00000d00)     _PieVectTable
00000d01      34 (00000d00)     _EmuBMode

00001000      40 (00001000)     _DmaRegs

00001400      50 (00001400)     _Cla1Regs

00004000     100 (00004000)     _EPwm1Regs

00004100     104 (00004100)     _EPwm2Regs

00004200     108 (00004200)     _EPwm3Regs

00004300     10c (00004300)     _EPwm4Regs

00004400     110 (00004400)     _EPwm5Regs

00004500     114 (00004500)     _EPwm6Regs

00004600     118 (00004600)     _EPwm7Regs

00004700     11c (00004700)     _EPwm8Regs

00004800     120 (00004800)     _EPwm9Regs

00004900     124 (00004900)     _EPwm10Regs

00004a00     128 (00004a00)     _EPwm11Regs

00004b00     12c (00004b00)     _EPwm12Regs

00005000     140 (00005000)     _ECap1Regs
00005020     140 (00005000)     _ECap2Regs

00005040     141 (00005040)     _ECap3Regs
00005060     141 (00005040)     _ECap4Regs

00005080     142 (00005080)     _ECap5Regs
000050a0     142 (00005080)     _ECap6Regs

00005100     144 (00005100)     _EQep1Regs

00005140     145 (00005140)     _EQep2Regs

00005180     146 (00005180)     _EQep3Regs

00005c00     170 (00005c00)     _DacaRegs
00005c10     170 (00005c00)     _DacbRegs
00005c20     170 (00005c00)     _DaccRegs

00005c80     172 (00005c80)     _Cmpss1Regs
00005ca0     172 (00005c80)     _Cmpss2Regs

00005cc0     173 (00005cc0)     _Cmpss3Regs
00005ce0     173 (00005cc0)     _Cmpss4Regs

00005d00     174 (00005d00)     _Cmpss5Regs
00005d20     174 (00005d00)     _Cmpss6Regs

00005d40     175 (00005d40)     _Cmpss7Regs
00005d60     175 (00005d40)     _Cmpss8Regs

00005e00     178 (00005e00)     _Sdfm1Regs

00005e80     17a (00005e80)     _Sdfm2Regs

00006000     180 (00006000)     _McbspaRegs

00006040     181 (00006040)     _McbspbRegs

00006100     184 (00006100)     _SpiaRegs
00006110     184 (00006100)     _SpibRegs
00006120     184 (00006100)     _SpicRegs

00006200     188 (00006200)     _UppRegs

00007000     1c0 (00007000)     _WdRegs

00007060     1c1 (00007040)     _NmiIntruptRegs
00007070     1c1 (00007040)     _XintRegs

00007200     1c8 (00007200)     _SciaRegs
00007210     1c8 (00007200)     _ScibRegs
00007220     1c8 (00007200)     _ScicRegs
00007230     1c8 (00007200)     _ScidRegs

00007300     1cc (00007300)     _I2caRegs

00007340     1cd (00007340)     _I2cbRegs

00007400     1d0 (00007400)     _AdcaRegs

00007480     1d2 (00007480)     _AdcbRegs

00007500     1d4 (00007500)     _AdccRegs

00007580     1d6 (00007580)     _AdcdRegs

00007900     1e4 (00007900)     _InputXbarRegs
00007920     1e4 (00007900)     _XbarRegs

00007940     1e5 (00007940)     _SyncSocRegs

00007980     1e6 (00007980)     _DmaClaSrcSelRegs

00007a00     1e8 (00007a00)     _EPwmXbarRegs

00007a80     1ea (00007a80)     _OutputXbarRegs

00007c00     1f0 (00007c00)     _GpioCtrlRegs

00007f00     1fc (00007f00)     _GpioDataRegs

00008000     200 (00008000)     _objWatchDogDrv
00008001     200 (00008000)     _objSysDrv
00008002     200 (00008000)     _objPWMDrv
00008003     200 (00008000)     _objGPIODrv
00008004     200 (00008000)     _objSCIDrv
00008005     200 (00008000)     _objRAMDrv
00008006     200 (00008000)     _objSPIDrv
00008008     200 (00008000)     _Epwm1FuncsRunStart
0000800c     200 (00008000)     _objPowCANPro
0000800d     200 (00008000)     _i16_IntCnt_0
0000800e     200 (00008000)     _Epwm1FuncsLoadStart
0000800f     200 (00008000)     _objFlashUpdate
00008010     200 (00008000)     _Epwm1FuncsLoadEnd
00008011     200 (00008000)     _objCANDrv
00008012     200 (00008000)     _objCAPDrv
00008013     200 (00008000)     _objI2CDrv
00008014     200 (00008000)     _objFlashDrv
00008015     200 (00008000)     _Flash28_API_LoadEnd
00008016     200 (00008000)     _Flash28_API_LoadStart
00008017     200 (00008000)     _i16TempIntAx_0
00008018     200 (00008000)     _Flash28_API_RunStart
0000801a     200 (00008000)     _pCanIsrXmitFcb
0000801c     200 (00008000)     _objService
0000801e     200 (00008000)     _pCanIsrRecvFcb
00008020     200 (00008000)     _Flash_CallbackPtr
00008022     200 (00008000)     _Flash_CPUScaleFactor
00008024     200 (00008000)     _m_pDataExchgPtr__15SysCanDataExchg
00008026     200 (00008000)     _objFaultRecord
00008032     200 (00008000)     _ReceiveFrame

00008040     201 (00008040)     _objInvCtrl
0000804b     201 (00008040)     _uBypAnalogLen
00008057     201 (00008040)     _uInvAnalogLen
00008066     201 (00008040)     _objTimerDrv

00008080     202 (00008080)     _objLBS
0000808e     202 (00008080)     _objParallel
0000809c     202 (00008080)     _objDCBus
000080aa     202 (00008080)     _objDebug

000080c0     203 (000080c0)     _objSwitches
000080de     203 (000080c0)     _objXfer

00008100     204 (00008100)     _objLoad

00008140     205 (00008140)     _objEEPROM

00008180     206 (00008180)     _objSystem

000081c0     207 (000081c0)     _objDigitalIO

00008200     208 (00008200)     _ECanbRegs

00008240     209 (00008240)     _ECanaRegs

00008280     20a (00008280)     _objADDrv

000082c0     20b (000082c0)     _objSelfAgingAlg

00008300     20c (00008300)     _ECanaMOTSRegs

00008340     20d (00008340)     _ECanaMOTORegs

00008380     20e (00008380)     _ECanaLAMRegs

000083c0     20f (000083c0)     _ECanbMOTSRegs

00008400     210 (00008400)     _ECanbLAMRegs

00008440     211 (00008440)     _ECanbMOTORegs

00008480     212 (00008480)     _objBypass

00008540     215 (00008540)     _objOutput

00008640     219 (00008640)     _ECanbMboxes

00008740     21d (00008740)     _ECanaMboxes

00008840     221 (00008840)     _i16RptIntD_0

00008980     226 (00008980)     _i16RptIntQ_0

00008ac0     22b (00008ac0)     _i16RptIntZ_0

00008c00     230 (00008c00)     _objInverter

00008d40     235 (00008d40)     _objPowCANSched

00008e80     23a (00008e80)     _objInvAlg

00008fc0     23f (00008fc0)     _SysCanAppObj

00009100     244 (00009100)     _objMonInterface

00009300     24c (00009300)     _ProtocolObj

000096c0     25b (000096c0)     _DataExchgObj

00009af6     26b (00009ac0)     ___TI_enable_exit_profile_output
00009af8     26b (00009ac0)     ___TI_cleanup_ptr
00009afa     26b (00009ac0)     ___TI_dtors_ptr
00009afc     26b (00009ac0)     __lock
00009afe     26b (00009ac0)     __unlock

00009b01     26c (00009b00)     ___atexit_func_id__

00009c02     270 (00009c00)     __new_handler
00009c30     270 (00009c00)     __sys_memory

0000a040     281 (0000a040)     _iSCIDataBuffer_0

0000a840     2a1 (0000a840)     _uFaultRecord

0000a8c0     2a3 (0000a8c0)     _u16FaultRecordRead

0000a940     2a5 (0000a940)     _uFaultRecordBuff

00047000    11c0 (00047000)     _Emif1Regs

00047800    11e0 (00047800)     _Emif2Regs

00048000    1200 (00048000)     _CanaRegs

0004a000    1280 (0004a000)     _CanbRegs

00050000    1400 (00050000)     _IpcRegs
00050024    1400 (00050000)     _FlashPumpSemaphoreRegs

0005d000    1740 (0005d000)     _DevCfgRegs

0005d180    1746 (0005d180)     _AnalogSubsysRegs

0005d200    1748 (0005d200)     _ClkCfgRegs

0005d300    174c (0005d300)     _CpuSysRegs

0005e608    1798 (0005e600)     _RomPrefetchRegs

0005f000    17c0 (0005f000)     _DcsmZ1Regs

0005f040    17c1 (0005f040)     _DcsmZ2Regs
0005f070    17c1 (0005f040)     _DcsmCommonRegs

0005f400    17d0 (0005f400)     _MemCfgRegs

0005f480    17d2 (0005f480)     _Emif1ConfigRegs
0005f4a0    17d2 (0005f480)     _Emif2ConfigRegs

0005f4c0    17d3 (0005f4c0)     _AccessProtectionRegs

0005f500    17d4 (0005f500)     _MemoryErrorRegs

0005f540    17d5 (0005f540)     _RomWaitStateRegs

0005f800    17e0 (0005f800)     _Flash0CtrlRegs

0005fb00    17ec (0005fb00)     _Flash0EccRegs

00078000    1e00 (00078000)     _DcsmZ1Otp

00078200    1e08 (00078200)     _DcsmZ2Otp

0008c9e0    2327 (0008c9c0)     ___vtbl__14ProtocolSubCmd
0008c9ec    2327 (0008c9c0)     ___vtbl__30TemplateCmd__tm__11_9SysCanApp


GLOBAL SYMBOLS: SORTED ALPHABETICALLY BY Name 

page  address   name                                                                                   
----  -------   ----                                                                                   
0     00080002  .text                                                                                  
0     0008b232  C$$EXIT                                                                                
0     0008b2a6  I$$DIV                                                                                 
0     0008b2b7  I$$MOD                                                                                 
0     0008b208  L$$DIV                                                                                 
0     0008b217  L$$MOD                                                                                 
0     0008b32b  U$$DIV                                                                                 
0     0008b330  U$$MOD                                                                                 
0     0008b225  UL$$DIV                                                                                
0     0008b22c  UL$$MOD                                                                                
0     00089ef1  _AbnormalShutCancelCmd__15SysCanDataExchgFv                                            
0     00089ee9  _AbnormalShutConfirmCmd__15SysCanDataExchgFv                                           
1     0005f4c0  _AccessProtectionRegs                                                                  
0     000807af  _AdcSetMode__11Class_ADDrvFUiN21                                                       
1     00007400  _AdcaRegs                                                                              
1     00000b00  _AdcaResultRegs                                                                        
1     00007480  _AdcbRegs                                                                              
1     00000b20  _AdcbResultRegs                                                                        
1     00007500  _AdccRegs                                                                              
1     00000b40  _AdccResultRegs                                                                        
1     00007580  _AdcdRegs                                                                              
1     00000b60  _AdcdResultRegs                                                                        
0     000896fc  _AlarmEventXmitMsgGen__15SysCanDataExchgFUiUc                                          
0     00082d0d  _Alg_BpBackFeedFault__12Class_BypassFv                                                 
0     00082c83  _Alg_BpFault__12Class_BypassFv                                                         
0     00082c39  _Alg_BpSeqFault__12Class_BypassFv                                                      
0     00084326  _Alg_DCBusFault__11Class_DCBusFv                                                       
0     000845f7  _Alg_ILFilterReg__23Class_InverterAlgorithmFv                                          
0     000837a4  _Alg_IinvUnbalanced__14Class_InverterFv                                                
0     00087d14  _Alg_Int_AgingCurrReg__24Class_SelfAgingAlgorithmFv                                    
0     00088143  _Alg_Int_AgingOffReset__24Class_SelfAgingAlgorithmFv                                   
0     00087b7c  _Alg_Int_AgingPhaseLock__24Class_SelfAgingAlgorithmFv                                  
0     00087cd1  _Alg_Int_AgingPreDeal__24Class_SelfAgingAlgorithmFv                                    
0     00087c78  _Alg_Int_AgingRefGen__24Class_SelfAgingAlgorithmFv                                     
0     00087e93  _Alg_Int_AgingSPWM__24Class_SelfAgingAlgorithmFv                                       
0     0008e2fe  _Alg_Int_CarrierSync__23Class_InverterAlgorithmFv                                      
0     0008ee9b  _Alg_Int_CurrReg__23Class_InverterAlgorithmFv                                          
0     0008e380  _Alg_Int_CurrShareReg__23Class_InverterAlgorithmFv                                     
0     0008e27d  _Alg_Int_DCOVProtect__11Class_DCBusFv                                                  
0     0008d648  _Alg_Int_INVKMFastChk__14Class_SwitchesFv                                              
0     00084553  _Alg_Int_InvOffReset__23Class_InverterAlgorithmFv                                      
0     000836df  _Alg_Int_InvOverCurrentChk__14Class_InverterFv                                         
0     0008f444  _Alg_Int_InvSyncPulseGen__23Class_InverterAlgorithmFv                                  
0     0008f530  _Alg_Int_InvSyncPulseRec__23Class_InverterAlgorithmFv                                  
0     0008f5a5  _Alg_Int_InvSyncRecord__23Class_InverterAlgorithmFv                                    
0     000872d6  _Alg_Int_LBSDetect__9Class_LBSFv                                                       
0     0008f5bd  _Alg_Int_LockStatus__23Class_InverterAlgorithmFv                                       
0     0008d3ab  _Alg_Int_MainInterfaceVar__21Class_PowCANSchedulerFv                                   
0     0008e50b  _Alg_Int_PhaseLock__23Class_InverterAlgorithmFv                                        
0     0008ef53  _Alg_Int_RptCtrl__23Class_InverterAlgorithmFv                                          
0     0008f26d  _Alg_Int_SPWM__23Class_InverterAlgorithmFv                                             
0     0008d590  _Alg_Int_STSDiffFastChk__14Class_SwitchesFv                                            
0     00087b59  _Alg_Int_SelfAging__24Class_SelfAgingAlgorithmFv                                       
0     00084160  _Alg_Int_VOutRangeFastChk__12Class_OutputFv                                            
0     0008ed98  _Alg_Int_VoltDCReg__23Class_InverterAlgorithmFv                                        
0     0008ebe5  _Alg_Int_VoltReg__23Class_InverterAlgorithmFv                                          
0     00083f0e  _Alg_Int_VoutAbnormal__12Class_OutputFv                                                
0     000840f8  _Alg_Int_VoutFastChk2__12Class_OutputFv                                                
0     00083c1b  _Alg_Int_VoutFastChk__12Class_OutputFv                                                 
0     00084772  _Alg_InvACShareReg__23Class_InverterAlgorithmFv                                        
0     00083681  _Alg_InvFault__14Class_InverterFv                                                      
0     00087300  _Alg_LBSSignal__9Class_LBSFv                                                           
0     0008178e  _Alg_OperFault__12Class_SystemFv                                                       
0     00082d73  _Alg_OvcurrFault__12Class_BypassFv                                                     
0     00084267  _Alg_ParaFault__14Class_ParallelFv                                                     
0     000841d2  _Alg_ParaStatus__14Class_ParallelFv                                                    
0     00082420  _Alg_STSOpenFault__14Class_SwitchesFv                                                  
0     0008223d  _Alg_STSShortFault__14Class_SwitchesFv                                                 
0     0008611a  _Alg_ShortCircuitDetect__10Class_LoadFv                                                
0     0008170d  _Alg_SysFault__12Class_SystemFv                                                        
0     00084088  _Alg_VoutAbnormal__12Class_OutputFv                                                    
0     00089561  _AlrmCovMsgXmitState__15SysCanDataExchgFi                                              
0     00089d7d  _AlrmMsgRecvProc__15SysCanDataExchgFP19can_msg_data_struct                             
0     000899af  _AlrmSyncMsgXmitState__15SysCanDataExchgFi                                             
0     00089566  _AlrmXmitMsgGen__15SysCanDataExchgFUi                                                  
0     00089f9d  _AnalogMsgRecvProc__15SysCanDataExchgFP19can_msg_data_struct                           
0     0008a01f  _AnalogRecvMsgObjsInit__15SysCanDataExchgFv                                            
1     0005d180  _AnalogSubsysRegs                                                                      
0     00089a1c  _AnalogSyncMsgXmitState__15SysCanDataExchgFi                                           
0     0008a21b  _AnalogXmitMsgGen__15SysCanDataExchgFUiUc                                              
0     0008884d  _AppSubCmdIni__9AppSubCmdFP9SysCanAppM9SysCanAppFPv_i                                  
0     00082567  _App_BpParamConfig__12Class_BypassFv                                                   
0     0008251e  _App_BpVarInit__12Class_BypassFv                                                       
0     000814dc  _App_CPLD_Ver__12Class_SystemFv                                                        
0     00081ba1  _App_Can_IInvDQCal__21Class_PowCANSchedulerFv                                          
0     00081b1f  _App_Can_ILFilter__21Class_PowCANSchedulerFv                                           
0     000814ab  _App_DSPIDCheck__12Class_SystemFv                                                      
0     0000b087  _App_DSPRestart__17Class_FlashUpdateFv                                                 
0     000881cc  _App_DebugInf__11Class_DebugFv                                                         
0     0008818d  _App_DebugVarInit__11Class_DebugFv                                                     
0     0000b00c  _App_Delay1ms__17Class_FlashUpdateFv                                                   
0     0000b01b  _App_Delay20ms__17Class_FlashUpdateFv                                                  
0     00081cb8  _App_DigitalIOVarInit__15Class_DigitalIOFv                                             
0     00087aa0  _App_EEPROMAction__12Class_EEPROMFv                                                    
0     0008799b  _App_FaultEEPROMW__12Class_EEPROMFv                                                    
0     00087a70  _App_FaultReadTaskInit__12Class_EEPROMFi                                               
0     00087a0b  _App_FaultRead__12Class_EEPROMFv                                                       
0     0008743f  _App_FaultRecordTaxsis__17Class_FaultRecordFv                                          
0     00087506  _App_FaultRecord__17Class_FaultRecordFv                                                
0     0000b000  _App_FlashAPIInit__17Class_FlashUpdateFv                                               
0     0000b004  _App_FlashUpdateMain__17Class_FlashUpdateFv                                            
0     0000b008  _App_Flash_CsmUnlock__17Class_FlashUpdateFv                                            
0     00087872  _App_HistoryEEPROMW__12Class_EEPROMFv                                                  
0     000878cd  _App_HistoryRead__12Class_EEPROMFv                                                     
0     00087847  _App_HistoryRecordW__12Class_EEPROMFPUi                                                
0     00082123  _App_IMCCtrl__15Class_DigitalIOFv                                                      
0     0008d2e9  _App_Int_Can_ComErr__21Class_PowCANSchedulerFv                                         
0     0008ce46  _App_Int_Can_Recv__21Class_PowCANSchedulerFv                                           
0     0008d341  _App_Int_Can_SendSchedule__21Class_PowCANSchedulerFv                                   
0     0008cdd0  _App_Int_PrdTimer_Route__21Class_PowCANSchedulerFv                                     
0     0008f701  _App_Int_TimeLabel__22Class_MonitorInterfaceFv                                         
0     0008f74b  _App_Int_WaveRecord__11Class_DebugFv                                                   
0     00084452  _App_InvAlgParamConfig__23Class_InverterAlgorithmFv                                    
0     000843d1  _App_InvAlgVarInit__23Class_InverterAlgorithmFv                                        
0     00086568  _App_InvCtrl__21Class_InverterControlFv                                                
0     00086738  _App_InvMaster__21Class_InverterControlFv                                              
0     0008657d  _App_InvOffReason__21Class_InverterControlFv                                           
0     00086704  _App_InvOnoffAction__21Class_InverterControlFv                                         
0     000865c6  _App_InvOnoffAgent__21Class_InverterControlFv                                          
0     00082f3f  _App_InvParamConfig__14Class_InverterFv                                                
0     000867ff  _App_InvSoftstart__21Class_InverterControlFv                                           
0     0008681d  _App_InvStandby__21Class_InverterControlFv                                             
0     000867f3  _App_InvTrace__21Class_InverterControlFv                                               
0     00082ef1  _App_InvVarInit__14Class_InverterFv                                                    
0     0008145d  _App_ModelOnline__12Class_SystemFv                                                     
0     00081631  _App_Module_LED__12Class_SystemFv                                                      
0     000815e9  _App_Module_Ok__12Class_SystemFv                                                       
0     00085ab4  _App_MonInterfaceRead__22Class_MonitorInterfaceFv                                      
0     0008503e  _App_MonInterfaceWrite__22Class_MonitorInterfaceFv                                     
0     0008501d  _App_MonitorDeal__22Class_MonitorInterfaceFv                                           
0     000856d1  _App_MonitorOrder__22Class_MonitorInterfaceFv                                          
0     00085a43  _App_MonitorParam__22Class_MonitorInterfaceFv                                          
0     00084d93  _App_MonitorVarInit__22Class_MonitorInterfaceFv                                        
0     00083888  _App_OutParamConfig__12Class_OutputFv                                                  
0     0008385c  _App_OutVarInit__12Class_OutputFv                                                      
0     00082e6e  _App_OverCurrentDelay__12Class_BypassFv                                                
0     00086499  _App_OvloadDelay__10Class_LoadFv                                                       
0     00086530  _App_OvloadSignal__10Class_LoadFv                                                      
0     00085ff6  _App_ParallelLocalData__22Class_MonitorInterfaceFv                                     
0     0008770f  _App_ParamEEPROMW__12Class_EEPROMFv                                                    
0     000817c6  _App_PowCANInit__21Class_PowCANSchedulerFv                                             
0     00087b12  _App_SelfAgingAlgParamConfig__24Class_SelfAgingAlgorithmFv                             
0     00087b04  _App_SelfAgingAlgVarInit__24Class_SelfAgingAlgorithmFv                                 
0     0008592b  _App_SendtoMonitor__22Class_MonitorInterfaceFv                                         
0     000873e6  _App_ServiceMode__13Class_ServiceFv                                                    
0     0008146c  _App_SysParamConfig__12Class_SystemFv                                                  
0     0008143b  _App_SysVarInit__12Class_SystemFv                                                      
0     000868ac  _App_TraceControl__21Class_InverterControlFv                                           
0     000869f1  _App_TraceJudge__21Class_InverterControlFv                                             
0     00086861  _App_TraceSignal__21Class_InverterControlFv                                            
0     00086b20  _App_XferCommand__14Class_TransferFv                                                   
0     00087113  _App_XferExecute__14Class_TransferFv                                                   
0     00086ade  _App_XferOut__14Class_TransferFv                                                       
0     00086de3  _App_XferProcess__14Class_TransferFv                                                   
0     00089e93  _BattEodTurnOff__15SysCanDataExchgFv                                                   
0     00089eb3  _BattGndPtcCmd__15SysCanDataExchgFv                                                    
0     00089f3f  _BattPreWarnCancel__15SysCanDataExchgFv                                                
0     00089f37  _BattPreWarn__15SysCanDataExchgFv                                                      
0     00089e7b  _BattSelfChk20Percent__15SysCanDataExchgFv                                             
0     00089e83  _BattSelfChkDeep__15SysCanDataExchgFv                                                  
0     00089e8b  _BattSelfChkEnd__15SysCanDataExchgFv                                                   
0     00089e9b  _BattTrip__15SysCanDataExchgFv                                                         
0     00089f2f  _BypFlashUpdate__15SysCanDataExchgFv                                                   
0     0008ac2c  _BypMaintMsgRecvProc__15SysCanDataExchgFP19can_msg_data_struct                         
0     000854a6  _Byp_App_MonInterfaceWrite__22Class_MonitorInterfaceFv                                 
0     000892a2  _CANFragRecvTimeoutFcb__14SysCanProtocolFv                                             
0     0008045b  _CPUSELConfig__13Class_GPIODrvFv                                                       
0     000887fb  _CPUSELConfig__17Class_FlashUpdateFv                                                   
0     00080855  _CalAdcINL__11Class_ADDrvFUi                                                           
0     000801a9  _CanMailBoxRead__FP9Can_FramePV4MBOX                                                   
0     000801ca  _CanMailBoxWrite__FPV4MBOXP9Can_Frame                                                  
1     00048000  _CanaRegs                                                                              
1     0004a000  _CanbRegs                                                                              
0     00089f64  _CfgFragMsgPacked__15SysCanDataExchgFP19can_msg_data_struct                            
0     00089bce  _CfgMsgFromMonProc__15SysCanDataExchgFP19can_msg_data_structUi                         
0     0008a1c3  _CfgMsgObjsInit__15SysCanDataExchgFv                                                   
0     00089ab9  _CfgMsgRecvProc__15SysCanDataExchgFP19can_msg_data_struct                              
0     0008a432  _CfgMsgRqPacked__15SysCanDataExchgFP19can_msg_data_structi                             
0     0008a457  _CfgMsgRsPacked__15SysCanDataExchgFP19can_msg_data_structi                             
0     00089cc7  _CfgMsgToMonProc__15SysCanDataExchgFP19can_msg_data_structUi                           
0     00082ed3  _CheckBypassK__12Class_BypassFv                                                        
0     00082ee4  _CheckBypass__12Class_BypassFv                                                         
1     00001400  _Cla1Regs                                                                              
0     00000ce0  _Cla1SoftIntRegs                                                                       
1     0005d200  _ClkCfgRegs                                                                            
0     000801f7  _CloseSysCanInt__Fv                                                                    
1     00005c80  _Cmpss1Regs                                                                            
1     00005ca0  _Cmpss2Regs                                                                            
1     00005cc0  _Cmpss3Regs                                                                            
1     00005ce0  _Cmpss4Regs                                                                            
1     00005d00  _Cmpss5Regs                                                                            
1     00005d20  _Cmpss6Regs                                                                            
1     00005d40  _Cmpss7Regs                                                                            
1     00005d60  _Cmpss8Regs                                                                            
0     0008ad11  _CovMsgProc__9SysCanAppFv                                                              
0     0008a05e  _CovSyncMsgObjInit__15SysCanDataExchgFv                                                
1     0005d300  _CpuSysRegs                                                                            
1     00000c00  _CpuTimer0Regs                                                                         
1     00000c08  _CpuTimer1Regs                                                                         
1     00000c10  _CpuTimer2Regs                                                                         
0     0008a03c  _CtrlMsgObjsInit__15SysCanDataExchgFv                                                  
0     00089ddc  _CtrlMsgRecvProc__15SysCanDataExchgFP19can_msg_data_struct                             
1     00005c00  _DacaRegs                                                                              
1     00005c10  _DacbRegs                                                                              
1     00005c20  _DaccRegs                                                                              
0     0008277d  _Dat_BpRMSPower__12Class_BypassFv                                                      
0     00082153  _Dat_BreakerStatus__14Class_SwitchesFv                                                 
0     00081882  _Dat_Can_LoadCalculation__21Class_PowCANSchedulerFv                                    
0     0008430f  _Dat_DCBusRMS__11Class_DCBusFv                                                         
0     00081ce8  _Dat_DigitalInput__15Class_DigitalIOFv                                                 
0     00081fde  _Dat_DigitalOutput__15Class_DigitalIOFv                                                
0     00087696  _Dat_EEPROMInit__12Class_EEPROMFv                                                      
0     00082e0d  _Dat_IbpFlag__12Class_BypassFv                                                         
0     000837ad  _Dat_IinvPQRMS__14Class_InverterFv                                                     
0     000830cc  _Dat_IinvRMS__14Class_InverterFv                                                       
0     0008d75f  _Dat_Int_BpCal__12Class_BypassFv                                                       
0     0008d6bc  _Dat_Int_BpPreDeal__12Class_BypassFv                                                   
0     0008cede  _Dat_Int_Can_Send__21Class_PowCANSchedulerFv                                           
0     0008e254  _Dat_Int_DCBusPreDeal__11Class_DCBusFv                                                 
0     0008e07e  _Dat_Int_IinvDFTCal__14Class_InverterFv                                                
0     0008dd9d  _Dat_Int_InvCal__14Class_InverterFv                                                    
0     0008d94c  _Dat_Int_InvPreDeal__14Class_InverterFv                                                
0     0008728b  _Dat_Int_LBSCapDeal__9Class_LBSFv                                                      
0     0008d413  _Dat_Int_MBox_Read__20Class_PowCANProtocolFPV4MBOXUl                                   
0     0008d570  _Dat_Int_MainInterfaceIn__15Class_DigitalIOFv                                          
0     0008d536  _Dat_Int_MainInterfaceOut__15Class_DigitalIOFv                                         
0     0008e1e9  _Dat_Int_OutCal__12Class_OutputFv                                                      
0     0008e14c  _Dat_Int_OutPreDeal__12Class_OutputFv                                                  
0     00081c92  _Dat_Int_SetExInReg__15Class_DigitalIOFUi                                              
0     0008211b  _Dat_InvIDOk__15Class_DigitalIOFv                                                      
0     000839aa  _Dat_IoutRMS__12Class_OutputFv                                                         
0     00086033  _Dat_LoadDeal__10Class_LoadFv                                                          
0     00086154  _Dat_LoadFlag__10Class_LoadFv                                                          
0     00086048  _Dat_LoadGrant__10Class_LoadFv                                                         
0     0000b02a  _Dat_MBox_Read__17Class_FlashUpdateFv                                                  
0     0000b02e  _Dat_MBox_Send__17Class_FlashUpdateFUiT1                                               
0     000863e9  _Dat_OvloadFlag__10Class_LoadFv                                                        
0     000832a3  _Dat_PinvRMS__14Class_InverterFv                                                       
0     00083a3b  _Dat_PoutRMS__12Class_OutputFv                                                         
0     00082dbe  _Dat_TempCurrentGrant__12Class_BypassFv                                                
0     000831e7  _Dat_TempPowerGrant__14Class_InverterFv                                                
0     0008281a  _Dat_VbpFlag__12Class_BypassFv                                                         
0     0008351c  _Dat_VinvFlag__14Class_InverterFv                                                      
0     00082fde  _Dat_VinvRMS__14Class_InverterFv                                                       
0     000838fd  _Dat_VoutRMS__12Class_OutputFv                                                         
1     000096c0  _DataExchgObj                                                                          
1     0005f070  _DcsmCommonRegs                                                                        
1     00078000  _DcsmZ1Otp                                                                             
1     0005f000  _DcsmZ1Regs                                                                            
1     00078200  _DcsmZ2Otp                                                                             
1     0005f040  _DcsmZ2Regs                                                                            
0     000888be  _DelQueue__15SysCanRecvQueueFv                                                         
0     0008892c  _DelQueue__15SysCanXmitQueueFv                                                         
0     0008899a  _DelQueue__19SysCanFragXmitQueueFv                                                     
1     0005d000  _DevCfgRegs                                                                            
1     00007980  _DmaClaSrcSelRegs                                                                      
1     00001000  _DmaRegs                                                                               
0     00080a5b  _Drv_ADAdjust__11Class_ADDrvFv                                                         
0     00080890  _Drv_ADInit__11Class_ADDrvFv                                                           
0     0008cd55  _Drv_AD_SOC__11Class_ADDrvFv                                                           
0     00080677  _Drv_CANInit__12Class_CANDrvFv                                                         
0     00080eee  _Drv_CAPInit__12Class_CAPDrvFv                                                         
0     00081428  _Drv_CPUTimerInit__14Class_TimerDrvFv                                                  
0     00081163  _Drv_DisableDog__17Class_WatchDogDrvFv                                                 
0     00081172  _Drv_EnableDog__17Class_WatchDogDrvFv                                                  
0     00081386  _Drv_Encrypt__14Class_FlashDrvFv                                                       
0     00080472  _Drv_GPIOInit__13Class_GPIODrvFv                                                       
0     0008067e  _Drv_I2CInit__12Class_I2CDrvFv                                                         
0     0008070c  _Drv_I2CPageWrite__12Class_I2CDrvFUiiPUi                                               
0     000806a2  _Drv_I2CRead__12Class_I2CDrvFUiiPUi                                                    
0     000806ef  _Drv_I2CWordWrite__12Class_I2CDrvFUiT1                                                 
0     0008073d  _Drv_I2CWriteAll__12Class_I2CDrvFPUiPiT1                                               
0     00009c04  _Drv_InitFlash__14Class_FlashDrvFv                                                     
0     00081089  _Drv_InitPieCtrl__12Class_SysDrvFv                                                     
0     000810ab  _Drv_InitPieVectTable__12Class_SysDrvFv                                                
0     00080f6a  _Drv_InitPll__12Class_SysDrvFUiN31                                                     
0     0008103c  _Drv_InitSysCtrl__12Class_SysDrvFv                                                     
0     0000b09c  _Drv_Int_ADCh1Cs__13Class_GPIODrvFv                                                    
0     0000b0a4  _Drv_Int_ADCh2Cs__13Class_GPIODrvFv                                                    
0     0008cda4  _Drv_Int_ClockMaintain__14Class_TimerDrvFv                                             
0     0008cb0e  _Drv_Int_Sampling1Data__11Class_ADDrvFv                                                
0     0008cc64  _Drv_Int_Sampling2Data__11Class_ADDrvFv                                                
0     0008117d  _Drv_KickDog__17Class_WatchDogDrvFv                                                    
0     000811a6  _Drv_MemCheck__12Class_RAMDrvFv                                                        
0     00081373  _Drv_MemCopy__12Class_RAMDrvFPUiN21                                                    
0     0008cd85  _Drv_PWMActive__12Class_PWMDrvFv                                                       
0     00080ecf  _Drv_PWMInactive__12Class_PWMDrvFv                                                     
0     00080a5f  _Drv_PWMInit__12Class_PWMDrvFv                                                         
0     000805ec  _Drv_SCIInit__12Class_SCIDrvFv                                                         
0     0008061e  _Drv_SPIAct__12Class_SPIDrvFv                                                          
0     0008060e  _Drv_SPIInit__12Class_SPIDrvFv                                                         
0     00080660  _Drv_SPIReceiveData__12Class_SPIDrvFv                                                  
0     000813a1  _Drv_SysTimer__14Class_TimerDrvFv                                                      
0     00081419  _Drv_usDelay__14Class_TimerDrvFl                                                       
0     0008b0f7  _ECAN0INTA_ISR__Fv                                                                     
1     00008380  _ECanaLAMRegs                                                                          
1     00008340  _ECanaMOTORegs                                                                         
1     00008300  _ECanaMOTSRegs                                                                         
1     00008740  _ECanaMboxes                                                                           
1     00008240  _ECanaRegs                                                                             
1     00008400  _ECanbLAMRegs                                                                          
1     00008440  _ECanbMOTORegs                                                                         
1     000083c0  _ECanbMOTSRegs                                                                         
1     00008640  _ECanbMboxes                                                                           
1     00008200  _ECanbRegs                                                                             
1     00005000  _ECap1Regs                                                                             
1     00005020  _ECap2Regs                                                                             
1     00005040  _ECap3Regs                                                                             
1     00005060  _ECap4Regs                                                                             
1     00005080  _ECap5Regs                                                                             
1     000050a0  _ECap6Regs                                                                             
0     0008f8f7  _EPWM1_INT_ISR__Fv                                                                     
1     00004900  _EPwm10Regs                                                                            
1     00004a00  _EPwm11Regs                                                                            
1     00004b00  _EPwm12Regs                                                                            
1     00004000  _EPwm1Regs                                                                             
1     00004100  _EPwm2Regs                                                                             
1     00004200  _EPwm3Regs                                                                             
1     00004300  _EPwm4Regs                                                                             
1     00004400  _EPwm5Regs                                                                             
1     00004500  _EPwm6Regs                                                                             
1     00004600  _EPwm7Regs                                                                             
1     00004700  _EPwm8Regs                                                                             
1     00004800  _EPwm9Regs                                                                             
1     00007a00  _EPwmXbarRegs                                                                          
1     00005100  _EQep1Regs                                                                             
1     00005140  _EQep2Regs                                                                             
1     00005180  _EQep3Regs                                                                             
1     0005f480  _Emif1ConfigRegs                                                                       
1     00047000  _Emif1Regs                                                                             
1     0005f4a0  _Emif2ConfigRegs                                                                       
1     00047800  _Emif2Regs                                                                             
1     00000d01  _EmuBMode                                                                              
1     00000d00  _EmuKey                                                                                
0     0008a4b3  _EndResendTimer__15SysCanDataExchgFv                                                   
0     00089ee1  _EpoCmd__15SysCanDataExchgFv                                                           
1     00008010  _Epwm1FuncsLoadEnd                                                                     
1     0000800e  _Epwm1FuncsLoadStart                                                                   
1     00008008  _Epwm1FuncsRunStart                                                                    
0     00088828  _Excute__14ProtocolSubCmdFPv                                                           
0     0008aed2  _Excute__30TemplateCmd__tm__11_9SysCanAppFPv_i                                         
0     00088863  _Excute__9AppSubCmdFPv                                                                 
0     00089ebb  _FaultClrCmd__15SysCanDataExchgFv                                                      
0     0008ae1b  _FaultDataXimt__9SysCanAppFv                                                           
0     0008abab  _FaultFragMsgPacked__15SysCanDataExchgFP19can_msg_data_struct                          
0     0000b098  _FlagProgram__17Class_FlashUpdateFv                                                    
0     000888d6  _FlagQueue__15SysCanRecvQueueFv                                                        
0     00088944  _FlagQueue__15SysCanXmitQueueFv                                                        
0     000889b2  _FlagQueue__19SysCanFragXmitQueueFv                                                    
1     0005f800  _Flash0CtrlRegs                                                                        
1     0005fb00  _Flash0EccRegs                                                                         
[...]
0     0008f8f7  _EPWM1_INT_ISR__Fv                                                                     
1     00000122  __stack                                                                                
1     00000322  __STACK_END                                                                            
1     00000340  _st_FlashVariable                                                                      
1     00000380  _FlashBuffer                                                                           
1     00000b00  _AdcaResultRegs                                                                        
1     00000b20  _AdcbResultRegs                                                                        
1     00000b40  _AdccResultRegs                                                                        
1     00000b60  _AdcdResultRegs                                                                        
1     00000c00  _CpuTimer0Regs                                                                         
1     00000c08  _CpuTimer1Regs                                                                         
1     00000c10  _CpuTimer2Regs                                                                         
1     00000ce0  _PieCtrlRegs                                                                           
1     00000d00  _EmuKey                                                                                
1     00000d00  _PieVectTable                                                                          
1     00000d01  _EmuBMode                                                                              
1     00001000  _DmaRegs                                                                               
1     00001400  _Cla1Regs                                                                              
1     00004000  _EPwm1Regs                                                                             
1     00004100  _EPwm2Regs                                                                             
1     00004200  _EPwm3Regs                                                                             
1     00004300  _EPwm4Regs                                                                             
1     00004400  _EPwm5Regs                                                                             
1     00004500  _EPwm6Regs                                                                             
1     00004600  _EPwm7Regs                                                                             
1     00004700  _EPwm8Regs                                                                             
1     00004800  _EPwm9Regs                                                                             
1     00004900  _EPwm10Regs                                                                            
1     00004a00  _EPwm11Regs                                                                            
1     00004b00  _EPwm12Regs                                                                            
1     00005000  _ECap1Regs                                                                             
1     00005020  _ECap2Regs                                                                             
1     00005040  _ECap3Regs                                                                             
1     00005060  _ECap4Regs                                                                             
1     00005080  _ECap5Regs                                                                             
1     000050a0  _ECap6Regs                                                                             
1     00005100  _EQep1Regs                                                                             
1     00005140  _EQep2Regs                                                                             
1     00005180  _EQep3Regs                                                                             
1     00005c00  _DacaRegs                                                                              
1     00005c10  _DacbRegs                                                                              
1     00005c20  _DaccRegs                                                                              
1     00005c80  _Cmpss1Regs                                                                            
1     00005ca0  _Cmpss2Regs                                                                            
1     00005cc0  _Cmpss3Regs                                                                            
1     00005ce0  _Cmpss4Regs                                                                            
1     00005d00  _Cmpss5Regs                                                                            
1     00005d20  _Cmpss6Regs                                                                            
1     00005d40  _Cmpss7Regs                                                                            
1     00005d60  _Cmpss8Regs                                                                            
1     00005e00  _Sdfm1Regs                                                                             
1     00005e80  _Sdfm2Regs                                                                             
1     00006000  _McbspaRegs                                                                            
1     00006040  _McbspbRegs                                                                            
1     00006100  _SpiaRegs                                                                              
1     00006110  _SpibRegs                                                                              
1     00006120  _SpicRegs                                                                              
1     00006200  _UppRegs                                                                               
1     00007000  _WdRegs                                                                                
1     00007060  _NmiIntruptRegs                                                                        
1     00007070  _XintRegs                                                                              
1     00007200  _SciaRegs                                                                              
1     00007210  _ScibRegs                                                                              
1     00007220  _ScicRegs                                                                              
1     00007230  _ScidRegs                                                                              
1     00007300  _I2caRegs                                                                              
1     00007340  _I2cbRegs                                                                              
1     00007400  _AdcaRegs                                                                              
1     00007480  _AdcbRegs                                                                              
1     00007500  _AdccRegs                                                                              
1     00007580  _AdcdRegs                                                                              
1     00007900  _InputXbarRegs                                                                         
1     00007920  _XbarRegs                                                                              
1     00007940  _SyncSocRegs                                                                           
1     00007980  _DmaClaSrcSelRegs                                                                      
1     00007a00  _EPwmXbarRegs                                                                          
1     00007a80  _OutputXbarRegs                                                                        
1     00007c00  _GpioCtrlRegs                                                                          
1     00007f00  _GpioDataRegs                                                                          
1     00008000  _objWatchDogDrv                                                                        
1     00008001  _objSysDrv                                                                             
1     00008002  _objPWMDrv                                                                             
1     00008003  _objGPIODrv                                                                            
1     00008004  _objSCIDrv                                                                             
1     00008005  _objRAMDrv                                                                             
1     00008006  _objSPIDrv                                                                             
1     00008008  _Epwm1FuncsRunStart                                                                    
1     0000800c  _objPowCANPro                                                                          
1     0000800d  _i16_IntCnt_0                                                                          
1     0000800e  _Epwm1FuncsLoadStart                                                                   
1     0000800f  _objFlashUpdate                                                                        
1     00008010  _Epwm1FuncsLoadEnd                                                                     
1     00008011  _objCANDrv                                                                             
1     00008012  _objCAPDrv                                                                             
1     00008013  _objI2CDrv                                                                             
1     00008014  _objFlashDrv                                                                           
1     00008015  _Flash28_API_LoadEnd                                                                   
1     00008016  _Flash28_API_LoadStart                                                                 
1     00008017  _i16TempIntAx_0                                                                        
1     00008018  _Flash28_API_RunStart                                                                  
1     0000801a  _pCanIsrXmitFcb                                                                        
1     0000801c  _objService                                                                            
1     0000801e  _pCanIsrRecvFcb                                                                        
1     00008020  _Flash_CallbackPtr                                                                     
1     00008022  _Flash_CPUScaleFactor                                                                  
1     00008024  _m_pDataExchgPtr__15SysCanDataExchg                                                    
1     00008026  _objFaultRecord                                                                        
1     00008032  _ReceiveFrame                                                                          
1     00008040  _objInvCtrl                                                                            
1     0000804b  _uBypAnalogLen                                                                         
1     00008057  _uInvAnalogLen                                                                         
1     00008066  _objTimerDrv                                                                           
1     00008080  _objLBS                                                                                
1     0000808e  _objParallel                                                                           
1     0000809c  _objDCBus                                                                              
1     000080aa  _objDebug                                                                              
1     000080c0  _objSwitches                                                                           
1     000080de  _objXfer                                                                               
1     00008100  _objLoad                                                                               
1     00008140  _objEEPROM                                                                             
1     00008180  _objSystem                                                                             
1     000081c0  _objDigitalIO                                                                          
1     00008200  _ECanbRegs                                                                             
1     00008240  _ECanaRegs                                                                             
1     00008280  _objADDrv                                                                              
1     000082c0  _objSelfAgingAlg                                                                       
1     00008300  _ECanaMOTSRegs                                                                         
1     00008340  _ECanaMOTORegs                                                                         
1     00008380  _ECanaLAMRegs                                                                          
1     000083c0  _ECanbMOTSRegs                                                                         
1     00008400  _ECanbLAMRegs                                                                          
1     00008440  _ECanbMOTORegs                                                                         
1     00008480  _objBypass                                                                             
1     00008540  _objOutput                                                                             
1     00008640  _ECanbMboxes                                                                           
1     00008740  _ECanaMboxes                                                                           
1     00008840  _i16RptIntD_0                                                                          
1     00008980  _i16RptIntQ_0                                                                          
1     00008ac0  _i16RptIntZ_0                                                                          
1     00008c00  _objInverter                                                                           
1     00008d40  _objPowCANSched                                                                        
1     00008e80  _objInvAlg                                                                             
1     00008fc0  _SysCanAppObj                                                                          
1     00009100  _objMonInterface                                                                       
1     00009300  _ProtocolObj                                                                           
1     000096c0  _DataExchgObj                                                                          
1     00009af6  ___TI_enable_exit_profile_output                                                       
1     00009af8  ___TI_cleanup_ptr                                                                      
1     00009afa  ___TI_dtors_ptr                                                                        
1     00009afc  __lock                                                                                 
1     00009afe  __unlock                                                                               
1     00009b01  ___atexit_func_id__                                                                    
1     00009c02  __new_handler                                                                          
1     00009c30  __sys_memory                                                                           
1     0000a040  _iSCIDataBuffer_0                                                                      
1     0000a840  _uFaultRecord                                                                          
1     0000a8c0  _u16FaultRecordRead                                                                    
1     0000a940  _uFaultRecordBuff                                                                      
1     00047000  _Emif1Regs                                                                             
1     00047800  _Emif2Regs                                                                             
1     00048000  _CanaRegs                                                                              
1     0004a000  _CanbRegs                                                                              
1     00050000  _IpcRegs                                                                               
1     00050024  _FlashPumpSemaphoreRegs                                                                
1     0005d000  _DevCfgRegs                                                                            
1     0005d180  _AnalogSubsysRegs                                                                      
1     0005d200  _ClkCfgRegs                                                                            
1     0005d300  _CpuSysRegs                                                                            
1     0005e608  _RomPrefetchRegs                                                                       
1     0005f000  _DcsmZ1Regs                                                                            
1     0005f040  _DcsmZ2Regs                                                                            
1     0005f070  _DcsmCommonRegs                                                                        
1     0005f400  _MemCfgRegs                                                                            
1     0005f480  _Emif1ConfigRegs                                                                       
1     0005f4a0  _Emif2ConfigRegs                                                                       
1     0005f4c0  _AccessProtectionRegs                                                                  
1     0005f500  _MemoryErrorRegs                                                                       
1     0005f540  _RomWaitStateRegs                                                                      
1     0005f800  _Flash0CtrlRegs                                                                        
1     0005fb00  _Flash0EccRegs                                                                         
1     00078000  _DcsmZ1Otp                                                                             
1     00078200  _DcsmZ2Otp                                                                             
abs   0000002c  _RamfuncsLoadSize                                                                      
abs   0000002c  _RamfuncsRunSize                                                                       
abs   00000200  __STACK_SIZE                                                                           
abs   00000400  __SYSMEM_SIZE                                                                          
abs   ffffffff  ___TI_pprof_out_hndl                                                                   
abs   ffffffff  ___TI_prof_data_size                                                                   
abs   ffffffff  ___TI_prof_data_start                                                                  
abs   ffffffff  ___binit__                                                                             
abs   ffffffff  ___c_args__                                                                            
abs   ffffffff  binit                                                                                  

[598 symbols]
