******************************************************************************
             TMS320C2000 Linker PC v16.9.5                     
******************************************************************************
>> Linked Wed Nov 22 15:24:18 2017

OUTPUT FILE NAME:   <moduel_28377.out>
ENTRY POINT SYMBOL: "_c_int00"  address: 00082376


MEMORY CONFIGURATION

         name            origin    length      used     unused   attr    fill
----------------------  --------  ---------  --------  --------  ----  --------
PAGE 0:
  RAMM0                 00000122   000002de  000002db  00000003  RWIX
  RAMLS0                00008000   00000800  0000003c  000007c4  RWIX
  RAMLS1                00008800   00000800  00000000  00000800  RWIX
  RAMLS2                00009000   00000800  00000000  00000800  RWIX
  RAMLS3                00009800   00000800  00000000  00000800  RWIX
  RAMLS4                0000a000   00000800  00000000  00000800  RWIX
  RAMD0                 0000b000   00000800  00000000  00000800  RWIX
  RAMGS14               0001a000   00001000  000008f2  0000070e  RWIX
  RAMGS15               0001b000   00001000  00000000  00001000  RWIX
  BEGIN                 00080000   00000002  00000002  00000000  RWIX
  FLASHA                00080002   00001ffe  00000000  00001ffe  RWIX
  FLASHB                00082000   00002000  00000511  00001aef  RWIX
  FLASHC                00084000   00002000  00000000  00002000  RWIX
  FLASHD                00086000   00002000  00000000  00002000  RWIX
  FLASHE                00088000   00008000  00002f4d  000050b3  RWIX
  FLASHF                00090000   00008000  000016c0  00006940  RWIX
  FLASHG                00098000   00008000  00000000  00008000  RWIX
  FLASHH                000a0000   00008000  00000000  00008000  RWIX
  FLASHI                000a8000   00008000  00000000  00008000  RWIX
  FLASHJ                000b0000   00008000  00000000  00008000  RWIX
  FLASHK                000b8000   00002000  00000000  00002000  RWIX
  FLASHL                000ba000   00002000  00000000  00002000  RWIX
  FLASHM                000bc000   00002000  00000000  00002000  RWIX
  FLASHN                000be000   00002000  00000000  00002000  RWIX
  RESET                 003fffc0   00000002  00000000  00000002  RWIX

PAGE 1:
  BOOT_RSVD             00000002   00000120  00000000  00000120  RWIX
  RAMM1                 00000400   00000400  00000380  00000080  RWIX
  ADCA_RESULT           00000b00   00000020  00000018  00000008  RWIX
  ADCB_RESULT           00000b20   00000020  00000018  00000008  RWIX
  ADCC_RESULT           00000b40   00000020  00000018  00000008  RWIX
  ADCD_RESULT           00000b60   00000020  00000018  00000008  RWIX
  CPU_TIMER0            00000c00   00000008  00000008  00000000  RWIX
  CPU_TIMER1            00000c08   00000008  00000008  00000000  RWIX
  CPU_TIMER2            00000c10   00000008  00000008  00000000  RWIX
  PIE_CTRL              00000ce0   00000020  0000001a  00000006  RWIX
  PIE_VECT              00000d00   00000200  000001c0  00000040  RWIX
  DMA                   00001000   00000200  000000e0  00000120  RWIX
  CLA1                  00001400   00000040  0000003e  00000002  RWIX
  EPWM1                 00004000   00000100  00000100  00000000  RWIX
  EPWM2                 00004100   00000100  00000100  00000000  RWIX
  EPWM3                 00004200   00000100  00000100  00000000  RWIX
  EPWM4                 00004300   00000100  00000100  00000000  RWIX
  EPWM5                 00004400   00000100  00000100  00000000  RWIX
  EPWM6                 00004500   00000100  00000100  00000000  RWIX
  EPWM7                 00004600   00000100  00000100  00000000  RWIX
  EPWM8                 00004700   00000100  00000100  00000000  RWIX
  EPWM9                 00004800   00000100  00000100  00000000  RWIX
  EPWM10                00004900   00000100  00000100  00000000  RWIX
  EPWM11                00004a00   00000100  00000100  00000000  RWIX
  EPWM12                00004b00   00000100  00000100  00000000  RWIX
  ECAP1                 00005000   00000020  00000020  00000000  RWIX
  ECAP2                 00005020   00000020  00000020  00000000  RWIX
  ECAP3                 00005040   00000020  00000020  00000000  RWIX
  ECAP4                 00005060   00000020  00000020  00000000  RWIX
  ECAP5                 00005080   00000020  00000020  00000000  RWIX
  ECAP6                 000050a0   00000020  00000020  00000000  RWIX
  EQEP1                 00005100   00000040  00000022  0000001e  RWIX
  EQEP2                 00005140   00000040  00000022  0000001e  RWIX
  EQEP3                 00005180   00000040  00000022  0000001e  RWIX
  DACA                  00005c00   00000010  00000008  00000008  RWIX
  DACB                  00005c10   00000010  00000008  00000008  RWIX
  DACC                  00005c20   00000010  00000008  00000008  RWIX
  CMPSS1                00005c80   00000020  00000020  00000000  RWIX
  CMPSS2                00005ca0   00000020  00000020  00000000  RWIX
  CMPSS3                00005cc0   00000020  00000020  00000000  RWIX
  CMPSS4                00005ce0   00000020  00000020  00000000  RWIX
  CMPSS5                00005d00   00000020  00000020  00000000  RWIX
  CMPSS6                00005d20   00000020  00000020  00000000  RWIX
  CMPSS7                00005d40   00000020  00000020  00000000  RWIX
  CMPSS8                00005d60   00000020  00000020  00000000  RWIX
  SDFM1                 00005e00   00000080  00000080  00000000  RWIX
  SDFM2                 00005e80   00000080  00000080  00000000  RWIX
  MCBSPA                00006000   00000040  00000024  0000001c  RWIX
  MCBSPB                00006040   00000040  00000024  0000001c  RWIX
  SPIA                  00006100   00000010  00000010  00000000  RWIX
  SPIB                  00006110   00000010  00000010  00000000  RWIX
  SPIC                  00006120   00000010  00000010  00000000  RWIX
  SPID                  00006130   00000010  00000000  00000010  RWIX
  UPP                   00006200   00000100  00000048  000000b8  RWIX
  WD                    00007000   00000040  0000002b  00000015  RWIX
  NMIINTRUPT            00007060   00000010  00000007  00000009  RWIX
  XINT                  00007070   00000010  0000000b  00000005  RWIX
  SCIA                  00007200   00000010  00000010  00000000  RWIX
  SCIB                  00007210   00000010  00000010  00000000  RWIX
  SCIC                  00007220   00000010  00000010  00000000  RWIX
  SCID                  00007230   00000010  00000010  00000000  RWIX
  I2CA                  00007300   00000040  00000022  0000001e  RWIX
  I2CB                  00007340   00000040  00000022  0000001e  RWIX
  ADCA                  00007400   00000080  00000080  00000000  RWIX
  ADCB                  00007480   00000080  00000080  00000000  RWIX
  ADCC                  00007500   00000080  00000080  00000000  RWIX
  ADCD                  00007580   00000080  00000080  00000000  RWIX
  INPUT_XBAR            00007900   00000020  00000020  00000000  RWIX
  XBAR                  00007920   00000020  00000020  00000000  RWIX
  SYNC_SOC              00007940   00000010  00000006  0000000a  RWIX
  DMACLASRCSEL          00007980   00000040  0000001a  00000026  RWIX
  EPWM_XBAR             00007a00   00000040  00000040  00000000  RWIX
  CLB_XBAR              00007a40   00000040  00000000  00000040  RWIX
  OUTPUT_XBAR           00007a80   00000040  00000040  00000000  RWIX
  GPIOCTRL              00007c00   00000180  00000180  00000000  RWIX
  GPIODAT               00007f00   00000030  00000030  00000000  RWIX
  RAMLS5                0000a800   00000800  00000516  000002ea  RWIX
  RAMD1                 0000b800   00000800  00000800  00000000  RWIX
  RAMGS0                0000c000   00001000  00000440  00000bc0  RWIX
  RAMGS1                0000d000   00001000  00000000  00001000  RWIX
  RAMGS2                0000e000   00001000  00000000  00001000  RWIX
  RAMGS3                0000f000   00001000  00000000  00001000  RWIX
  RAMGS4                00010000   00001000  00000000  00001000  RWIX
  RAMGS5                00011000   00001000  00000000  00001000  RWIX
  RAMGS6                00012000   00001000  00000000  00001000  RWIX
  RAMGS7                00013000   00001000  00000000  00001000  RWIX
  RAMGS8                00014000   00001000  00000000  00001000  RWIX
  RAMGS9                00015000   00001000  00000000  00001000  RWIX
  RAMGS10               00016000   00001000  00000000  00001000  RWIX
  RAMGS11               00017000   00001000  00000000  00001000  RWIX
  RAMGS12               00018000   00001000  00000000  00001000  RWIX
  RAMGS13               00019000   00001000  00000000  00001000  RWIX
  CPU2TOCPU1RAM         0003f800   00000400  00000000  00000400  RWIX
  CPU1TOCPU2RAM         0003fc00   00000400  00000000  00000400  RWIX
  EMIF1                 00047000   00000800  00000070  00000790  RWIX
  EMIF2                 00047800   00000800  00000070  00000790  RWIX
  CANA                  00048000   00000800  00000164  0000069c  RWIX
  CANB                  0004a000   00000800  00000164  0000069c  RWIX
  IPC                   00050000   00000024  00000024  00000000  RWIX
  FLASHPUMPSEMAPHORE    00050024   00000002  00000002  00000000  RWIX
  DEV_CFG               0005d000   00000180  0000012e  00000052  RWIX
  ANALOG_SUBSYS         0005d180   00000080  00000048  00000038  RWIX
  CLK_CFG               0005d200   00000100  00000032  000000ce  RWIX
  CPU_SYS               0005d300   00000100  00000082  0000007e  RWIX
  ROMPREFETCH           0005e608   00000002  00000002  00000000  RWIX
  DCSM_Z1               0005f000   00000030  00000024  0000000c  RWIX
  DCSM_Z2               0005f040   00000030  00000024  0000000c  RWIX
  DCSM_COMMON           0005f070   00000010  00000008  00000008  RWIX
  MEMCFG                0005f400   00000080  00000080  00000000  RWIX
  EMIF1CONFIG           0005f480   00000020  00000020  00000000  RWIX
  EMIF2CONFIG           0005f4a0   00000020  00000020  00000000  RWIX
  ACCESSPROTECTION      0005f4c0   00000040  00000040  00000000  RWIX
  MEMORYERROR           0005f500   00000040  00000040  00000000  RWIX
  ROMWAITSTATE          0005f540   00000002  00000002  00000000  RWIX
  FLASH0_CTRL           0005f800   00000300  00000182  0000017e  RWIX
  FLASH0_ECC            0005fb00   00000040  00000028  00000018  RWIX
  DCSM_Z1_OTP           00078000   00000020  00000020  00000000  RWIX
  DCSM_Z2_OTP           00078200   00000020  00000020  00000000  RWIX


SECTION ALLOCATION MAP

 output                                  attributes/
section   page    origin      length       input sections
--------  ----  ----------  ----------   ----------------
.TI.ramfunc 
*          0    00008000    00000000     UNINITIALIZED

codestart 
*          0    00080000    00000002     
                  00080000    00000002     Inv.obj (codestart)

.switch    0    00082000    00000070     
                  00082000    00000050     Inv.obj (.switch:_App_DebugInf__11Class_DebugFv)
                  00082050    00000020     Inv.obj (.switch:_App_CPLD_Ver__12Class_SystemFv)

.cinit     0    00082070    0000004e     
                  00082070    0000001e     Inv.obj (.cinit)
                  0008208e    0000000e     rts2800_fpu32.lib : exit.obj (.cinit)
                  0008209c    00000008                       : atexit.obj (.cinit)
                  000820a4    00000005                       : _lock.obj (.cinit:__lock)
                  000820a9    00000005                       : _lock.obj (.cinit:__unlock)
                  000820ae    00000005                       : sinit.obj (.cinit)
                  000820b3    00000005                       : vars.obj (.cinit)
                  000820b8    00000004                       : memory.obj (.cinit)
                  000820bc    00000002     --HOLE-- [fill = 0]

.pinit     0    000820c0    00000004     
                  000820c0    00000002     Inv.obj (.pinit)
                  000820c2    00000002     --HOLE-- [fill = 0]

.stack     1    00000400    00000200     UNINITIALIZED
                  00000400    00000200     --HOLE--

.esysmem   1    0000a800    00000400     UNINITIALIZED
                  0000a800    00000001     rts2800_fpu32.lib : memory.obj (.esysmem)
                  0000a801    000003ff     --HOLE--

.reset     0    003fffc0    00000002     DSECT
                  003fffc0    00000002     rts2800_fpu32.lib : boot28.obj (.reset)

GETBUFFER 
*          0    0003f800    00000000     DSECT

GETWRITEIDX 
*          0    0003f800    00000000     DSECT

PUTREADIDX 
*          0    0003f800    00000000     DSECT

.text.1    0    00000000    0000af7a     FAILED TO ALLOCATE
.ebss.1    0    00000000    000016ee     FAILED TO ALLOCATE
Flash28_API 
*          0    00000122    000002d8     
                  00000122    000002d8     Inv.obj (Flash28_API)

normalfuncs 
*          0    000003fa    00000002     
                  000003fa    00000002     Inv.obj (normalfuncs)

flashflag 
*          0    000003fc    00000001     
                  000003fc    00000001     Inv.obj (flashflag)

ramfuncs   0    00008000    0000002c     
                  00008000    0000002c     Inv.obj (ramfuncs)

Epwm1Funcs 
*          0    0000802c    00000010     
                  0000802c    00000010     Inv.obj (Epwm1Funcs)

Flash28Funcs 
*          0    0001a000    000008f2     
                  0001a000    000008f2     Inv.obj (Flash28Funcs)

.text.2    0    000820c4    0000044f     
                  000820c4    000001d2     rts2800_fpu32.lib : memory.obj (.text)
                  00082296    000000e0     Inv.obj (.text:retain)
                  00082376    00000056     rts2800_fpu32.lib : boot28.obj (.text)
                  000823cc    0000002a                       : l_div28.obj (.text)
                  000823f6    00000029                       : exit.obj (.text)
                  0008241f    00000027                       : sinit.obj (.text)
                  00082446    00000024                       : cpy_tbl.obj (.text)
                  0008246a    00000022                       : i_div28.obj (.text)
                  0008248c    00000020                       : new_.obj (.text)
                  000824ac    0000001e                       : memcpy.obj (.text)
                  000824ca    00000019                       : args_main.obj (.text)
                  000824e3    0000000c                       : memset.obj (.text)
                  000824ef    0000000b                       : u_div28.obj (.text)
                  000824fa    00000009                       : _lock.obj (.text)
                  00082503    00000005                       : delete.obj (.text)
                  00082508    00000004                       : pure_virt.obj (.text)
                  0008250c    00000003                       : error.obj (.text)
                  0008250f    00000002                       : pre_init.obj (.text)
                  00082511    00000001                       : newhandler.obj (.text)
                  00082512    00000001                       : startup.obj (.text)

.Epwm1Funcs 
*          0    00088000    00002f4d     
                  00088000    00002def     Inv.obj (.Epwm1Funcs)
                  0008adef    0000015e     Inv.obj (.Epwm1Funcs:retain)

.econst    0    00090000    000016c0     
                  00090000    000007d0     Inv.obj (.econst:_iVbusInvTab)
                  000907d0    00000402     Inv.obj (.econst:_sqrtTab)
                  00090bd2    000001c0     Inv.obj (.econst:_PieVectTableInit)
                  00090d92    0000019e     Inv.obj (.econst:_Fbp50HzTable)
                  00090f30    0000019e     Inv.obj (.econst:_Fbp60HzTable)
                  000910ce    00000169     Inv.obj (.econst:_sintab)
                  00091237    00000159     Inv.obj (.econst:_VbpRangeTable)
                  00091390    000000b8     Inv.obj (.econst:_CfgFromMonObjs)
                  00091448    0000008a     Inv.obj (.econst:_CanCtrlMsgObjs)
                  000914d2    00000060     Inv.obj (.econst:_AlarmEventIdObj)
                  00091532    0000003c     Inv.obj (.econst:_BypAlarmEventIdObj)
                  0009156e    00000038     Inv.obj (.econst:_CanAnlogMsgObjs)
                  000915a6    00000030     Inv.obj (.econst:_BypCanAnlogMsgObjs)
                  000915d6    0000001c     Inv.obj (.econst:_BypStateEventIdObj)
                  000915f2    00000017     Inv.obj (.econst:_BpCurrentTable)
                  00091609    00000017     Inv.obj (.econst:_InvLoadTable)
                  00091620    00000017     Inv.obj (.econst:_OutLoadTable)
                  00091637    00000001     --HOLE-- [fill = 0]
                  00091638    00000014     Inv.obj (.econst:_CanAnlogRecvMsgObjs)
                  0009164c    00000014     Inv.obj (.econst:_CfgToMonObjs)
                  00091660    00000010     Inv.obj (.econst:_uInvSetMsgBitSet)
                  00091670    0000000c     Inv.obj (.econst:_StateEventIdObj)
                  0009167c    0000000c     Inv.obj (.econst:___vtbl__11CommandBase)
                  00091688    0000000c     Inv.obj (.econst:___vtbl__14ProtocolSubCmd)
                  00091694    0000000c     Inv.obj (.econst:___vtbl__30TemplateCmd__tm__11_9SysCanApp)
                  000916a0    00000004     Inv.obj (.econst:_$P$T0)
                  000916a4    00000004     Inv.obj (.econst:_$P$T1)
                  000916a8    00000004     Inv.obj (.econst:_$P$T2)
                  000916ac    00000004     Inv.obj (.econst:_$P$T3)
                  000916b0    00000004     Inv.obj (.econst:_$P$T4)
                  000916b4    00000004     Inv.obj (.econst:_$P$T5)
                  000916b8    00000004     Inv.obj (.econst:_$P$T6)
                  000916bc    00000004     Inv.obj (.econst:_$P$T7)

.FaultRecord 
*          1    00000600    00000180     UNINITIALIZED
                  00000600    00000180     Inv.obj (.FaultRecord)

AdcaResultFile 
*          1    00000b00    00000018     UNINITIALIZED
                  00000b00    00000018     Inv.obj (AdcaResultFile)

AdcbResultFile 
*          1    00000b20    00000018     UNINITIALIZED
                  00000b20    00000018     Inv.obj (AdcbResultFile)

AdccResultFile 
*          1    00000b40    00000018     UNINITIALIZED
                  00000b40    00000018     Inv.obj (AdccResultFile)

AdcdResultFile 
*          1    00000b60    00000018     UNINITIALIZED
                  00000b60    00000018     Inv.obj (AdcdResultFile)

CpuTimer0RegsFile 
*          1    00000c00    00000008     UNINITIALIZED
                  00000c00    00000008     Inv.obj (CpuTimer0RegsFile)

CpuTimer1RegsFile 
*          1    00000c08    00000008     UNINITIALIZED
                  00000c08    00000008     Inv.obj (CpuTimer1RegsFile)

CpuTimer2RegsFile 
*          1    00000c10    00000008     UNINITIALIZED
                  00000c10    00000008     Inv.obj (CpuTimer2RegsFile)

PieCtrlRegsFile 
*          1    00000ce0    0000001a     UNINITIALIZED
                  00000ce0    0000001a     Inv.obj (PieCtrlRegsFile)

PieVectTableFile 
*          1    00000d00    000001c0     UNINITIALIZED
                  00000d00    000001c0     Inv.obj (PieVectTableFile)

EmuKeyVar 
*          1    00000d00    00000001     UNINITIALIZED
                  00000d00    00000001     Inv.obj (EmuKeyVar)

EmuBModeVar 
*          1    00000d01    00000001     UNINITIALIZED
                  00000d01    00000001     Inv.obj (EmuBModeVar)

FlashCallbackVar 
*          1    00000d02    00000000     UNINITIALIZED

FlashScalingVar 
*          1    00000d02    00000000     UNINITIALIZED

DmaRegsFile 
*          1    00001000    000000e0     UNINITIALIZED
                  00001000    000000e0     Inv.obj (DmaRegsFile)

Cla1RegsFile 
*          1    00001400    0000003e     UNINITIALIZED
                  00001400    0000003e     Inv.obj (Cla1RegsFile)

EPwm1RegsFile 
*          1    00004000    00000100     UNINITIALIZED
                  00004000    00000100     Inv.obj (EPwm1RegsFile)

EPwm2RegsFile 
*          1    00004100    00000100     UNINITIALIZED
                  00004100    00000100     Inv.obj (EPwm2RegsFile)

EPwm3RegsFile 
*          1    00004200    00000100     UNINITIALIZED
                  00004200    00000100     Inv.obj (EPwm3RegsFile)

EPwm4RegsFile 
*          1    00004300    00000100     UNINITIALIZED
                  00004300    00000100     Inv.obj (EPwm4RegsFile)

EPwm5RegsFile 
*          1    00004400    00000100     UNINITIALIZED
                  00004400    00000100     Inv.obj (EPwm5RegsFile)

EPwm6RegsFile 
*          1    00004500    00000100     UNINITIALIZED
                  00004500    00000100     Inv.obj (EPwm6RegsFile)

EPwm7RegsFile 
*          1    00004600    00000100     UNINITIALIZED
                  00004600    00000100     Inv.obj (EPwm7RegsFile)

EPwm8RegsFile 
*          1    00004700    00000100     UNINITIALIZED
                  00004700    00000100     Inv.obj (EPwm8RegsFile)

EPwm9RegsFile 
*          1    00004800    00000100     UNINITIALIZED
                  00004800    00000100     Inv.obj (EPwm9RegsFile)

EPwm10RegsFile 
*          1    00004900    00000100     UNINITIALIZED
                  00004900    00000100     Inv.obj (EPwm10RegsFile)

EPwm11RegsFile 
*          1    00004a00    00000100     UNINITIALIZED
                  00004a00    00000100     Inv.obj (EPwm11RegsFile)

EPwm12RegsFile 
*          1    00004b00    00000100     UNINITIALIZED
                  00004b00    00000100     Inv.obj (EPwm12RegsFile)

ECap1RegsFile 
*          1    00005000    00000020     UNINITIALIZED
                  00005000    00000020     Inv.obj (ECap1RegsFile)

ECap2RegsFile 
*          1    00005020    00000020     UNINITIALIZED
                  00005020    00000020     Inv.obj (ECap2RegsFile)

ECap3RegsFile 
*          1    00005040    00000020     UNINITIALIZED
                  00005040    00000020     Inv.obj (ECap3RegsFile)

ECap4RegsFile 
*          1    00005060    00000020     UNINITIALIZED
                  00005060    00000020     Inv.obj (ECap4RegsFile)

ECap5RegsFile 
*          1    00005080    00000020     UNINITIALIZED
                  00005080    00000020     Inv.obj (ECap5RegsFile)

ECap6RegsFile 
*          1    000050a0    00000020     UNINITIALIZED
                  000050a0    00000020     Inv.obj (ECap6RegsFile)

EQep1RegsFile 
*          1    00005100    00000022     UNINITIALIZED
                  00005100    00000022     Inv.obj (EQep1RegsFile)

EQep2RegsFile 
*          1    00005140    00000022     UNINITIALIZED
                  00005140    00000022     Inv.obj (EQep2RegsFile)

EQep3RegsFile 
*          1    00005180    00000022     UNINITIALIZED
                  00005180    00000022     Inv.obj (EQep3RegsFile)

DacaRegsFile 
*          1    00005c00    00000008     UNINITIALIZED
                  00005c00    00000008     Inv.obj (DacaRegsFile)

DacbRegsFile 
*          1    00005c10    00000008     UNINITIALIZED
                  00005c10    00000008     Inv.obj (DacbRegsFile)

DaccRegsFile 
*          1    00005c20    00000008     UNINITIALIZED
                  00005c20    00000008     Inv.obj (DaccRegsFile)

Cmpss1RegsFile 
*          1    00005c80    00000020     UNINITIALIZED
                  00005c80    00000020     Inv.obj (Cmpss1RegsFile)

Cmpss2RegsFile 
*          1    00005ca0    00000020     UNINITIALIZED
                  00005ca0    00000020     Inv.obj (Cmpss2RegsFile)

Cmpss3RegsFile 
*          1    00005cc0    00000020     UNINITIALIZED
                  00005cc0    00000020     Inv.obj (Cmpss3RegsFile)

Cmpss4RegsFile 
*          1    00005ce0    00000020     UNINITIALIZED
                  00005ce0    00000020     Inv.obj (Cmpss4RegsFile)

Cmpss5RegsFile 
*          1    00005d00    00000020     UNINITIALIZED
                  00005d00    00000020     Inv.obj (Cmpss5RegsFile)

Cmpss6RegsFile 
*          1    00005d20    00000020     UNINITIALIZED
                  00005d20    00000020     Inv.obj (Cmpss6RegsFile)

Cmpss7RegsFile 
*          1    00005d40    00000020     UNINITIALIZED
                  00005d40    00000020     Inv.obj (Cmpss7RegsFile)

Cmpss8RegsFile 
*          1    00005d60    00000020     UNINITIALIZED
                  00005d60    00000020     Inv.obj (Cmpss8RegsFile)

AdcaRegsFile 
*          1    00007400    00000080     UNINITIALIZED
                  00007400    00000080     Inv.obj (AdcaRegsFile)

AdcbRegsFile 
*          1    00007480    00000080     UNINITIALIZED
                  00007480    00000080     Inv.obj (AdcbRegsFile)

AdccRegsFile 
*          1    00007500    00000080     UNINITIALIZED
                  00007500    00000080     Inv.obj (AdccRegsFile)

AdcdRegsFile 
*          1    00007580    00000080     UNINITIALIZED
                  00007580    00000080     Inv.obj (AdcdRegsFile)

CanaRegsFile 
*          1    00048000    00000164     UNINITIALIZED
                  00048000    00000164     Inv.obj (CanaRegsFile)

CanbRegsFile 
*          1    0004a000    00000164     UNINITIALIZED
                  0004a000    00000164     Inv.obj (CanbRegsFile)

AnalogSubsysRegsFile 
*          1    0005d180    00000048     UNINITIALIZED
                  0005d180    00000048     Inv.obj (AnalogSubsysRegsFile)

Cla1SoftIntRegsFile 
*          1    00000ce0    00000004     DSECT
                  00000ce0    00000004     Inv.obj (Cla1SoftIntRegsFile)

Sdfm1RegsFile 
*          1    00005e00    00000080     UNINITIALIZED
                  00005e00    00000080     Inv.obj (Sdfm1RegsFile)

Sdfm2RegsFile 
*          1    00005e80    00000080     UNINITIALIZED
                  00005e80    00000080     Inv.obj (Sdfm2RegsFile)

McbspaRegsFile 
*          1    00006000    00000024     UNINITIALIZED
                  00006000    00000024     Inv.obj (McbspaRegsFile)

McbspbRegsFile 
*          1    00006040    00000024     UNINITIALIZED
                  00006040    00000024     Inv.obj (McbspbRegsFile)

SpiaRegsFile 
*          1    00006100    00000010     UNINITIALIZED
                  00006100    00000010     Inv.obj (SpiaRegsFile)

SpibRegsFile 
*          1    00006110    00000010     UNINITIALIZED
                  00006110    00000010     Inv.obj (SpibRegsFile)

SpicRegsFile 
*          1    00006120    00000010     UNINITIALIZED
                  00006120    00000010     Inv.obj (SpicRegsFile)

UppRegsFile 
*          1    00006200    00000048     UNINITIALIZED
                  00006200    00000048     Inv.obj (UppRegsFile)

WdRegsFile 
*          1    00007000    0000002b     UNINITIALIZED
                  00007000    0000002b     Inv.obj (WdRegsFile)

NmiIntruptRegsFile 
*          1    00007060    00000007     UNINITIALIZED
                  00007060    00000007     Inv.obj (NmiIntruptRegsFile)

XintRegsFile 
*          1    00007070    0000000b     UNINITIALIZED
                  00007070    0000000b     Inv.obj (XintRegsFile)

SciaRegsFile 
*          1    00007200    00000010     UNINITIALIZED
                  00007200    00000010     Inv.obj (SciaRegsFile)

ScibRegsFile 
*          1    00007210    00000010     UNINITIALIZED
                  00007210    00000010     Inv.obj (ScibRegsFile)

ScicRegsFile 
*          1    00007220    00000010     UNINITIALIZED
                  00007220    00000010     Inv.obj (ScicRegsFile)

ScidRegsFile 
*          1    00007230    00000010     UNINITIALIZED
                  00007230    00000010     Inv.obj (ScidRegsFile)

I2caRegsFile 
*          1    00007300    00000022     UNINITIALIZED
                  00007300    00000022     Inv.obj (I2caRegsFile)

I2cbRegsFile 
*          1    00007340    00000022     UNINITIALIZED
                  00007340    00000022     Inv.obj (I2cbRegsFile)

InputXbarRegsFile 
*          1    00007900    00000020     UNINITIALIZED
                  00007900    00000020     Inv.obj (InputXbarRegsFile)

XbarRegsFile 
*          1    00007920    00000020     UNINITIALIZED
                  00007920    00000020     Inv.obj (XbarRegsFile)

SyncSocRegsFile 
*          1    00007940    00000006     UNINITIALIZED
                  00007940    00000006     Inv.obj (SyncSocRegsFile)

DmaClaSrcSelRegsFile 
*          1    00007980    0000001a     UNINITIALIZED
                  00007980    0000001a     Inv.obj (DmaClaSrcSelRegsFile)

EPwmXbarRegsFile 
*          1    00007a00    00000040     UNINITIALIZED
                  00007a00    00000040     Inv.obj (EPwmXbarRegsFile)

OutputXbarRegsFile 
*          1    00007a80    00000040     UNINITIALIZED
                  00007a80    00000040     Inv.obj (OutputXbarRegsFile)

GpioCtrlRegsFile 
*          1    00007c00    00000180     UNINITIALIZED
                  00007c00    00000180     Inv.obj (GpioCtrlRegsFile)

GpioDataRegsFile 
*          1    00007f00    00000030     UNINITIALIZED
                  00007f00    00000030     Inv.obj (GpioDataRegsFile)

.ebss.2    1    0000ac00    00000116     UNINITIALIZED
                  0000ac00    00000100     rts2800_fpu32.lib : atexit.obj (.ebss)
                  0000ad00    00000008                       : memory.obj (.ebss)
                  0000ad08    00000006                       : exit.obj (.ebss)
                  0000ad0e    00000002                       : _lock.obj (.ebss:__lock)
                  0000ad10    00000002                       : _lock.obj (.ebss:__unlock)
                  0000ad12    00000002                       : sinit.obj (.ebss)
                  0000ad14    00000002                       : vars.obj (.ebss)

.WaveRecord 
*          1    0000b800    00000800     UNINITIALIZED
                  0000b800    00000800     Inv.obj (.WaveRecord)

.flashdata 
*          1    0000c000    00000440     UNINITIALIZED
                  0000c000    00000440     Inv.obj (.flashdata)

Emif1RegsFile 
*          1    00047000    00000070     UNINITIALIZED
                  00047000    00000070     Inv.obj (Emif1RegsFile)

Emif2RegsFile 
*          1    00047800    00000070     UNINITIALIZED
                  00047800    00000070     Inv.obj (Emif2RegsFile)

IpcRegsFile 
*          1    00050000    00000024     UNINITIALIZED
                  00050000    00000024     Inv.obj (IpcRegsFile)

FlashPumpSemaphoreRegsFile 
*          1    00050024    00000002     UNINITIALIZED
                  00050024    00000002     Inv.obj (FlashPumpSemaphoreRegsFile)

DevCfgRegsFile 
*          1    0005d000    0000012e     UNINITIALIZED
                  0005d000    0000012e     Inv.obj (DevCfgRegsFile)

ClkCfgRegsFile 
*          1    0005d200    00000032     UNINITIALIZED
                  0005d200    00000032     Inv.obj (ClkCfgRegsFile)

CpuSysRegsFile 
*          1    0005d300    00000082     UNINITIALIZED
                  0005d300    00000082     Inv.obj (CpuSysRegsFile)

RomPrefetchRegsFile 
*          1    0005e608    00000002     UNINITIALIZED
                  0005e608    00000002     Inv.obj (RomPrefetchRegsFile)

DcsmZ1RegsFile 
*          1    0005f000    00000024     UNINITIALIZED
                  0005f000    00000024     Inv.obj (DcsmZ1RegsFile)

DcsmZ2RegsFile 
*          1    0005f040    00000024     UNINITIALIZED
                  0005f040    00000024     Inv.obj (DcsmZ2RegsFile)

DcsmCommonRegsFile 
*          1    0005f070    00000008     UNINITIALIZED
                  0005f070    00000008     Inv.obj (DcsmCommonRegsFile)

MemCfgRegsFile 
*          1    0005f400    00000080     UNINITIALIZED
                  0005f400    00000080     Inv.obj (MemCfgRegsFile)

Emif1ConfigRegsFile 
*          1    0005f480    00000020     UNINITIALIZED
                  0005f480    00000020     Inv.obj (Emif1ConfigRegsFile)

Emif2ConfigRegsFile 
*          1    0005f4a0    00000020     UNINITIALIZED
                  0005f4a0    00000020     Inv.obj (Emif2ConfigRegsFile)

AccessProtectionRegsFile 
*          1    0005f4c0    00000040     UNINITIALIZED
                  0005f4c0    00000040     Inv.obj (AccessProtectionRegsFile)

MemoryErrorRegsFile 
*          1    0005f500    00000040     UNINITIALIZED
                  0005f500    00000040     Inv.obj (MemoryErrorRegsFile)

RomWaitStateRegsFile 
*          1    0005f540    00000002     UNINITIALIZED
                  0005f540    00000002     Inv.obj (RomWaitStateRegsFile)

Flash0CtrlRegsFile 
*          1    0005f800    00000182     UNINITIALIZED
                  0005f800    00000182     Inv.obj (Flash0CtrlRegsFile)

Flash0EccRegsFile 
*          1    0005fb00    00000028     UNINITIALIZED
                  0005fb00    00000028     Inv.obj (Flash0EccRegsFile)

DcsmZ1OtpFile 
*          1    00078000    00000020     NOLOAD SECTION
                  00078000    00000020     Inv.obj (DcsmZ1OtpFile)

DcsmZ2OtpFile 
*          1    00078200    00000020     NOLOAD SECTION
                  00078200    00000020     Inv.obj (DcsmZ2OtpFile)

MODULE SUMMARY

       Module           code    initialized data   uninitialized data
       ------           ----    ----------------   ------------------
    .\App\
       Inv.obj          15415   5968               12279             
    +--+----------------+-------+------------------+--------------------+
       Total:           15415   5968               12279             
                                                                     
    D:\RatioSoft\ccsv7\ccsv7\tools\compiler\ti-cgt-c2000_16.9.5.LTS\lib\rts2800_fpu32.lib
       memory.obj       466     4                  8                 
       atexit.obj       0       8                  256               
       boot28.obj       86      0                  0                 
       exit.obj         41      14                 6                 
       sinit.obj        39      5                  2                 
       l_div28.obj      42      0                  0                 
       cpy_tbl.obj      36      0                  0                 
       i_div28.obj      34      0                  0                 
       new_.obj         32      0                  0                 
       memcpy.obj       30      0                  0                 
       args_main.obj    25      0                  0                 
       _lock.obj        9       10                 4                 
       memset.obj       12      0                  0                 
       u_div28.obj      11      0                  0                 
       vars.obj         0       5                  2                 
       delete.obj       5       0                  0                 
       pure_virt.obj    4       0                  0                 
       error.obj        3       0                  0                 
       pre_init.obj     2       0                  0                 
       newhandler.obj   1       0                  0                 
       startup.obj      1       0                  0                 
    +--+----------------+-------+------------------+--------------------+
       Total:           879     46                 278               
                                                                     
       Heap:            0       0                  1024              
       Stack:           0       0                  512               
    +--+----------------+-------+------------------+--------------------+
       Grand Total:     16294   6014               14093             


GLOBAL DATA SYMBOLS: SORTED BY DATA PAGE

address     data page           name
--------    ----------------    ----
00000000       0 (00000000)     _objSPIDrv
00000001       0 (00000000)     _objSCIDrv
00000002       0 (00000000)     _objSysDrv
00000003       0 (00000000)     _objWatchDogDrv
00000004       0 (00000000)     _objFlashDrv
00000005       0 (00000000)     _objCAPDrv
00000006       0 (00000000)     _objGPIODrv
00000007       0 (00000000)     _objRAMDrv
00000008       0 (00000000)     _objPWMDrv
0000000c       0 (00000000)     _i16_IntCnt_0
0000000d       0 (00000000)     _objPowCANPro
0000000e       0 (00000000)     _objFlashUpdate
0000000f       0 (00000000)     _i16TempIntAx_0
00000010       0 (00000000)     _objI2CDrv
00000011       0 (00000000)     _objCANDrv
00000014       0 (00000000)     _pCanIsrXmitFcb
00000016       0 (00000000)     _pCanIsrRecvFcb
00000018       0 (00000000)     _objService
0000001a       0 (00000000)     _m_pDataExchgPtr__15SysCanDataExchg
0000001c       0 (00000000)     _objFaultRecord
00000028       0 (00000000)     _ReceiveFrame
0000002f       0 (00000000)     _objInvCtrl

00000040       1 (00000040)     _uBypAnalogLen
0000004c       1 (00000040)     _uInvAnalogLen
0000005a       1 (00000040)     _objTimerDrv
00000068       1 (00000040)     _objDCBus

00000080       2 (00000080)     _objLBS
0000008e       2 (00000080)     _objParallel
0000009c       2 (00000080)     _objDebug

000000c0       3 (000000c0)     _objSwitches
000000de       3 (000000c0)     _objXfer

00000100       4 (00000100)     _objEEPROM

00000140       5 (00000140)     _objLoad

00000180       6 (00000180)     _objSystem

000001c0       7 (000001c0)     _objDigitalIO

00000200       8 (00000200)     _objADDrv

00000240       9 (00000240)     _objSelfAgingAlg

00000280       a (00000280)     _objBypass

00000340       d (00000340)     _objOutput

00000400      10 (00000400)     __stack

00000440      11 (00000440)     _i16RptIntD_0

00000580      16 (00000580)     _i16RptIntZ_0

00000600      18 (00000600)     _uFaultRecordBuff

00000680      1a (00000680)     _u16FaultRecordRead

000006c0      1b (000006c0)     _i16RptIntQ_0

00000700      1c (00000700)     _uFaultRecord

00000800      20 (00000800)     _objInverter

00000940      25 (00000940)     _objPowCANSched

00000a80      2a (00000a80)     _objInvAlg

00000b00      2c (00000b00)     _AdcaResultRegs
00000b20      2c (00000b00)     _AdcbResultRegs

00000b40      2d (00000b40)     _AdccResultRegs
00000b60      2d (00000b40)     _AdcdResultRegs

00000bc0      2f (00000bc0)     _SysCanAppObj

00000c00      30 (00000c00)     _CpuTimer0Regs
00000c08      30 (00000c00)     _CpuTimer1Regs
00000c10      30 (00000c00)     _CpuTimer2Regs

00000ce0      33 (00000cc0)     _Cla1SoftIntRegs
00000ce0      33 (00000cc0)     _PieCtrlRegs

00000d00      34 (00000d00)     _EmuKey
00000d00      34 (00000d00)     _PieVectTable
00000d00      34 (00000d00)     _objMonInterface
00000d01      34 (00000d00)     _EmuBMode

00000f00      3c (00000f00)     _ProtocolObj

00001000      40 (00001000)     _DmaRegs

000012c0      4b (000012c0)     _DataExchgObj

00001400      50 (00001400)     _Cla1Regs

00004000     100 (00004000)     _EPwm1Regs

00004100     104 (00004100)     _EPwm2Regs

00004200     108 (00004200)     _EPwm3Regs

00004300     10c (00004300)     _EPwm4Regs

00004400     110 (00004400)     _EPwm5Regs

00004500     114 (00004500)     _EPwm6Regs

00004600     118 (00004600)     _EPwm7Regs

00004700     11c (00004700)     _EPwm8Regs

00004800     120 (00004800)     _EPwm9Regs

00004900     124 (00004900)     _EPwm10Regs

00004a00     128 (00004a00)     _EPwm11Regs

00004b00     12c (00004b00)     _EPwm12Regs

00005000     140 (00005000)     _ECap1Regs
00005020     140 (00005000)     _ECap2Regs

00005040     141 (00005040)     _ECap3Regs
00005060     141 (00005040)     _ECap4Regs

00005080     142 (00005080)     _ECap5Regs
000050a0     142 (00005080)     _ECap6Regs

00005100     144 (00005100)     _EQep1Regs

00005140     145 (00005140)     _EQep2Regs

00005180     146 (00005180)     _EQep3Regs

00005c00     170 (00005c00)     _DacaRegs
00005c10     170 (00005c00)     _DacbRegs
00005c20     170 (00005c00)     _DaccRegs

00005c80     172 (00005c80)     _Cmpss1Regs
00005ca0     172 (00005c80)     _Cmpss2Regs

00005cc0     173 (00005cc0)     _Cmpss3Regs
00005ce0     173 (00005cc0)     _Cmpss4Regs

00005d00     174 (00005d00)     _Cmpss5Regs
00005d20     174 (00005d00)     _Cmpss6Regs

00005d40     175 (00005d40)     _Cmpss7Regs
00005d60     175 (00005d40)     _Cmpss8Regs

00005e00     178 (00005e00)     _Sdfm1Regs

00005e80     17a (00005e80)     _Sdfm2Regs

00006000     180 (00006000)     _McbspaRegs

00006040     181 (00006040)     _McbspbRegs

00006100     184 (00006100)     _SpiaRegs
00006110     184 (00006100)     _SpibRegs
00006120     184 (00006100)     _SpicRegs

00006200     188 (00006200)     _UppRegs

00007000     1c0 (00007000)     _WdRegs

00007060     1c1 (00007040)     _NmiIntruptRegs
00007070     1c1 (00007040)     _XintRegs

00007200     1c8 (00007200)     _SciaRegs
00007210     1c8 (00007200)     _ScibRegs
00007220     1c8 (00007200)     _ScicRegs
00007230     1c8 (00007200)     _ScidRegs

00007300     1cc (00007300)     _I2caRegs

00007340     1cd (00007340)     _I2cbRegs

00007400     1d0 (00007400)     _AdcaRegs

00007480     1d2 (00007480)     _AdcbRegs

00007500     1d4 (00007500)     _AdccRegs

00007580     1d6 (00007580)     _AdcdRegs

00007900     1e4 (00007900)     _InputXbarRegs
00007920     1e4 (00007900)     _XbarRegs

00007940     1e5 (00007940)     _SyncSocRegs

00007980     1e6 (00007980)     _DmaClaSrcSelRegs

00007a00     1e8 (00007a00)     _EPwmXbarRegs

00007a80     1ea (00007a80)     _OutputXbarRegs

00007c00     1f0 (00007c00)     _GpioCtrlRegs

00007f00     1fc (00007f00)     _GpioDataRegs

0000a800     2a0 (0000a800)     __sys_memory

0000ac01     2b0 (0000ac00)     ___atexit_func_id__

0000ad08     2b4 (0000ad00)     ___TI_enable_exit_profile_output
0000ad0a     2b4 (0000ad00)     ___TI_cleanup_ptr
0000ad0c     2b4 (0000ad00)     ___TI_dtors_ptr
0000ad0e     2b4 (0000ad00)     __lock
0000ad10     2b4 (0000ad00)     __unlock
0000ad14     2b4 (0000ad00)     __new_handler

0000b800     2e0 (0000b800)     _iSCIDataBuffer_0

0000c000     300 (0000c000)     _st_FlashVariable

0000c040     301 (0000c040)     _FlashBuffer

00047000    11c0 (00047000)     _Emif1Regs

00047800    11e0 (00047800)     _Emif2Regs

00048000    1200 (00048000)     _CanaRegs

0004a000    1280 (0004a000)     _CanbRegs

00050000    1400 (00050000)     _IpcRegs
00050024    1400 (00050000)     _FlashPumpSemaphoreRegs

0005d000    1740 (0005d000)     _DevCfgRegs

0005d180    1746 (0005d180)     _AnalogSubsysRegs

0005d200    1748 (0005d200)     _ClkCfgRegs

0005d300    174c (0005d300)     _CpuSysRegs

0005e608    1798 (0005e600)     _RomPrefetchRegs

0005f000    17c0 (0005f000)     _DcsmZ1Regs

0005f040    17c1 (0005f040)     _DcsmZ2Regs
0005f070    17c1 (0005f040)     _DcsmCommonRegs

0005f400    17d0 (0005f400)     _MemCfgRegs

0005f480    17d2 (0005f480)     _Emif1ConfigRegs
0005f4a0    17d2 (0005f480)     _Emif2ConfigRegs

0005f4c0    17d3 (0005f4c0)     _AccessProtectionRegs

0005f500    17d4 (0005f500)     _MemoryErrorRegs

0005f540    17d5 (0005f540)     _RomWaitStateRegs

0005f800    17e0 (0005f800)     _Flash0CtrlRegs

0005fb00    17ec (0005fb00)     _Flash0EccRegs

00078000    1e00 (00078000)     _DcsmZ1Otp

00078200    1e08 (00078200)     _DcsmZ2Otp

00091688    245a (00091680)     ___vtbl__14ProtocolSubCmd
00091694    245a (00091680)     ___vtbl__30TemplateCmd__tm__11_9SysCanApp


GLOBAL SYMBOLS: SORTED ALPHABETICALLY BY Name 

page  address   name                                                                                   
----  -------   ----                                                                                   
abs   ffffffff  .text                                                                                  
0     000823f6  C$$EXIT                                                                                
0     0008246a  I$$DIV                                                                                 
0     0008247b  I$$MOD                                                                                 
0     000823cc  L$$DIV                                                                                 
0     000823db  L$$MOD                                                                                 
0     000824ef  U$$DIV                                                                                 
0     000824f4  U$$MOD                                                                                 
0     000823e9  UL$$DIV                                                                                
0     000823f0  UL$$MOD                                                                                
0     000007ad  _ADC_Configure__11Class_ADDrvFv                                                        
0     00009f6b  _AbnormalShutCancelCmd__15SysCanDataExchgFv                                            
0     00009f63  _AbnormalShutConfirmCmd__15SysCanDataExchgFv                                           
1     0005f4c0  _AccessProtectionRegs                                                                  
0     000008b0  _AdcSetMode__11Class_ADDrvFUiN21                                                       
1     00007400  _AdcaRegs                                                                              
1     00000b00  _AdcaResultRegs                                                                        
1     00007480  _AdcbRegs                                                                              
1     00000b20  _AdcbResultRegs                                                                        
1     00007500  _AdccRegs                                                                              
1     00000b40  _AdccResultRegs                                                                        
1     00007580  _AdcdRegs                                                                              
1     00000b60  _AdcdResultRegs                                                                        
0     00009776  _AlarmEventXmitMsgGen__15SysCanDataExchgFUiUc                                          
0     00002d80  _Alg_BpBackFeedFault__12Class_BypassFv                                                 
0     00002cf6  _Alg_BpFault__12Class_BypassFv                                                         
0     00002cac  _Alg_BpSeqFault__12Class_BypassFv                                                      
0     00004399  _Alg_DCBusFault__11Class_DCBusFv                                                       
0     0000466a  _Alg_ILFilterReg__23Class_InverterAlgorithmFv                                          
0     00003817  _Alg_IinvUnbalanced__14Class_InverterFv                                                
0     00007d8e  _Alg_Int_AgingCurrReg__24Class_SelfAgingAlgorithmFv                                    
0     000081bd  _Alg_Int_AgingOffReset__24Class_SelfAgingAlgorithmFv                                   
0     00007bf6  _Alg_Int_AgingPhaseLock__24Class_SelfAgingAlgorithmFv                                  
0     00007d4b  _Alg_Int_AgingPreDeal__24Class_SelfAgingAlgorithmFv                                    
0     00007cf2  _Alg_Int_AgingRefGen__24Class_SelfAgingAlgorithmFv                                     
0     00007f0d  _Alg_Int_AgingSPWM__24Class_SelfAgingAlgorithmFv                                       
0     000897f6  _Alg_Int_CarrierSync__23Class_InverterAlgorithmFv                                      
0     0008a393  _Alg_Int_CurrReg__23Class_InverterAlgorithmFv                                          
0     00089878  _Alg_Int_CurrShareReg__23Class_InverterAlgorithmFv                                     
0     00089775  _Alg_Int_DCOVProtect__11Class_DCBusFv                                                  
0     00088b40  _Alg_Int_INVKMFastChk__14Class_SwitchesFv                                              
0     000045c6  _Alg_Int_InvOffReset__23Class_InverterAlgorithmFv                                      
0     00003752  _Alg_Int_InvOverCurrentChk__14Class_InverterFv                                         
0     0008a93c  _Alg_Int_InvSyncPulseGen__23Class_InverterAlgorithmFv                                  
0     0008aa28  _Alg_Int_InvSyncPulseRec__23Class_InverterAlgorithmFv                                  
0     0008aa9d  _Alg_Int_InvSyncRecord__23Class_InverterAlgorithmFv                                    
0     0000734e  _Alg_Int_LBSDetect__9Class_LBSFv                                                       
0     0008aab5  _Alg_Int_LockStatus__23Class_InverterAlgorithmFv                                       
0     000888a3  _Alg_Int_MainInterfaceVar__21Class_PowCANSchedulerFv                                   
0     00089a03  _Alg_Int_PhaseLock__23Class_InverterAlgorithmFv                                        
0     0008a44b  _Alg_Int_RptCtrl__23Class_InverterAlgorithmFv                                          
0     0008a765  _Alg_Int_SPWM__23Class_InverterAlgorithmFv                                             
0     00088a88  _Alg_Int_STSDiffFastChk__14Class_SwitchesFv                                            
0     00007bd3  _Alg_Int_SelfAging__24Class_SelfAgingAlgorithmFv                                       
0     000041d3  _Alg_Int_VOutRangeFastChk__12Class_OutputFv                                            
0     0008a290  _Alg_Int_VoltDCReg__23Class_InverterAlgorithmFv                                        
0     0008a0dd  _Alg_Int_VoltReg__23Class_InverterAlgorithmFv                                          
0     00003f81  _Alg_Int_VoutAbnormal__12Class_OutputFv                                                
0     0000416b  _Alg_Int_VoutFastChk2__12Class_OutputFv                                                
0     00003c8e  _Alg_Int_VoutFastChk__12Class_OutputFv                                                 
0     000047e5  _Alg_InvACShareReg__23Class_InverterAlgorithmFv                                        
0     000036f4  _Alg_InvFault__14Class_InverterFv                                                      
0     00007378  _Alg_LBSSignal__9Class_LBSFv                                                           
0     00001801  _Alg_OperFault__12Class_SystemFv                                                       
0     00002de6  _Alg_OvcurrFault__12Class_BypassFv                                                     
0     000042da  _Alg_ParaFault__14Class_ParallelFv                                                     
0     00004245  _Alg_ParaStatus__14Class_ParallelFv                                                    
0     00002493  _Alg_STSOpenFault__14Class_SwitchesFv                                                  
0     000022b0  _Alg_STSShortFault__14Class_SwitchesFv                                                 
0     0000618f  _Alg_ShortCircuitDetect__10Class_LoadFv                                                
0     00001780  _Alg_SysFault__12Class_SystemFv                                                        
0     000040fb  _Alg_VoutAbnormal__12Class_OutputFv                                                    
0     000095db  _AlrmCovMsgXmitState__15SysCanDataExchgFi                                              
0     00009df7  _AlrmMsgRecvProc__15SysCanDataExchgFP19can_msg_data_struct                             
0     00009a29  _AlrmSyncMsgXmitState__15SysCanDataExchgFi                                             
0     000095e0  _AlrmXmitMsgGen__15SysCanDataExchgFUi                                                  
0     0000a017  _AnalogMsgRecvProc__15SysCanDataExchgFP19can_msg_data_struct                           
0     0000a099  _AnalogRecvMsgObjsInit__15SysCanDataExchgFv                                            
1     0005d180  _AnalogSubsysRegs                                                                      
0     00009a96  _AnalogSyncMsgXmitState__15SysCanDataExchgFi                                           
0     0000a295  _AnalogXmitMsgGen__15SysCanDataExchgFUiUc                                              
0     000088c7  _AppSubCmdIni__9AppSubCmdFP9SysCanAppM9SysCanAppFPv_i                                  
0     000025da  _App_BpParamConfig__12Class_BypassFv                                                   
0     00002591  _App_BpVarInit__12Class_BypassFv                                                       
0     0000154f  _App_CPLD_Ver__12Class_SystemFv                                                        
0     00001c14  _App_Can_IInvDQCal__21Class_PowCANSchedulerFv                                          
0     00001b92  _App_Can_ILFilter__21Class_PowCANSchedulerFv                                           
0     0000151e  _App_DSPIDCheck__12Class_SystemFv                                                      
0     000003d0  _App_DSPRestart__17Class_FlashUpdateFv                                                 
0     00008246  _App_DebugInf__11Class_DebugFv                                                         
0     00008207  _App_DebugVarInit__11Class_DebugFv                                                     
0     000002b3  _App_Delay1ms__17Class_FlashUpdateFv                                                   
0     000002c2  _App_Delay20ms__17Class_FlashUpdateFv                                                  
0     00001d2b  _App_DigitalIOVarInit__15Class_DigitalIOFv                                             
0     00007b1a  _App_EEPROMAction__12Class_EEPROMFv                                                    
0     00007a15  _App_FaultEEPROMW__12Class_EEPROMFv                                                    
0     00007aea  _App_FaultReadTaskInit__12Class_EEPROMFi                                               
0     00007a85  _App_FaultRead__12Class_EEPROMFv                                                       
0     000074b9  _App_FaultRecordTaxsis__17Class_FaultRecordFv                                          
0     00007580  _App_FaultRecord__17Class_FaultRecordFv                                                
0     00000122  _App_FlashAPIInit__17Class_FlashUpdateFv                                               
0     0000012f  _App_FlashUpdateMain__17Class_FlashUpdateFv                                            
0     000002af  _App_Flash_CsmUnlock__17Class_FlashUpdateFv                                            
0     000078ec  _App_HistoryEEPROMW__12Class_EEPROMFv                                                  
0     00007947  _App_HistoryRead__12Class_EEPROMFv                                                     
0     000078c1  _App_HistoryRecordW__12Class_EEPROMFPUi                                                
0     00002196  _App_IMCCtrl__15Class_DigitalIOFv                                                      
0     000887e1  _App_Int_Can_ComErr__21Class_PowCANSchedulerFv                                         
0     0008833e  _App_Int_Can_Recv__21Class_PowCANSchedulerFv                                           
0     00088839  _App_Int_Can_SendSchedule__21Class_PowCANSchedulerFv                                   
0     000882c8  _App_Int_PrdTimer_Route__21Class_PowCANSchedulerFv                                     
0     0008abf9  _App_Int_TimeLabel__22Class_MonitorInterfaceFv                                         
0     0008ac43  _App_Int_WaveRecord__11Class_DebugFv                                                   
0     000044c5  _App_InvAlgParamConfig__23Class_InverterAlgorithmFv                                    
0     00004444  _App_InvAlgVarInit__23Class_InverterAlgorithmFv                                        
0     000065dd  _App_InvCtrl__21Class_InverterControlFv                                                
0     000067ad  _App_InvMaster__21Class_InverterControlFv                                              
0     000065f2  _App_InvOffReason__21Class_InverterControlFv                                           
0     00006779  _App_InvOnoffAction__21Class_InverterControlFv                                         
0     0000663b  _App_InvOnoffAgent__21Class_InverterControlFv                                          
0     00002fb2  _App_InvParamConfig__14Class_InverterFv                                                
0     00006874  _App_InvSoftstart__21Class_InverterControlFv                                           
0     00006892  _App_InvStandby__21Class_InverterControlFv                                             
0     00006868  _App_InvTrace__21Class_InverterControlFv                                               
0     00002f64  _App_InvVarInit__14Class_InverterFv                                                    
0     000014d0  _App_ModelOnline__12Class_SystemFv                                                     
0     0001a874  _App_ModuleIDGet__17Class_FlashUpdateFv                                                
0     000016a4  _App_Module_LED__12Class_SystemFv                                                      
0     0000165c  _App_Module_Ok__12Class_SystemFv                                                       
0     00005b29  _App_MonInterfaceRead__22Class_MonitorInterfaceFv                                      
0     000050b3  _App_MonInterfaceWrite__22Class_MonitorInterfaceFv                                     
0     00005092  _App_MonitorDeal__22Class_MonitorInterfaceFv                                           
0     00005746  _App_MonitorOrder__22Class_MonitorInterfaceFv                                          
0     00005ab8  _App_MonitorParam__22Class_MonitorInterfaceFv                                          
0     00004e08  _App_MonitorVarInit__22Class_MonitorInterfaceFv                                        
0     000038fb  _App_OutParamConfig__12Class_OutputFv                                                  
0     000038cf  _App_OutVarInit__12Class_OutputFv                                                      
0     00002ee1  _App_OverCurrentDelay__12Class_BypassFv                                                
0     0000650e  _App_OvloadDelay__10Class_LoadFv                                                       
0     000065a5  _App_OvloadSignal__10Class_LoadFv                                                      
0     0000606b  _App_ParallelLocalData__22Class_MonitorInterfaceFv                                     
0     00007789  _App_ParamEEPROMW__12Class_EEPROMFv                                                    
0     00001839  _App_PowCANInit__21Class_PowCANSchedulerFv                                             
0     00007b8c  _App_SelfAgingAlgParamConfig__24Class_SelfAgingAlgorithmFv                             
0     00007b7e  _App_SelfAgingAlgVarInit__24Class_SelfAgingAlgorithmFv                                 
0     000059a0  _App_SendtoMonitor__22Class_MonitorInterfaceFv                                         
0     0000745e  _App_ServiceMode__13Class_ServiceFv                                                    
0     000014df  _App_SysParamConfig__12Class_SystemFv                                                  
0     000014ae  _App_SysVarInit__12Class_SystemFv                                                      
0     00006921  _App_TraceControl__21Class_InverterControlFv                                           
0     00006a66  _App_TraceJudge__21Class_InverterControlFv                                             
0     000068d6  _App_TraceSignal__21Class_InverterControlFv                                            
0     00006b95  _App_XferCommand__14Class_TransferFv                                                   
0     0000718b  _App_XferExecute__14Class_TransferFv                                                   
0     00006b53  _App_XferOut__14Class_TransferFv                                                       
0     00006e58  _App_XferProcess__14Class_TransferFv                                                   
0     00009f0d  _BattEodTurnOff__15SysCanDataExchgFv                                                   
0     00009f2d  _BattGndPtcCmd__15SysCanDataExchgFv                                                    
0     00009fb9  _BattPreWarnCancel__15SysCanDataExchgFv                                                
0     00009fb1  _BattPreWarn__15SysCanDataExchgFv                                                      
0     00009ef5  _BattSelfChk20Percent__15SysCanDataExchgFv                                             
0     00009efd  _BattSelfChkDeep__15SysCanDataExchgFv                                                  
0     00009f05  _BattSelfChkEnd__15SysCanDataExchgFv                                                   
0     00009f15  _BattTrip__15SysCanDataExchgFv                                                         
0     00009fa9  _BypFlashUpdate__15SysCanDataExchgFv                                                   
0     0000aca6  _BypMaintMsgRecvProc__15SysCanDataExchgFP19can_msg_data_struct                         
0     0000551b  _Byp_App_MonInterfaceWrite__22Class_MonitorInterfaceFv                                 
0     0000931c  _CANFragRecvTimeoutFcb__14SysCanProtocolFv                                             
0     00000459  _CPUSELConfig__13Class_GPIODrvFv                                                       
0     00008875  _CPUSELConfig__17Class_FlashUpdateFv                                                   
0     00000956  _CalAdcINL__11Class_ADDrvFUi                                                           
0     000001a7  _CanMailBoxRead__FP9Can_FramePV4MBOX                                                   
0     000001c8  _CanMailBoxWrite__FPV4MBOXP9Can_Frame                                                  
1     00048000  _CanaRegs                                                                              
1     0004a000  _CanbRegs                                                                              
0     00009fde  _CfgFragMsgPacked__15SysCanDataExchgFP19can_msg_data_struct                            
0     00009c48  _CfgMsgFromMonProc__15SysCanDataExchgFP19can_msg_data_structUi                         
0     0000a23d  _CfgMsgObjsInit__15SysCanDataExchgFv                                                   
0     00009b33  _CfgMsgRecvProc__15SysCanDataExchgFP19can_msg_data_struct                              
0     0000a4ac  _CfgMsgRqPacked__15SysCanDataExchgFP19can_msg_data_structi                             
0     0000a4d1  _CfgMsgRsPacked__15SysCanDataExchgFP19can_msg_data_structi                             
0     00009d41  _CfgMsgToMonProc__15SysCanDataExchgFP19can_msg_data_structUi                           
0     00002f46  _CheckBypassK__12Class_BypassFv                                                        
0     00002f57  _CheckBypass__12Class_BypassFv                                                         
1     00001400  _Cla1Regs                                                                              
0     00000ce0  _Cla1SoftIntRegs                                                                       
1     0005d200  _ClkCfgRegs                                                                            
0     000001f5  _CloseSysCanInt__Fv                                                                    
1     00005c80  _Cmpss1Regs                                                                            
1     00005ca0  _Cmpss2Regs                                                                            
1     00005cc0  _Cmpss3Regs                                                                            
1     00005ce0  _Cmpss4Regs                                                                            
1     00005d00  _Cmpss5Regs                                                                            
1     00005d20  _Cmpss6Regs                                                                            
1     00005d40  _Cmpss7Regs                                                                            
1     00005d60  _Cmpss8Regs                                                                            
0     0000ad8b  _CovMsgProc__9SysCanAppFv                                                              
0     0000a0d8  _CovSyncMsgObjInit__15SysCanDataExchgFv                                                
1     0005d300  _CpuSysRegs                                                                            
1     00000c00  _CpuTimer0Regs                                                                         
1     00000c08  _CpuTimer1Regs                                                                         
1     00000c10  _CpuTimer2Regs                                                                         
0     0000a0b6  _CtrlMsgObjsInit__15SysCanDataExchgFv                                                  
0     00009e56  _CtrlMsgRecvProc__15SysCanDataExchgFP19can_msg_data_struct                             
1     00005c00  _DacaRegs                                                                              
1     00005c10  _DacbRegs                                                                              
1     00005c20  _DaccRegs                                                                              
0     000027f0  _Dat_BpRMSPower__12Class_BypassFv                                                      
0     000021c6  _Dat_BreakerStatus__14Class_SwitchesFv                                                 
0     000018f5  _Dat_Can_LoadCalculation__21Class_PowCANSchedulerFv                                    
0     00004382  _Dat_DCBusRMS__11Class_DCBusFv                                                         
0     00001d5b  _Dat_DigitalInput__15Class_DigitalIOFv                                                 
0     00002051  _Dat_DigitalOutput__15Class_DigitalIOFv                                                
0     00007710  _Dat_EEPROMInit__12Class_EEPROMFv                                                      
0     00002e80  _Dat_IbpFlag__12Class_BypassFv                                                         
0     00003820  _Dat_IinvPQRMS__14Class_InverterFv                                                     
0     0000313f  _Dat_IinvRMS__14Class_InverterFv                                                       
0     00088c57  _Dat_Int_BpCal__12Class_BypassFv                                                       
0     00088bb4  _Dat_Int_BpPreDeal__12Class_BypassFv                                                   
0     000883d6  _Dat_Int_Can_Send__21Class_PowCANSchedulerFv                                           
0     0008974c  _Dat_Int_DCBusPreDeal__11Class_DCBusFv                                                 
0     00089576  _Dat_Int_IinvDFTCal__14Class_InverterFv                                                
0     00089295  _Dat_Int_InvCal__14Class_InverterFv                                                    
0     00088e44  _Dat_Int_InvPreDeal__14Class_InverterFv                                                
0     00007303  _Dat_Int_LBSCapDeal__9Class_LBSFv                                                      
0     0008890b  _Dat_Int_MBox_Read__20Class_PowCANProtocolFPV4MBOXUl                                   
0     00088a68  _Dat_Int_MainInterfaceIn__15Class_DigitalIOFv                                          
0     00088a2e  _Dat_Int_MainInterfaceOut__15Class_DigitalIOFv                                         
0     000896e1  _Dat_Int_OutCal__12Class_OutputFv                                                      
0     00089644  _Dat_Int_OutPreDeal__12Class_OutputFv                                                  
0     00001d05  _Dat_Int_SetExInReg__15Class_DigitalIOFUi                                              
0     0000218e  _Dat_InvIDOk__15Class_DigitalIOFv                                                      
0     00003a1d  _Dat_IoutRMS__12Class_OutputFv                                                         
0     000060a8  _Dat_LoadDeal__10Class_LoadFv                                                          
0     000061c9  _Dat_LoadFlag__10Class_LoadFv                                                          
0     000060bd  _Dat_LoadGrant__10Class_LoadFv                                                         
0     000002d1  _Dat_MBox_Read__17Class_FlashUpdateFv                                                  
0     00000377  _Dat_MBox_Send__17Class_FlashUpdateFUiT1                                               
0     0000645e  _Dat_OvloadFlag__10Class_LoadFv                                                        
0     00003316  _Dat_PinvRMS__14Class_InverterFv                                                       
0     00003aae  _Dat_PoutRMS__12Class_OutputFv                                                         
0     00002e31  _Dat_TempCurrentGrant__12Class_BypassFv                                                
0     0000325a  _Dat_TempPowerGrant__14Class_InverterFv                                                
0     0000288d  _Dat_VbpFlag__12Class_BypassFv                                                         
0     0000358f  _Dat_VinvFlag__14Class_InverterFv                                                      
0     00003051  _Dat_VinvRMS__14Class_InverterFv                                                       
0     00003970  _Dat_VoutRMS__12Class_OutputFv                                                         
0     000012c0  _DataExchgObj                                                                          
1     0005f070  _DcsmCommonRegs                                                                        
1     00078000  _DcsmZ1Otp                                                                             
1     0005f000  _DcsmZ1Regs                                                                            
1     00078200  _DcsmZ2Otp                                                                             
1     0005f040  _DcsmZ2Regs                                                                            
0     00008938  _DelQueue__15SysCanRecvQueueFv                                                         
0     000089a6  _DelQueue__15SysCanXmitQueueFv                                                         
0     00008a14  _DelQueue__19SysCanFragXmitQueueFv                                                     
1     0005d000  _DevCfgRegs                                                                            
1     00007980  _DmaClaSrcSelRegs                                                                      
1     00001000  _DmaRegs                                                                               
0     00000b5c  _Drv_ADAdjust__11Class_ADDrvFv                                                         
0     00000991  _Drv_ADInit__11Class_ADDrvFv                                                           
0     0008824d  _Drv_AD_SOC__11Class_ADDrvFv                                                           
0     00000675  _Drv_CANInit__12Class_CANDrvFv                                                         
0     00000fef  _Drv_CAPInit__12Class_CAPDrvFv                                                         
0     0000149b  _Drv_CPUTimerInit__14Class_TimerDrvFv                                                  
0     00001264  _Drv_DisableDog__17Class_WatchDogDrvFv                                                 
0     00001273  _Drv_EnableDog__17Class_WatchDogDrvFv                                                  
0     000013f9  _Drv_Encrypt__14Class_FlashDrvFv                                                       
0     00000470  _Drv_GPIOInit__13Class_GPIODrvFv                                                       
0     0001a12d  _Drv_GPIOInit__17Class_FlashUpdateFv                                                   
0     0000067c  _Drv_I2CInit__12Class_I2CDrvFv                                                         
0     0000070a  _Drv_I2CPageWrite__12Class_I2CDrvFUiiPUi                                               
0     000006a0  _Drv_I2CRead__12Class_I2CDrvFUiiPUi                                                    
0     000006ed  _Drv_I2CWordWrite__12Class_I2CDrvFUiT1                                                 
0     0000073b  _Drv_I2CWriteAll__12Class_I2CDrvFPUiPiT1                                               
0     00008000  _Drv_InitFlash__14Class_FlashDrvFv                                                     
0     0000118a  _Drv_InitPieCtrl__12Class_SysDrvFv                                                     
0     000011ac  _Drv_InitPieVectTable__12Class_SysDrvFv                                                
0     0000106b  _Drv_InitPll__12Class_SysDrvFUiN31                                                     
0     0001a000  _Drv_InitPll__17Class_FlashUpdateFUiN31                                                
0     0000113d  _Drv_InitSysCtrl__12Class_SysDrvFv                                                     
0     0001a0d2  _Drv_InitSysCtrl__17Class_FlashUpdateFv                                                
0     0000802c  _Drv_Int_ADCh1Cs__13Class_GPIODrvFv                                                    
0     00008034  _Drv_Int_ADCh2Cs__13Class_GPIODrvFv                                                    
0     0008829c  _Drv_Int_ClockMaintain__14Class_TimerDrvFv                                             
0     00088006  _Drv_Int_Sampling1Data__11Class_ADDrvFv                                                
0     0008815c  _Drv_Int_Sampling2Data__11Class_ADDrvFv                                                
0     0000127e  _Drv_KickDog__17Class_WatchDogDrvFv                                                    
0     000012a7  _Drv_MemCheck__12Class_RAMDrvFv                                                        
0     000013e6  _Drv_MemCopy__12Class_RAMDrvFPUiN21                                                    
0     0008827d  _Drv_PWMActive__12Class_PWMDrvFv                                                       
0     00000fd0  _Drv_PWMInactive__12Class_PWMDrvFv                                                     
0     00000b60  _Drv_PWMInit__12Class_PWMDrvFv                                                         
0     0001a2a7  _Drv_PWMInit__17Class_FlashUpdateFv                                                    
0     0001a735  _Drv_RamCheck__17Class_FlashUpdateFv                                                   
0     000005ea  _Drv_SCIInit__12Class_SCIDrvFv                                                         
0     0000061c  _Drv_SPIAct__12Class_SPIDrvFv                                                          
0     0000060c  _Drv_SPIInit__12Class_SPIDrvFv                                                         
0     0001a11b  _Drv_SPIInit__17Class_FlashUpdateFv                                                    
0     0000065e  _Drv_SPIReceiveData__12Class_SPIDrvFv                                                  
0     00001414  _Drv_SysTimer__14Class_TimerDrvFv                                                      
0     0001a71b  _Drv_SystemInit__17Class_FlashUpdateFv                                                 
0     0001a717  _Drv_eCANAInit__17Class_FlashUpdateFv                                                  
0     0000148c  _Drv_usDelay__14Class_TimerDrvFl                                                       
0     000822bb  _ECAN0INTA_ISR__Fv                                                                     
n/a   UNDEFED   _ECanaMboxes                                                                           
n/a   UNDEFED   _ECanaRegs                                                                             
n/a   UNDEFED   _ECanbMboxes                                                                           
n/a   UNDEFED   _ECanbRegs                                                                             
1     00005000  _ECap1Regs                                                                             
1     00005020  _ECap2Regs                                                                             
1     00005040  _ECap3Regs                                                                             
1     00005060  _ECap4Regs                                                                             
1     00005080  _ECap5Regs                                                                             
1     000050a0  _ECap6Regs                                                                             
0     0008adef  _EPWM1_INT_ISR__Fv                                                                     
1     00004900  _EPwm10Regs                                                                            
1     00004a00  _EPwm11Regs                                                                            
1     00004b00  _EPwm12Regs                                                                            
1     00004000  _EPwm1Regs                                                                             
1     00004100  _EPwm2Regs                                                                             
1     00004200  _EPwm3Regs                                                                             
1     00004300  _EPwm4Regs                                                                             
1     00004400  _EPwm5Regs                                                                             
1     00004500  _EPwm6Regs                                                                             
1     00004600  _EPwm7Regs                                                                             
1     00004700  _EPwm8Regs                                                                             
1     00004800  _EPwm9Regs                                                                             
1     00007a00  _EPwmXbarRegs                                                                          
1     00005100  _EQep1Regs                                                                             
1     00005140  _EQep2Regs                                                                             
1     00005180  _EQep3Regs                                                                             
1     0005f480  _Emif1ConfigRegs                                                                       
1     00047000  _Emif1Regs                                                                             
1     0005f4a0  _Emif2ConfigRegs                                                                       
1     00047800  _Emif2Regs                                                                             
1     00000d01  _EmuBMode                                                                              
1     00000d00  _EmuKey                                                                                
0     0000a52d  _EndResendTimer__15SysCanDataExchgFv                                                   
0     00009f5b  _EpoCmd__15SysCanDataExchgFv                                                           
n/a   UNDEFED   _Epwm1FuncsLoadEnd                                                                     
n/a   UNDEFED   _Epwm1FuncsLoadStart                                                                   
n/a   UNDEFED   _Epwm1FuncsRunStart                                                                    
0     000088a2  _Excute__14ProtocolSubCmdFPv                                                           
0     0000af4c  _Excute__30TemplateCmd__tm__11_9SysCanAppFPv_i                                         
0     000088dd  _Excute__9AppSubCmdFPv                                                                 
0     00009f35  _FaultClrCmd__15SysCanDataExchgFv                                                      
0     0000ae95  _FaultDataXimt__9SysCanAppFv                                                           
0     0000ac25  _FaultFragMsgPacked__15SysCanDataExchgFP19can_msg_data_struct                          
0     000003e1  _FlagProgram__17Class_FlashUpdateFv                                                    
0     00008950  _FlagQueue__15SysCanRecvQueueFv                                                        
[...]
0     00082503  ___dl__FPv                                                                             
0     00082508  ___pure_virtual_called                                                                 
0     0008250c  ___abort_execution                                                                     
0     0008250f  __system_pre_init                                                                      
0     00082511  ___default_new_handler__Fv                                                             
0     00082512  __system_post_cinit                                                                    
0     00088006  _Drv_Int_Sampling1Data__11Class_ADDrvFv                                                
0     0008815c  _Drv_Int_Sampling2Data__11Class_ADDrvFv                                                
0     0008824d  _Drv_AD_SOC__11Class_ADDrvFv                                                           
0     0008827d  _Drv_PWMActive__12Class_PWMDrvFv                                                       
0     0008829c  _Drv_Int_ClockMaintain__14Class_TimerDrvFv                                             
0     000882c8  _App_Int_PrdTimer_Route__21Class_PowCANSchedulerFv                                     
0     0008833e  _App_Int_Can_Recv__21Class_PowCANSchedulerFv                                           
0     000883d6  _Dat_Int_Can_Send__21Class_PowCANSchedulerFv                                           
0     000887e1  _App_Int_Can_ComErr__21Class_PowCANSchedulerFv                                         
0     00088839  _App_Int_Can_SendSchedule__21Class_PowCANSchedulerFv                                   
0     000888a3  _Alg_Int_MainInterfaceVar__21Class_PowCANSchedulerFv                                   
0     0008890b  _Dat_Int_MBox_Read__20Class_PowCANProtocolFPV4MBOXUl                                   
0     00088a2e  _Dat_Int_MainInterfaceOut__15Class_DigitalIOFv                                         
0     00088a68  _Dat_Int_MainInterfaceIn__15Class_DigitalIOFv                                          
0     00088a88  _Alg_Int_STSDiffFastChk__14Class_SwitchesFv                                            
0     00088b40  _Alg_Int_INVKMFastChk__14Class_SwitchesFv                                              
0     00088bb4  _Dat_Int_BpPreDeal__12Class_BypassFv                                                   
0     00088c57  _Dat_Int_BpCal__12Class_BypassFv                                                       
0     00088e44  _Dat_Int_InvPreDeal__14Class_InverterFv                                                
0     00089295  _Dat_Int_InvCal__14Class_InverterFv                                                    
0     00089576  _Dat_Int_IinvDFTCal__14Class_InverterFv                                                
0     00089644  _Dat_Int_OutPreDeal__12Class_OutputFv                                                  
0     000896e1  _Dat_Int_OutCal__12Class_OutputFv                                                      
0     0008974c  _Dat_Int_DCBusPreDeal__11Class_DCBusFv                                                 
0     00089775  _Alg_Int_DCOVProtect__11Class_DCBusFv                                                  
0     000897f6  _Alg_Int_CarrierSync__23Class_InverterAlgorithmFv                                      
0     00089878  _Alg_Int_CurrShareReg__23Class_InverterAlgorithmFv                                     
0     00089a03  _Alg_Int_PhaseLock__23Class_InverterAlgorithmFv                                        
0     0008a0dd  _Alg_Int_VoltReg__23Class_InverterAlgorithmFv                                          
0     0008a290  _Alg_Int_VoltDCReg__23Class_InverterAlgorithmFv                                        
0     0008a393  _Alg_Int_CurrReg__23Class_InverterAlgorithmFv                                          
0     0008a44b  _Alg_Int_RptCtrl__23Class_InverterAlgorithmFv                                          
0     0008a765  _Alg_Int_SPWM__23Class_InverterAlgorithmFv                                             
0     0008a93c  _Alg_Int_InvSyncPulseGen__23Class_InverterAlgorithmFv                                  
0     0008aa28  _Alg_Int_InvSyncPulseRec__23Class_InverterAlgorithmFv                                  
0     0008aa9d  _Alg_Int_InvSyncRecord__23Class_InverterAlgorithmFv                                    
0     0008aab5  _Alg_Int_LockStatus__23Class_InverterAlgorithmFv                                       
0     0008abf9  _App_Int_TimeLabel__22Class_MonitorInterfaceFv                                         
0     0008ac43  _App_Int_WaveRecord__11Class_DebugFv                                                   
0     0008adef  _EPWM1_INT_ISR__Fv                                                                     
0     00091688  ___vtbl__14ProtocolSubCmd                                                              
0     00091694  ___vtbl__30TemplateCmd__tm__11_9SysCanApp                                              
1     00000400  __stack                                                                                
1     00000600  __STACK_END                                                                            
1     00000600  _uFaultRecordBuff                                                                      
1     00000680  _u16FaultRecordRead                                                                    
1     00000700  _uFaultRecord                                                                          
1     00000b00  _AdcaResultRegs                                                                        
1     00000b20  _AdcbResultRegs                                                                        
1     00000b40  _AdccResultRegs                                                                        
1     00000b60  _AdcdResultRegs                                                                        
1     00000c00  _CpuTimer0Regs                                                                         
1     00000c08  _CpuTimer1Regs                                                                         
1     00000c10  _CpuTimer2Regs                                                                         
1     00000ce0  _PieCtrlRegs                                                                           
1     00000d00  _EmuKey                                                                                
1     00000d00  _PieVectTable                                                                          
1     00000d01  _EmuBMode                                                                              
1     00001000  _DmaRegs                                                                               
1     00001400  _Cla1Regs                                                                              
1     00004000  _EPwm1Regs                                                                             
1     00004100  _EPwm2Regs                                                                             
1     00004200  _EPwm3Regs                                                                             
1     00004300  _EPwm4Regs                                                                             
1     00004400  _EPwm5Regs                                                                             
1     00004500  _EPwm6Regs                                                                             
1     00004600  _EPwm7Regs                                                                             
1     00004700  _EPwm8Regs                                                                             
1     00004800  _EPwm9Regs                                                                             
1     00004900  _EPwm10Regs                                                                            
1     00004a00  _EPwm11Regs                                                                            
1     00004b00  _EPwm12Regs                                                                            
1     00005000  _ECap1Regs                                                                             
1     00005020  _ECap2Regs                                                                             
1     00005040  _ECap3Regs                                                                             
1     00005060  _ECap4Regs                                                                             
1     00005080  _ECap5Regs                                                                             
1     000050a0  _ECap6Regs                                                                             
1     00005100  _EQep1Regs                                                                             
1     00005140  _EQep2Regs                                                                             
1     00005180  _EQep3Regs                                                                             
1     00005c00  _DacaRegs                                                                              
1     00005c10  _DacbRegs                                                                              
1     00005c20  _DaccRegs                                                                              
1     00005c80  _Cmpss1Regs                                                                            
1     00005ca0  _Cmpss2Regs                                                                            
1     00005cc0  _Cmpss3Regs                                                                            
1     00005ce0  _Cmpss4Regs                                                                            
1     00005d00  _Cmpss5Regs                                                                            
1     00005d20  _Cmpss6Regs                                                                            
1     00005d40  _Cmpss7Regs                                                                            
1     00005d60  _Cmpss8Regs                                                                            
1     00005e00  _Sdfm1Regs                                                                             
1     00005e80  _Sdfm2Regs                                                                             
1     00006000  _McbspaRegs                                                                            
1     00006040  _McbspbRegs                                                                            
1     00006100  _SpiaRegs                                                                              
1     00006110  _SpibRegs                                                                              
1     00006120  _SpicRegs                                                                              
1     00006200  _UppRegs                                                                               
1     00007000  _WdRegs                                                                                
1     00007060  _NmiIntruptRegs                                                                        
1     00007070  _XintRegs                                                                              
1     00007200  _SciaRegs                                                                              
1     00007210  _ScibRegs                                                                              
1     00007220  _ScicRegs                                                                              
1     00007230  _ScidRegs                                                                              
1     00007300  _I2caRegs                                                                              
1     00007340  _I2cbRegs                                                                              
1     00007400  _AdcaRegs                                                                              
1     00007480  _AdcbRegs                                                                              
1     00007500  _AdccRegs                                                                              
1     00007580  _AdcdRegs                                                                              
1     00007900  _InputXbarRegs                                                                         
1     00007920  _XbarRegs                                                                              
1     00007940  _SyncSocRegs                                                                           
1     00007980  _DmaClaSrcSelRegs                                                                      
1     00007a00  _EPwmXbarRegs                                                                          
1     00007a80  _OutputXbarRegs                                                                        
1     00007c00  _GpioCtrlRegs                                                                          
1     00007f00  _GpioDataRegs                                                                          
1     0000a800  __sys_memory                                                                           
1     0000ac01  ___atexit_func_id__                                                                    
1     0000ad08  ___TI_enable_exit_profile_output                                                       
1     0000ad0a  ___TI_cleanup_ptr                                                                      
1     0000ad0c  ___TI_dtors_ptr                                                                        
1     0000ad0e  __lock                                                                                 
1     0000ad10  __unlock                                                                               
1     0000ad14  __new_handler                                                                          
1     0000b800  _iSCIDataBuffer_0                                                                      
1     0000c000  _st_FlashVariable                                                                      
1     0000c040  _FlashBuffer                                                                           
1     00047000  _Emif1Regs                                                                             
1     00047800  _Emif2Regs                                                                             
1     00048000  _CanaRegs                                                                              
1     0004a000  _CanbRegs                                                                              
1     00050000  _IpcRegs                                                                               
1     00050024  _FlashPumpSemaphoreRegs                                                                
1     0005d000  _DevCfgRegs                                                                            
1     0005d180  _AnalogSubsysRegs                                                                      
1     0005d200  _ClkCfgRegs                                                                            
1     0005d300  _CpuSysRegs                                                                            
1     0005e608  _RomPrefetchRegs                                                                       
1     0005f000  _DcsmZ1Regs                                                                            
1     0005f040  _DcsmZ2Regs                                                                            
1     0005f070  _DcsmCommonRegs                                                                        
1     0005f400  _MemCfgRegs                                                                            
1     0005f480  _Emif1ConfigRegs                                                                       
1     0005f4a0  _Emif2ConfigRegs                                                                       
1     0005f4c0  _AccessProtectionRegs                                                                  
1     0005f500  _MemoryErrorRegs                                                                       
1     0005f540  _RomWaitStateRegs                                                                      
1     0005f800  _Flash0CtrlRegs                                                                        
1     0005fb00  _Flash0EccRegs                                                                         
1     00078000  _DcsmZ1Otp                                                                             
1     00078200  _DcsmZ2Otp                                                                             
abs   00000000  _RamfuncsLoadSize                                                                      
abs   00000000  _RamfuncsRunSize                                                                       
abs   00000200  __STACK_SIZE                                                                           
abs   00000400  __SYSMEM_SIZE                                                                          
abs   ffffffff  .text                                                                                  
abs   ffffffff  ___TI_pprof_out_hndl                                                                   
abs   ffffffff  ___TI_prof_data_size                                                                   
abs   ffffffff  ___TI_prof_data_start                                                                  
abs   ffffffff  ___binit__                                                                             
abs   ffffffff  ___c_args__                                                                            
abs   ffffffff  ___etext__                                                                             
abs   ffffffff  ___text__                                                                              
abs   ffffffff  binit                                                                                  
abs   ffffffff  etext                                                                                  
n/a   UNDEFED   _ECanaMboxes                                                                           
n/a   UNDEFED   _ECanaRegs                                                                             
n/a   UNDEFED   _ECanbMboxes                                                                           
n/a   UNDEFED   _ECanbRegs                                                                             
n/a   UNDEFED   _Epwm1FuncsLoadEnd                                                                     
n/a   UNDEFED   _Epwm1FuncsLoadStart                                                                   
n/a   UNDEFED   _Epwm1FuncsRunStart                                                                    
n/a   UNDEFED   _Flash2808_APIVersionHex                                                               
n/a   UNDEFED   _Flash2808_Erase                                                                       
n/a   UNDEFED   _Flash2808_Program                                                                     
n/a   UNDEFED   _Flash2808_Verify                                                                      
n/a   UNDEFED   _Flash28_API_LoadEnd                                                                   
n/a   UNDEFED   _Flash28_API_LoadStart                                                                 
n/a   UNDEFED   _Flash28_API_RunStart                                                                  
n/a   UNDEFED   _Flash_CPUScaleFactor                                                                  
n/a   UNDEFED   _Flash_CallbackPtr                                                                     

[606 symbols]
