<?xml version="1.0"?>
<link_info>
   <banner>TMS320C2000 Linker PC v16.9.5.LTS</banner>
   <copyright>Copyright (c) 1996-2017 Texas Instruments Incorporated</copyright>
   <link_time>0x5a152622</link_time>
   <link_errors>0x3</link_errors>
   <output_file>moduel_28377.out</output_file>
   <entry_point>
      <name>_c_int00</name>
      <address>0x82376</address>
   </entry_point>
   <input_file_list>
      <input_file id="fl-2">
         <path>.\App\</path>
         <kind>object</kind>
         <file>Inv.obj</file>
         <name>Inv.obj</name>
      </input_file>
      <input_file id="fl-7">
         <kind>object</kind>
         <file>&lt;internal&gt;</file>
         <name>&lt;internal&gt;</name>
      </input_file>
      <input_file id="fl-15">
         <path>D:\RatioSoft\ccsv7\ccsv7\tools\compiler\ti-cgt-c2000_16.9.5.LTS\lib\</path>
         <kind>archive</kind>
         <file>rts2800_fpu32.lib</file>
         <name>boot28.obj</name>
      </input_file>
      <input_file id="fl-16">
         <path>D:\RatioSoft\ccsv7\ccsv7\tools\compiler\ti-cgt-c2000_16.9.5.LTS\lib\</path>
         <kind>archive</kind>
         <file>rts2800_fpu32.lib</file>
         <name>cpy_tbl.obj</name>
      </input_file>
      <input_file id="fl-17">
         <path>D:\RatioSoft\ccsv7\ccsv7\tools\compiler\ti-cgt-c2000_16.9.5.LTS\lib\</path>
         <kind>archive</kind>
         <file>rts2800_fpu32.lib</file>
         <name>delete.obj</name>
      </input_file>
      <input_file id="fl-18">
         <path>D:\RatioSoft\ccsv7\ccsv7\tools\compiler\ti-cgt-c2000_16.9.5.LTS\lib\</path>
         <kind>archive</kind>
         <file>rts2800_fpu32.lib</file>
         <name>exit.obj</name>
      </input_file>
      <input_file id="fl-19">
         <path>D:\RatioSoft\ccsv7\ccsv7\tools\compiler\ti-cgt-c2000_16.9.5.LTS\lib\</path>
         <kind>archive</kind>
         <file>rts2800_fpu32.lib</file>
         <name>i_div28.obj</name>
      </input_file>
      <input_file id="fl-1a">
         <path>D:\RatioSoft\ccsv7\ccsv7\tools\compiler\ti-cgt-c2000_16.9.5.LTS\lib\</path>
         <kind>archive</kind>
         <file>rts2800_fpu32.lib</file>
         <name>l_div28.obj</name>
      </input_file>
      <input_file id="fl-1b">
         <path>D:\RatioSoft\ccsv7\ccsv7\tools\compiler\ti-cgt-c2000_16.9.5.LTS\lib\</path>
         <kind>archive</kind>
         <file>rts2800_fpu32.lib</file>
         <name>memcpy.obj</name>
      </input_file>
      <input_file id="fl-1c">
         <path>D:\RatioSoft\ccsv7\ccsv7\tools\compiler\ti-cgt-c2000_16.9.5.LTS\lib\</path>
         <kind>archive</kind>
         <file>rts2800_fpu32.lib</file>
         <name>memory.obj</name>
      </input_file>
      <input_file id="fl-1d">
         <path>D:\RatioSoft\ccsv7\ccsv7\tools\compiler\ti-cgt-c2000_16.9.5.LTS\lib\</path>
         <kind>archive</kind>
         <file>rts2800_fpu32.lib</file>
         <name>memset.obj</name>
      </input_file>
      <input_file id="fl-1e">
         <path>D:\RatioSoft\ccsv7\ccsv7\tools\compiler\ti-cgt-c2000_16.9.5.LTS\lib\</path>
         <kind>archive</kind>
         <file>rts2800_fpu32.lib</file>
         <name>new_.obj</name>
      </input_file>
      <input_file id="fl-1f">
         <path>D:\RatioSoft\ccsv7\ccsv7\tools\compiler\ti-cgt-c2000_16.9.5.LTS\lib\</path>
         <kind>archive</kind>
         <file>rts2800_fpu32.lib</file>
         <name>newhandler.obj</name>
      </input_file>
      <input_file id="fl-20">
         <path>D:\RatioSoft\ccsv7\ccsv7\tools\compiler\ti-cgt-c2000_16.9.5.LTS\lib\</path>
         <kind>archive</kind>
         <file>rts2800_fpu32.lib</file>
         <name>pre_init.obj</name>
      </input_file>
      <input_file id="fl-21">
         <path>D:\RatioSoft\ccsv7\ccsv7\tools\compiler\ti-cgt-c2000_16.9.5.LTS\lib\</path>
         <kind>archive</kind>
         <file>rts2800_fpu32.lib</file>
         <name>pure_virt.obj</name>
      </input_file>
      <input_file id="fl-22">
         <path>D:\RatioSoft\ccsv7\ccsv7\tools\compiler\ti-cgt-c2000_16.9.5.LTS\lib\</path>
         <kind>archive</kind>
         <file>rts2800_fpu32.lib</file>
         <name>sinit.obj</name>
      </input_file>
      <input_file id="fl-23">
         <path>D:\RatioSoft\ccsv7\ccsv7\tools\compiler\ti-cgt-c2000_16.9.5.LTS\lib\</path>
         <kind>archive</kind>
         <file>rts2800_fpu32.lib</file>
         <name>startup.obj</name>
      </input_file>
      <input_file id="fl-24">
         <path>D:\RatioSoft\ccsv7\ccsv7\tools\compiler\ti-cgt-c2000_16.9.5.LTS\lib\</path>
         <kind>archive</kind>
         <file>rts2800_fpu32.lib</file>
         <name>u_div28.obj</name>
      </input_file>
      <input_file id="fl-25">
         <path>D:\RatioSoft\ccsv7\ccsv7\tools\compiler\ti-cgt-c2000_16.9.5.LTS\lib\</path>
         <kind>archive</kind>
         <file>rts2800_fpu32.lib</file>
         <name>vars.obj</name>
      </input_file>
      <input_file id="fl-26">
         <path>D:\RatioSoft\ccsv7\ccsv7\tools\compiler\ti-cgt-c2000_16.9.5.LTS\lib\</path>
         <kind>archive</kind>
         <file>rts2800_fpu32.lib</file>
         <name>_lock.obj</name>
      </input_file>
      <input_file id="fl-27">
         <path>D:\RatioSoft\ccsv7\ccsv7\tools\compiler\ti-cgt-c2000_16.9.5.LTS\lib\</path>
         <kind>archive</kind>
         <file>rts2800_fpu32.lib</file>
         <name>args_main.obj</name>
      </input_file>
      <input_file id="fl-28">
         <path>D:\RatioSoft\ccsv7\ccsv7\tools\compiler\ti-cgt-c2000_16.9.5.LTS\lib\</path>
         <kind>archive</kind>
         <file>rts2800_fpu32.lib</file>
         <name>atexit.obj</name>
      </input_file>
      <input_file id="fl-29">
         <path>D:\RatioSoft\ccsv7\ccsv7\tools\compiler\ti-cgt-c2000_16.9.5.LTS\lib\</path>
         <kind>archive</kind>
         <file>rts2800_fpu32.lib</file>
         <name>error.obj</name>
      </input_file>
   </input_file_list>
   <object_component_list>
      <object_component id="oc-86">
         <name>.cinit</name>
         <load_address>0x82070</load_address>
         <run_address>0x82070</run_address>
         <size>0x1e</size>
         <input_file_ref idref="fl-2"/>
      </object_component>
      <object_component id="oc-109">
         <name>.cinit</name>
         <load_address>0x8208e</load_address>
         <run_address>0x8208e</run_address>
         <size>0xe</size>
         <input_file_ref idref="fl-18"/>
      </object_component>
      <object_component id="oc-15f">
         <name>.cinit</name>
         <load_address>0x8209c</load_address>
         <run_address>0x8209c</run_address>
         <size>0x8</size>
         <input_file_ref idref="fl-28"/>
      </object_component>
      <object_component id="oc-175">
         <name>.cinit:__lock</name>
         <load_address>0x820a4</load_address>
         <run_address>0x820a4</run_address>
         <size>0x5</size>
         <input_file_ref idref="fl-26"/>
      </object_component>
      <object_component id="oc-19f">
         <name>.cinit:__unlock</name>
         <load_address>0x820a9</load_address>
         <run_address>0x820a9</run_address>
         <size>0x5</size>
         <input_file_ref idref="fl-26"/>
      </object_component>
      <object_component id="oc-140">
         <name>.cinit</name>
         <load_address>0x820ae</load_address>
         <run_address>0x820ae</run_address>
         <size>0x5</size>
         <input_file_ref idref="fl-22"/>
      </object_component>
      <object_component id="oc-151">
         <name>.cinit</name>
         <load_address>0x820b3</load_address>
         <run_address>0x820b3</run_address>
         <size>0x5</size>
         <input_file_ref idref="fl-25"/>
      </object_component>
      <object_component id="oc-11f">
         <name>.cinit</name>
         <load_address>0x820b8</load_address>
         <run_address>0x820b8</run_address>
         <size>0x4</size>
         <input_file_ref idref="fl-1c"/>
      </object_component>
      <object_component id="oc-f3">
         <name>.pinit</name>
         <load_address>0x820c0</load_address>
         <run_address>0x820c0</run_address>
         <size>0x2</size>
         <input_file_ref idref="fl-2"/>
      </object_component>
      <object_component id="oc-16f">
         <name>.text</name>
         <load_address>0x0</load_address>
         <run_address>0x0</run_address>
         <size>0xaf7a</size>
         <input_file_ref idref="fl-2"/>
      </object_component>
      <object_component id="oc-1a1">
         <name>.text</name>
         <load_address>0x820c4</load_address>
         <run_address>0x820c4</run_address>
         <size>0x1d2</size>
         <input_file_ref idref="fl-1c"/>
      </object_component>
      <object_component id="oc-f1">
         <name>.text:retain</name>
         <load_address>0x82296</load_address>
         <run_address>0x82296</run_address>
         <size>0xe0</size>
         <input_file_ref idref="fl-2"/>
      </object_component>
      <object_component id="oc-83">
         <name>.text</name>
         <load_address>0x82376</load_address>
         <run_address>0x82376</run_address>
         <size>0x56</size>
         <input_file_ref idref="fl-15"/>
      </object_component>
      <object_component id="oc-114">
         <name>.text</name>
         <load_address>0x823cc</load_address>
         <run_address>0x823cc</run_address>
         <size>0x2a</size>
         <input_file_ref idref="fl-1a"/>
      </object_component>
      <object_component id="oc-16e">
         <name>.text</name>
         <load_address>0x823f6</load_address>
         <run_address>0x823f6</run_address>
         <size>0x29</size>
         <input_file_ref idref="fl-18"/>
      </object_component>
      <object_component id="oc-19c">
         <name>.text</name>
         <load_address>0x8241f</load_address>
         <run_address>0x8241f</run_address>
         <size>0x27</size>
         <input_file_ref idref="fl-22"/>
      </object_component>
      <object_component id="oc-16b">
         <name>.text</name>
         <load_address>0x82446</load_address>
         <run_address>0x82446</run_address>
         <size>0x24</size>
         <input_file_ref idref="fl-16"/>
      </object_component>
      <object_component id="oc-10f">
         <name>.text</name>
         <load_address>0x8246a</load_address>
         <run_address>0x8246a</run_address>
         <size>0x22</size>
         <input_file_ref idref="fl-19"/>
      </object_component>
      <object_component id="oc-176">
         <name>.text</name>
         <load_address>0x8248c</load_address>
         <run_address>0x8248c</run_address>
         <size>0x20</size>
         <input_file_ref idref="fl-1e"/>
      </object_component>
      <object_component id="oc-173">
         <name>.text</name>
         <load_address>0x824ac</load_address>
         <run_address>0x824ac</run_address>
         <size>0x1e</size>
         <input_file_ref idref="fl-1b"/>
      </object_component>
      <object_component id="oc-16d">
         <name>.text</name>
         <load_address>0x824ca</load_address>
         <run_address>0x824ca</run_address>
         <size>0x19</size>
         <input_file_ref idref="fl-27"/>
      </object_component>
      <object_component id="oc-18e">
         <name>.text</name>
         <load_address>0x824e3</load_address>
         <run_address>0x824e3</run_address>
         <size>0xc</size>
         <input_file_ref idref="fl-1d"/>
      </object_component>
      <object_component id="oc-14b">
         <name>.text</name>
         <load_address>0x824ef</load_address>
         <run_address>0x824ef</run_address>
         <size>0xb</size>
         <input_file_ref idref="fl-24"/>
      </object_component>
      <object_component id="oc-19e">
         <name>.text</name>
         <load_address>0x824fa</load_address>
         <run_address>0x824fa</run_address>
         <size>0x9</size>
         <input_file_ref idref="fl-26"/>
      </object_component>
      <object_component id="oc-178">
         <name>.text</name>
         <load_address>0x82503</load_address>
         <run_address>0x82503</run_address>
         <size>0x5</size>
         <input_file_ref idref="fl-17"/>
      </object_component>
      <object_component id="oc-1a2">
         <name>.text</name>
         <load_address>0x82508</load_address>
         <run_address>0x82508</run_address>
         <size>0x4</size>
         <input_file_ref idref="fl-21"/>
      </object_component>
      <object_component id="oc-1a4">
         <name>.text</name>
         <load_address>0x8250c</load_address>
         <run_address>0x8250c</run_address>
         <size>0x3</size>
         <input_file_ref idref="fl-29"/>
      </object_component>
      <object_component id="oc-16a">
         <name>.text</name>
         <load_address>0x8250f</load_address>
         <run_address>0x8250f</run_address>
         <size>0x2</size>
         <input_file_ref idref="fl-20"/>
      </object_component>
      <object_component id="oc-1a0">
         <name>.text</name>
         <load_address>0x82511</load_address>
         <run_address>0x82511</run_address>
         <size>0x1</size>
         <input_file_ref idref="fl-1f"/>
      </object_component>
      <object_component id="oc-16c">
         <name>.text</name>
         <load_address>0x82512</load_address>
         <run_address>0x82512</run_address>
         <size>0x1</size>
         <input_file_ref idref="fl-23"/>
      </object_component>
      <object_component id="oc-ee">
         <name>codestart</name>
         <load_address>0x80000</load_address>
         <run_address>0x80000</run_address>
         <size>0x2</size>
         <input_file_ref idref="fl-2"/>
      </object_component>
      <object_component id="oc-f8">
         <name>.stack</name>
         <uninitialized>true</uninitialized>
         <run_address>0x400</run_address>
         <size>0x0</size>
         <input_file_ref idref="fl-15"/>
      </object_component>
      <object_component id="oc-244">
         <name>.stack</name>
         <uninitialized>true</uninitialized>
         <run_address>0x400</run_address>
         <size>0x0</size>
      </object_component>
      <object_component id="oc-87">
         <name>.ebss</name>
         <uninitialized>true</uninitialized>
         <run_address>0x0</run_address>
         <size>0x16ee</size>
         <input_file_ref idref="fl-2"/>
      </object_component>
      <object_component id="oc-160">
         <name>.ebss</name>
         <uninitialized>true</uninitialized>
         <run_address>0xac00</run_address>
         <size>0x100</size>
         <input_file_ref idref="fl-28"/>
      </object_component>
      <object_component id="oc-121">
         <name>.ebss</name>
         <uninitialized>true</uninitialized>
         <run_address>0xad00</run_address>
         <size>0x8</size>
         <input_file_ref idref="fl-1c"/>
      </object_component>
      <object_component id="oc-10a">
         <name>.ebss</name>
         <uninitialized>true</uninitialized>
         <run_address>0xad08</run_address>
         <size>0x6</size>
         <input_file_ref idref="fl-18"/>
      </object_component>
      <object_component id="oc-174">
         <name>.ebss:__lock</name>
         <uninitialized>true</uninitialized>
         <run_address>0xad0e</run_address>
         <size>0x2</size>
         <input_file_ref idref="fl-26"/>
      </object_component>
      <object_component id="oc-1a3">
         <name>.ebss:__unlock</name>
         <uninitialized>true</uninitialized>
         <run_address>0xad10</run_address>
         <size>0x2</size>
         <input_file_ref idref="fl-26"/>
      </object_component>
      <object_component id="oc-141">
         <name>.ebss</name>
         <uninitialized>true</uninitialized>
         <run_address>0xad12</run_address>
         <size>0x2</size>
         <input_file_ref idref="fl-22"/>
      </object_component>
      <object_component id="oc-152">
         <name>.ebss</name>
         <uninitialized>true</uninitialized>
         <run_address>0xad14</run_address>
         <size>0x2</size>
         <input_file_ref idref="fl-25"/>
      </object_component>
      <object_component id="oc-120">
         <name>.esysmem</name>
         <uninitialized>true</uninitialized>
         <run_address>0xa800</run_address>
         <size>0x1</size>
         <input_file_ref idref="fl-1c"/>
      </object_component>
      <object_component id="oc-245">
         <name>.esysmem</name>
         <uninitialized>true</uninitialized>
         <run_address>0xa800</run_address>
         <size>0x0</size>
      </object_component>
      <object_component id="oc-189">
         <name>.econst:_iVbusInvTab</name>
         <load_address>0x90000</load_address>
         <run_address>0x90000</run_address>
         <size>0x7d0</size>
         <input_file_ref idref="fl-2"/>
      </object_component>
      <object_component id="oc-19d">
         <name>.econst:_sqrtTab</name>
         <load_address>0x907d0</load_address>
         <run_address>0x907d0</run_address>
         <size>0x402</size>
         <input_file_ref idref="fl-2"/>
      </object_component>
      <object_component id="oc-17c">
         <name>.econst:_PieVectTableInit</name>
         <load_address>0x90bd2</load_address>
         <run_address>0x90bd2</run_address>
         <size>0x1c0</size>
         <input_file_ref idref="fl-2"/>
      </object_component>
      <object_component id="oc-182">
         <name>.econst:_Fbp50HzTable</name>
         <load_address>0x90d92</load_address>
         <run_address>0x90d92</run_address>
         <size>0x19e</size>
         <input_file_ref idref="fl-2"/>
      </object_component>
      <object_component id="oc-183">
         <name>.econst:_Fbp60HzTable</name>
         <load_address>0x90f30</load_address>
         <run_address>0x90f30</run_address>
         <size>0x19e</size>
         <input_file_ref idref="fl-2"/>
      </object_component>
      <object_component id="oc-188">
         <name>.econst:_sintab</name>
         <load_address>0x910ce</load_address>
         <run_address>0x910ce</run_address>
         <size>0x169</size>
         <input_file_ref idref="fl-2"/>
      </object_component>
      <object_component id="oc-181">
         <name>.econst:_VbpRangeTable</name>
         <load_address>0x91237</load_address>
         <run_address>0x91237</run_address>
         <size>0x159</size>
         <input_file_ref idref="fl-2"/>
      </object_component>
      <object_component id="oc-194">
         <name>.econst:_CfgFromMonObjs</name>
         <load_address>0x91390</load_address>
         <run_address>0x91390</run_address>
         <size>0xb8</size>
         <input_file_ref idref="fl-2"/>
      </object_component>
      <object_component id="oc-191">
         <name>.econst:_CanCtrlMsgObjs</name>
         <load_address>0x91448</load_address>
         <run_address>0x91448</run_address>
         <size>0x8a</size>
         <input_file_ref idref="fl-2"/>
      </object_component>
      <object_component id="oc-196">
         <name>.econst:_AlarmEventIdObj</name>
         <load_address>0x914d2</load_address>
         <run_address>0x914d2</run_address>
         <size>0x60</size>
         <input_file_ref idref="fl-2"/>
      </object_component>
      <object_component id="oc-198">
         <name>.econst:_BypAlarmEventIdObj</name>
         <load_address>0x91532</load_address>
         <run_address>0x91532</run_address>
         <size>0x3c</size>
         <input_file_ref idref="fl-2"/>
      </object_component>
      <object_component id="oc-192">
         <name>.econst:_CanAnlogMsgObjs</name>
         <load_address>0x9156e</load_address>
         <run_address>0x9156e</run_address>
         <size>0x38</size>
         <input_file_ref idref="fl-2"/>
      </object_component>
      <object_component id="oc-193">
         <name>.econst:_BypCanAnlogMsgObjs</name>
         <load_address>0x915a6</load_address>
         <run_address>0x915a6</run_address>
         <size>0x30</size>
         <input_file_ref idref="fl-2"/>
      </object_component>
      <object_component id="oc-197">
         <name>.econst:_BypStateEventIdObj</name>
         <load_address>0x915d6</load_address>
         <run_address>0x915d6</run_address>
         <size>0x1c</size>
         <input_file_ref idref="fl-2"/>
      </object_component>
      <object_component id="oc-184">
         <name>.econst:_BpCurrentTable</name>
         <load_address>0x915f2</load_address>
         <run_address>0x915f2</run_address>
         <size>0x17</size>
         <input_file_ref idref="fl-2"/>
      </object_component>
      <object_component id="oc-186">
         <name>.econst:_InvLoadTable</name>
         <load_address>0x91609</load_address>
         <run_address>0x91609</run_address>
         <size>0x17</size>
         <input_file_ref idref="fl-2"/>
      </object_component>
      <object_component id="oc-187">
         <name>.econst:_OutLoadTable</name>
         <load_address>0x91620</load_address>
         <run_address>0x91620</run_address>
         <size>0x17</size>
         <input_file_ref idref="fl-2"/>
      </object_component>
      <object_component id="oc-190">
         <name>.econst:_CanAnlogRecvMsgObjs</name>
         <load_address>0x91638</load_address>
         <run_address>0x91638</run_address>
         <size>0x14</size>
         <input_file_ref idref="fl-2"/>
      </object_component>
      <object_component id="oc-195">
         <name>.econst:_CfgToMonObjs</name>
         <load_address>0x9164c</load_address>
         <run_address>0x9164c</run_address>
         <size>0x14</size>
         <input_file_ref idref="fl-2"/>
      </object_component>
      <object_component id="oc-18f">
         <name>.econst:_uInvSetMsgBitSet</name>
         <load_address>0x91660</load_address>
         <run_address>0x91660</run_address>
         <size>0x10</size>
         <input_file_ref idref="fl-2"/>
      </object_component>
      <object_component id="oc-18d">
         <name>.econst:_StateEventIdObj</name>
         <load_address>0x91670</load_address>
         <run_address>0x91670</run_address>
         <size>0xc</size>
         <input_file_ref idref="fl-2"/>
      </object_component>
      <object_component id="oc-177">
         <name>.econst:___vtbl__11CommandBase</name>
         <load_address>0x9167c</load_address>
         <run_address>0x9167c</run_address>
         <size>0xc</size>
         <input_file_ref idref="fl-2"/>
      </object_component>
      <object_component id="oc-179">
         <name>.econst:___vtbl__14ProtocolSubCmd</name>
         <load_address>0x91688</load_address>
         <run_address>0x91688</run_address>
         <size>0xc</size>
         <input_file_ref idref="fl-2"/>
      </object_component>
      <object_component id="oc-17a">
         <name>.econst:___vtbl__30TemplateCmd__tm__11_9SysCanApp</name>
         <load_address>0x91694</load_address>
         <run_address>0x91694</run_address>
         <size>0xc</size>
         <input_file_ref idref="fl-2"/>
      </object_component>
      <object_component id="oc-17e">
         <name>.econst:_$P$T0</name>
         <load_address>0x916a0</load_address>
         <run_address>0x916a0</run_address>
         <size>0x4</size>
         <input_file_ref idref="fl-2"/>
      </object_component>
      <object_component id="oc-17f">
         <name>.econst:_$P$T1</name>
         <load_address>0x916a4</load_address>
         <run_address>0x916a4</run_address>
         <size>0x4</size>
         <input_file_ref idref="fl-2"/>
      </object_component>
      <object_component id="oc-180">
         <name>.econst:_$P$T2</name>
         <load_address>0x916a8</load_address>
         <run_address>0x916a8</run_address>
         <size>0x4</size>
         <input_file_ref idref="fl-2"/>
      </object_component>
      <object_component id="oc-18b">
         <name>.econst:_$P$T3</name>
         <load_address>0x916ac</load_address>
         <run_address>0x916ac</run_address>
         <size>0x4</size>
         <input_file_ref idref="fl-2"/>
      </object_component>
      <object_component id="oc-18c">
         <name>.econst:_$P$T4</name>
         <load_address>0x916b0</load_address>
         <run_address>0x916b0</run_address>
         <size>0x4</size>
         <input_file_ref idref="fl-2"/>
      </object_component>
      <object_component id="oc-199">
         <name>.econst:_$P$T5</name>
         <load_address>0x916b4</load_address>
         <run_address>0x916b4</run_address>
         <size>0x4</size>
         <input_file_ref idref="fl-2"/>
      </object_component>
      <object_component id="oc-19a">
         <name>.econst:_$P$T6</name>
         <load_address>0x916b8</load_address>
         <run_address>0x916b8</run_address>
         <size>0x4</size>
         <input_file_ref idref="fl-2"/>
      </object_component>
      <object_component id="oc-19b">
         <name>.econst:_$P$T7</name>
         <load_address>0x916bc</load_address>
         <run_address>0x916bc</run_address>
         <size>0x4</size>
         <input_file_ref idref="fl-2"/>
      </object_component>
      <object_component id="oc-18a">
         <name>.switch:_App_DebugInf__11Class_DebugFv</name>
         <load_address>0x82000</load_address>
         <run_address>0x82000</run_address>
         <size>0x50</size>
         <input_file_ref idref="fl-2"/>
      </object_component>
      <object_component id="oc-17d">
         <name>.switch:_App_CPLD_Ver__12Class_SystemFv</name>
         <load_address>0x82050</load_address>
         <run_address>0x82050</run_address>
         <size>0x20</size>
         <input_file_ref idref="fl-2"/>
      </object_component>
      <object_component id="oc-f9">
         <name>.reset</name>
         <load_address>0x3fffc0</load_address>
         <run_address>0x3fffc0</run_address>
         <size>0x2</size>
         <input_file_ref idref="fl-15"/>
      </object_component>
      <object_component id="oc-ec">
         <name>PieVectTableFile</name>
         <uninitialized>true</uninitialized>
         <run_address>0xd00</run_address>
         <size>0x1c0</size>
         <input_file_ref idref="fl-2"/>
      </object_component>
      <object_component id="oc-88">
         <name>EmuKeyVar</name>
         <uninitialized>true</uninitialized>
         <run_address>0xd00</run_address>
         <size>0x1</size>
         <input_file_ref idref="fl-2"/>
      </object_component>
      <object_component id="oc-89">
         <name>EmuBModeVar</name>
         <uninitialized>true</uninitialized>
         <run_address>0xd01</run_address>
         <size>0x1</size>
         <input_file_ref idref="fl-2"/>
      </object_component>
      <object_component id="oc-9f">
         <name>AdcaResultFile</name>
         <uninitialized>true</uninitialized>
         <run_address>0xb00</run_address>
         <size>0x18</size>
         <input_file_ref idref="fl-2"/>
      </object_component>
      <object_component id="oc-a1">
         <name>AdcbResultFile</name>
         <uninitialized>true</uninitialized>
         <run_address>0xb20</run_address>
         <size>0x18</size>
         <input_file_ref idref="fl-2"/>
      </object_component>
      <object_component id="oc-a2">
         <name>AdccResultFile</name>
         <uninitialized>true</uninitialized>
         <run_address>0xb40</run_address>
         <size>0x18</size>
         <input_file_ref idref="fl-2"/>
      </object_component>
      <object_component id="oc-a0">
         <name>AdcdResultFile</name>
         <uninitialized>true</uninitialized>
         <run_address>0xb60</run_address>
         <size>0x18</size>
         <input_file_ref idref="fl-2"/>
      </object_component>
      <object_component id="oc-d1">
         <name>AdcaRegsFile</name>
         <uninitialized>true</uninitialized>
         <run_address>0x7400</run_address>
         <size>0x80</size>
         <input_file_ref idref="fl-2"/>
      </object_component>
      <object_component id="oc-d4">
         <name>AdcbRegsFile</name>
         <uninitialized>true</uninitialized>
         <run_address>0x7480</run_address>
         <size>0x80</size>
         <input_file_ref idref="fl-2"/>
      </object_component>
      <object_component id="oc-d3">
         <name>AdccRegsFile</name>
         <uninitialized>true</uninitialized>
         <run_address>0x7500</run_address>
         <size>0x80</size>
         <input_file_ref idref="fl-2"/>
      </object_component>
      <object_component id="oc-d5">
         <name>AdcdRegsFile</name>
         <uninitialized>true</uninitialized>
         <run_address>0x7580</run_address>
         <size>0x80</size>
         <input_file_ref idref="fl-2"/>
      </object_component>
      <object_component id="oc-cd">
         <name>AnalogSubsysRegsFile</name>
         <uninitialized>true</uninitialized>
         <run_address>0x5d180</run_address>
         <size>0x48</size>
         <input_file_ref idref="fl-2"/>
      </object_component>
      <object_component id="oc-e8">
         <name>CanaRegsFile</name>
         <uninitialized>true</uninitialized>
         <run_address>0x48000</run_address>
         <size>0x164</size>
         <input_file_ref idref="fl-2"/>
      </object_component>
      <object_component id="oc-e9">
         <name>CanbRegsFile</name>
         <uninitialized>true</uninitialized>
         <run_address>0x4a000</run_address>
         <size>0x164</size>
         <input_file_ref idref="fl-2"/>
      </object_component>
      <object_component id="oc-c8">
         <name>Cla1RegsFile</name>
         <uninitialized>true</uninitialized>
         <run_address>0x1400</run_address>
         <size>0x3e</size>
         <input_file_ref idref="fl-2"/>
      </object_component>
      <object_component id="oc-8d">
         <name>Cla1SoftIntRegsFile</name>
         <uninitialized>true</uninitialized>
         <run_address>0xce0</run_address>
         <size>0x4</size>
         <input_file_ref idref="fl-2"/>
      </object_component>
      <object_component id="oc-b6">
         <name>Cmpss1RegsFile</name>
         <uninitialized>true</uninitialized>
         <run_address>0x5c80</run_address>
         <size>0x20</size>
         <input_file_ref idref="fl-2"/>
      </object_component>
      <object_component id="oc-b7">
         <name>Cmpss2RegsFile</name>
         <uninitialized>true</uninitialized>
         <run_address>0x5ca0</run_address>
         <size>0x20</size>
         <input_file_ref idref="fl-2"/>
      </object_component>
      <object_component id="oc-b4">
         <name>Cmpss3RegsFile</name>
         <uninitialized>true</uninitialized>
         <run_address>0x5cc0</run_address>
         <size>0x20</size>
         <input_file_ref idref="fl-2"/>
      </object_component>
      <object_component id="oc-b5">
         <name>Cmpss4RegsFile</name>
         <uninitialized>true</uninitialized>
         <run_address>0x5ce0</run_address>
         <size>0x20</size>
         <input_file_ref idref="fl-2"/>
      </object_component>
      <object_component id="oc-b8">
         <name>Cmpss5RegsFile</name>
         <uninitialized>true</uninitialized>
         <run_address>0x5d00</run_address>
         <size>0x20</size>
         <input_file_ref idref="fl-2"/>
      </object_component>
      <object_component id="oc-b3">
         <name>Cmpss6RegsFile</name>
         <uninitialized>true</uninitialized>
         <run_address>0x5d20</run_address>
         <size>0x20</size>
         <input_file_ref idref="fl-2"/>
      </object_component>
      <object_component id="oc-ad">
         <name>Cmpss7RegsFile</name>
         <uninitialized>true</uninitialized>
         <run_address>0x5d40</run_address>
         <size>0x20</size>
         <input_file_ref idref="fl-2"/>
      </object_component>
      <object_component id="oc-b0">
         <name>Cmpss8RegsFile</name>
         <uninitialized>true</uninitialized>
         <run_address>0x5d60</run_address>
         <size>0x20</size>
         <input_file_ref idref="fl-2"/>
      </object_component>
      <object_component id="oc-95">
         <name>CpuTimer0RegsFile</name>
         <uninitialized>true</uninitialized>
         <run_address>0xc00</run_address>
         <size>0x8</size>
         <input_file_ref idref="fl-2"/>
      </object_component>
      <object_component id="oc-93">
         <name>CpuTimer1RegsFile</name>
         <uninitialized>true</uninitialized>
         <run_address>0xc08</run_address>
         <size>0x8</size>
         <input_file_ref idref="fl-2"/>
      </object_component>
      <object_component id="oc-91">
         <name>CpuTimer2RegsFile</name>
         <uninitialized>true</uninitialized>
         <run_address>0xc10</run_address>
         <size>0x8</size>
         <input_file_ref idref="fl-2"/>
      </object_component>
      <object_component id="oc-90">
         <name>DacaRegsFile</name>
         <uninitialized>true</uninitialized>
         <run_address>0x5c00</run_address>
         <size>0x8</size>
         <input_file_ref idref="fl-2"/>
      </object_component>
      <object_component id="oc-96">
         <name>DacbRegsFile</name>
         <uninitialized>true</uninitialized>
         <run_address>0x5c10</run_address>
         <size>0x8</size>
         <input_file_ref idref="fl-2"/>
      </object_component>
      <object_component id="oc-94">
         <name>DaccRegsFile</name>
         <uninitialized>true</uninitialized>
         <run_address>0x5c20</run_address>
         <size>0x8</size>
         <input_file_ref idref="fl-2"/>
      </object_component>
      <object_component id="oc-be">
         <name>DcsmZ1RegsFile</name>
         <uninitialized>true</uninitialized>
         <run_address>0x5f000</run_address>
         <size>0x24</size>
         <input_file_ref idref="fl-2"/>
      </object_component>
      <object_component id="oc-bf">
         <name>DcsmZ2RegsFile</name>
         <uninitialized>true</uninitialized>
         <run_address>0x5f040</run_address>
         <size>0x24</size>
         <input_file_ref idref="fl-2"/>
      </object_component>
      <object_component id="oc-92">
         <name>DcsmCommonRegsFile</name>
         <uninitialized>true</uninitialized>
         <run_address>0x5f070</run_address>
         <size>0x8</size>
         <input_file_ref idref="fl-2"/>
      </object_component>
      <object_component id="oc-af">
         <name>DcsmZ1OtpFile</name>
         <uninitialized>true</uninitialized>
         <run_address>0x78000</run_address>
         <size>0x20</size>
         <input_file_ref idref="fl-2"/>
      </object_component>
      <object_component id="oc-ae">
         <name>DcsmZ2OtpFile</name>
         <uninitialized>true</uninitialized>
         <run_address>0x78200</run_address>
         <size>0x20</size>
         <input_file_ref idref="fl-2"/>
      </object_component>
      <object_component id="oc-da">
         <name>DmaRegsFile</name>
         <uninitialized>true</uninitialized>
         <run_address>0x1000</run_address>
         <size>0xe0</size>
         <input_file_ref idref="fl-2"/>
      </object_component>
      <object_component id="oc-a4">
         <name>DmaClaSrcSelRegsFile</name>
         <uninitialized>true</uninitialized>
         <run_address>0x7980</run_address>
         <size>0x1a</size>
         <input_file_ref idref="fl-2"/>
      </object_component>
      <object_component id="oc-b2">
         <name>ECap1RegsFile</name>
         <uninitialized>true</uninitialized>
         <run_address>0x5000</run_address>
         <size>0x20</size>
         <input_file_ref idref="fl-2"/>
      </object_component>
      <object_component id="oc-b1">
         <name>ECap2RegsFile</name>
         <uninitialized>true</uninitialized>
         <run_address>0x5020</run_address>
         <size>0x20</size>
         <input_file_ref idref="fl-2"/>
      </object_component>
      <object_component id="oc-aa">
         <name>ECap3RegsFile</name>
         <uninitialized>true</uninitialized>
         <run_address>0x5040</run_address>
         <size>0x20</size>
         <input_file_ref idref="fl-2"/>
      </object_component>
      <object_component id="oc-a9">
         <name>ECap4RegsFile</name>
         <uninitialized>true</uninitialized>
         <run_address>0x5060</run_address>
         <size>0x20</size>
         <input_file_ref idref="fl-2"/>
      </object_component>
      <object_component id="oc-ab">
         <name>ECap5RegsFile</name>
         <uninitialized>true</uninitialized>
         <run_address>0x5080</run_address>
         <size>0x20</size>
         <input_file_ref idref="fl-2"/>
      </object_component>
      <object_component id="oc-ac">
         <name>ECap6RegsFile</name>
         <uninitialized>true</uninitialized>
         <run_address>0x50a0</run_address>
         <size>0x20</size>
         <input_file_ref idref="fl-2"/>
      </object_component>
      <object_component id="oc-cf">
         <name>Emif1RegsFile</name>
         <uninitialized>true</uninitialized>
         <run_address>0x47000</run_address>
         <size>0x70</size>
         <input_file_ref idref="fl-2"/>
      </object_component>
      <object_component id="oc-d0">
         <name>Emif2RegsFile</name>
         <uninitialized>true</uninitialized>
         <run_address>0x47800</run_address>
         <size>0x70</size>
         <input_file_ref idref="fl-2"/>
      </object_component>
      <object_component id="oc-e5">
         <name>EPwm1RegsFile</name>
         <uninitialized>true</uninitialized>
         <run_address>0x4000</run_address>
         <size>0x100</size>
         <input_file_ref idref="fl-2"/>
      </object_component>
      <object_component id="oc-e4">
         <name>EPwm2RegsFile</name>
         <uninitialized>true</uninitialized>
         <run_address>0x4100</run_address>
         <size>0x100</size>
         <input_file_ref idref="fl-2"/>
      </object_component>
      <object_component id="oc-e6">
         <name>EPwm3RegsFile</name>
         <uninitialized>true</uninitialized>
         <run_address>0x4200</run_address>
         <size>0x100</size>
         <input_file_ref idref="fl-2"/>
      </object_component>
      <object_component id="oc-e2">
         <name>EPwm4RegsFile</name>
         <uninitialized>true</uninitialized>
         <run_address>0x4300</run_address>
         <size>0x100</size>
         <input_file_ref idref="fl-2"/>
      </object_component>
      <object_component id="oc-e3">
         <name>EPwm5RegsFile</name>
         <uninitialized>true</uninitialized>
         <run_address>0x4400</run_address>
         <size>0x100</size>
         <input_file_ref idref="fl-2"/>
      </object_component>
      <object_component id="oc-e1">
         <name>EPwm6RegsFile</name>
         <uninitialized>true</uninitialized>
         <run_address>0x4500</run_address>
         <size>0x100</size>
         <input_file_ref idref="fl-2"/>
      </object_component>
      <object_component id="oc-dd">
         <name>EPwm7RegsFile</name>
         <uninitialized>true</uninitialized>
         <run_address>0x4600</run_address>
         <size>0x100</size>
         <input_file_ref idref="fl-2"/>
      </object_component>
      <object_component id="oc-de">
         <name>EPwm8RegsFile</name>
         <uninitialized>true</uninitialized>
         <run_address>0x4700</run_address>
         <size>0x100</size>
         <input_file_ref idref="fl-2"/>
      </object_component>
      <object_component id="oc-db">
         <name>EPwm9RegsFile</name>
         <uninitialized>true</uninitialized>
         <run_address>0x4800</run_address>
         <size>0x100</size>
         <input_file_ref idref="fl-2"/>
      </object_component>
      <object_component id="oc-dc">
         <name>EPwm10RegsFile</name>
         <uninitialized>true</uninitialized>
         <run_address>0x4900</run_address>
         <size>0x100</size>
         <input_file_ref idref="fl-2"/>
      </object_component>
      <object_component id="oc-df">
         <name>EPwm11RegsFile</name>
         <uninitialized>true</uninitialized>
         <run_address>0x4a00</run_address>
         <size>0x100</size>
         <input_file_ref idref="fl-2"/>
      </object_component>
      <object_component id="oc-e0">
         <name>EPwm12RegsFile</name>
         <uninitialized>true</uninitialized>
         <run_address>0x4b00</run_address>
         <size>0x100</size>
         <input_file_ref idref="fl-2"/>
      </object_component>
      <object_component id="oc-c9">
         <name>EPwmXbarRegsFile</name>
         <uninitialized>true</uninitialized>
         <run_address>0x7a00</run_address>
         <size>0x40</size>
         <input_file_ref idref="fl-2"/>
      </object_component>
      <object_component id="oc-bb">
         <name>EQep1RegsFile</name>
         <uninitialized>true</uninitialized>
         <run_address>0x5100</run_address>
         <size>0x22</size>
         <input_file_ref idref="fl-2"/>
      </object_component>
      <object_component id="oc-bd">
         <name>EQep2RegsFile</name>
         <uninitialized>true</uninitialized>
         <run_address>0x5140</run_address>
         <size>0x22</size>
         <input_file_ref idref="fl-2"/>
      </object_component>
      <object_component id="oc-bc">
         <name>EQep3RegsFile</name>
         <uninitialized>true</uninitialized>
         <run_address>0x5180</run_address>
         <size>0x22</size>
         <input_file_ref idref="fl-2"/>
      </object_component>
      <object_component id="oc-eb">
         <name>Flash0CtrlRegsFile</name>
         <uninitialized>true</uninitialized>
         <run_address>0x5f800</run_address>
         <size>0x182</size>
         <input_file_ref idref="fl-2"/>
      </object_component>
      <object_component id="oc-c3">
         <name>Flash0EccRegsFile</name>
         <uninitialized>true</uninitialized>
         <run_address>0x5fb00</run_address>
         <size>0x28</size>
         <input_file_ref idref="fl-2"/>
      </object_component>
      <object_component id="oc-ea">
         <name>GpioCtrlRegsFile</name>
         <uninitialized>true</uninitialized>
         <run_address>0x7c00</run_address>
         <size>0x180</size>
         <input_file_ref idref="fl-2"/>
      </object_component>
      <object_component id="oc-c6">
         <name>GpioDataRegsFile</name>
         <uninitialized>true</uninitialized>
         <run_address>0x7f00</run_address>
         <size>0x30</size>
         <input_file_ref idref="fl-2"/>
      </object_component>
      <object_component id="oc-ca">
         <name>OutputXbarRegsFile</name>
         <uninitialized>true</uninitialized>
         <run_address>0x7a80</run_address>
         <size>0x40</size>
         <input_file_ref idref="fl-2"/>
      </object_component>
      <object_component id="oc-ba">
         <name>I2caRegsFile</name>
         <uninitialized>true</uninitialized>
         <run_address>0x7300</run_address>
         <size>0x22</size>
         <input_file_ref idref="fl-2"/>
      </object_component>
      <object_component id="oc-b9">
         <name>I2cbRegsFile</name>
         <uninitialized>true</uninitialized>
         <run_address>0x7340</run_address>
         <size>0x22</size>
         <input_file_ref idref="fl-2"/>
      </object_component>
      <object_component id="oc-a8">
         <name>InputXbarRegsFile</name>
         <uninitialized>true</uninitialized>
         <run_address>0x7900</run_address>
         <size>0x20</size>
         <input_file_ref idref="fl-2"/>
      </object_component>
      <object_component id="oc-a7">
         <name>XbarRegsFile</name>
         <uninitialized>true</uninitialized>
         <run_address>0x7920</run_address>
         <size>0x20</size>
         <input_file_ref idref="fl-2"/>
      </object_component>
      <object_component id="oc-c0">
         <name>IpcRegsFile</name>
         <uninitialized>true</uninitialized>
         <run_address>0x50000</run_address>
         <size>0x24</size>
         <input_file_ref idref="fl-2"/>
      </object_component>
      <object_component id="oc-8a">
         <name>FlashPumpSemaphoreRegsFile</name>
         <uninitialized>true</uninitialized>
         <run_address>0x50024</run_address>
         <size>0x2</size>
         <input_file_ref idref="fl-2"/>
      </object_component>
      <object_component id="oc-8c">
         <name>RomPrefetchRegsFile</name>
         <uninitialized>true</uninitialized>
         <run_address>0x5e608</run_address>
         <size>0x2</size>
         <input_file_ref idref="fl-2"/>
      </object_component>
      <object_component id="oc-d8">
         <name>MemCfgRegsFile</name>
         <uninitialized>true</uninitialized>
         <run_address>0x5f400</run_address>
         <size>0x80</size>
         <input_file_ref idref="fl-2"/>
      </object_component>
      <object_component id="oc-a5">
         <name>Emif1ConfigRegsFile</name>
         <uninitialized>true</uninitialized>
         <run_address>0x5f480</run_address>
         <size>0x20</size>
         <input_file_ref idref="fl-2"/>
      </object_component>
      <object_component id="oc-a6">
         <name>Emif2ConfigRegsFile</name>
         <uninitialized>true</uninitialized>
         <run_address>0x5f4a0</run_address>
         <size>0x20</size>
         <input_file_ref idref="fl-2"/>
      </object_component>
      <object_component id="oc-cc">
         <name>AccessProtectionRegsFile</name>
         <uninitialized>true</uninitialized>
         <run_address>0x5f4c0</run_address>
         <size>0x40</size>
         <input_file_ref idref="fl-2"/>
      </object_component>
      <object_component id="oc-cb">
         <name>MemoryErrorRegsFile</name>
         <uninitialized>true</uninitialized>
         <run_address>0x5f500</run_address>
         <size>0x40</size>
         <input_file_ref idref="fl-2"/>
      </object_component>
      <object_component id="oc-8b">
         <name>RomWaitStateRegsFile</name>
         <uninitialized>true</uninitialized>
         <run_address>0x5f540</run_address>
         <size>0x2</size>
         <input_file_ref idref="fl-2"/>
      </object_component>
      <object_component id="oc-c1">
         <name>McbspaRegsFile</name>
         <uninitialized>true</uninitialized>
         <run_address>0x6000</run_address>
         <size>0x24</size>
         <input_file_ref idref="fl-2"/>
      </object_component>
      <object_component id="oc-c2">
         <name>McbspbRegsFile</name>
         <uninitialized>true</uninitialized>
         <run_address>0x6040</run_address>
         <size>0x24</size>
         <input_file_ref idref="fl-2"/>
      </object_component>
      <object_component id="oc-ce">
         <name>UppRegsFile</name>
         <uninitialized>true</uninitialized>
         <run_address>0x6200</run_address>
         <size>0x48</size>
         <input_file_ref idref="fl-2"/>
      </object_component>
      <object_component id="oc-8f">
         <name>NmiIntruptRegsFile</name>
         <uninitialized>true</uninitialized>
         <run_address>0x7060</run_address>
         <size>0x7</size>
         <input_file_ref idref="fl-2"/>
      </object_component>
      <object_component id="oc-a3">
         <name>PieCtrlRegsFile</name>
         <uninitialized>true</uninitialized>
         <run_address>0xce0</run_address>
         <size>0x1a</size>
         <input_file_ref idref="fl-2"/>
      </object_component>
      <object_component id="oc-9d">
         <name>SciaRegsFile</name>
         <uninitialized>true</uninitialized>
         <run_address>0x7200</run_address>
         <size>0x10</size>
         <input_file_ref idref="fl-2"/>
      </object_component>
      <object_component id="oc-9e">
         <name>ScibRegsFile</name>
         <uninitialized>true</uninitialized>
         <run_address>0x7210</run_address>
         <size>0x10</size>
         <input_file_ref idref="fl-2"/>
      </object_component>
      <object_component id="oc-98">
         <name>ScicRegsFile</name>
         <uninitialized>true</uninitialized>
         <run_address>0x7220</run_address>
         <size>0x10</size>
         <input_file_ref idref="fl-2"/>
      </object_component>
      <object_component id="oc-99">
         <name>ScidRegsFile</name>
         <uninitialized>true</uninitialized>
         <run_address>0x7230</run_address>
         <size>0x10</size>
         <input_file_ref idref="fl-2"/>
      </object_component>
      <object_component id="oc-d7">
         <name>Sdfm1RegsFile</name>
         <uninitialized>true</uninitialized>
         <run_address>0x5e00</run_address>
         <size>0x80</size>
         <input_file_ref idref="fl-2"/>
      </object_component>
      <object_component id="oc-d6">
         <name>Sdfm2RegsFile</name>
         <uninitialized>true</uninitialized>
         <run_address>0x5e80</run_address>
         <size>0x80</size>
         <input_file_ref idref="fl-2"/>
      </object_component>
      <object_component id="oc-9b">
         <name>SpiaRegsFile</name>
         <uninitialized>true</uninitialized>
         <run_address>0x6100</run_address>
         <size>0x10</size>
         <input_file_ref idref="fl-2"/>
      </object_component>
      <object_component id="oc-9a">
         <name>SpibRegsFile</name>
         <uninitialized>true</uninitialized>
         <run_address>0x6110</run_address>
         <size>0x10</size>
         <input_file_ref idref="fl-2"/>
      </object_component>
      <object_component id="oc-9c">
         <name>SpicRegsFile</name>
         <uninitialized>true</uninitialized>
         <run_address>0x6120</run_address>
         <size>0x10</size>
         <input_file_ref idref="fl-2"/>
      </object_component>
      <object_component id="oc-e7">
         <name>DevCfgRegsFile</name>
         <uninitialized>true</uninitialized>
         <run_address>0x5d000</run_address>
         <size>0x12e</size>
         <input_file_ref idref="fl-2"/>
      </object_component>
      <object_component id="oc-c7">
         <name>ClkCfgRegsFile</name>
         <uninitialized>true</uninitialized>
         <run_address>0x5d200</run_address>
         <size>0x32</size>
         <input_file_ref idref="fl-2"/>
      </object_component>
      <object_component id="oc-d9">
         <name>CpuSysRegsFile</name>
         <uninitialized>true</uninitialized>
         <run_address>0x5d300</run_address>
         <size>0x82</size>
         <input_file_ref idref="fl-2"/>
      </object_component>
      <object_component id="oc-8e">
         <name>SyncSocRegsFile</name>
         <uninitialized>true</uninitialized>
         <run_address>0x7940</run_address>
         <size>0x6</size>
         <input_file_ref idref="fl-2"/>
      </object_component>
      <object_component id="oc-c4">
         <name>WdRegsFile</name>
         <uninitialized>true</uninitialized>
         <run_address>0x7000</run_address>
         <size>0x2b</size>
         <input_file_ref idref="fl-2"/>
      </object_component>
      <object_component id="oc-97">
         <name>XintRegsFile</name>
         <uninitialized>true</uninitialized>
         <run_address>0x7070</run_address>
         <size>0xb</size>
         <input_file_ref idref="fl-2"/>
      </object_component>
      <object_component id="oc-84">
         <name>.template</name>
         <load_address>0x0</load_address>
         <run_address>0x0</run_address>
         <size>0x104</size>
         <input_file_ref idref="fl-2"/>
      </object_component>
      <object_component id="oc-85">
         <name>.debug_info</name>
         <load_address>0x0</load_address>
         <run_address>0x0</run_address>
         <size>0xc1775</size>
         <input_file_ref idref="fl-2"/>
      </object_component>
      <object_component id="oc-fa">
         <name>.debug_info</name>
         <load_address>0xc1775</load_address>
         <run_address>0xc1775</run_address>
         <size>0x16b</size>
         <input_file_ref idref="fl-15"/>
      </object_component>
      <object_component id="oc-fe">
         <name>.debug_info</name>
         <load_address>0xc18e0</load_address>
         <run_address>0xc18e0</run_address>
         <size>0x5c1</size>
         <input_file_ref idref="fl-16"/>
      </object_component>
      <object_component id="oc-103">
         <name>.debug_info</name>
         <load_address>0xc1ea1</load_address>
         <run_address>0xc1ea1</run_address>
         <size>0x420</size>
         <input_file_ref idref="fl-17"/>
      </object_component>
      <object_component id="oc-108">
         <name>.debug_info</name>
         <load_address>0xc22c1</load_address>
         <run_address>0xc22c1</run_address>
         <size>0x5ab</size>
         <input_file_ref idref="fl-18"/>
      </object_component>
      <object_component id="oc-110">
         <name>.debug_info</name>
         <load_address>0xc286c</load_address>
         <run_address>0xc286c</run_address>
         <size>0x139</size>
         <input_file_ref idref="fl-19"/>
      </object_component>
      <object_component id="oc-115">
         <name>.debug_info</name>
         <load_address>0xc29a5</load_address>
         <run_address>0xc29a5</run_address>
         <size>0x19d</size>
         <input_file_ref idref="fl-1a"/>
      </object_component>
      <object_component id="oc-119">
         <name>.debug_info</name>
         <load_address>0xc2b42</load_address>
         <run_address>0xc2b42</run_address>
         <size>0x46f</size>
         <input_file_ref idref="fl-1b"/>
      </object_component>
      <object_component id="oc-11e">
         <name>.debug_info</name>
         <load_address>0xc2fb1</load_address>
         <run_address>0xc2fb1</run_address>
         <size>0xb1f</size>
         <input_file_ref idref="fl-1c"/>
      </object_component>
      <object_component id="oc-126">
         <name>.debug_info</name>
         <load_address>0xc3ad0</load_address>
         <run_address>0xc3ad0</run_address>
         <size>0x527</size>
         <input_file_ref idref="fl-1d"/>
      </object_component>
      <object_component id="oc-12b">
         <name>.debug_info</name>
         <load_address>0xc3ff7</load_address>
         <run_address>0xc3ff7</run_address>
         <size>0x4dd</size>
         <input_file_ref idref="fl-1e"/>
      </object_component>
      <object_component id="oc-130">
         <name>.debug_info</name>
         <load_address>0xc44d4</load_address>
         <run_address>0xc44d4</run_address>
         <size>0x3f8</size>
         <input_file_ref idref="fl-1f"/>
      </object_component>
      <object_component id="oc-135">
         <name>.debug_info</name>
         <load_address>0xc48cc</load_address>
         <run_address>0xc48cc</run_address>
         <size>0x3e2</size>
         <input_file_ref idref="fl-20"/>
      </object_component>
      <object_component id="oc-13a">
         <name>.debug_info</name>
         <load_address>0xc4cae</load_address>
         <run_address>0xc4cae</run_address>
         <size>0x5c3</size>
         <input_file_ref idref="fl-21"/>
      </object_component>
      <object_component id="oc-13f">
         <name>.debug_info</name>
         <load_address>0xc5271</load_address>
         <run_address>0xc5271</run_address>
         <size>0x5d7</size>
         <input_file_ref idref="fl-22"/>
      </object_component>
      <object_component id="oc-146">
         <name>.debug_info</name>
         <load_address>0xc5848</load_address>
         <run_address>0xc5848</run_address>
         <size>0x3df</size>
         <input_file_ref idref="fl-23"/>
      </object_component>
      <object_component id="oc-14c">
         <name>.debug_info</name>
         <load_address>0xc5c27</load_address>
         <run_address>0xc5c27</run_address>
         <size>0x139</size>
         <input_file_ref idref="fl-24"/>
      </object_component>
      <object_component id="oc-150">
         <name>.debug_info</name>
         <load_address>0xc5d60</load_address>
         <run_address>0xc5d60</run_address>
         <size>0x1e5</size>
         <input_file_ref idref="fl-25"/>
      </object_component>
      <object_component id="oc-154">
         <name>.debug_info</name>
         <load_address>0xc5f45</load_address>
         <run_address>0xc5f45</run_address>
         <size>0x501</size>
         <input_file_ref idref="fl-26"/>
      </object_component>
      <object_component id="oc-159">
         <name>.debug_info</name>
         <load_address>0xc6446</load_address>
         <run_address>0xc6446</run_address>
         <size>0x4ce</size>
         <input_file_ref idref="fl-27"/>
      </object_component>
      <object_component id="oc-15e">
         <name>.debug_info</name>
         <load_address>0xc6914</load_address>
         <run_address>0xc6914</run_address>
         <size>0x549</size>
         <input_file_ref idref="fl-28"/>
      </object_component>
      <object_component id="oc-165">
         <name>.debug_info</name>
         <load_address>0xc6e5d</load_address>
         <run_address>0xc6e5d</run_address>
         <size>0x59b</size>
         <input_file_ref idref="fl-29"/>
      </object_component>
      <object_component id="oc-24b">
         <name>.debug_info</name>
         <load_address>0xc73f8</load_address>
         <run_address>0xc73f8</run_address>
         <size>0xa2</size>
      </object_component>
      <object_component id="oc-c5">
         <name>.flashdata</name>
         <uninitialized>true</uninitialized>
         <run_address>0xc000</run_address>
         <size>0x440</size>
         <input_file_ref idref="fl-2"/>
      </object_component>
      <object_component id="oc-d2">
         <name>.FaultRecord</name>
         <uninitialized>true</uninitialized>
         <run_address>0x600</run_address>
         <size>0x180</size>
         <input_file_ref idref="fl-2"/>
      </object_component>
      <object_component id="oc-ed">
         <name>.WaveRecord</name>
         <uninitialized>true</uninitialized>
         <run_address>0xb800</run_address>
         <size>0x800</size>
         <input_file_ref idref="fl-2"/>
      </object_component>
      <object_component id="oc-ef">
         <name>normalfuncs</name>
         <load_address>0x3fa</load_address>
         <run_address>0x3fa</run_address>
         <size>0x2</size>
         <input_file_ref idref="fl-2"/>
      </object_component>
      <object_component id="oc-f0">
         <name>flashflag</name>
         <load_address>0x3fc</load_address>
         <run_address>0x3fc</run_address>
         <size>0x1</size>
         <input_file_ref idref="fl-2"/>
      </object_component>
      <object_component id="oc-171">
         <name>.Epwm1Funcs</name>
         <load_address>0x88000</load_address>
         <run_address>0x88000</run_address>
         <size>0x2def</size>
         <input_file_ref idref="fl-2"/>
      </object_component>
      <object_component id="oc-f2">
         <name>.Epwm1Funcs:retain</name>
         <load_address>0x8adef</load_address>
         <run_address>0x8adef</run_address>
         <size>0x15e</size>
         <input_file_ref idref="fl-2"/>
      </object_component>
      <object_component id="oc-172">
         <name>Epwm1Funcs</name>
         <load_address>0x802c</load_address>
         <run_address>0x802c</run_address>
         <size>0x10</size>
         <input_file_ref idref="fl-2"/>
      </object_component>
      <object_component id="oc-17b">
         <name>ramfuncs</name>
         <load_address>0x8000</load_address>
         <run_address>0x8000</run_address>
         <size>0x2c</size>
         <input_file_ref idref="fl-2"/>
      </object_component>
      <object_component id="oc-170">
         <name>Flash28Funcs</name>
         <load_address>0x1a000</load_address>
         <run_address>0x1a000</run_address>
         <size>0x8f2</size>
         <input_file_ref idref="fl-2"/>
      </object_component>
      <object_component id="oc-185">
         <name>Flash28_API</name>
         <load_address>0x122</load_address>
         <run_address>0x122</run_address>
         <size>0x2d8</size>
         <input_file_ref idref="fl-2"/>
      </object_component>
      <object_component id="oc-f4">
         <name>.debug_frame</name>
         <load_address>0x0</load_address>
         <run_address>0x0</run_address>
         <size>0x2a9d</size>
         <input_file_ref idref="fl-2"/>
      </object_component>
      <object_component id="oc-ff">
         <name>.debug_frame</name>
         <load_address>0x2a9d</load_address>
         <run_address>0x2a9d</run_address>
         <size>0x64</size>
         <input_file_ref idref="fl-16"/>
      </object_component>
      <object_component id="oc-104">
         <name>.debug_frame</name>
         <load_address>0x2b01</load_address>
         <run_address>0x2b01</run_address>
         <size>0x43</size>
         <input_file_ref idref="fl-17"/>
      </object_component>
      <object_component id="oc-10b">
         <name>.debug_frame</name>
         <load_address>0x2b44</load_address>
         <run_address>0x2b44</run_address>
         <size>0x61</size>
         <input_file_ref idref="fl-18"/>
      </object_component>
      <object_component id="oc-11a">
         <name>.debug_frame</name>
         <load_address>0x2ba5</load_address>
         <run_address>0x2ba5</run_address>
         <size>0x43</size>
         <input_file_ref idref="fl-1b"/>
      </object_component>
      <object_component id="oc-122">
         <name>.debug_frame</name>
         <load_address>0x2be8</load_address>
         <run_address>0x2be8</run_address>
         <size>0x130</size>
         <input_file_ref idref="fl-1c"/>
      </object_component>
      <object_component id="oc-127">
         <name>.debug_frame</name>
         <load_address>0x2d18</load_address>
         <run_address>0x2d18</run_address>
         <size>0x43</size>
         <input_file_ref idref="fl-1d"/>
      </object_component>
      <object_component id="oc-12c">
         <name>.debug_frame</name>
         <load_address>0x2d5b</load_address>
         <run_address>0x2d5b</run_address>
         <size>0x5e</size>
         <input_file_ref idref="fl-1e"/>
      </object_component>
      <object_component id="oc-131">
         <name>.debug_frame</name>
         <load_address>0x2db9</load_address>
         <run_address>0x2db9</run_address>
         <size>0x43</size>
         <input_file_ref idref="fl-1f"/>
      </object_component>
      <object_component id="oc-136">
         <name>.debug_frame</name>
         <load_address>0x2dfc</load_address>
         <run_address>0x2dfc</run_address>
         <size>0x43</size>
         <input_file_ref idref="fl-20"/>
      </object_component>
      <object_component id="oc-13b">
         <name>.debug_frame</name>
         <load_address>0x2e3f</load_address>
         <run_address>0x2e3f</run_address>
         <size>0x43</size>
         <input_file_ref idref="fl-21"/>
      </object_component>
      <object_component id="oc-142">
         <name>.debug_frame</name>
         <load_address>0x2e82</load_address>
         <run_address>0x2e82</run_address>
         <size>0x58</size>
         <input_file_ref idref="fl-22"/>
      </object_component>
      <object_component id="oc-147">
         <name>.debug_frame</name>
         <load_address>0x2eda</load_address>
         <run_address>0x2eda</run_address>
         <size>0x43</size>
         <input_file_ref idref="fl-23"/>
      </object_component>
      <object_component id="oc-155">
         <name>.debug_frame</name>
         <load_address>0x2f1d</load_address>
         <run_address>0x2f1d</run_address>
         <size>0x6d</size>
         <input_file_ref idref="fl-26"/>
      </object_component>
      <object_component id="oc-15a">
         <name>.debug_frame</name>
         <load_address>0x2f8a</load_address>
         <run_address>0x2f8a</run_address>
         <size>0x43</size>
         <input_file_ref idref="fl-27"/>
      </object_component>
      <object_component id="oc-161">
         <name>.debug_frame</name>
         <load_address>0x2fcd</load_address>
         <run_address>0x2fcd</run_address>
         <size>0x2e</size>
         <input_file_ref idref="fl-28"/>
      </object_component>
      <object_component id="oc-166">
         <name>.debug_frame</name>
         <load_address>0x2ffb</load_address>
         <run_address>0x2ffb</run_address>
         <size>0x43</size>
         <input_file_ref idref="fl-29"/>
      </object_component>
      <object_component id="oc-f5">
         <name>.debug_line</name>
         <load_address>0x0</load_address>
         <run_address>0x0</run_address>
         <size>0xae22</size>
         <input_file_ref idref="fl-2"/>
      </object_component>
      <object_component id="oc-fb">
         <name>.debug_line</name>
         <load_address>0xae22</load_address>
         <run_address>0xae22</run_address>
         <size>0x7e</size>
         <input_file_ref idref="fl-15"/>
      </object_component>
      <object_component id="oc-100">
         <name>.debug_line</name>
         <load_address>0xaea0</load_address>
         <run_address>0xaea0</run_address>
         <size>0x50</size>
         <input_file_ref idref="fl-16"/>
      </object_component>
      <object_component id="oc-105">
         <name>.debug_line</name>
         <load_address>0xaef0</load_address>
         <run_address>0xaef0</run_address>
         <size>0x41</size>
         <input_file_ref idref="fl-17"/>
      </object_component>
      <object_component id="oc-10c">
         <name>.debug_line</name>
         <load_address>0xaf31</load_address>
         <run_address>0xaf31</run_address>
         <size>0x65</size>
         <input_file_ref idref="fl-18"/>
      </object_component>
      <object_component id="oc-111">
         <name>.debug_line</name>
         <load_address>0xaf96</load_address>
         <run_address>0xaf96</run_address>
         <size>0x69</size>
         <input_file_ref idref="fl-19"/>
      </object_component>
      <object_component id="oc-116">
         <name>.debug_line</name>
         <load_address>0xafff</load_address>
         <run_address>0xafff</run_address>
         <size>0x8e</size>
         <input_file_ref idref="fl-1a"/>
      </object_component>
      <object_component id="oc-11b">
         <name>.debug_line</name>
         <load_address>0xb08d</load_address>
         <run_address>0xb08d</run_address>
         <size>0x62</size>
         <input_file_ref idref="fl-1b"/>
      </object_component>
      <object_component id="oc-123">
         <name>.debug_line</name>
         <load_address>0xb0ef</load_address>
         <run_address>0xb0ef</run_address>
         <size>0x2d6</size>
         <input_file_ref idref="fl-1c"/>
      </object_component>
      <object_component id="oc-128">
         <name>.debug_line</name>
         <load_address>0xb3c5</load_address>
         <run_address>0xb3c5</run_address>
         <size>0xa9</size>
         <input_file_ref idref="fl-1d"/>
      </object_component>
      <object_component id="oc-12d">
         <name>.debug_line</name>
         <load_address>0xb46e</load_address>
         <run_address>0xb46e</run_address>
         <size>0x52</size>
         <input_file_ref idref="fl-1e"/>
      </object_component>
      <object_component id="oc-132">
         <name>.debug_line</name>
         <load_address>0xb4c0</load_address>
         <run_address>0xb4c0</run_address>
         <size>0x3f</size>
         <input_file_ref idref="fl-1f"/>
      </object_component>
      <object_component id="oc-137">
         <name>.debug_line</name>
         <load_address>0xb4ff</load_address>
         <run_address>0xb4ff</run_address>
         <size>0x3e</size>
         <input_file_ref idref="fl-20"/>
      </object_component>
      <object_component id="oc-13c">
         <name>.debug_line</name>
         <load_address>0xb53d</load_address>
         <run_address>0xb53d</run_address>
         <size>0x41</size>
         <input_file_ref idref="fl-21"/>
      </object_component>
      <object_component id="oc-143">
         <name>.debug_line</name>
         <load_address>0xb57e</load_address>
         <run_address>0xb57e</run_address>
         <size>0x6b</size>
         <input_file_ref idref="fl-22"/>
      </object_component>
      <object_component id="oc-148">
         <name>.debug_line</name>
         <load_address>0xb5e9</load_address>
         <run_address>0xb5e9</run_address>
         <size>0x3a</size>
         <input_file_ref idref="fl-23"/>
      </object_component>
      <object_component id="oc-14d">
         <name>.debug_line</name>
         <load_address>0xb623</load_address>
         <run_address>0xb623</run_address>
         <size>0x52</size>
         <input_file_ref idref="fl-24"/>
      </object_component>
      <object_component id="oc-156">
         <name>.debug_line</name>
         <load_address>0xb675</load_address>
         <run_address>0xb675</run_address>
         <size>0x5e</size>
         <input_file_ref idref="fl-26"/>
      </object_component>
      <object_component id="oc-15b">
         <name>.debug_line</name>
         <load_address>0xb6d3</load_address>
         <run_address>0xb6d3</run_address>
         <size>0x55</size>
         <input_file_ref idref="fl-27"/>
      </object_component>
      <object_component id="oc-162">
         <name>.debug_line</name>
         <load_address>0xb728</load_address>
         <run_address>0xb728</run_address>
         <size>0x29</size>
         <input_file_ref idref="fl-28"/>
      </object_component>
      <object_component id="oc-167">
         <name>.debug_line</name>
         <load_address>0xb751</load_address>
         <run_address>0xb751</run_address>
         <size>0x3d</size>
         <input_file_ref idref="fl-29"/>
      </object_component>
      <object_component id="oc-f6">
         <name>.debug_abbrev</name>
         <load_address>0x0</load_address>
         <run_address>0x0</run_address>
         <size>0x420</size>
         <input_file_ref idref="fl-2"/>
      </object_component>
      <object_component id="oc-fc">
         <name>.debug_abbrev</name>
         <load_address>0x420</load_address>
         <run_address>0x420</run_address>
         <size>0x46</size>
         <input_file_ref idref="fl-15"/>
      </object_component>
      <object_component id="oc-101">
         <name>.debug_abbrev</name>
         <load_address>0x466</load_address>
         <run_address>0x466</run_address>
         <size>0xfc</size>
         <input_file_ref idref="fl-16"/>
      </object_component>
      <object_component id="oc-106">
         <name>.debug_abbrev</name>
         <load_address>0x562</load_address>
         <run_address>0x562</run_address>
         <size>0xb0</size>
         <input_file_ref idref="fl-17"/>
      </object_component>
      <object_component id="oc-10d">
         <name>.debug_abbrev</name>
         <load_address>0x612</load_address>
         <run_address>0x612</run_address>
         <size>0x142</size>
         <input_file_ref idref="fl-18"/>
      </object_component>
      <object_component id="oc-112">
         <name>.debug_abbrev</name>
         <load_address>0x754</load_address>
         <run_address>0x754</run_address>
         <size>0x38</size>
         <input_file_ref idref="fl-19"/>
      </object_component>
      <object_component id="oc-117">
         <name>.debug_abbrev</name>
         <load_address>0x78c</load_address>
         <run_address>0x78c</run_address>
         <size>0x38</size>
         <input_file_ref idref="fl-1a"/>
      </object_component>
      <object_component id="oc-11c">
         <name>.debug_abbrev</name>
         <load_address>0x7c4</load_address>
         <run_address>0x7c4</run_address>
         <size>0xa8</size>
         <input_file_ref idref="fl-1b"/>
      </object_component>
      <object_component id="oc-124">
         <name>.debug_abbrev</name>
         <load_address>0x86c</load_address>
         <run_address>0x86c</run_address>
         <size>0x1b4</size>
         <input_file_ref idref="fl-1c"/>
      </object_component>
      <object_component id="oc-129">
         <name>.debug_abbrev</name>
         <load_address>0xa20</load_address>
         <run_address>0xa20</run_address>
         <size>0xa8</size>
         <input_file_ref idref="fl-1d"/>
      </object_component>
      <object_component id="oc-12e">
         <name>.debug_abbrev</name>
         <load_address>0xac8</load_address>
         <run_address>0xac8</run_address>
         <size>0xf3</size>
         <input_file_ref idref="fl-1e"/>
      </object_component>
      <object_component id="oc-133">
         <name>.debug_abbrev</name>
         <load_address>0xbbb</load_address>
         <run_address>0xbbb</run_address>
         <size>0x66</size>
         <input_file_ref idref="fl-1f"/>
      </object_component>
      <object_component id="oc-138">
         <name>.debug_abbrev</name>
         <load_address>0xc21</load_address>
         <run_address>0xc21</run_address>
         <size>0x68</size>
         <input_file_ref idref="fl-20"/>
      </object_component>
      <object_component id="oc-13d">
         <name>.debug_abbrev</name>
         <load_address>0xc89</load_address>
         <run_address>0xc89</run_address>
         <size>0xaa</size>
         <input_file_ref idref="fl-21"/>
      </object_component>
      <object_component id="oc-144">
         <name>.debug_abbrev</name>
         <load_address>0xd33</load_address>
         <run_address>0xd33</run_address>
         <size>0x128</size>
         <input_file_ref idref="fl-22"/>
      </object_component>
      <object_component id="oc-149">
         <name>.debug_abbrev</name>
         <load_address>0xe5b</load_address>
         <run_address>0xe5b</run_address>
         <size>0x66</size>
         <input_file_ref idref="fl-23"/>
      </object_component>
      <object_component id="oc-14e">
         <name>.debug_abbrev</name>
         <load_address>0xec1</load_address>
         <run_address>0xec1</run_address>
         <size>0x38</size>
         <input_file_ref idref="fl-24"/>
      </object_component>
      <object_component id="oc-153">
         <name>.debug_abbrev</name>
         <load_address>0xef9</load_address>
         <run_address>0xef9</run_address>
         <size>0x4e</size>
         <input_file_ref idref="fl-25"/>
      </object_component>
      <object_component id="oc-157">
         <name>.debug_abbrev</name>
         <load_address>0xf47</load_address>
         <run_address>0xf47</run_address>
         <size>0xb2</size>
         <input_file_ref idref="fl-26"/>
      </object_component>
      <object_component id="oc-15c">
         <name>.debug_abbrev</name>
         <load_address>0xff9</load_address>
         <run_address>0xff9</run_address>
         <size>0xfe</size>
         <input_file_ref idref="fl-27"/>
      </object_component>
      <object_component id="oc-163">
         <name>.debug_abbrev</name>
         <load_address>0x10f7</load_address>
         <run_address>0x10f7</run_address>
         <size>0x144</size>
         <input_file_ref idref="fl-28"/>
      </object_component>
      <object_component id="oc-168">
         <name>.debug_abbrev</name>
         <load_address>0x123b</load_address>
         <run_address>0x123b</run_address>
         <size>0xaf</size>
         <input_file_ref idref="fl-29"/>
      </object_component>
      <object_component id="oc-24c">
         <name>.debug_abbrev</name>
         <load_address>0x12ea</load_address>
         <run_address>0x12ea</run_address>
         <size>0xf</size>
      </object_component>
      <object_component id="oc-f7">
         <name>.debug_aranges</name>
         <load_address>0x0</load_address>
         <run_address>0x0</run_address>
         <size>0xc18</size>
         <input_file_ref idref="fl-2"/>
      </object_component>
      <object_component id="oc-fd">
         <name>.debug_aranges</name>
         <load_address>0xc18</load_address>
         <run_address>0xc18</run_address>
         <size>0x20</size>
         <input_file_ref idref="fl-15"/>
      </object_component>
      <object_component id="oc-102">
         <name>.debug_aranges</name>
         <load_address>0xc38</load_address>
         <run_address>0xc38</run_address>
         <size>0x20</size>
         <input_file_ref idref="fl-16"/>
      </object_component>
      <object_component id="oc-107">
         <name>.debug_aranges</name>
         <load_address>0xc58</load_address>
         <run_address>0xc58</run_address>
         <size>0x20</size>
         <input_file_ref idref="fl-17"/>
      </object_component>
      <object_component id="oc-10e">
         <name>.debug_aranges</name>
         <load_address>0xc78</load_address>
         <run_address>0xc78</run_address>
         <size>0x28</size>
         <input_file_ref idref="fl-18"/>
      </object_component>
      <object_component id="oc-113">
         <name>.debug_aranges</name>
         <load_address>0xca0</load_address>
         <run_address>0xca0</run_address>
         <size>0x28</size>
         <input_file_ref idref="fl-19"/>
      </object_component>
      <object_component id="oc-118">
         <name>.debug_aranges</name>
         <load_address>0xcc8</load_address>
         <run_address>0xcc8</run_address>
         <size>0x38</size>
         <input_file_ref idref="fl-1a"/>
      </object_component>
      <object_component id="oc-11d">
         <name>.debug_aranges</name>
         <load_address>0xd00</load_address>
         <run_address>0xd00</run_address>
         <size>0x20</size>
         <input_file_ref idref="fl-1b"/>
      </object_component>
      <object_component id="oc-125">
         <name>.debug_aranges</name>
         <load_address>0xd20</load_address>
         <run_address>0xd20</run_address>
         <size>0x58</size>
         <input_file_ref idref="fl-1c"/>
      </object_component>
      <object_component id="oc-12a">
         <name>.debug_aranges</name>
         <load_address>0xd78</load_address>
         <run_address>0xd78</run_address>
         <size>0x20</size>
         <input_file_ref idref="fl-1d"/>
      </object_component>
      <object_component id="oc-12f">
         <name>.debug_aranges</name>
         <load_address>0xd98</load_address>
         <run_address>0xd98</run_address>
         <size>0x20</size>
         <input_file_ref idref="fl-1e"/>
      </object_component>
      <object_component id="oc-134">
         <name>.debug_aranges</name>
         <load_address>0xdb8</load_address>
         <run_address>0xdb8</run_address>
         <size>0x20</size>
         <input_file_ref idref="fl-1f"/>
      </object_component>
      <object_component id="oc-139">
         <name>.debug_aranges</name>
         <load_address>0xdd8</load_address>
         <run_address>0xdd8</run_address>
         <size>0x20</size>
         <input_file_ref idref="fl-20"/>
      </object_component>
      <object_component id="oc-13e">
         <name>.debug_aranges</name>
         <load_address>0xdf8</load_address>
         <run_address>0xdf8</run_address>
         <size>0x20</size>
         <input_file_ref idref="fl-21"/>
      </object_component>
      <object_component id="oc-145">
         <name>.debug_aranges</name>
         <load_address>0xe18</load_address>
         <run_address>0xe18</run_address>
         <size>0x28</size>
         <input_file_ref idref="fl-22"/>
      </object_component>
      <object_component id="oc-14a">
         <name>.debug_aranges</name>
         <load_address>0xe40</load_address>
         <run_address>0xe40</run_address>
         <size>0x20</size>
         <input_file_ref idref="fl-23"/>
      </object_component>
      <object_component id="oc-14f">
         <name>.debug_aranges</name>
         <load_address>0xe60</load_address>
         <run_address>0xe60</run_address>
         <size>0x28</size>
         <input_file_ref idref="fl-24"/>
      </object_component>
      <object_component id="oc-158">
         <name>.debug_aranges</name>
         <load_address>0xe88</load_address>
         <run_address>0xe88</run_address>
         <size>0x30</size>
         <input_file_ref idref="fl-26"/>
      </object_component>
      <object_component id="oc-15d">
         <name>.debug_aranges</name>
         <load_address>0xeb8</load_address>
         <run_address>0xeb8</run_address>
         <size>0x20</size>
[...]
      </symbol>
      <symbol id="sm-eff">
         <name>_pCanIsrXmitFcb</name>
         <value>0x14</value>
         <object_component_ref idref="oc-87"/>
      </symbol>
      <symbol id="sm-f00">
         <name>_App_OutVarInit__12Class_OutputFv</name>
         <value>0x38cf</value>
         <object_component_ref idref="oc-16f"/>
      </symbol>
      <symbol id="sm-f01">
         <name>_i16RptIntD_0</name>
         <value>0x440</value>
         <object_component_ref idref="oc-87"/>
      </symbol>
      <symbol id="sm-f02">
         <name>_FragMsgPacked__15SysCanDataExchgFP19can_msg_data_struct</name>
         <value>0x9fc9</value>
         <object_component_ref idref="oc-16f"/>
      </symbol>
      <symbol id="sm-f03">
         <name>_Dat_IinvRMS__14Class_InverterFv</name>
         <value>0x313f</value>
         <object_component_ref idref="oc-16f"/>
      </symbol>
      <symbol id="sm-f04">
         <name>_Dat_LoadGrant__10Class_LoadFv</name>
         <value>0x60bd</value>
         <object_component_ref idref="oc-16f"/>
      </symbol>
      <symbol id="sm-f05">
         <name>_AlrmCovMsgXmitState__15SysCanDataExchgFi</name>
         <value>0x95db</value>
         <object_component_ref idref="oc-16f"/>
      </symbol>
      <symbol id="sm-f06">
         <name>_Dat_Int_DCBusPreDeal__11Class_DCBusFv</name>
         <value>0x8974c</value>
         <object_component_ref idref="oc-171"/>
      </symbol>
      <symbol id="sm-f07">
         <name>_Alg_Int_CurrShareReg__23Class_InverterAlgorithmFv</name>
         <value>0x89878</value>
         <object_component_ref idref="oc-171"/>
      </symbol>
      <symbol id="sm-f08">
         <name>_Timer_Flush__14SysCanProtocolFP14TIMER_HANDLE_T</name>
         <value>0x933a</value>
         <object_component_ref idref="oc-16f"/>
      </symbol>
      <symbol id="sm-f09">
         <name>_Alg_STSShortFault__14Class_SwitchesFv</name>
         <value>0x22b0</value>
         <object_component_ref idref="oc-16f"/>
      </symbol>
      <symbol id="sm-f0a">
         <name>_BattEodTurnOff__15SysCanDataExchgFv</name>
         <value>0x9f0d</value>
         <object_component_ref idref="oc-16f"/>
      </symbol>
      <symbol id="sm-f0b">
         <name>_Alg_ILFilterReg__23Class_InverterAlgorithmFv</name>
         <value>0x466a</value>
         <object_component_ref idref="oc-16f"/>
      </symbol>
      <symbol id="sm-f0c">
         <name>_App_SelfAgingAlgParamConfig__24Class_SelfAgingAlgorithmFv</name>
         <value>0x7b8c</value>
         <object_component_ref idref="oc-16f"/>
      </symbol>
      <symbol id="sm-f0d">
         <name>_NegBattConvFltChg__15SysCanDataExchgFv</name>
         <value>0x9ed7</value>
         <object_component_ref idref="oc-16f"/>
      </symbol>
      <symbol id="sm-f0e">
         <name>_Dat_Int_MainInterfaceIn__15Class_DigitalIOFv</name>
         <value>0x88a68</value>
         <object_component_ref idref="oc-171"/>
      </symbol>
      <symbol id="sm-f0f">
         <name>_App_TraceJudge__21Class_InverterControlFv</name>
         <value>0x6a66</value>
         <object_component_ref idref="oc-16f"/>
      </symbol>
      <symbol id="sm-f10">
         <name>_App_OvloadDelay__10Class_LoadFv</name>
         <value>0x650e</value>
         <object_component_ref idref="oc-16f"/>
      </symbol>
      <symbol id="sm-f11">
         <name>_objADDrv</name>
         <value>0x200</value>
         <object_component_ref idref="oc-87"/>
      </symbol>
      <symbol id="sm-f12">
         <name>_Drv_I2CPageWrite__12Class_I2CDrvFUiiPUi</name>
         <value>0x70a</value>
         <object_component_ref idref="oc-16f"/>
      </symbol>
      <symbol id="sm-f13">
         <name>_Cmpss8Regs</name>
         <value>0x5d60</value>
         <object_component_ref idref="oc-b0"/>
      </symbol>
      <symbol id="sm-f14">
         <name>_Dat_VinvFlag__14Class_InverterFv</name>
         <value>0x358f</value>
         <object_component_ref idref="oc-16f"/>
      </symbol>
      <symbol id="sm-f15">
         <name>_Dat_PoutRMS__12Class_OutputFv</name>
         <value>0x3aae</value>
         <object_component_ref idref="oc-16f"/>
      </symbol>
      <symbol id="sm-f16">
         <name>_EQep3Regs</name>
         <value>0x5180</value>
         <object_component_ref idref="oc-bc"/>
      </symbol>
      <symbol id="sm-f17">
         <name>_FragXmitResult__15SysCanDataExchgFP19can_msg_data_structi</name>
         <value>0x9fc1</value>
         <object_component_ref idref="oc-16f"/>
      </symbol>
      <symbol id="sm-f18">
         <name>_SyncSocRegs</name>
         <value>0x7940</value>
         <object_component_ref idref="oc-8e"/>
      </symbol>
      <symbol id="sm-f19">
         <name>_MonitorSyncMsgProc__15SysCanDataExchgFv</name>
         <value>0x9af7</value>
         <object_component_ref idref="oc-16f"/>
      </symbol>
      <symbol id="sm-f1a">
         <name>_Drv_ADAdjust__11Class_ADDrvFv</name>
         <value>0xb5c</value>
         <object_component_ref idref="oc-16f"/>
      </symbol>
      <symbol id="sm-f1b">
         <name>_Alg_BpSeqFault__12Class_BypassFv</name>
         <value>0x2cac</value>
         <object_component_ref idref="oc-16f"/>
      </symbol>
      <symbol id="sm-f1c">
         <name>_StateEventXmitMsgGen__15SysCanDataExchgFUiUc</name>
         <value>0x9821</value>
         <object_component_ref idref="oc-16f"/>
      </symbol>
      <symbol id="sm-f1d">
         <name>_App_SelfAgingAlgVarInit__24Class_SelfAgingAlgorithmFv</name>
         <value>0x7b7e</value>
         <object_component_ref idref="oc-16f"/>
      </symbol>
      <symbol id="sm-f1e">
         <name>_App_FlashAPIInit__17Class_FlashUpdateFv</name>
         <value>0x122</value>
         <object_component_ref idref="oc-185"/>
      </symbol>
      <symbol id="sm-f1f">
         <name>_OpenSysCanInt__Fv</name>
         <value>0x200</value>
         <object_component_ref idref="oc-16f"/>
      </symbol>
      <symbol id="sm-f20">
         <name>_EPwm9Regs</name>
         <value>0x4800</value>
         <object_component_ref idref="oc-db"/>
      </symbol>
      <symbol id="sm-f21">
         <name>_Drv_DisableDog__17Class_WatchDogDrvFv</name>
         <value>0x1264</value>
         <object_component_ref idref="oc-16f"/>
      </symbol>
      <symbol id="sm-f22">
         <name>_GetAlrmCovMsg__15SysCanDataExchgFP19can_msg_data_structUc</name>
         <value>0x95b3</value>
         <object_component_ref idref="oc-16f"/>
      </symbol>
      <symbol id="sm-f23">
         <name>_NmiIntruptRegs</name>
         <value>0x7060</value>
         <object_component_ref idref="oc-8f"/>
      </symbol>
      <symbol id="sm-f24">
         <name>_Drv_Int_ADCh2Cs__13Class_GPIODrvFv</name>
         <value>0x8034</value>
         <object_component_ref idref="oc-172"/>
      </symbol>
      <symbol id="sm-f25">
         <name>_Drv_InitPieCtrl__12Class_SysDrvFv</name>
         <value>0x118a</value>
         <object_component_ref idref="oc-16f"/>
      </symbol>
      <symbol id="sm-f26">
         <name>_CPUSELConfig__17Class_FlashUpdateFv</name>
         <value>0x8875</value>
         <object_component_ref idref="oc-16f"/>
      </symbol>
      <symbol id="sm-f27">
         <name>_SysCanXmitQueueIni__15SysCanXmitQueueFv</name>
         <value>0x8970</value>
         <object_component_ref idref="oc-16f"/>
      </symbol>
      <symbol id="sm-f28">
         <name>_App_TraceControl__21Class_InverterControlFv</name>
         <value>0x6921</value>
         <object_component_ref idref="oc-16f"/>
      </symbol>
      <symbol id="sm-f29">
         <name>_ParallelStateXmitMsgGen__15SysCanDataExchgFUi</name>
         <value>0x98fa</value>
         <object_component_ref idref="oc-16f"/>
      </symbol>
      <symbol id="sm-f2a">
         <name>_SyncMsgProc__15SysCanDataExchgFP19can_msg_data_struct</name>
         <value>0x9bb8</value>
         <object_component_ref idref="oc-16f"/>
      </symbol>
      <symbol id="sm-f2b">
         <name>_EPwm3Regs</name>
         <value>0x4200</value>
         <object_component_ref idref="oc-e6"/>
      </symbol>
      <symbol id="sm-f2c">
         <name>_Dat_Int_InvCal__14Class_InverterFv</name>
         <value>0x89295</value>
         <object_component_ref idref="oc-171"/>
      </symbol>
      <symbol id="sm-f2d">
         <name>_App_Delay20ms__17Class_FlashUpdateFv</name>
         <value>0x2c2</value>
         <object_component_ref idref="oc-185"/>
      </symbol>
      <symbol id="sm-f2e">
         <name>_BypFlashUpdate__15SysCanDataExchgFv</name>
         <value>0x9fa9</value>
         <object_component_ref idref="oc-16f"/>
      </symbol>
      <symbol id="sm-f2f">
         <name>_App_XferProcess__14Class_TransferFv</name>
         <value>0x6e58</value>
         <object_component_ref idref="oc-16f"/>
      </symbol>
      <symbol id="sm-f30">
         <name>_Alg_Int_InvOverCurrentChk__14Class_InverterFv</name>
         <value>0x3752</value>
         <object_component_ref idref="oc-16f"/>
      </symbol>
      <symbol id="sm-f31">
         <name>_Alg_LBSSignal__9Class_LBSFv</name>
         <value>0x7378</value>
         <object_component_ref idref="oc-16f"/>
      </symbol>
      <symbol id="sm-f32">
         <name>_App_InvMaster__21Class_InverterControlFv</name>
         <value>0x67ad</value>
         <object_component_ref idref="oc-16f"/>
      </symbol>
      <symbol id="sm-f33">
         <name>_Dat_LoadFlag__10Class_LoadFv</name>
         <value>0x61c9</value>
         <object_component_ref idref="oc-16f"/>
      </symbol>
      <symbol id="sm-f34">
         <name>_Drv_I2CRead__12Class_I2CDrvFUiiPUi</name>
         <value>0x6a0</value>
         <object_component_ref idref="oc-16f"/>
      </symbol>
      <symbol id="sm-f35">
         <name>_App_ModelOnline__12Class_SystemFv</name>
         <value>0x14d0</value>
         <object_component_ref idref="oc-16f"/>
      </symbol>
      <symbol id="sm-f36">
         <name>_App_InvStandby__21Class_InverterControlFv</name>
         <value>0x6892</value>
         <object_component_ref idref="oc-16f"/>
      </symbol>
      <symbol id="sm-f37">
         <name>_Dat_Int_SetExInReg__15Class_DigitalIOFUi</name>
         <value>0x1d05</value>
         <object_component_ref idref="oc-16f"/>
      </symbol>
      <symbol id="sm-f38">
         <name>_MsgRecvProc__9SysCanAppFv</name>
         <value>0xad0b</value>
         <object_component_ref idref="oc-16f"/>
      </symbol>
      <symbol id="sm-f39">
         <name>_Dat_DigitalOutput__15Class_DigitalIOFv</name>
         <value>0x2051</value>
         <object_component_ref idref="oc-16f"/>
      </symbol>
      <symbol id="sm-f3a">
         <name>_Dat_Int_InvPreDeal__14Class_InverterFv</name>
         <value>0x88e44</value>
         <object_component_ref idref="oc-171"/>
      </symbol>
      <symbol id="sm-f3b">
         <name>_I2caRegs</name>
         <value>0x7300</value>
         <object_component_ref idref="oc-ba"/>
      </symbol>
      <symbol id="sm-f3c">
         <name>_App_MonitorVarInit__22Class_MonitorInterfaceFv</name>
         <value>0x4e08</value>
         <object_component_ref idref="oc-16f"/>
      </symbol>
      <symbol id="sm-f57">
         <name>_c_int00</name>
         <value>0x82376</value>
         <object_component_ref idref="oc-83"/>
      </symbol>
      <symbol id="sm-f58">
         <name>__stack</name>
         <value>0x400</value>
         <object_component_ref idref="oc-f8"/>
      </symbol>
      <symbol id="sm-f67">
         <name>_copy_in</name>
         <value>0x82446</value>
         <object_component_ref idref="oc-16b"/>
      </symbol>
      <symbol id="sm-f74">
         <name>___dl__FPv</name>
         <value>0x82503</value>
         <object_component_ref idref="oc-178"/>
      </symbol>
      <symbol id="sm-f88">
         <name>C$$EXIT</name>
         <value>0x823f6</value>
         <object_component_ref idref="oc-16e"/>
      </symbol>
      <symbol id="sm-f89">
         <name>_exit</name>
         <value>0x823f8</value>
         <object_component_ref idref="oc-16e"/>
      </symbol>
      <symbol id="sm-f8a">
         <name>___TI_cleanup_ptr</name>
         <value>0xad0a</value>
         <object_component_ref idref="oc-10a"/>
      </symbol>
      <symbol id="sm-f8b">
         <name>___TI_enable_exit_profile_output</name>
         <value>0xad08</value>
         <object_component_ref idref="oc-10a"/>
      </symbol>
      <symbol id="sm-f8c">
         <name>_abort</name>
         <value>0x823f6</value>
         <object_component_ref idref="oc-16e"/>
      </symbol>
      <symbol id="sm-f8d">
         <name>___TI_dtors_ptr</name>
         <value>0xad0c</value>
         <object_component_ref idref="oc-10a"/>
      </symbol>
      <symbol id="sm-f9b">
         <name>I$$MOD</name>
         <value>0x8247b</value>
         <object_component_ref idref="oc-10f"/>
      </symbol>
      <symbol id="sm-f9c">
         <name>I$$DIV</name>
         <value>0x8246a</value>
         <object_component_ref idref="oc-10f"/>
      </symbol>
      <symbol id="sm-fa8">
         <name>UL$$MOD</name>
         <value>0x823f0</value>
         <object_component_ref idref="oc-114"/>
      </symbol>
      <symbol id="sm-fa9">
         <name>L$$MOD</name>
         <value>0x823db</value>
         <object_component_ref idref="oc-114"/>
      </symbol>
      <symbol id="sm-faa">
         <name>L$$DIV</name>
         <value>0x823cc</value>
         <object_component_ref idref="oc-114"/>
      </symbol>
      <symbol id="sm-fab">
         <name>UL$$DIV</name>
         <value>0x823e9</value>
         <object_component_ref idref="oc-114"/>
      </symbol>
      <symbol id="sm-fbc">
         <name>_memcpy</name>
         <value>0x824ac</value>
         <object_component_ref idref="oc-173"/>
      </symbol>
      <symbol id="sm-1003">
         <name>__sys_memory</name>
         <value>0xa800</value>
         <object_component_ref idref="oc-120"/>
      </symbol>
      <symbol id="sm-1004">
         <name>_chkheap</name>
         <value>0x8227d</value>
         <object_component_ref idref="oc-1a1"/>
      </symbol>
      <symbol id="sm-1005">
         <name>_realloc</name>
         <value>0x8218b</value>
         <object_component_ref idref="oc-1a1"/>
      </symbol>
      <symbol id="sm-1006">
         <name>_free_memory</name>
         <value>0x8225f</value>
         <object_component_ref idref="oc-1a1"/>
      </symbol>
      <symbol id="sm-1007">
         <name>_max_free</name>
         <value>0x8223d</value>
         <object_component_ref idref="oc-1a1"/>
      </symbol>
      <symbol id="sm-1008">
         <name>_free</name>
         <value>0x820c4</value>
         <object_component_ref idref="oc-1a1"/>
      </symbol>
      <symbol id="sm-1009">
         <name>_calloc</name>
         <value>0x8227f</value>
         <object_component_ref idref="oc-1a1"/>
      </symbol>
      <symbol id="sm-100a">
         <name>_malloc</name>
         <value>0x8212d</value>
         <object_component_ref idref="oc-1a1"/>
      </symbol>
      <symbol id="sm-100b">
         <name>_minit</name>
         <value>0x82108</value>
         <object_component_ref idref="oc-1a1"/>
      </symbol>
      <symbol id="sm-1019">
         <name>_memset</name>
         <value>0x824e3</value>
         <object_component_ref idref="oc-18e"/>
      </symbol>
      <symbol id="sm-1029">
         <name>___nw__FUl</name>
         <value>0x8248c</value>
         <object_component_ref idref="oc-176"/>
      </symbol>
      <symbol id="sm-1035">
         <name>___default_new_handler__Fv</name>
         <value>0x82511</value>
         <object_component_ref idref="oc-1a0"/>
      </symbol>
      <symbol id="sm-1041">
         <name>__system_pre_init</name>
         <value>0x8250f</value>
         <object_component_ref idref="oc-16a"/>
      </symbol>
      <symbol id="sm-104d">
         <name>___pure_virtual_called</name>
         <value>0x82508</value>
         <object_component_ref idref="oc-1a2"/>
      </symbol>
      <symbol id="sm-1063">
         <name>___add_dtor</name>
         <value>0x82439</value>
         <object_component_ref idref="oc-19c"/>
      </symbol>
      <symbol id="sm-106f">
         <name>__system_post_cinit</name>
         <value>0x82512</value>
         <object_component_ref idref="oc-16c"/>
      </symbol>
      <symbol id="sm-107b">
         <name>U$$MOD</name>
         <value>0x824f4</value>
         <object_component_ref idref="oc-14b"/>
      </symbol>
      <symbol id="sm-107c">
         <name>U$$DIV</name>
         <value>0x824ef</value>
         <object_component_ref idref="oc-14b"/>
      </symbol>
      <symbol id="sm-1086">
         <name>__new_handler</name>
         <value>0xad14</value>
         <object_component_ref idref="oc-152"/>
      </symbol>
      <symbol id="sm-109a">
         <name>__unlock</name>
         <value>0xad10</value>
         <object_component_ref idref="oc-1a3"/>
      </symbol>
      <symbol id="sm-109b">
         <name>__lock</name>
         <value>0xad0e</value>
         <object_component_ref idref="oc-174"/>
      </symbol>
      <symbol id="sm-109c">
         <name>__register_lock</name>
         <value>0x824fe</value>
         <object_component_ref idref="oc-19e"/>
      </symbol>
      <symbol id="sm-109d">
         <name>__nop</name>
         <value>0x82502</value>
         <object_component_ref idref="oc-19e"/>
      </symbol>
      <symbol id="sm-109e">
         <name>__register_unlock</name>
         <value>0x824fa</value>
         <object_component_ref idref="oc-19e"/>
      </symbol>
      <symbol id="sm-10ad">
         <name>__args_main</name>
         <value>0x824ca</value>
         <object_component_ref idref="oc-16d"/>
      </symbol>
      <symbol id="sm-10bd">
         <name>___atexit_func_id__</name>
         <value>0xac01</value>
         <object_component_ref idref="oc-160"/>
      </symbol>
      <symbol id="sm-10c9">
         <name>___abort_execution</name>
         <value>0x8250c</value>
         <object_component_ref idref="oc-1a4"/>
      </symbol>
      <symbol id="sm-10cc">
         <name>_ECanaRegs</name>
         <value>0x0</value>
      </symbol>
      <symbol id="sm-10cd">
         <name>_ECanaMboxes</name>
         <value>0x0</value>
      </symbol>
      <symbol id="sm-10ce">
         <name>_Epwm1FuncsLoadEnd</name>
         <value>0x0</value>
      </symbol>
      <symbol id="sm-10cf">
         <name>_Epwm1FuncsRunStart</name>
         <value>0x0</value>
      </symbol>
      <symbol id="sm-10d0">
         <name>_Epwm1FuncsLoadStart</name>
         <value>0x0</value>
      </symbol>
      <symbol id="sm-10d1">
         <name>_Flash28_API_LoadEnd</name>
         <value>0x0</value>
      </symbol>
      <symbol id="sm-10d2">
         <name>_Flash28_API_RunStart</name>
         <value>0x0</value>
      </symbol>
      <symbol id="sm-10d3">
         <name>_Flash28_API_LoadStart</name>
         <value>0x0</value>
      </symbol>
      <symbol id="sm-10d4">
         <name>_ECanbRegs</name>
         <value>0x0</value>
      </symbol>
      <symbol id="sm-10d5">
         <name>_ECanbMboxes</name>
         <value>0x0</value>
      </symbol>
      <symbol id="sm-10d6">
         <name>_Flash_CPUScaleFactor</name>
         <value>0x0</value>
      </symbol>
      <symbol id="sm-10d7">
         <name>_Flash_CallbackPtr</name>
         <value>0x0</value>
      </symbol>
      <symbol id="sm-10d8">
         <name>_Flash2808_APIVersionHex</name>
         <value>0x0</value>
      </symbol>
      <symbol id="sm-10d9">
         <name>_Flash2808_Erase</name>
         <value>0x0</value>
      </symbol>
      <symbol id="sm-10da">
         <name>_Flash2808_Program</name>
         <value>0x0</value>
      </symbol>
      <symbol id="sm-10db">
         <name>_Flash2808_Verify</name>
         <value>0x0</value>
      </symbol>
   </symbol_table>
   <title>Link errors: red sections failed placement,available memory ranges in purple</title>
</link_info>
